experiment: aimaxes
  instrument        aimaxes   trial seed 000000000135862c   6 creatures
                    another probe is another trial sequence: its numbers
                    are not comparable with these (~0.05 at 300 trials)
  the question      the aim line biased ONE group. Is F2 steerable, and
                    is its movement INDEPENDENT of F1's?
  why it matters    four words need 4 levels on one axis or 2x2 on two.
                    ctxfour got 71.6 Hz of spread at k=4 against a 460 Hz
                    span with a PERFECT index, so one axis is at its edge
                    whatever the ask. A second axis is the only way 2x2
                    becomes available -- IF the two are independent.

  biasing group 2 (F1) -- a fresh creature at every rung
    k         F1 (Hz)          F2 (Hz)
    -0.25       437.6 +/- 1.3     1666.2 +/- 16.1    (within-run sd 15.7 / 53.9)
    -0.12       503.8 +/- 2.3     1665.6 +/- 16.1    (within-run sd 20.1 / 56.2)
    0.00        629.7 +/- 6.9     1666.8 +/- 15.0    (within-run sd 22.9 / 57.8)
    0.12        752.2 +/- 6.1     1668.3 +/- 14.2    (within-run sd 19.4 / 54.5)
    0.25        815.8 +/- 3.6     1670.0 +/- 13.9    (within-run sd 13.1 / 54.2)
    -> full-ladder swing   F1  +378.2 Hz   F2    +3.8 Hz

  biasing group 3 (F2) -- a fresh creature at every rung
    k         F1 (Hz)          F2 (Hz)
    -0.25       631.0 +/- 6.8     1174.0 +/- 10.3    (within-run sd 22.2 / 38.4)
    -0.12       630.6 +/- 6.9     1348.6 +/- 13.9    (within-run sd 22.5 / 52.8)
    0.00        629.7 +/- 6.9     1666.8 +/- 15.0    (within-run sd 22.9 / 57.8)
    0.12        630.4 +/- 7.5     1975.3 +/- 10.6    (within-run sd 22.6 / 52.3)
    0.25        629.3 +/- 6.9     2135.1 +/- 8.8     (within-run sd 22.1 / 36.3)
    -> full-ladder swing   F1    -1.7 Hz   F2  +961.1 Hz

  GUARD  does the F1 axis reproduce aimgain?  swing 378.2 against its 378.3,
         rest 629.7 against its 629.7   -> OK

  CROSS-TALK  what each bias moves, as a fraction of what it moves most
    group 2 (F1)   own axis  +378.2 Hz   other axis    +3.8 Hz   ratio 0.01
    group 3 (F2)   own axis  +961.1 Hz   other axis    -1.7 Hz   ratio 0.00

  RESOLVABLE LEVELS under a LEARNED bias (oracle swing scaled by
  ctxscale's 118 Hz dF1 asymptote, i.e. x0.31 of the ladder)
    F1   reach 118.0 Hz / scatter 22.9 Hz  ->  2.6 levels
    F2   reach 299.8 Hz / scatter 57.8 Hz  ->  2.6 levels
    -> distinguishable words, 2-D:  2.6 x 2.6 = 6.7

  A SECOND INDEPENDENT AXIS EXISTS: F2 swings 961.1 Hz with 0% of
  that leaking into F1. Under a learned bias that is 2.6 x 2.6 = 6.7
  distinguishable words, against ctxfour's four-word failure on F1
  alone. The next teaching run should spread the vocabulary across BOTH
  formants and score it on the k-word statistic.
