experiment: aimgain
  instrument        aimgain   trial seed 00000000013586c7   6 creatures
                    another probe is another trial sequence: its numbers
                    are not comparable with these (~0.05 at 300 trials)
  the question      WHERE IS THE F1 ACTUATOR LINEAR, and is it
                    SYMMETRIC? stageprobe put 61% of the usable swing
                    in its first rung and never tested negative k.
  why it matters    a feedback controller lives below k=0.25 and must
                    correct BOTH ways. An asymmetric actuator biases
                    the voice rather than steadying it.

  k        F1 (Hz)        dF1 from 0  Hz per 0.06 k
  -0.25    461.51 +/- 7.27 -163.5      -
  -0.18    516.61 +/- 5.71 -108.4      47.231
  -0.12    571.56 +/- 18.9 -53.4       54.945
  -0.06    604.42 +/- 26.2 -20.6       32.857
  0.00     625.00 +/- 29.2 +0.0        20.582
  0.06     646.43 +/- 26.7 +21.4       21.436
  0.12     682.10 +/- 18.4 +57.1       35.667
  0.18     734.20 +/- 5.78 +109.2      52.096
  0.25     789.50 +/- 8.15 +164.5      47.403

  ORDER CONTROL -- the identical ladder run both ways
    ascending  (-0.25 first)   up   +41.4   down  -284.3   asym -1.49
    descending (+0.25 first)   up  +287.6   down   -42.7   asym +1.48

  VOID -- the asymmetry FLIPS SIGN with ladder order, so it is
  HYSTERESIS and not a property of the actuator. The rungs run
  sequentially in one session and each inherits the last one's
  state. Nothing here licenses a statement about the actuator.
