experiment: aimsense
  instrument        aimsense   trial seed 0000000001358697   6 creatures
                    another probe is another trial sequence: its numbers
                    are not comparable with these (~0.05 at 300 trials)
  the question      aimfloor's 6.0 Hz used a PERFECT error signal.
                    selfcode measured what the ear actually knows
                    about the creature's own F1: 0.623 held-out
                    two-class. Does a signal THAT coarse still buy
                    error worth having?
  why it matters    it moves the bound from the PLANT to the SENSOR,
                    and it decides whether a learning rule is worth
                    building at all.
  the design        the noise level is NOT converted from 0.623. The
                    sensor is corrupted on a wide ladder and the
                    achieved accuracy is MEASURED with selfcode's own
                    statistic, so the x-axis needs no assumption.

  delay 0 ms, sensor noise white
    sigma(Hz)  measured acc   open       g=0.0003   g=0.0010   g=0.0040     best   removed
       BLIND      0.500       107.9    67.0    37.2    68.3    68.5     37.2   65.6%
           0      1.000       107.9    76.9    42.3    16.5     6.0      6.0   94.5%
          56      0.971       107.9    76.5    42.4    21.6    19.1     19.1   82.3%
          92      0.949       107.9    76.9    42.8    28.1    26.9     26.9   75.1%
         411      0.809       107.9    77.2    63.3    61.8    62.0     61.8   42.7%
         448      0.799       107.9    77.3    65.0    63.8    63.9     63.8   40.9%

  delay 0 ms, sensor noise CORRELATED tau 60 ms   <- MEASURED
    sigma(Hz)  measured acc   open       g=0.0003   g=0.0010   g=0.0040     best   removed
       BLIND      0.500       107.9    67.0    37.2    68.3    68.5     37.2   65.6%
           0      1.000       107.9    76.9    42.3    16.5     6.0      6.0   94.5%
          56      0.760       107.9    76.9    45.3    31.1    30.7     30.7   71.6%
          92      0.681       107.9    77.1    48.8    40.8    40.9     40.8   62.2%
         411      0.525       107.9    84.6    79.6    79.6    79.6     79.6   26.3%
         448      0.523       107.9    85.6    81.8    81.6    81.8     81.6   24.4%

  delay 905 ms, sensor noise white
    sigma(Hz)  measured acc   open       g=0.0003   g=0.0010   g=0.0040     best   removed
       BLIND      0.500       107.9    67.0    37.2    68.3    68.5     37.2   65.6%
           0      1.000       107.9    77.1    47.5    88.2    98.3     47.5   55.9%
          56      0.969       107.9    77.4    47.7    78.7    83.2     47.7   55.8%
          92      0.955       107.9    77.4    47.8    64.5    67.4     47.8   55.7%
         411      0.807       107.9    77.5    64.1    63.1    63.3     63.1   41.6%
         448      0.791       107.9    78.2    66.3    65.6    65.1     65.1   39.6%

  delay 905 ms, sensor noise CORRELATED tau 60 ms   <- MEASURED
    sigma(Hz)  measured acc   open       g=0.0003   g=0.0010   g=0.0040     best   removed
       BLIND      0.500       107.9    67.0    37.2    68.3    68.5     37.2   65.6%
           0      1.000       107.9    77.1    47.5    88.2    98.3     47.5   55.9%
          56      0.753       107.9    77.3    51.6    77.2    80.7     51.6   52.2%
          92      0.666       107.9    77.9    55.2    65.5    67.7     55.2   48.9%
         411      0.545       107.9    86.0    82.0    82.1    82.3     82.0   24.0%
         448      0.525       107.9    86.9    84.4    84.7    84.4     84.4   21.8%

  GUARD  sigma=0 reproduces aimfloor AT MATCHED GAIN?
            0 ms, gain 0.01600     68.5 against aimfloor's    6.0   <- MISMATCH
            0 ms, gain 0.00400     68.3 against aimfloor's   16.5   <- MISMATCH
          905 ms, gain 0.00100     37.2 against aimfloor's   47.5   <- MISMATCH
         -> FAILED: the sensor model changed the perfect-sensor answer
  GUARD  sigma=0 white == correlated?  0.000000 Hz apart   OK

  FOR CONTEXT  where does selfcode's 0.623 fall on each ladder?
         white                    accuracy 0.500 .. 1.000   spans 0.623
         CORRELATED               accuracy 0.500 .. 1.000   spans 0.623

  PRIMARY  the CALIBRATED cell from sensefit: sigma 56.0 Hz at tau 60 ms,
           at the shipped 905 ms round trip
           open  107.9   best   51.6 at gain 0.00100   removed  52.2%   CLEARS THE 25% BAR
           measured trial accuracy here 0.753  (selfcode 0.623, sensefit's own decoder 0.764)
           same sigma at the other correlation times:  0 ms 55.8%   60 ms 52.2%  

           BLIND (no sensor)      37.2 Hz   <- feed-forward reach alone
           the measured sensor    51.6 Hz    +14.5 Hz against blind
           a PERFECT sensor       47.5 Hz    +10.4 Hz against blind
           -> feedback is worth -14.5 Hz of the 107.9 Hz the open loop
              starts with, and reach is worth +70.7 Hz of it
           bracket on sigma: 0 Hz -> 55.9%,  92 Hz -> 48.9%  BOTH clear the bar

  GUARD  correlation axis live AT THE OPERATING POINT?  white removes 55.8%
         and the measured tau 52.2%, 3.7 points apart -> INERT HERE. Read the top of the
         sigma ladder for where it bites: correlation costs nothing at the
         measured noise and a great deal at 2-4x it, so the operating point
         sits below the level where the error's TIME STRUCTURE matters.

  VOID: the sensor model is not transparent at zero noise, so no
  row above is interpretable. Fix that before reading anything.
