  [3/18] seed 0 bank-1   delivered aligned 0.01409
  [14/18] seed 4 bank-4   delivered aligned 0.02026
  [16/18] seed 5 hold     delivered aligned 0.03372
  [18/18] seed 5 bank-1   delivered aligned 0.03732
  [17/18] seed 5 bank-4   delivered aligned 0.02916
  [15/18] seed 4 bank-1   delivered aligned 0.00892
  [11/18] seed 3 bank-4   delivered aligned 0.00290
  [10/18] seed 3 hold     delivered aligned 0.02747
  [2/18] seed 0 bank-4   delivered aligned 0.01109
  [5/18] seed 1 bank-4   delivered aligned 0.00648
  [13/18] seed 4 hold     delivered aligned 0.03482
  [8/18] seed 2 bank-4   delivered aligned 0.00512
  [6/18] seed 1 bank-1   delivered aligned 0.00923
  [4/18] seed 1 hold     delivered aligned 0.00963
  [7/18] seed 2 hold     delivered aligned 0.00562
  [12/18] seed 3 bank-1   delivered aligned 0.00458
  [1/18] seed 0 hold     delivered aligned 0.02889
  [9/18] seed 2 bank-1   delivered aligned 0.00533
experiment: bankprobe
  instrument        bankprobe   trial seed 0000000001359dd8   1214 trials per session, banked at 16 / 4 / 1 checkpoint intervals
                    another probe is another trial sequence: its numbers
                    are not comparable with these (~0.05 at 300 trials)
  question          Andalman & Fee bank the bias into the motor pathway
                    daily. Does banking and resetting let this creature
                    accumulate past the floor boundprobe measured?
  the algebra says  NO, and says it before the run: the larynx reads
                    live + bank, consolidation leaves that sum exactly
                    unchanged, so behaviour, reward and drift are all
                    unchanged. This checks the code agrees.
  the gate          the arms must be INDISTINGUISHABLE. A divergence past
                    1 SE means a premise is wrong, and that is the result
                    worth having.


  DELIVERED aligned bias (live + bank), pooled over 6 seeds
  ckpt     trials    hold         bank-4       bank-1      
  1        75        0.00222      0.00222      0.00222     
  2        151       0.00181      0.00181      0.00181     
  3        227       0.00222      0.00222      0.00201     
  4        303       0.00390      0.00390      0.00373     
  5        379       0.00513      0.00539      0.00478     
  6        455       0.00602      0.00526      0.00565     
  7        531       0.00786      0.00648      0.00633     
  8        607       0.00884      0.00793      0.00667     
  9        682       0.01165      0.00736      0.00694     
  10       758       0.01512      0.00958      0.00901     
  11       834       0.01577      0.01023      0.00878     
  12       910       0.01663      0.01021      0.00924     
  13       986       0.01872      0.01189      0.01156     
  14       1062      0.01985      0.01117      0.01351     
  15       1138      0.02169      0.01064      0.01373     
  16       1214      0.02336      0.01250      0.01325     

  PAIRED vs `hold`, delivered aligned at the last checkpoint:
  bank-4   -0.010854 +/- 0.003900  (-2.8 SE)
  bank-1   -0.010109 +/- 0.005207  (-1.9 SE)

  A PREMISE IS WRONG -- an arm differs from `hold` past 1 SE, and the
  algebra says it cannot. Either the larynx does not read live + bank,
  or something else reads the live table's magnitude. Worth chasing.
