  [9/60] seed 1 bank-4   delivered aligned 0.00648
  [3/60] seed 0 bank-eps  delivered aligned 0.02889
  [10/60] seed 1 bank-1   delivered aligned 0.00923
  [11/60] seed 2 hold     delivered aligned 0.00562
  [14/60] seed 2 bank-4   delivered aligned 0.00512
  [12/60] seed 2 bank-0   delivered aligned 0.00562
  [6/60] seed 1 hold     delivered aligned 0.00963
  [5/60] seed 0 bank-1   delivered aligned 0.01409
  [7/60] seed 1 bank-0   delivered aligned 0.00963
  [2/60] seed 0 bank-0   delivered aligned 0.02889
  [4/60] seed 0 bank-4   delivered aligned 0.01109
  [13/60] seed 2 bank-eps  delivered aligned 0.00562
  [1/60] seed 0 hold     delivered aligned 0.02889
  [8/60] seed 1 bank-eps  delivered aligned 0.00963
  [17/60] seed 3 bank-0   delivered aligned 0.02747
  [16/60] seed 3 hold     delivered aligned 0.02747
  [22/60] seed 4 bank-0   delivered aligned 0.03482
  [15/60] seed 2 bank-1   delivered aligned 0.00533
  [23/60] seed 4 bank-eps  delivered aligned 0.03482
  [18/60] seed 3 bank-eps  delivered aligned 0.02879
  [24/60] seed 4 bank-4   delivered aligned 0.02026
  [20/60] seed 3 bank-1   delivered aligned 0.00458
  [21/60] seed 4 hold     delivered aligned 0.03482
  [19/60] seed 3 bank-4   delivered aligned 0.00290
  [25/60] seed 4 bank-1   delivered aligned 0.00892
  [26/60] seed 5 hold     delivered aligned 0.03372
  [27/60] seed 5 bank-0   delivered aligned 0.03372
  [28/60] seed 5 bank-eps  delivered aligned 0.03372
  [29/60] seed 5 bank-4   delivered aligned 0.02916
  [30/60] seed 5 bank-1   delivered aligned 0.03732
  [33/60] seed 6 bank-eps  delivered aligned 0.01687
  [34/60] seed 6 bank-4   delivered aligned 0.03337
  [35/60] seed 6 bank-1   delivered aligned 0.03341
  [37/60] seed 7 bank-0   delivered aligned 0.00201
  [31/60] seed 6 hold     delivered aligned 0.01687
  [32/60] seed 6 bank-0   delivered aligned 0.01687
  [40/60] seed 7 bank-1   delivered aligned 0.00702
  [38/60] seed 7 bank-eps  delivered aligned 0.00291
  [36/60] seed 7 hold     delivered aligned 0.00201
  [41/60] seed 8 hold     delivered aligned 0.02178
  [39/60] seed 7 bank-4   delivered aligned 0.00739
  [42/60] seed 8 bank-0   delivered aligned 0.02178
  [47/60] seed 9 bank-0   delivered aligned 0.00274
  [43/60] seed 8 bank-eps  delivered aligned 0.02178
  [46/60] seed 9 hold     delivered aligned 0.00274
  [48/60] seed 9 bank-eps  delivered aligned 0.00274
  [49/60] seed 9 bank-4   delivered aligned 0.00556
  [45/60] seed 8 bank-1   delivered aligned 0.01823
  [52/60] seed 10 bank-0   delivered aligned 0.00594
  [51/60] seed 10 hold     delivered aligned 0.00594
  [44/60] seed 8 bank-4   delivered aligned 0.02394
  [50/60] seed 9 bank-1   delivered aligned 0.00646
  [53/60] seed 10 bank-eps  delivered aligned 0.00334
  [54/60] seed 10 bank-4   delivered aligned 0.00068
  [55/60] seed 10 bank-1   delivered aligned 0.00274
  [56/60] seed 11 hold     delivered aligned 0.00640
  [57/60] seed 11 bank-0   delivered aligned 0.00640
  [60/60] seed 11 bank-1   delivered aligned 0.00335
  [58/60] seed 11 bank-eps  delivered aligned 0.00867
  [59/60] seed 11 bank-4   delivered aligned 0.00469
experiment: bankprobe
  instrument        bankprobe   trial seed 0000000001359dd8   1214 trials per session, banked at 16 / 4 / 1 checkpoint intervals
                    another probe is another trial sequence: its numbers
                    are not comparable with these (~0.05 at 300 trials)
  question          Andalman & Fee bank the bias into the motor pathway
                    daily. Does banking and resetting let this creature
                    accumulate past the floor boundprobe measured?
  the algebra says  NO, and says it before the run: the larynx reads
                    live + bank, consolidation leaves that sum exactly
                    unchanged, so behaviour, reward and drift are all
                    unchanged. This checks the code agrees.
  the gate          the arms must be INDISTINGUISHABLE. A divergence past
                    1 SE means a premise is wrong, and that is the result
                    worth having.


  DELIVERED aligned bias (live + bank), pooled over 12 seeds
  ckpt     trials    hold         bank-0       bank-eps     bank-4       bank-1      
  1        75        0.00276      0.00276      0.00276      0.00276      0.00276     
  2        151       0.00266      0.00266      0.00266      0.00266      0.00253     
  3        227       0.00260      0.00260      0.00260      0.00260      0.00282     
  4        303       0.00393      0.00393      0.00393      0.00393      0.00387     
  5        379       0.00408      0.00408      0.00408      0.00435      0.00415     
  6        455       0.00549      0.00549      0.00549      0.00519      0.00498     
  7        531       0.00755      0.00755      0.00755      0.00663      0.00583     
  8        607       0.00822      0.00822      0.00822      0.00771      0.00594     
  9        682       0.00997      0.00997      0.01002      0.00777      0.00614     
  10       758       0.01250      0.01250      0.01229      0.00946      0.00720     
  11       834       0.01246      0.01246      0.01216      0.01019      0.00751     
  12       910       0.01277      0.01277      0.01264      0.01087      0.00784     
  13       986       0.01420      0.01420      0.01369      0.01247      0.00986     
  14       1062      0.01487      0.01487      0.01479      0.01202      0.01120     
  15       1138      0.01544      0.01544      0.01558      0.01153      0.01214     
  16       1214      0.01632      0.01632      0.01648      0.01255      0.01256     

  MEAN |live| and MEAN |bank| over the larynx, per arm
  ckpt     hold          (bank)    bank-0        (bank)    bank-eps      (bank)    bank-4        (bank)    bank-1        (bank)   
  1        0.00612     0.00000     0.00612     0.00000     0.00612     0.00000     0.00612     0.00000     0.00612     0.00000    
  2        0.00752     0.00000     0.00752     0.00000     0.00752     0.00000     0.00752     0.00000     0.00402     0.00612    
  3        0.00874     0.00000     0.00874     0.00000     0.00874     0.00000     0.00874     0.00000     0.00394     0.00746    
  4        0.00965     0.00000     0.00965     0.00000     0.00965     0.00000     0.00965     0.00000     0.00380     0.00860    
  5        0.00989     0.00000     0.00989     0.00000     0.00989     0.00000     0.00250     0.00965     0.00252     0.00953    
  6        0.01083     0.00000     0.01083     0.00000     0.01083     0.00000     0.00470     0.00965     0.00403     0.00979    
  7        0.01177     0.00000     0.01177     0.00000     0.01177     0.00000     0.00609     0.00965     0.00383     0.01072    
  8        0.01200     0.00000     0.01200     0.00000     0.01200     0.00000     0.00662     0.00965     0.00237     0.01146    
  9        0.01263     0.00000     0.01263     0.00000     0.01263     0.00000     0.00414     0.01184     0.00395     0.01167    
  10       0.01333     0.00000     0.01333     0.00000     0.01329     0.00000     0.00580     0.01184     0.00396     0.01245    
  11       0.01360     0.00000     0.01360     0.00000     0.01357     0.00000     0.00651     0.01184     0.00296     0.01312    
  12       0.01436     0.00000     0.01436     0.00000     0.01438     0.00000     0.00790     0.01184     0.00383     0.01352    
  13       0.01504     0.00000     0.01504     0.00000     0.01498     0.00000     0.00386     0.01429     0.00416     0.01413    
  14       0.01551     0.00000     0.01551     0.00000     0.01545     0.00000     0.00517     0.01429     0.00350     0.01468    
  15       0.01605     0.00000     0.01605     0.00000     0.01593     0.00000     0.00638     0.01429     0.00345     0.01517    
  16       0.01679     0.00000     0.01679     0.00000     0.01661     0.00000     0.00752     0.01429     0.00387     0.01570    

  PAIRED vs `hold`, delivered aligned at the last checkpoint:
  bank-0   +0.000000 +/- 0.000000  (+0.0 SE)
  bank-eps +0.000158 +/- 0.000328  (+0.5 SE)
  bank-4   -0.003770 +/- 0.003183  (-1.2 SE)
  bank-1   -0.003763 +/- 0.003483  (-1.1 SE)

  A PREMISE IS WRONG -- an arm differs from `hold` past 1 SE, and the
  algebra says it cannot. Either the larynx does not read live + bank,
  or something else reads the live table's magnitude. Worth chasing.
