experiment: blockanchor
  instrument        blockanchor   trial seed 0000000001352c69   2000 trials
                    another probe is another trial sequence: its numbers
                    are not comparable with these (~0.05 at 300 trials)
  question          `blockwhere` showed ONE neuron costs 30% of the lesson at
                    the top of the group and 7% in the middle. Does that
                    survive at a USEFUL size -- half the group?
  the comparison    the two complementary halves, which is exactly what a
                    separated pair of lessons would occupy. top7 leaves the
                    lesson the LOWER half; bot7 leaves it the UPPER half.
  read it carefully a cheap bot7 with an expensive top7 does NOT make
                    separation affordable. Separation needs BOTH halves at
                    once, so that result would say the leverage is
                    CONCENTRATED AT ONE END and only one lesson can have it
                    -- which points at making the readout uniform, not at
                    finding a cheaper place to put a mask.
  the anchor        top7 must reproduce ~53%, which `compartprobe` measured
                    for these seven neurons on this genome and code.

  THE BLOCK AS BUILT (group is neurons 28..41 of vocal's 126)
    b0    nothing blocked
    top7  blocks 7 neurons, indices 35..41  (positions 0.536..0.964)
    bot2  blocks 2 neurons, indices 28..29  (positions 0.036..0.107)
    bot4  blocks 4 neurons, indices 28..31  (positions 0.036..0.250)
    bot7  blocks 7 neurons, indices 28..34  (positions 0.036..0.464)

  [7/180] seed 1 top7  before 1.0341 taught 0.9868
  [2/180] seed 0 top7  before 1.0290 taught 0.9847
  [6/180] seed 1 b0    before 1.0000 taught 0.7730
  [3/180] seed 0 bot2  before 1.0432 taught 0.8900
  [5/180] seed 0 bot7  before 1.0357 taught 0.9413
  [1/180] seed 0 b0    before 1.0170 taught 0.7762
  [8/180] seed 1 bot2  before 1.0095 taught 0.8399
  [4/180] seed 0 bot4  before 1.0406 taught 0.8966
  [11/180] seed 2 b0    before 1.0503 taught 0.8962
  [10/180] seed 1 bot7  before 1.0079 taught 0.9107
  [14/180] seed 2 bot4  before 1.0638 taught 0.8864
  [13/180] seed 2 bot2  before 1.0486 taught 0.9153
  [9/180] seed 1 bot4  before 1.0239 taught 0.9403
  [17/180] seed 3 top7  before 1.0131 taught 1.0118
  [12/180] seed 2 top7  before 1.0763 taught 1.0018
  [19/180] seed 3 bot4  before 1.0093 taught 0.8882
  [18/180] seed 3 bot2  before 1.0017 taught 0.8210
  [15/180] seed 2 bot7  before 1.0851 taught 0.9938
  [16/180] seed 3 b0    before 0.9701 taught 0.8461
  [20/180] seed 3 bot7  before 1.0155 taught 0.8451
  [22/180] seed 4 top7  before 1.0201 taught 0.9855
  [24/180] seed 4 bot4  before 1.0171 taught 0.9065
  [21/180] seed 4 b0    before 1.0041 taught 0.8275
  [25/180] seed 4 bot7  before 1.0085 taught 0.8232
  [23/180] seed 4 bot2  before 1.0189 taught 0.9628
  [28/180] seed 5 bot2  before 0.9948 taught 0.8087
  [29/180] seed 5 bot4  before 1.0317 taught 0.8253
  [26/180] seed 5 b0    before 0.9864 taught 0.8155
  [27/180] seed 5 top7  before 1.0223 taught 0.9353
  [32/180] seed 6 top7  before 1.0207 taught 0.9224
  [30/180] seed 5 bot7  before 0.9907 taught 0.8432
  [33/180] seed 6 bot2  before 1.0265 taught 0.8341
  [31/180] seed 6 b0    before 1.0066 taught 0.7816
  [35/180] seed 6 bot7  before 1.0376 taught 0.8583
  [34/180] seed 6 bot4  before 1.0348 taught 0.9579
  [39/180] seed 7 bot4  before 0.9852 taught 0.8330
  [38/180] seed 7 bot2  before 0.9675 taught 0.8736
  [41/180] seed 8 b0    before 1.0177 taught 0.9570
  [40/180] seed 7 bot7  before 0.9885 taught 0.9205
  [36/180] seed 7 b0    before 0.9721 taught 0.7805
  [37/180] seed 7 top7  before 0.9816 taught 0.9138
  [42/180] seed 8 top7  before 1.0422 taught 0.9586
  [44/180] seed 8 bot4  before 1.0306 taught 0.9758
  [45/180] seed 8 bot7  before 1.0394 taught 0.9016
  [43/180] seed 8 bot2  before 1.0187 taught 0.8443
  [47/180] seed 9 top7  before 1.0244 taught 0.9123
  [46/180] seed 9 b0    before 0.9869 taught 0.7979
  [48/180] seed 9 bot2  before 1.0244 taught 0.8421
  [52/180] seed 10 top7  before 1.0077 taught 0.9442
  [49/180] seed 9 bot4  before 1.0137 taught 0.8815
  [51/180] seed 10 b0    before 1.0111 taught 0.8157
  [55/180] seed 10 bot7  before 1.0231 taught 0.8919
  [56/180] seed 11 b0    before 1.0184 taught 0.9124
  [54/180] seed 10 bot4  before 1.0401 taught 0.8703
  [50/180] seed 9 bot7  before 1.0331 taught 0.9319
  [53/180] seed 10 bot2  before 1.0385 taught 0.9454
  [57/180] seed 11 top7  before 1.0313 taught 0.9855
  [61/180] seed 12 b0    before 1.0352 taught 0.9231
  [60/180] seed 11 bot7  before 1.0522 taught 0.9309
  [59/180] seed 11 bot4  before 1.0207 taught 0.9212
  [62/180] seed 12 top7  before 1.0184 taught 0.9848
  [58/180] seed 11 bot2  before 1.0155 taught 0.9024
  [65/180] seed 12 bot7  before 1.0550 taught 0.9234
  [63/180] seed 12 bot2  before 1.0287 taught 0.9066
  [64/180] seed 12 bot4  before 1.0531 taught 0.9202
  [66/180] seed 13 b0    before 0.9718 taught 0.8115
  [70/180] seed 13 bot7  before 1.0186 taught 0.8781
  [67/180] seed 13 top7  before 1.0188 taught 0.9500
  [68/180] seed 13 bot2  before 1.0240 taught 0.8932
  [69/180] seed 13 bot4  before 1.0117 taught 0.8481
  [72/180] seed 14 top7  before 1.0325 taught 0.9085
  [74/180] seed 14 bot4  before 1.0104 taught 0.8957
  [71/180] seed 14 b0    before 1.0045 taught 0.8057
  [75/180] seed 14 bot7  before 1.0309 taught 0.8726
  [78/180] seed 15 bot2  before 1.0539 taught 0.9002
  [73/180] seed 14 bot2  before 1.0101 taught 0.8111
  [79/180] seed 15 bot4  before 1.0549 taught 0.9394
  [77/180] seed 15 top7  before 1.0638 taught 0.9950
  [80/180] seed 15 bot7  before 1.0439 taught 0.9281
  [76/180] seed 15 b0    before 1.0542 taught 0.9412
  [82/180] seed 16 top7  before 0.9939 taught 0.9311
  [81/180] seed 16 b0    before 1.0170 taught 0.9053
  [84/180] seed 16 bot4  before 0.9935 taught 0.8156
  [83/180] seed 16 bot2  before 1.0023 taught 0.7339
  [87/180] seed 17 top7  before 1.0661 taught 0.9969
  [85/180] seed 16 bot7  before 1.0149 taught 0.8099
  [86/180] seed 17 b0    before 1.0177 taught 0.8314
  [89/180] seed 17 bot4  before 1.0216 taught 0.8322
  [88/180] seed 17 bot2  before 1.0254 taught 0.9187
  [90/180] seed 17 bot7  before 1.0454 taught 0.8645
  [94/180] seed 18 bot4  before 1.0297 taught 0.8560
  [93/180] seed 18 bot2  before 1.0480 taught 0.9105
  [91/180] seed 18 b0    before 1.0157 taught 0.8729
  [96/180] seed 19 b0    before 1.0197 taught 0.8616
  [92/180] seed 18 top7  before 1.0309 taught 0.9122
  [95/180] seed 18 bot7  before 1.0439 taught 0.8519
  [97/180] seed 19 top7  before 1.0459 taught 0.8979
  [101/180] seed 20 b0    before 1.0197 taught 0.8308
  [99/180] seed 19 bot4  before 1.0096 taught 0.8286
  [100/180] seed 19 bot7  before 1.0112 taught 0.8765
  [104/180] seed 20 bot4  before 1.0403 taught 0.8296
  [98/180] seed 19 bot2  before 1.0019 taught 0.8305
  [103/180] seed 20 bot2  before 1.0244 taught 0.8167
  [102/180] seed 20 top7  before 1.0441 taught 0.9439
  [105/180] seed 20 bot7  before 1.0403 taught 0.8025
  [106/180] seed 21 b0    before 1.0163 taught 0.8192
  [107/180] seed 21 top7  before 1.0438 taught 0.9763
  [110/180] seed 21 bot7  before 0.9682 taught 0.7988
  [109/180] seed 21 bot4  before 1.0303 taught 0.8574
  [111/180] seed 22 b0    before 1.0338 taught 0.8416
  [108/180] seed 21 bot2  before 0.9836 taught 0.8248
  [113/180] seed 22 bot2  before 1.0239 taught 0.8440
  [112/180] seed 22 top7  before 1.0555 taught 0.9482
  [115/180] seed 22 bot7  before 1.0390 taught 0.8676
  [118/180] seed 23 bot2  before 1.0334 taught 0.8958
  [116/180] seed 23 b0    before 0.9872 taught 0.7669
  [117/180] seed 23 top7  before 1.0418 taught 0.8909
  [119/180] seed 23 bot4  before 1.0082 taught 0.8327
  [114/180] seed 22 bot4  before 1.0617 taught 0.9579
  [120/180] seed 23 bot7  before 1.0175 taught 0.8873
  [121/180] seed 24 b0    before 1.0241 taught 0.9097
  [125/180] seed 24 bot7  before 1.0256 taught 0.9086
  [122/180] seed 24 top7  before 1.0449 taught 0.9820
  [123/180] seed 24 bot2  before 1.0259 taught 0.8723
  [126/180] seed 25 b0    before 1.0125 taught 0.8151
  [124/180] seed 24 bot4  before 1.0259 taught 0.8289
  [128/180] seed 25 bot2  before 0.9819 taught 0.7469
  [127/180] seed 25 top7  before 1.0126 taught 0.9302
  [129/180] seed 25 bot4  before 1.0038 taught 0.7155
  [132/180] seed 26 top7  before 1.0037 taught 0.9473
  [130/180] seed 25 bot7  before 1.0027 taught 0.7972
  [135/180] seed 26 bot7  before 0.9941 taught 0.8924
  [136/180] seed 27 b0    before 1.0227 taught 0.8192
  [131/180] seed 26 b0    before 0.9869 taught 0.8514
  [137/180] seed 27 top7  before 1.0483 taught 0.9358
  [133/180] seed 26 bot2  before 1.0152 taught 0.8878
  [134/180] seed 26 bot4  before 0.9863 taught 0.8969
  [138/180] seed 27 bot2  before 1.0111 taught 0.8875
  [139/180] seed 27 bot4  before 1.0406 taught 0.9192
  [142/180] seed 28 top7  before 1.0236 taught 0.9785
  [144/180] seed 28 bot4  before 0.9906 taught 0.8696
  [143/180] seed 28 bot2  before 0.9766 taught 0.8081
  [141/180] seed 28 b0    before 0.9721 taught 0.8090
  [140/180] seed 27 bot7  before 1.0307 taught 0.8789
  [146/180] seed 29 b0    before 1.0223 taught 0.7803
  [145/180] seed 28 bot7  before 0.9836 taught 0.8854
  [150/180] seed 29 bot7  before 1.0558 taught 0.8668
  [148/180] seed 29 bot2  before 1.0590 taught 0.9291
  [149/180] seed 29 bot4  before 1.0508 taught 0.8608
  [147/180] seed 29 top7  before 1.0480 taught 0.8978
  [153/180] seed 30 bot2  before 1.0581 taught 0.9312
  [151/180] seed 30 b0    before 1.0442 taught 0.9392
  [152/180] seed 30 top7  before 1.0330 taught 0.9104
  [156/180] seed 31 b0    before 1.0092 taught 0.8431
  [154/180] seed 30 bot4  before 1.0501 taught 0.9071
  [155/180] seed 30 bot7  before 1.0488 taught 0.8559
  [158/180] seed 31 bot2  before 1.0324 taught 0.8672
  [157/180] seed 31 top7  before 1.0375 taught 1.0141
  [159/180] seed 31 bot4  before 1.0223 taught 0.8505
  [160/180] seed 31 bot7  before 1.0222 taught 0.7983
  [162/180] seed 32 top7  before 1.0296 taught 0.9690
  [163/180] seed 32 bot2  before 1.0215 taught 0.8787
  [161/180] seed 32 b0    before 1.0047 taught 0.8430
  [164/180] seed 32 bot4  before 1.0175 taught 0.9066
  [165/180] seed 32 bot7  before 1.0250 taught 0.8375
  [167/180] seed 33 top7  before 1.0406 taught 0.9633
  [166/180] seed 33 b0    before 0.9939 taught 0.7820
  [168/180] seed 33 bot2  before 1.0347 taught 0.8490
  [169/180] seed 33 bot4  before 1.0216 taught 0.8307
  [170/180] seed 33 bot7  before 1.0365 taught 0.9013
  [171/180] seed 34 b0    before 1.0101 taught 0.8362
  [172/180] seed 34 top7  before 1.0264 taught 0.8999
  [173/180] seed 34 bot2  before 1.0301 taught 0.8926
  [174/180] seed 34 bot4  before 1.0403 taught 0.8662
  [176/180] seed 35 b0    before 0.9534 taught 0.8355
  [177/180] seed 35 top7  before 1.0065 taught 0.9729
  [178/180] seed 35 bot2  before 1.0097 taught 0.8901
  [175/180] seed 34 bot7  before 1.0412 taught 0.8086
  [179/180] seed 35 bot4  before 0.9951 taught 0.8152
  [180/180] seed 35 bot7  before 0.9914 taught 0.8343

  arm    err before   err taught   learned
  b0     1.0080       0.8404       +0.1676 +/- 0.0073
  top7   1.0309       0.9522       +0.0787 +/- 0.0062
  bot2   1.0201       0.8668       +0.1533 +/- 0.0069
  bot4   1.0245       0.8740       +0.1505 +/- 0.0077
  bot7   1.0251       0.8727       +0.1524 +/- 0.0072

  ARM LIVENESS vs `b0` (seeds where the arm differs at all)
    top7               36/36
    bot2               36/36
    bot4               36/36
    bot7               36/36

  THE COST, paired on seed against `b0`
    top7  -0.0889 +/- 0.0080  (-11.1 SE)   53% of the lesson
    bot2  -0.0144 +/- 0.0099  (-1.5 SE)   9% of the lesson
    bot4  -0.0171 +/- 0.0095  (-1.8 SE)   10% of the lesson
    bot7  -0.0153 +/- 0.0102  (-1.5 SE)   9% of the lesson

  THE TWO HALVES, paired on seed (positive = the LOWER half is cheaper to
  block, i.e. the lesson does better keeping the UPPER half)
    bot7 - top7  +0.0737 +/- 0.0086  (+8.6 SE)

  THE LEVERAGE IS CONCENTRATED AT ONE END, AND ONLY ONE LESSON CAN HAVE
  IT (8.6 SE). Blocking the lower half costs 9% of the lesson while
  blocking the upper half costs 53%. Both are the same SEVEN neurons;
  only which end differs.

  READ WHAT THAT DOES AND DOES NOT SAY. It does NOT make separation
  affordable: separation needs both halves working at once, one lesson in
  each, and the half without the leverage is crippled. But it is a much
  sharper diagnosis than "confining a lesson is unaffordable" -- the
  problem is that `read_group` puts all the steering authority at one end
  of the group, so the two halves are not interchangeable.

  AND IT NAMES A DIFFERENT FIX. Do not look for a cheaper place to put a
  mask; make the readout's leverage UNIFORM. A position map that is not
  monotone in index, or a readout that is not a weighted mean over a
  contiguous slice, would give both halves equal authority -- and that is
  a change to the decoder rather than to the teaching.
