experiment: blockwhere
  instrument        blockwhere   trial seed 0000000001352ce7   2000 trials
                    another probe is another trial sequence: its numbers
                    are not comparable with these (~0.05 at 300 trials)
  question          `blockfloor` found one neuron of 14 costs 30% of the
                    lesson and four cost 57%. Is that about HOW MANY cells
                    are blocked, or about WHICH ONES?
  the two accounts  a faulty instrument, or LEVERAGE. `read_group` weights
                    neuron i by (i - begin + 0.5)/n, so index IS position,
                    and every block ever measured took the TOP of the group
                    -- the best levers for moving a weighted mean.
  the design        ONE neuron in every blocked arm, so the count is held
                    fixed and only its POSITION differs. Any difference is
                    leverage; no difference refutes it.
  the prediction    a weighted mean is least sensitive near its own centre,
                    so `mid1` should cost clearly less than `top1`. The two
                    ends need not match: the end the lesson travels TOWARD
                    should matter more.
  why it matters    `mask-unaffordable` closed write separation on "confining
                    a lesson is unaffordable". If the cost is leverage that
                    reads "unaffordable AT THE TOP", and separation bought in
                    the middle may be nearly free -- reopening a shut line.
  the anchor        `top1` must reproduce ~30%. If it does not, this run
                    disagrees with `blockfloor` and THAT is the finding.

  THE BLOCK AS BUILT (group is neurons 28..41 of vocal's 126)
    b0    nothing blocked
    top1  blocks index 41  (position 0.964 in the group)
    mid1  blocks index 34  (position 0.464 in the group)
    bot1  blocks index 28  (position 0.036 in the group)

  [2/144] seed 0 top1  before 1.0320 taught 0.9284
  [3/144] seed 0 mid1  before 0.9936 taught 0.8466
  [4/144] seed 0 bot1  before 0.9810 taught 0.8539
  [6/144] seed 1 top1  before 0.9960 taught 0.8319
  [5/144] seed 1 b0    before 1.0000 taught 0.7730
  [7/144] seed 1 mid1  before 0.9949 taught 0.9040
  [1/144] seed 0 b0    before 1.0170 taught 0.7762
  [8/144] seed 1 bot1  before 1.0079 taught 0.8788
  [10/144] seed 2 top1  before 1.0657 taught 0.9640
  [11/144] seed 2 mid1  before 1.0591 taught 0.8950
  [9/144] seed 2 b0    before 1.0503 taught 0.8962
  [12/144] seed 2 bot1  before 1.0442 taught 0.8304
  [13/144] seed 3 b0    before 0.9701 taught 0.8461
  [17/144] seed 4 b0    before 1.0041 taught 0.8275
  [14/144] seed 3 top1  before 1.0059 taught 0.9335
  [15/144] seed 3 mid1  before 0.9644 taught 0.8386
  [19/144] seed 4 mid1  before 1.0167 taught 0.8036
  [20/144] seed 4 bot1  before 1.0053 taught 0.8375
  [16/144] seed 3 bot1  before 0.9916 taught 0.9172
  [18/144] seed 4 top1  before 0.9797 taught 0.8580
  [22/144] seed 5 top1  before 1.0130 taught 0.8664
  [21/144] seed 5 b0    before 0.9864 taught 0.8155
  [26/144] seed 6 top1  before 1.0032 taught 0.8738
  [24/144] seed 5 bot1  before 1.0144 taught 0.9141
  [23/144] seed 5 mid1  before 1.0077 taught 0.9022
  [25/144] seed 6 b0    before 1.0066 taught 0.7816
  [28/144] seed 6 bot1  before 1.0217 taught 0.9092
  [27/144] seed 6 mid1  before 1.0120 taught 0.8879
  [31/144] seed 7 mid1  before 0.9783 taught 0.8702
  [33/144] seed 8 b0    before 1.0177 taught 0.9570
  [32/144] seed 7 bot1  before 0.9862 taught 0.8454
  [30/144] seed 7 top1  before 0.9724 taught 0.8999
  [29/144] seed 7 b0    before 0.9721 taught 0.7805
  [36/144] seed 8 bot1  before 1.0264 taught 0.8973
  [34/144] seed 8 top1  before 1.0329 taught 0.8801
  [37/144] seed 9 b0    before 0.9869 taught 0.7979
  [35/144] seed 8 mid1  before 1.0022 taught 0.8258
  [39/144] seed 9 mid1  before 1.0099 taught 0.9024
  [38/144] seed 9 top1  before 1.0022 taught 0.8802
  [41/144] seed 10 b0    before 1.0111 taught 0.8157
  [42/144] seed 10 top1  before 1.0243 taught 0.9312
  [40/144] seed 9 bot1  before 1.0188 taught 0.8668
  [46/144] seed 11 top1  before 1.0147 taught 0.8759
  [43/144] seed 10 mid1  before 0.9764 taught 0.7672
  [45/144] seed 11 b0    before 1.0184 taught 0.9124
  [44/144] seed 10 bot1  before 1.0213 taught 0.8794
  [47/144] seed 11 mid1  before 0.9920 taught 0.8294
  [49/144] seed 12 b0    before 1.0352 taught 0.9231
  [48/144] seed 11 bot1  before 1.0077 taught 0.9096
  [50/144] seed 12 top1  before 1.0196 taught 0.9758
  [53/144] seed 13 b0    before 0.9718 taught 0.8115
  [57/144] seed 14 b0    before 1.0045 taught 0.8057
  [51/144] seed 12 mid1  before 1.0418 taught 0.9359
  [52/144] seed 12 bot1  before 1.0477 taught 0.8759
  [54/144] seed 13 top1  before 1.0026 taught 0.8807
  [58/144] seed 14 top1  before 1.0233 taught 0.9010
  [59/144] seed 14 mid1  before 0.9834 taught 0.8488
  [55/144] seed 13 mid1  before 1.0009 taught 0.8319
  [56/144] seed 13 bot1  before 1.0195 taught 0.9809
  [60/144] seed 14 bot1  before 1.0295 taught 0.8420
  [63/144] seed 15 mid1  before 1.0203 taught 0.9535
  [64/144] seed 15 bot1  before 1.0242 taught 0.7514
  [65/144] seed 16 b0    before 1.0170 taught 0.9053
  [61/144] seed 15 b0    before 1.0542 taught 0.9412
  [62/144] seed 15 top1  before 1.0386 taught 0.9883
  [68/144] seed 16 bot1  before 1.0225 taught 0.9294
  [70/144] seed 17 top1  before 1.0448 taught 0.8905
  [66/144] seed 16 top1  before 0.9676 taught 0.8763
  [67/144] seed 16 mid1  before 0.9888 taught 0.7830
  [69/144] seed 17 b0    before 1.0177 taught 0.8314
  [71/144] seed 17 mid1  before 1.0174 taught 0.7145
  [72/144] seed 17 bot1  before 1.0320 taught 0.8001
  [73/144] seed 18 b0    before 1.0157 taught 0.8729
  [75/144] seed 18 mid1  before 1.0340 taught 0.8648
  [78/144] seed 19 top1  before 1.0218 taught 0.9051
  [74/144] seed 18 top1  before 1.0449 taught 0.8586
  [79/144] seed 19 mid1  before 1.0061 taught 0.7948
  [80/144] seed 19 bot1  before 1.0064 taught 0.8267
  [77/144] seed 19 b0    before 1.0197 taught 0.8616
  [76/144] seed 18 bot1  before 1.0437 taught 0.8641
  [82/144] seed 20 top1  before 1.0339 taught 0.9163
  [81/144] seed 20 b0    before 1.0197 taught 0.8308
  [83/144] seed 20 mid1  before 1.0070 taught 0.7911
  [86/144] seed 21 top1  before 1.0168 taught 0.8466
  [89/144] seed 22 b0    before 1.0338 taught 0.8416
  [85/144] seed 21 b0    before 1.0163 taught 0.8192
  [84/144] seed 20 bot1  before 1.0245 taught 0.9098
  [92/144] seed 22 bot1  before 1.0255 taught 0.8704
  [90/144] seed 22 top1  before 1.0037 taught 0.8843
  [87/144] seed 21 mid1  before 1.0028 taught 0.8773
  [88/144] seed 21 bot1  before 1.0099 taught 0.8012
  [94/144] seed 23 top1  before 1.0531 taught 0.9572
  [91/144] seed 22 mid1  before 1.0214 taught 0.8629
  [96/144] seed 23 bot1  before 1.0210 taught 0.8501
  [97/144] seed 24 b0    before 1.0241 taught 0.9097
  [93/144] seed 23 b0    before 0.9872 taught 0.7669
  [100/144] seed 24 bot1  before 1.0217 taught 0.8401
  [95/144] seed 23 mid1  before 0.9786 taught 0.7328
  [102/144] seed 25 top1  before 1.0122 taught 0.9004
  [103/144] seed 25 mid1  before 0.9872 taught 0.7501
  [98/144] seed 24 top1  before 1.0370 taught 0.9100
  [104/144] seed 25 bot1  before 0.9934 taught 0.8441
  [99/144] seed 24 mid1  before 1.0154 taught 0.8830
  [101/144] seed 25 b0    before 1.0125 taught 0.8151
  [105/144] seed 26 b0    before 0.9869 taught 0.8514
  [106/144] seed 26 top1  before 0.9931 taught 0.9098
  [107/144] seed 26 mid1  before 1.0084 taught 0.9046
  [108/144] seed 26 bot1  before 1.0043 taught 0.8456
  [110/144] seed 27 top1  before 1.0213 taught 0.8869
  [113/144] seed 28 b0    before 0.9721 taught 0.8090
  [109/144] seed 27 b0    before 1.0227 taught 0.8192
  [112/144] seed 27 bot1  before 1.0468 taught 0.8656
  [111/144] seed 27 mid1  before 1.0088 taught 0.8814
  [116/144] seed 28 bot1  before 0.9762 taught 0.7719
  [117/144] seed 29 b0    before 1.0223 taught 0.7803
  [114/144] seed 28 top1  before 0.9910 taught 0.9507
  [115/144] seed 28 mid1  before 0.9725 taught 0.7777
  [121/144] seed 30 b0    before 1.0442 taught 0.9392
  [118/144] seed 29 top1  before 1.0497 taught 0.8459
  [122/144] seed 30 top1  before 1.0683 taught 0.9102
  [120/144] seed 29 bot1  before 1.0631 taught 0.9322
  [123/144] seed 30 mid1  before 1.0360 taught 0.9167
  [119/144] seed 29 mid1  before 1.0519 taught 0.9176
  [125/144] seed 31 b0    before 1.0092 taught 0.8431
  [124/144] seed 30 bot1  before 1.0511 taught 0.8912
  [128/144] seed 31 bot1  before 1.0209 taught 0.9026
  [127/144] seed 31 mid1  before 0.9932 taught 0.8357
  [131/144] seed 32 mid1  before 1.0084 taught 0.8903
  [129/144] seed 32 b0    before 1.0047 taught 0.8430
  [126/144] seed 31 top1  before 1.0154 taught 0.9439
  [132/144] seed 32 bot1  before 1.0030 taught 0.8108
  [130/144] seed 32 top1  before 1.0346 taught 0.9083
  [135/144] seed 33 mid1  before 0.9983 taught 0.8563
  [134/144] seed 33 top1  before 1.0207 taught 0.8040
  [133/144] seed 33 b0    before 0.9939 taught 0.7820
  [136/144] seed 33 bot1  before 1.0233 taught 0.8632
  [137/144] seed 34 b0    before 1.0101 taught 0.8362
  [139/144] seed 34 mid1  before 1.0172 taught 0.8520
  [141/144] seed 35 b0    before 0.9534 taught 0.8355
  [140/144] seed 34 bot1  before 1.0297 taught 0.8901
  [142/144] seed 35 top1  before 0.9932 taught 0.9239
  [138/144] seed 34 top1  before 1.0098 taught 0.9354
  [144/144] seed 35 bot1  before 0.9904 taught 0.8679
  [143/144] seed 35 mid1  before 0.9642 taught 0.8093

  arm    err before   err taught   learned
  b0     1.0080       0.8404       +0.1676 +/- 0.0073
  top1   1.0183       0.9009       +0.1174 +/- 0.0071
  mid1   1.0048       0.8483       +0.1565 +/- 0.0083
  bot1   1.0182       0.8657       +0.1525 +/- 0.0076

  ARM LIVENESS vs `b0` (seeds where the arm differs at all)
    top1               36/36
    mid1               36/36
    bot1               36/36

  THE COST OF BLOCKING ONE NEURON, paired on seed against `b0`
    top1  -0.0503 +/- 0.0086  (-5.8 SE)   30% of the lesson
    mid1  -0.0112 +/- 0.0105  (-1.1 SE)   7% of the lesson
    bot1  -0.0151 +/- 0.0105  (-1.4 SE)   9% of the lesson

  DOES POSITION MATTER? paired on seed (positive = cheaper than `top1`)
    mid1 - top1  +0.0391 +/- 0.0108  (+3.6 SE)
    bot1 - top1  +0.0351 +/- 0.0106  (+3.3 SE)

  POSITION IS THE COST, NOT COUNT (3.6 SE). The same ONE neuron costs
  30% of the lesson at the top of the group and 7% in the middle.
  Nothing about the number blocked changed, so the instrument is exonerated
  -- `set_reward_block` does what it says -- and the readout's GEOMETRY is
  the finding: `read_group` weights neuron i by (i - begin + 0.5)/n, a
  weighted mean is least sensitive near its own centre, and every block
  this project ever measured took the most expensive cells available.

  THAT REOPENS WRITE SEPARATION. `mask-unaffordable` closed it on "confining
  a lesson is unaffordable", measured only at the top. Read here it says
  unaffordable AT THE TOP, and a lesson confined to the middle of the group
  costs a fraction of that. The 59% was a fact about where the mask was
  put, not about whether a pooled readout can be partitioned.
