experiment: blockfloor
  instrument        blockfloor   trial seed 0000000001352cd9   2000 trials
                    another probe is another trial sequence: its numbers
                    are not comparable with these (~0.05 at 300 trials)
  question          `compartprobe` refuted BOTH reasons `mask-unaffordable`
                    gave for its 59%: silencing the blocked neurons recovers
                    nothing, and blocking twice as many costs no more. What
                    is left is a cost that is ALL-OR-NOTHING, with no account.
  the cheap test    every width ever measured has been LARGE -- 25/50/75%.
                    Nobody has blocked ONE neuron. If one costs what four
                    costs, the cost is in the MECHANISM, not the larynx.
  the precedent     `set_reward_mask` once ALLOWED its range and froze the
                    whole network, and produced a flat curve for an entire
                    run before anyone noticed. Flat curves have earned this.
  the F1 group      14 neurons of vocal's 126. A "quarter blocked" is FOUR
                    CELLS, and a centroid over ten survivors instead of
                    fourteen is coarser than the fraction makes it sound.
  the anchor        `b4` must reproduce ~57%. If it does not, this run
                    disagrees with the one that just produced that number on
                    the same genome and code, and THAT outranks the curve.
  the ladder as built (width -> neurons actually blocked)
    b0    width 1.0000  ->  0 of 14 blocked
    b1    width 0.9643  ->  1 of 14 blocked
    b2    width 0.8929  ->  2 of 14 blocked
    b4    width 0.7500  ->  4 of 14 blocked

  [5/144] seed 1 b0    before 1.0000 taught 0.7730
  [1/144] seed 0 b0    before 1.0170 taught 0.7762
  [4/144] seed 0 b4    before 1.0313 taught 0.9963
  [7/144] seed 1 b2    before 1.0077 taught 0.8964
  [8/144] seed 1 b4    before 1.0436 taught 0.9980
  [2/144] seed 0 b1    before 1.0320 taught 0.9284
  [3/144] seed 0 b2    before 1.0099 taught 0.9300
  [6/144] seed 1 b1    before 0.9960 taught 0.8319
  [10/144] seed 2 b1    before 1.0657 taught 0.9640
  [9/144] seed 2 b0    before 1.0503 taught 0.8962
  [13/144] seed 3 b0    before 0.9701 taught 0.8461
  [11/144] seed 2 b2    before 1.0538 taught 0.9223
  [15/144] seed 3 b2    before 1.0020 taught 0.9125
  [14/144] seed 3 b1    before 1.0059 taught 0.9335
  [12/144] seed 2 b4    before 1.0796 taught 0.9964
  [16/144] seed 3 b4    before 1.0179 taught 0.9583
  [19/144] seed 4 b2    before 1.0064 taught 0.8918
  [17/144] seed 4 b0    before 1.0041 taught 0.8275
  [18/144] seed 4 b1    before 0.9797 taught 0.8580
  [20/144] seed 4 b4    before 1.0117 taught 0.9881
  [21/144] seed 5 b0    before 0.9864 taught 0.8155
  [23/144] seed 5 b2    before 1.0324 taught 0.9707
  [22/144] seed 5 b1    before 1.0130 taught 0.8664
  [24/144] seed 5 b4    before 1.0225 taught 0.8954
  [25/144] seed 6 b0    before 1.0066 taught 0.7816
  [26/144] seed 6 b1    before 1.0032 taught 0.8738
  [27/144] seed 6 b2    before 1.0227 taught 0.8669
  [28/144] seed 6 b4    before 1.0386 taught 0.9440
  [29/144] seed 7 b0    before 0.9721 taught 0.7805
  [30/144] seed 7 b1    before 0.9724 taught 0.8999
  [32/144] seed 7 b4    before 0.9920 taught 0.8807
  [35/144] seed 8 b2    before 1.0135 taught 0.8668
  [31/144] seed 7 b2    before 0.9826 taught 0.8856
  [33/144] seed 8 b0    before 1.0177 taught 0.9570
  [34/144] seed 8 b1    before 1.0329 taught 0.8801
  [37/144] seed 9 b0    before 0.9869 taught 0.7979
  [39/144] seed 9 b2    before 1.0266 taught 0.9109
  [38/144] seed 9 b1    before 1.0022 taught 0.8802
  [36/144] seed 8 b4    before 1.0356 taught 0.9606
  [41/144] seed 10 b0    before 1.0111 taught 0.8157
  [40/144] seed 9 b4    before 1.0190 taught 0.9692
  [44/144] seed 10 b4    before 1.0276 taught 0.9746
  [46/144] seed 11 b1    before 1.0147 taught 0.8759
  [47/144] seed 11 b2    before 1.0279 taught 0.9080
  [42/144] seed 10 b1    before 1.0243 taught 0.9312
  [43/144] seed 10 b2    before 1.0434 taught 0.9225
  [45/144] seed 11 b0    before 1.0184 taught 0.9124
  [48/144] seed 11 b4    before 1.0348 taught 0.9391
  [51/144] seed 12 b2    before 1.0248 taught 0.9787
  [55/144] seed 13 b2    before 1.0144 taught 0.9156
  [50/144] seed 12 b1    before 1.0196 taught 0.9758
  [53/144] seed 13 b0    before 0.9718 taught 0.8115
  [49/144] seed 12 b0    before 1.0352 taught 0.9231
  [52/144] seed 12 b4    before 1.0467 taught 0.9356
  [56/144] seed 13 b4    before 1.0017 taught 0.9183
  [54/144] seed 13 b1    before 1.0026 taught 0.8807
  [60/144] seed 14 b4    before 1.0228 taught 0.9788
  [59/144] seed 14 b2    before 1.0323 taught 0.9707
  [58/144] seed 14 b1    before 1.0233 taught 0.9010
  [57/144] seed 14 b0    before 1.0045 taught 0.8057
  [62/144] seed 15 b1    before 1.0386 taught 0.9883
  [61/144] seed 15 b0    before 1.0542 taught 0.9412
  [67/144] seed 16 b2    before 1.0199 taught 0.9124
  [65/144] seed 16 b0    before 1.0170 taught 0.9053
  [63/144] seed 15 b2    before 1.0601 taught 0.9653
  [68/144] seed 16 b4    before 1.0153 taught 0.9602
  [64/144] seed 15 b4    before 1.0661 taught 0.9977
  [71/144] seed 17 b2    before 1.0596 taught 0.9517
  [66/144] seed 16 b1    before 0.9676 taught 0.8763
  [72/144] seed 17 b4    before 1.0507 taught 0.9687
  [69/144] seed 17 b0    before 1.0177 taught 0.8314
  [74/144] seed 18 b1    before 1.0449 taught 0.8586
  [70/144] seed 17 b1    before 1.0448 taught 0.8905
  [73/144] seed 18 b0    before 1.0157 taught 0.8729
  [76/144] seed 18 b4    before 1.0279 taught 0.9310
  [78/144] seed 19 b1    before 1.0218 taught 0.9051
  [79/144] seed 19 b2    before 1.0340 taught 0.9004
  [75/144] seed 18 b2    before 1.0369 taught 0.9173
  [77/144] seed 19 b0    before 1.0197 taught 0.8616
  [80/144] seed 19 b4    before 1.0215 taught 0.9899
  [82/144] seed 20 b1    before 1.0339 taught 0.9163
  [81/144] seed 20 b0    before 1.0197 taught 0.8308
  [84/144] seed 20 b4    before 1.0377 taught 0.9670
  [83/144] seed 20 b2    before 1.0519 taught 0.9586
  [86/144] seed 21 b1    before 1.0168 taught 0.8466
  [85/144] seed 21 b0    before 1.0163 taught 0.8192
  [88/144] seed 21 b4    before 1.0156 taught 0.9509
  [87/144] seed 21 b2    before 0.9977 taught 0.8504
  [89/144] seed 22 b0    before 1.0338 taught 0.8416
  [92/144] seed 22 b4    before 1.0520 taught 0.9533
  [90/144] seed 22 b1    before 1.0037 taught 0.8843
  [91/144] seed 22 b2    before 1.0234 taught 0.8740
  [93/144] seed 23 b0    before 0.9872 taught 0.7669
  [94/144] seed 23 b1    before 1.0531 taught 0.9572
  [96/144] seed 23 b4    before 1.0476 taught 0.9718
  [95/144] seed 23 b2    before 1.0297 taught 0.9403
  [97/144] seed 24 b0    before 1.0241 taught 0.9097
  [99/144] seed 24 b2    before 1.0638 taught 0.9469
  [98/144] seed 24 b1    before 1.0370 taught 0.9100
  [101/144] seed 25 b0    before 1.0125 taught 0.8151
  [104/144] seed 25 b4    before 1.0335 taught 0.9523
  [103/144] seed 25 b2    before 1.0031 taught 0.8702
  [100/144] seed 24 b4    before 1.0466 taught 0.9556
  [102/144] seed 25 b1    before 1.0122 taught 0.9004
  [106/144] seed 26 b1    before 0.9931 taught 0.9098
  [107/144] seed 26 b2    before 0.9902 taught 0.9131
  [105/144] seed 26 b0    before 0.9869 taught 0.8514
  [110/144] seed 27 b1    before 1.0213 taught 0.8869
  [111/144] seed 27 b2    before 1.0238 taught 0.9614
  [109/144] seed 27 b0    before 1.0227 taught 0.8192
  [108/144] seed 26 b4    before 1.0191 taught 0.9245
  [112/144] seed 27 b4    before 1.0474 taught 0.9344
  [115/144] seed 28 b2    before 0.9962 taught 0.8743
  [114/144] seed 28 b1    before 0.9910 taught 0.9507
  [117/144] seed 29 b0    before 1.0223 taught 0.7803
  [113/144] seed 28 b0    before 0.9721 taught 0.8090
  [119/144] seed 29 b2    before 1.0506 taught 0.9389
  [116/144] seed 28 b4    before 1.0065 taught 0.9682
  [120/144] seed 29 b4    before 1.0632 taught 0.9774
  [118/144] seed 29 b1    before 1.0497 taught 0.8459
  [121/144] seed 30 b0    before 1.0442 taught 0.9392
  [127/144] seed 31 b2    before 1.0113 taught 0.8915
  [125/144] seed 31 b0    before 1.0092 taught 0.8431
  [123/144] seed 30 b2    before 1.0348 taught 0.8902
  [122/144] seed 30 b1    before 1.0683 taught 0.9102
  [126/144] seed 31 b1    before 1.0154 taught 0.9439
  [124/144] seed 30 b4    before 1.0258 taught 0.9110
  [128/144] seed 31 b4    before 1.0219 taught 0.9813
  [131/144] seed 32 b2    before 1.0460 taught 0.9756
  [133/144] seed 33 b0    before 0.9939 taught 0.7820
  [129/144] seed 32 b0    before 1.0047 taught 0.8430
  [130/144] seed 32 b1    before 1.0346 taught 0.9083
  [135/144] seed 33 b2    before 1.0305 taught 0.9228
  [132/144] seed 32 b4    before 1.0375 taught 0.9725
  [134/144] seed 33 b1    before 1.0207 taught 0.8040
  [136/144] seed 33 b4    before 1.0207 taught 0.9554
  [138/144] seed 34 b1    before 1.0098 taught 0.9354
  [139/144] seed 34 b2    before 1.0322 taught 0.8972
  [140/144] seed 34 b4    before 1.0413 taught 0.9897
  [141/144] seed 35 b0    before 0.9534 taught 0.8355
  [137/144] seed 34 b0    before 1.0101 taught 0.8362
  [142/144] seed 35 b1    before 0.9932 taught 0.9239
  [143/144] seed 35 b2    before 0.9936 taught 0.9075
  [144/144] seed 35 b4    before 1.0035 taught 0.9916

  arm    blocked    err before   err taught   learned
  b0     0 of 14    1.0080       0.8404       +0.1676 +/- 0.0073
  b1     1 of 14    1.0183       0.9009       +0.1174 +/- 0.0071
  b2     2 of 14    1.0247       0.9169       +0.1078 +/- 0.0046
  b4     4 of 14    1.0313       0.9594       +0.0719 +/- 0.0047

  ARM LIVENESS vs `b0` (seeds where the arm differs at all)
    b1                 36/36
    b2                 36/36
    b4                 36/36

  THE COST OF BLOCKING, paired on seed against `b0`
    b1    -0.0503 +/- 0.0086  (-5.8 SE)   30% of the lesson
    b2    -0.0598 +/- 0.0088  (-6.8 SE)   36% of the lesson
    b4    -0.0957 +/- 0.0091  (-10.5 SE)   57% of the lesson

  BLOCKING ONE NEURON OF 14 COSTS 30% OF THE LESSON, against 57% for
  four. That is not a result about the larynx. A single cell out of
  fourteen cannot carry more than half a lesson, so the cost is being paid
  for the ACT of blocking rather than for what is blocked -- and
  `set_reward_block` is the suspect, exactly as `set_reward_mask` was.
  `mask-unaffordable` and `compartprobe` both need re-reading, and the
  59% that closed write separation may be an instrument reading.
