experiment: chase
  instrument        chase   trial seed 0000000001352b83   1214 trials
                    another probe is another trial sequence: its numbers
                    are not comparable with these (~0.05 at 300 trials)
  question          three ways of asking for more distance have now failed,
                    and all three failed the SAME way: the target stopped
                    being straddled. This is the target that cannot.
  the rule          the target separation is what the voice DELIVERED over
                    the last 150 trials plus 0.06, recomputed every 50, and
                    it RATCHETS -- it never retreats. Always a little beyond
                    what the creature just did, so it is always straddled
                    and always asking for slightly more.
  one rule refused  the first version read the 20/80 percentiles of F1
                    POOLED over both words. That has a DOWNWARD fixed point:
                    teaching two points shrinks the spread, the percentiles
                    move in, the demand shrinks. Measured -- target fell to
                    0.13 and the voice tracked it down to 0.105. The creature
                    obeyed; the rule walked it backwards.
  the precedent     this is the songbird rule: the white-noise threshold is
                    set from the BIRD'S pitch distribution, not an absolute
                    pitch. `staircase` avoided the closed loop on purity
                    grounds and that purity is what broke it.
  not an oracle     it reads the creature's own OUTPUT distribution, which
                    is what the experimenter measures -- not a hidden
                    variable and not the answer.
  what a null means unambiguous this time. A target always straddled,
                    always answerable and free to climb is the strongest
                    form of the protocol hypothesis there is. If the voice
                    still stops near 0.28, the protocol account is exhausted
                    and the ceiling is the exponent. 36 seeds.

  [3/144] seed 0 jump       delivered +0.3294  nearest 1.00  target 0.0000
  [6/144] seed 1 chase-rnd  delivered +0.0042  nearest 0.50  target 0.1500
  [7/144] seed 1 jump       delivered +0.2870  nearest 1.00  target 0.0000
  [8/144] seed 1 jump-rnd   delivered -0.0306  nearest 0.50  target 0.0000
  [1/144] seed 0 chase      delivered +0.2288  nearest 1.00  target 0.2928
  [2/144] seed 0 chase-rnd  delivered +0.0254  nearest 1.00  target 0.1500
  [5/144] seed 1 chase      delivered +0.2557  nearest 1.00  target 0.3245
  [4/144] seed 0 jump-rnd   delivered -0.0405  nearest 0.00  target 0.0000
  [9/144] seed 2 chase      delivered +0.2257  nearest 1.00  target 0.2971
  [10/144] seed 2 chase-rnd  delivered -0.0587  nearest 0.00  target 0.1500
  [14/144] seed 3 chase-rnd  delivered -0.0161  nearest 0.00  target 0.1500
  [16/144] seed 3 jump-rnd   delivered -0.0666  nearest 0.00  target 0.0000
  [15/144] seed 3 jump       delivered +0.2187  nearest 1.00  target 0.0000
  [12/144] seed 2 jump-rnd   delivered -0.0583  nearest 0.00  target 0.0000
  [13/144] seed 3 chase      delivered +0.2373  nearest 1.00  target 0.3194
  [11/144] seed 2 jump       delivered +0.2689  nearest 1.00  target 0.0000
  [17/144] seed 4 chase      delivered +0.2269  nearest 1.00  target 0.3050
  [19/144] seed 4 jump       delivered +0.2913  nearest 1.00  target 0.0000
  [20/144] seed 4 jump-rnd   delivered -0.0017  nearest 0.50  target 0.0000
  [18/144] seed 4 chase-rnd  delivered +0.1009  nearest 1.00  target 0.2021
  [21/144] seed 5 chase      delivered +0.2023  nearest 1.00  target 0.2859
  [24/144] seed 5 jump-rnd   delivered -0.1698  nearest 0.00  target 0.0000
  [23/144] seed 5 jump       delivered +0.2796  nearest 1.00  target 0.0000
  [22/144] seed 5 chase-rnd  delivered -0.0092  nearest 0.50  target 0.1500
  [26/144] seed 6 chase-rnd  delivered -0.0925  nearest 0.00  target 0.1500
  [28/144] seed 6 jump-rnd   delivered +0.0172  nearest 1.00  target 0.0000
  [29/144] seed 7 chase      delivered +0.2682  nearest 1.00  target 0.3391
  [27/144] seed 6 jump       delivered +0.3091  nearest 1.00  target 0.0000
  [30/144] seed 7 chase-rnd  delivered -0.0228  nearest 0.50  target 0.1500
  [25/144] seed 6 chase      delivered +0.2018  nearest 1.00  target 0.3042
  [31/144] seed 7 jump       delivered +0.2507  nearest 1.00  target 0.0000
  [32/144] seed 7 jump-rnd   delivered -0.0538  nearest 0.00  target 0.0000
  [33/144] seed 8 chase      delivered +0.2111  nearest 1.00  target 0.2752
  [36/144] seed 8 jump-rnd   delivered +0.0975  nearest 1.00  target 0.0000
  [34/144] seed 8 chase-rnd  delivered -0.0899  nearest 0.00  target 0.1500
  [37/144] seed 9 chase      delivered +0.1980  nearest 1.00  target 0.2749
  [35/144] seed 8 jump       delivered +0.2744  nearest 1.00  target 0.0000
  [38/144] seed 9 chase-rnd  delivered -0.0315  nearest 0.00  target 0.1500
  [39/144] seed 9 jump       delivered +0.3396  nearest 1.00  target 0.0000
  [40/144] seed 9 jump-rnd   delivered -0.0033  nearest 0.50  target 0.0000
  [41/144] seed 10 chase      delivered +0.2097  nearest 1.00  target 0.2807
  [43/144] seed 10 jump       delivered +0.2936  nearest 1.00  target 0.0000
  [44/144] seed 10 jump-rnd   delivered -0.0103  nearest 0.00  target 0.0000
  [42/144] seed 10 chase-rnd  delivered +0.1108  nearest 1.00  target 0.1882
  [45/144] seed 11 chase      delivered +0.2375  nearest 1.00  target 0.3141
  [47/144] seed 11 jump       delivered +0.2257  nearest 1.00  target 0.0000
  [46/144] seed 11 chase-rnd  delivered -0.0543  nearest 0.00  target 0.1500
  [48/144] seed 11 jump-rnd   delivered -0.1417  nearest 0.00  target 0.0000
  [49/144] seed 12 chase      delivered +0.1986  nearest 1.00  target 0.2690
  [50/144] seed 12 chase-rnd  delivered -0.0160  nearest 0.00  target 0.1500
  [51/144] seed 12 jump       delivered +0.1038  nearest 1.00  target 0.0000
  [52/144] seed 12 jump-rnd   delivered +0.0102  nearest 0.50  target 0.0000
  [53/144] seed 13 chase      delivered +0.1411  nearest 1.00  target 0.2117
  [55/144] seed 13 jump       delivered +0.2303  nearest 1.00  target 0.0000
  [54/144] seed 13 chase-rnd  delivered +0.0598  nearest 1.00  target 0.1500
  [56/144] seed 13 jump-rnd   delivered +0.0747  nearest 1.00  target 0.0000
  [57/144] seed 14 chase      delivered +0.1658  nearest 1.00  target 0.2409
  [60/144] seed 14 jump-rnd   delivered +0.0344  nearest 0.50  target 0.0000
  [58/144] seed 14 chase-rnd  delivered -0.0204  nearest 0.00  target 0.1500
  [59/144] seed 14 jump       delivered +0.2877  nearest 1.00  target 0.0000
  [61/144] seed 15 chase      delivered +0.2363  nearest 1.00  target 0.3114
  [62/144] seed 15 chase-rnd  delivered -0.0434  nearest 0.00  target 0.1500
  [64/144] seed 15 jump-rnd   delivered -0.0639  nearest 0.00  target 0.0000
  [63/144] seed 15 jump       delivered +0.2969  nearest 1.00  target 0.0000
  [65/144] seed 16 chase      delivered +0.1465  nearest 1.00  target 0.2107
  [67/144] seed 16 jump       delivered -0.0753  nearest 0.00  target 0.0000
  [66/144] seed 16 chase-rnd  delivered +0.0230  nearest 0.50  target 0.1500
  [70/144] seed 17 chase-rnd  delivered -0.0066  nearest 0.50  target 0.1500
  [71/144] seed 17 jump       delivered +0.2967  nearest 1.00  target 0.0000
  [68/144] seed 16 jump-rnd   delivered -0.0851  nearest 0.00  target 0.0000
  [69/144] seed 17 chase      delivered +0.1937  nearest 1.00  target 0.2842
  [73/144] seed 18 chase      delivered +0.2259  nearest 1.00  target 0.2966
  [72/144] seed 17 jump-rnd   delivered -0.0389  nearest 0.00  target 0.0000
  [74/144] seed 18 chase-rnd  delivered +0.0291  nearest 1.00  target 0.1500
  [76/144] seed 18 jump-rnd   delivered -0.0347  nearest 0.50  target 0.0000
  [75/144] seed 18 jump       delivered +0.3447  nearest 1.00  target 0.0000
  [78/144] seed 19 chase-rnd  delivered +0.0225  nearest 1.00  target 0.1500
  [77/144] seed 19 chase      delivered +0.1833  nearest 1.00  target 0.2610
  [79/144] seed 19 jump       delivered +0.3150  nearest 1.00  target 0.0000
  [82/144] seed 20 chase-rnd  delivered +0.0402  nearest 1.00  target 0.1500
  [81/144] seed 20 chase      delivered +0.2409  nearest 1.00  target 0.3056
  [80/144] seed 19 jump-rnd   delivered -0.0649  nearest 0.00  target 0.0000
  [83/144] seed 20 jump       delivered +0.2988  nearest 1.00  target 0.0000
  [84/144] seed 20 jump-rnd   delivered -0.0944  nearest 0.00  target 0.0000
  [85/144] seed 21 chase      delivered +0.2101  nearest 1.00  target 0.2937
  [87/144] seed 21 jump       delivered +0.2599  nearest 1.00  target 0.0000
  [86/144] seed 21 chase-rnd  delivered -0.0415  nearest 0.00  target 0.1500
  [88/144] seed 21 jump-rnd   delivered -0.0981  nearest 0.00  target 0.0000
  [89/144] seed 22 chase      delivered +0.1834  nearest 1.00  target 0.2773
  [90/144] seed 22 chase-rnd  delivered -0.0087  nearest 0.00  target 0.1500
  [91/144] seed 22 jump       delivered +0.3106  nearest 1.00  target 0.0000
  [92/144] seed 22 jump-rnd   delivered +0.1037  nearest 1.00  target 0.0000
  [93/144] seed 23 chase      delivered +0.1864  nearest 1.00  target 0.2507
  [94/144] seed 23 chase-rnd  delivered +0.0077  nearest 0.50  target 0.1500
  [97/144] seed 24 chase      delivered +0.1876  nearest 1.00  target 0.2572
  [95/144] seed 23 jump       delivered +0.3029  nearest 1.00  target 0.0000
  [96/144] seed 23 jump-rnd   delivered +0.0078  nearest 1.00  target 0.0000
  [98/144] seed 24 chase-rnd  delivered -0.0176  nearest 0.00  target 0.1500
  [99/144] seed 24 jump       delivered +0.2315  nearest 1.00  target 0.0000
  [100/144] seed 24 jump-rnd   delivered -0.0654  nearest 0.00  target 0.0000
  [101/144] seed 25 chase      delivered +0.1618  nearest 1.00  target 0.2342
  [102/144] seed 25 chase-rnd  delivered +0.0093  nearest 0.50  target 0.1500
  [105/144] seed 26 chase      delivered +0.2150  nearest 1.00  target 0.2794
  [103/144] seed 25 jump       delivered +0.3099  nearest 1.00  target 0.0000
  [107/144] seed 26 jump       delivered +0.3208  nearest 1.00  target 0.0000
  [106/144] seed 26 chase-rnd  delivered -0.0829  nearest 0.00  target 0.1500
  [104/144] seed 25 jump-rnd   delivered -0.0398  nearest 0.00  target 0.0000
  [108/144] seed 26 jump-rnd   delivered -0.0372  nearest 0.00  target 0.0000
  [109/144] seed 27 chase      delivered +0.2013  nearest 1.00  target 0.2688
  [110/144] seed 27 chase-rnd  delivered -0.0734  nearest 0.00  target 0.1500
  [111/144] seed 27 jump       delivered +0.3338  nearest 1.00  target 0.0000
  [112/144] seed 27 jump-rnd   delivered +0.0855  nearest 1.00  target 0.0000
  [115/144] seed 28 jump       delivered +0.2605  nearest 1.00  target 0.0000
  [114/144] seed 28 chase-rnd  delivered -0.0202  nearest 0.00  target 0.1500
  [113/144] seed 28 chase      delivered +0.1886  nearest 1.00  target 0.2731
  [116/144] seed 28 jump-rnd   delivered +0.0027  nearest 0.50  target 0.0000
  [118/144] seed 29 chase-rnd  delivered -0.0024  nearest 0.50  target 0.1500
  [117/144] seed 29 chase      delivered +0.1981  nearest 1.00  target 0.2724
  [121/144] seed 30 chase      delivered +0.1676  nearest 1.00  target 0.2667
  [119/144] seed 29 jump       delivered +0.2533  nearest 1.00  target 0.0000
  [122/144] seed 30 chase-rnd  delivered +0.0517  nearest 1.00  target 0.1500
  [120/144] seed 29 jump-rnd   delivered +0.0007  nearest 0.50  target 0.0000
  [124/144] seed 30 jump-rnd   delivered -0.0844  nearest 0.00  target 0.0000
  [123/144] seed 30 jump       delivered +0.3132  nearest 1.00  target 0.0000
  [127/144] seed 31 jump       delivered +0.2679  nearest 1.00  target 0.0000
  [126/144] seed 31 chase-rnd  delivered -0.0440  nearest 0.00  target 0.1500
  [125/144] seed 31 chase      delivered +0.1998  nearest 1.00  target 0.2680
  [129/144] seed 32 chase      delivered +0.2128  nearest 1.00  target 0.2949
  [130/144] seed 32 chase-rnd  delivered +0.0678  nearest 1.00  target 0.1615
  [128/144] seed 31 jump-rnd   delivered +0.0149  nearest 0.50  target 0.0000
  [132/144] seed 32 jump-rnd   delivered -0.0181  nearest 0.00  target 0.0000
  [131/144] seed 32 jump       delivered +0.3222  nearest 1.00  target 0.0000
  [133/144] seed 33 chase      delivered +0.2300  nearest 1.00  target 0.2993
  [135/144] seed 33 jump       delivered +0.2862  nearest 1.00  target 0.0000
  [134/144] seed 33 chase-rnd  delivered -0.0451  nearest 0.00  target 0.1500
  [138/144] seed 34 chase-rnd  delivered +0.0217  nearest 1.00  target 0.1500
  [136/144] seed 33 jump-rnd   delivered +0.1149  nearest 1.00  target 0.0000
  [137/144] seed 34 chase      delivered +0.2146  nearest 1.00  target 0.2835
  [140/144] seed 34 jump-rnd   delivered +0.0262  nearest 0.50  target 0.0000
  [139/144] seed 34 jump       delivered +0.1920  nearest 1.00  target 0.0000
  [141/144] seed 35 chase      delivered +0.2501  nearest 1.00  target 0.3284
  [142/144] seed 35 chase-rnd  delivered +0.0527  nearest 1.00  target 0.1687
  [143/144] seed 35 jump       delivered +0.2915  nearest 1.00  target 0.0000
  [144/144] seed 35 jump-rnd   delivered -0.0272  nearest 0.00  target 0.0000

  arm         delivered (log units) nearest   final target   updates
  chase       +0.2067 +/- 0.0049    1.000     0.2820         24
  chase-rnd   -0.0047 +/- 0.0083    0.417     0.1533         24
  jump        +0.2701 +/- 0.0126    0.972     0.0000         0
  jump-rnd    -0.0205 +/- 0.0108    0.333     0.0000         0

  ARM LIVENESS vs `jump-rnd` (seeds where the arm differs at all)
    chase              36/36
    chase-rnd          36/36
    jump               36/36

  DID THE TARGET CLIMB? final separation 0.2820 +/- 0.0049 over 24 updates.

  EXCESS over each protocol's OWN matched marginal, paired on seed.
    chase  +0.2115 +/- 0.0100  (+21.1 SE)
    jump   +0.2906 +/- 0.0153  (+19.0 SE)
    chase - jump  -0.0791 +/- 0.0173  (-4.6 SE)  [paired, n=36]

  THE PROTOCOL ACCOUNT IS EXHAUSTED (-4.6 SE). The target was always
  straddled by construction, always answerable, and free to climb -- it
  reached 0.2820 -- and the voice still delivers +0.2067 against the fixed
  protocol's +0.2701. This is the strongest form of the protocol hypothesis
  available and it is a null, which is NOT the ambiguous null `staircase`
  returned: there is no rate here that could have been wrong.

  SO THE CEILING IS THE VOICE. `ceiling-is-an-exponent` stands as the
  answer: dF1 ~ aligned^0.61, delivered separation saturates near 0.28, and
  no way of asking changes an exponent. The reward's blindness to distance
  is real, replicates at 0/36, and is not what limits naming -- three
  independent attempts to exploit it have now failed, one of them by making
  things worse.
