  [39/1280] seed 0 shuf-AB       taught 0.9816 after 1.0878 agree 0.50
  [2/1280] seed 0 bcast-keep    taught 0.5834 after 0.1173 agree 0.00
  [119/1280] seed 2 shuf-AB       taught 0.8752 after 1.0970 agree 0.50
  [1/1280] seed 0 bcast-AB      taught 0.5834 after 0.8510 agree 0.00
  [80/1280] seed 1 shuf-keep     taught 0.9143 after 0.8288 agree 0.50
  [40/1280] seed 0 shuf-keep     taught 0.9816 after 0.8765 agree 0.50
  [79/1280] seed 1 shuf-AB       taught 0.9143 after 1.0076 agree 0.50
  [42/1280] seed 1 bcast-keep    taught 0.4112 after 0.2569 agree 0.00
  [120/1280] seed 2 shuf-keep     taught 0.8752 after 1.0471 agree 0.50
  [82/1280] seed 2 bcast-keep    taught 1.2780 after 1.1219 agree 0.00
  [81/1280] seed 2 bcast-AB      taught 1.2780 after 1.2700 agree 0.00
  [122/1280] seed 3 bcast-keep    taught 0.4758 after 0.1011 agree 0.00
  [41/1280] seed 1 bcast-AB      taught 0.4112 after 0.7722 agree 0.00
  [121/1280] seed 3 bcast-AB      taught 0.4758 after 0.8463 agree 0.00
  [159/1280] seed 3 shuf-AB       taught 0.9332 after 1.1008 agree 0.50
  [199/1280] seed 4 shuf-AB       taught 1.0237 after 1.1346 agree 0.50
  [160/1280] seed 3 shuf-keep     taught 0.9332 after 1.0680 agree 0.50
  [200/1280] seed 4 shuf-keep     taught 1.0237 after 1.1793 agree 0.50
  [162/1280] seed 4 bcast-keep    taught 0.6365 after 0.4854 agree 0.00
  [240/1280] seed 5 shuf-keep     taught 1.0337 after 1.0564 agree 0.50
  [239/1280] seed 5 shuf-AB       taught 1.0337 after 1.1022 agree 0.50
  [161/1280] seed 4 bcast-AB      taught 0.6365 after 0.8491 agree 0.00
  [202/1280] seed 5 bcast-keep    taught 0.6455 after 0.3342 agree 0.00
  [279/1280] seed 6 shuf-AB       taught 0.9222 after 1.1403 agree 0.50
  [201/1280] seed 5 bcast-AB      taught 0.6455 after 0.9043 agree 0.00
  [280/1280] seed 6 shuf-keep     taught 0.9222 after 1.1020 agree 0.50
  [241/1280] seed 6 bcast-AB      taught 1.0240 after 1.0627 agree 0.00
  [242/1280] seed 6 bcast-keep    taught 1.0240 after 0.9561 agree 0.00
  [319/1280] seed 7 shuf-AB       taught 0.9189 after 1.1244 agree 0.50
  [359/1280] seed 8 shuf-AB       taught 0.8910 after 1.0429 agree 0.50
  [320/1280] seed 7 shuf-keep     taught 0.9189 after 1.0807 agree 0.50
  [360/1280] seed 8 shuf-keep     taught 0.8910 after 1.0514 agree 0.50
  [282/1280] seed 7 bcast-keep    taught 1.1898 after 0.9399 agree 0.00
  [281/1280] seed 7 bcast-AB      taught 1.1898 after 1.1596 agree 0.00
  [399/1280] seed 9 shuf-AB       taught 0.9643 after 1.1429 agree 0.50
  [321/1280] seed 8 bcast-AB      taught 0.5846 after 0.6468 agree 0.00
  [361/1280] seed 9 bcast-AB      taught 0.5909 after 0.8504 agree 0.00
  [322/1280] seed 8 bcast-keep    taught 0.5846 after 0.3081 agree 0.00
  [400/1280] seed 9 shuf-keep     taught 0.9643 after 1.0882 agree 0.50
  [362/1280] seed 9 bcast-keep    taught 0.5909 after 0.2782 agree 0.00
  [401/1280] seed 10 bcast-AB      taught 0.4169 after 1.1017 agree 0.00
  [402/1280] seed 10 bcast-keep    taught 0.4169 after 0.2706 agree 0.00
  [439/1280] seed 10 shuf-AB       taught 0.9426 after 1.1513 agree 0.50
  [440/1280] seed 10 shuf-keep     taught 0.9426 after 1.1160 agree 0.50
  [480/1280] seed 11 shuf-keep     taught 1.0131 after 1.1392 agree 0.50
  [479/1280] seed 11 shuf-AB       taught 1.0131 after 1.1206 agree 0.50
  [519/1280] seed 12 shuf-AB       taught 0.9167 after 1.1232 agree 0.50
  [520/1280] seed 12 shuf-keep     taught 0.9167 after 0.8226 agree 0.50
  [441/1280] seed 11 bcast-AB      taught 1.2881 after 1.3163 agree 0.00
  [482/1280] seed 12 bcast-keep    taught 0.5815 after 0.3167 agree 0.00
  [442/1280] seed 11 bcast-keep    taught 1.2881 after 1.3362 agree 0.00
  [481/1280] seed 12 bcast-AB      taught 0.5815 after 0.7162 agree 0.00
  [559/1280] seed 13 shuf-AB       taught 0.9467 after 1.0551 agree 0.50
  [522/1280] seed 13 bcast-keep    taught 1.1484 after 1.1566 agree 0.00
  [521/1280] seed 13 bcast-AB      taught 1.1484 after 1.2003 agree 0.00
  [560/1280] seed 13 shuf-keep     taught 0.9467 after 0.7927 agree 0.50
  [561/1280] seed 14 bcast-AB      taught 0.5240 after 0.8744 agree 0.00
  [600/1280] seed 14 shuf-keep     taught 0.9574 after 1.1320 agree 0.50
  [599/1280] seed 14 shuf-AB       taught 0.9574 after 1.1400 agree 0.50
  [562/1280] seed 14 bcast-keep    taught 0.5240 after 0.3029 agree 0.00
  [639/1280] seed 15 shuf-AB       taught 0.9308 after 1.1889 agree 0.50
  [640/1280] seed 15 shuf-keep     taught 0.9308 after 0.8789 agree 0.50
  [601/1280] seed 15 bcast-AB      taught 0.6533 after 0.9629 agree 0.00
  [602/1280] seed 15 bcast-keep    taught 0.6533 after 0.2404 agree 0.00
  [642/1280] seed 16 bcast-keep    taught 0.6062 after 0.9550 agree 0.00
  [641/1280] seed 16 bcast-AB      taught 0.6062 after 1.1286 agree 0.00
  [679/1280] seed 16 shuf-AB       taught 0.9669 after 1.0392 agree 0.50
  [680/1280] seed 16 shuf-keep     taught 0.9669 after 0.9954 agree 0.50
  [681/1280] seed 17 bcast-AB      taught 0.4519 after 0.5944 agree 0.00
  [682/1280] seed 17 bcast-keep    taught 0.4519 after 0.2517 agree 0.00
  [719/1280] seed 17 shuf-AB       taught 0.9268 after 1.1214 agree 0.50
  [720/1280] seed 17 shuf-keep     taught 0.9268 after 1.0751 agree 0.50
  [759/1280] seed 18 shuf-AB       taught 1.0461 after 1.1157 agree 0.50
  [722/1280] seed 18 bcast-keep    taught 0.4892 after 0.1500 agree 0.00
  [760/1280] seed 18 shuf-keep     taught 1.0461 after 0.9542 agree 0.50
  [721/1280] seed 18 bcast-AB      taught 0.4892 after 0.9222 agree 0.00
  [799/1280] seed 19 shuf-AB       taught 1.0047 after 1.1465 agree 0.50
  [800/1280] seed 19 shuf-keep     taught 1.0047 after 0.9111 agree 0.50
  [761/1280] seed 19 bcast-AB      taught 0.6610 after 0.8699 agree 0.00
  [762/1280] seed 19 bcast-keep    taught 0.6610 after 0.3858 agree 0.00
  [801/1280] seed 20 bcast-AB      taught 0.6528 after 0.8829 agree 0.00
  [839/1280] seed 20 shuf-AB       taught 1.1116 after 1.1465 agree 0.50
  [840/1280] seed 20 shuf-keep     taught 1.1116 after 1.0404 agree 0.50
  [802/1280] seed 20 bcast-keep    taught 0.6528 after 0.2924 agree 0.00
  [841/1280] seed 21 bcast-AB      taught 0.6178 after 0.8111 agree 0.00
  [879/1280] seed 21 shuf-AB       taught 0.9554 after 1.0858 agree 0.50
  [842/1280] seed 21 bcast-keep    taught 0.6178 after 0.1940 agree 0.00
  [880/1280] seed 21 shuf-keep     taught 0.9554 after 1.1042 agree 0.50
  [919/1280] seed 22 shuf-AB       taught 1.0321 after 1.1188 agree 0.50
  [920/1280] seed 22 shuf-keep     taught 1.0321 after 1.0927 agree 0.50
  [881/1280] seed 22 bcast-AB      taught 0.5889 after 0.8354 agree 0.00
  [882/1280] seed 22 bcast-keep    taught 0.5889 after 0.2091 agree 0.00
  [959/1280] seed 23 shuf-AB       taught 1.0087 after 1.1015 agree 0.50
  [921/1280] seed 23 bcast-AB      taught 0.5838 after 0.8486 agree 0.00
  [960/1280] seed 23 shuf-keep     taught 1.0087 after 0.9011 agree 0.50
  [922/1280] seed 23 bcast-keep    taught 0.5838 after 0.2587 agree 0.00
  [961/1280] seed 24 bcast-AB      taught 0.5721 after 0.8803 agree 0.00
  [962/1280] seed 24 bcast-keep    taught 0.5721 after 0.9755 agree 0.00
  [999/1280] seed 24 shuf-AB       taught 0.9817 after 1.0832 agree 0.50
  [1000/1280] seed 24 shuf-keep     taught 0.9817 after 1.1197 agree 0.50
  [1039/1280] seed 25 shuf-AB       taught 1.0405 after 1.0954 agree 0.50
  [1040/1280] seed 25 shuf-keep     taught 1.0405 after 0.8606 agree 0.50
  [1001/1280] seed 25 bcast-AB      taught 0.6261 after 0.9415 agree 0.00
  [1002/1280] seed 25 bcast-keep    taught 0.6261 after 0.1752 agree 0.00
  [1080/1280] seed 26 shuf-keep     taught 0.9895 after 1.1127 agree 0.50
  [1041/1280] seed 26 bcast-AB      taught 0.4777 after 0.8410 agree 0.00
  [1079/1280] seed 26 shuf-AB       taught 0.9895 after 1.1564 agree 0.50
  [1042/1280] seed 26 bcast-keep    taught 0.4777 after 0.2502 agree 0.00
  [1081/1280] seed 27 bcast-AB      taught 0.4379 after 0.7804 agree 0.00
  [1119/1280] seed 27 shuf-AB       taught 0.9411 after 1.1182 agree 0.50
  [1120/1280] seed 27 shuf-keep     taught 0.9411 after 0.8416 agree 0.50
  [1082/1280] seed 27 bcast-keep    taught 0.4379 after 0.1801 agree 0.00
  [1122/1280] seed 28 bcast-keep    taught 0.3458 after 0.0861 agree 0.00
  [1121/1280] seed 28 bcast-AB      taught 0.3458 after 0.7944 agree 0.00
  [1159/1280] seed 28 shuf-AB       taught 0.9591 after 1.1448 agree 0.50
  [1160/1280] seed 28 shuf-keep     taught 0.9591 after 1.1257 agree 0.50
  [1200/1280] seed 29 shuf-keep     taught 0.9230 after 1.0944 agree 0.50
  [1199/1280] seed 29 shuf-AB       taught 0.9230 after 1.1376 agree 0.50
  [1162/1280] seed 29 bcast-keep    taught 0.5791 after 0.3676 agree 0.00
  [1201/1280] seed 30 bcast-AB      taught 0.6407 after 0.9530 agree 0.00
  [1202/1280] seed 30 bcast-keep    taught 0.6407 after 1.1395 agree 0.00
  [1239/1280] seed 30 shuf-AB       taught 0.9405 after 0.9765 agree 0.50
  [1240/1280] seed 30 shuf-keep     taught 0.9405 after 0.7415 agree 0.50
  [1161/1280] seed 29 bcast-AB      taught 0.5791 after 0.7678 agree 0.00
  [1241/1280] seed 31 bcast-AB      taught 0.5426 after 0.7149 agree 0.00
  [1242/1280] seed 31 bcast-keep    taught 0.5426 after 0.2609 agree 0.00
  [1280/1280] seed 31 shuf-keep     taught 0.9793 after 1.1142 agree 0.50
  [1279/1280] seed 31 shuf-AB       taught 0.9793 after 1.0926 agree 0.50
experiment: credgate
  instrument        credgate   trial seed 0000000000041da4   4285 trials
                    another probe is another trial sequence: its numbers
                    are not comparable with these (~0.05 at 300 trials)
  seed family       offset 904837 -> first creature 000000000012a988 (FRESH)
  what the wipe IS  not a representational collision. `capacity` found two
                    lessons interfering while driving DISJOINT groups, and
                    `credit-oracle` gave the reason: the groups are disjoint,
                    the REWARD is what they share. Node perturbation nudges
                    bias_[i] for EVERY neuron in the module on one broadcast
                    scalar, so teaching B random-walks A's setting.
  the ceiling       a per-neuron reward mask gives retention 1.03 vs 0.84
                    broadcast, at ~30% of the learning rate. But it is an
                    ORACLE: the host knows which lesson is live.
  the question      can the creature's OWN derived context drive that mask?
                    `ema-index` derives a usable context off the ear rate EMA
                    at 16/18; `ctxretain` gated on it and the index never
                    separated (0.23/0.23). The halves have never been joined.
  halves MEASURED   `silences-the-wrong-side`: a LOW target works by
                    suppressing the UPPER half, a HIGH one the LOWER. A is
                    f1 320 and B is 850, so A takes the UPPER and B the LOWER.

  PRE-REGISTERED
    AGREEMENT FIRST, before any retention number is read. `credit_agree` is
      the fraction of trials where the mask landed on the half the LIVE lesson
      wants. oracle must read 100% by construction -- if it does not, the
      mechanism is miswired and nothing else is readable. shuf must sit at
      ~50%. DERIVED IS THE WHOLE QUESTION: at ~50% the index carries nothing
      about which lesson is live and a null retention result says nothing
      about gating, only about this index.
    PRIMARY         the AB-minus-keep gap per mode. oracle should shrink it
                    (that is credit-oracle replicating); derived shrinking it
                    too is the finding.
    SPECIFICITY     `shuf` must NOT shrink it. If a coin flip works as well as
                    the index, what helps is the masking itself -- halving the
                    write -- and not credit assignment at all.
    THE COST        the oracle bought 1.03 at ~30% of the learning rate, so
                    err_taught is expected to DEGRADE under every mask. A gap
                    that closes while err_taught collapses is the `regionband`
                    failure again, and it is refused the same way.


  arm           mode  gate  err TAUGHT (A)     err AFTER (A kept?) GAINED           EROSION          agree  slot0 t/g   SWITCHES teach/gap @first
  bcast-AB      0     0     0.6533 +/- 0.0440     0.9047 +/- 0.0303     +0.3618 +/- 0.0334   +0.2514 +/- 0.0278   0.000  0.195/0.204     1907/    764 @5
  bcast-keep    0     0     0.6533 +/- 0.0440     0.4579 +/- 0.0664     +0.3618 +/- 0.0334   -0.1954 +/- 0.0413   0.000  0.195/0.204     1907/    778 @5
  shuf-AB       3     0     0.9679 +/- 0.0092     1.1075 +/- 0.0079     +0.1022 +/- 0.0076   +0.1396 +/- 0.0107   0.501  0.266/0.246     1937/    795 @4
  shuf-keep     3     0     0.9679 +/- 0.0092     1.0108 +/- 0.0218     +0.1022 +/- 0.0076   +0.0429 +/- 0.0228   0.495  0.266/0.240     1937/    776 @4

  RETENTION -- the fraction of the GAIN that survived, which is what
  credit-oracle scored (0.84 broadcast -> 1.03 targeted). Unlike the raw
  gap this is not confounded by the mask's learning-rate cost.
    broadcast  AB -0.300 +/- 0.632    keep 1.393 +/- 0.168
    oracle     not in this focus set
    derived    not in this focus set
    shuffled   AB -0.542 +/- 0.129    keep 0.894 +/- 0.409
    shuffled   AB retention vs broadcast: -0.242 +/- 0.645  (-0.4 SE)   <- must NOT
      ^ MEAN OF PER-CREATURE RATIOS. Read the ratio-of-sums below before
        quoting any of these: the denominator above is per creature and
        floored at 1e-6, so one creature that barely learned moves it.

  RETENTION AS A RATIO OF SUMS -- one denominator per arm, jackknife SE
  over creatures, and the creatures PAIRED across arms. Swept over a floor
  on the per-creature gain, because the creatures that make the mean of
  ratios explode are exactly the ones that never learned the lesson.
    gain floor 0.00
      broadcast  AB +0.320 +/- 0.052   n 29
      oracle     not in this focus set
      derived    not in this focus set
      shuffled   AB -0.366 +/- 0.081   n 32   vs broadcast -0.685 +/- 0.090  (-7.6 SE)   <- must NOT
    gain floor 0.05
      broadcast  AB +0.324 +/- 0.052   n 28
      oracle     not in this focus set
      derived    not in this focus set
      shuffled   AB -0.325 +/- 0.080   n 28   vs broadcast -0.649 +/- 0.087  (-7.4 SE)   <- must NOT
    gain floor 0.10
      broadcast  AB +0.324 +/- 0.052   n 28
      oracle     not in this focus set
      derived    not in this focus set
      shuffled   AB -0.257 +/- 0.076   n 17   vs broadcast -0.581 +/- 0.092  (-6.3 SE)   <- must NOT
    gain floor 0.20
      broadcast  AB +0.321 +/- 0.053   n 27
      oracle     not in this focus set
      derived    not in this focus set
      shuffled   AB too few creatures above the floor (0)
    A result that holds across the floor sweep is in the mechanism. One
    that appears only at floor 0.00 is in the creatures that never learned.

    VERDICT GATES (paired ratio-of-sums, must hold at EVERY floor that
    retains >=3 creatures in both arms; >=2 such floors needed to decide):
      oracle     UNDECIDABLE on this run           0 floor(s) evaluated
      derived    UNDECIDABLE on this run           0 floor(s) evaluated
      shuffled   does NOT hold across the sweep    3 floor(s) evaluated

  SEPARATION -- does the index DISTINGUISH the two lessons, regardless of
  which slot got which name? Raw agreement cannot answer this: the slots are
  UNLABELLED, so a fixed slot->half mapping is a coin flip per seed and
  averages to chance however well the index separates. Scored as
  |p(slot0 | lesson A) - p(slot0 | lesson B)|: 0 is no information, 1 is
  perfect separation. `ctxfour` drew the same line -- a perfect index holds
  four DISTINCTIONS, not four MAPPINGS.
    derived-AB    too few creatures
    derived-keep  too few creatures
    derived2-AB   too few creatures
    derived2-keep too few creatures
    derived3-AB   too few creatures
    derived3-keep too few creatures
    A separation near 0 refutes THIS INDEX as a carrier. A separation well
    above 0 with chance AGREEMENT means the index works and only the
    slot->half assignment is arbitrary -- which is a fixable wiring problem,
    not a refutation.

  AGREEMENT GUARD -- did the mask land where the live lesson wanted?
    oracle    --   (not in this focus set)   (must be 1.000 by construction)
    derived   --   (not in this focus set)   <- THE WHOLE QUESTION
    shuffled 0.501  <- SPECIFICITY: must sit near 0.500
  NOTE: the oracle arm is not in this focus set, so the construction check did not run.
  Nothing below is anchored to a verified mask.

  PRIMARY -- the AB-minus-keep gap, per mode
    broadcast  AB 0.9047   keep 0.4579   gap +0.4468 +/- 0.0730  (+6.1 SE)
    oracle     not in this focus set
    derived    not in this focus set
    shuffled   AB 1.1075   keep 1.0108   gap +0.0967 +/- 0.0232  (+4.2 SE)
    shuffled shrinks the gap by +0.3500 +/- 0.0766  (+4.6 SE)   <- must NOT
    THE GAP IS CONFOUNDED and must not be quoted as the headline: a reward
    mask costs learning rate, so it moves BOTH arms. Retention above is the
    statistic `credit-oracle` used. Kept here because a gap that closes
    while err_taught collapses is the `regionband` failure.

  THE COST -- err_taught, which the oracle bought its 1.03 with
    broadcast  AB 0.6533   keep 0.6533
    oracle     not in this focus set
    derived    not in this focus set
    shuffled   AB 0.9679   keep 0.9679

  DOES THE INDEX BUY WHAT ITS ACCURACY PREDICTS?
    agreement 0.000  ->  predicted -1.000 of the oracle's benefit
    delivered 0.000
    A shortfall here would mean the mechanism fails; a match means the
    mechanism works and the CARRIER is simply not accurate enough.

  VACUITY -- not applicable: the uniform-flip arms are not in this
  focus set, so there is no coin flip that ran and could be inert.
  Their contrast against pin0 was settled at 12 creatures (commit
  27944a3) and is not re-measured here.

  WHERE EACH LESSON WROTE -- net rate change per half, Hz.
  A is the teach phase (target 320, LOW); B is the gap (850, HIGH).
  A LOW target is learned by suppressing the UPPER half, so the oracle
  gives A the upper half and B the lower one.
  arm          A lower   A upper     B lower   B upper  
    bcast-AB        -1.139   -20.599      -3.938    +8.554  (32)

  THE DROPOUT CONTRAST -- does a matched coin flip buy the gap?
    broadcast                  gap +0.4468 +/- 0.0730  (+6.1 SE)   gained +0.3618
    REFUSES INDEXING: a pinned-noise gap AT vigilance and away from
    context-off. SUPPORTS INDEXING: a pinned-noise gap at context-off.
    NEITHER: both differences under ~2 SE, which is this test failing
    to resolve and NOT evidence for either side.

  DOES IT REACH A MILESTONE? -- retention, the fraction of the taught
  gain still gone after the conflicting lesson. This is `retain`'s own
  statistic, whose conflicting-lesson value is 0.22. Ratio of MEANS with
  a paired bootstrap (2000 resamples, 95% interval); a mean of per-
  creature ratios is unusable here and reported -5.166 +/- 5.263.
    broadcast              retention +0.305   95% [+0.192, +0.404]
    1.0 keeps the whole lesson, 0.0 loses it entirely, and `retain`
    measured 0.22 for a conflicting lesson on the shipped genome.

    PRE-REGISTERED. MILESTONE MET only if VIGILANCE's interval lies
    ENTIRELY ABOVE 0.5 -- more than half the taught lesson survives a
    conflicting one -- AND its paired difference against context-off
    excludes zero. Either one alone is NOT the milestone.

  WHERE IN THE TRIAL THE SWITCHES FALL -- teach phase, 14 bins of
  200 ticks. The caregiver sounds for t < 900, so bins 0-3 are the
  word and 5-13 are silence; a FLAT profile puts 32.1% in the word
  and the pinned-noise arms measure that null on this protocol.
  arm          sound%     onset%    offs%     profile, per-bin share of switches
  bcast-AB      45.0+/-2.4   3.7+/-1.1   8.0+/-1.4   6.2 4.7 9.315.217.510.011.4 6.8 4.4 2.6 1.9 2.0 3.8 4.1
  A vigilance profile matching the pinned-noise profile means the
  excursions are keyed to nothing in the trial and the account moves
  elsewhere. A profile concentrated in the word, or at either
  transition, names what the novelty test is actually firing on.

  --- the reading ---
  NO VALIDATED CEILING FOR THIS REGIME -- the oracle arm reads +0.000
  +/- 0.000 (+0.0 SE). This is NOT a reproduction failure: credit-oracle's
  0.84 -> 1.03 is for ORTHOGONAL lessons on DISJOINT groups, and `credit`
  still reproduces it (targeted 1.06 at 5.6M). THIS experiment teaches a
  CONFLICTING pair on the SAME F1 group (320 against 850) and masks by
  splitting that one group in half, which credit-oracle never tested --
  capacity's own split is 0.84 orthogonal against the 0.22 wipe. So the
  oracle here is a within-experiment REFERENCE, not a bound, and the
  derived arms cannot be priced against a ceiling that does not exist.
