  [14/1216] seed 0 bcast7-keep   taught 0.9290 after 0.9299 agree 0.00
  [2/1216] seed 0 myel-hard     taught 0.9963 after 1.0498 agree 0.00
  [13/1216] seed 0 bcast7-AB     taught 0.9290 after 0.9835 agree 0.00
  [6/1216] seed 0 oracle-keep   taught 1.0934 after 1.1020 agree 1.00
  [5/1216] seed 0 oracle-AB     taught 1.0934 after 1.1168 agree 1.00
  [39/1216] seed 1 bcast-AB      taught 0.9594 after 1.0262 agree 0.00
  [4/1216] seed 0 bcast-keep    taught 0.9318 after 0.8696 agree 0.00
  [40/1216] seed 1 myel-hard     taught 0.9388 after 0.9440 agree 0.00
  [1/1216] seed 0 bcast-AB      taught 0.9318 after 0.9898 agree 0.00
  [41/1216] seed 1 myel-off      taught 0.9603 after 1.0060 agree 0.00
  [3/1216] seed 0 myel-off      taught 0.9767 after 1.1925 agree 0.00
  [42/1216] seed 1 bcast-keep    taught 0.9594 after 0.7704 agree 0.00
  [17/1216] seed 0 pin0-AB       taught 0.9339 after 0.9354 agree 0.00
  [18/1216] seed 0 pin0-keep     taught 0.9339 after 0.8737 agree 0.00
  [56/1216] seed 1 pin0-keep     taught 0.9560 after 0.8634 agree 0.00
  [55/1216] seed 1 pin0-AB       taught 0.9560 after 1.0236 agree 0.00
  [43/1216] seed 1 oracle-AB     taught 1.0634 after 1.0558 agree 1.00
  [44/1216] seed 1 oracle-keep   taught 1.0634 after 0.9921 agree 1.00
  [82/1216] seed 2 oracle-keep   taught 1.0562 after 1.1204 agree 1.00
  [80/1216] seed 2 bcast-keep    taught 1.2501 after 1.2575 agree 0.00
  [77/1216] seed 2 bcast-AB      taught 1.2501 after 1.2614 agree 0.00
  [52/1216] seed 1 bcast7-keep   taught 0.9855 after 1.3022 agree 0.00
  [81/1216] seed 2 oracle-AB     taught 1.0562 after 1.0839 agree 1.00
  [79/1216] seed 2 myel-off      taught 1.0074 after 1.0285 agree 0.00
  [51/1216] seed 1 bcast7-AB     taught 0.9855 after 0.9876 agree 0.00
  [89/1216] seed 2 bcast7-AB     taught 0.8971 after 0.8756 agree 0.00
  [78/1216] seed 2 myel-hard     taught 0.9717 after 1.0469 agree 0.00
  [90/1216] seed 2 bcast7-keep   taught 0.8971 after 1.2151 agree 0.00
  [94/1216] seed 2 pin0-keep     taught 0.9231 after 0.7397 agree 0.00
  [115/1216] seed 3 bcast-AB      taught 0.9484 after 1.0055 agree 0.00
  [93/1216] seed 2 pin0-AB       taught 0.9231 after 0.9542 agree 0.00
  [118/1216] seed 3 bcast-keep    taught 0.9484 after 0.8298 agree 0.00
  [117/1216] seed 3 myel-off      taught 0.9436 after 1.0341 agree 0.00
  [119/1216] seed 3 oracle-AB     taught 1.0290 after 1.0429 agree 1.00
  [116/1216] seed 3 myel-hard     taught 0.9961 after 1.0567 agree 0.00
  [127/1216] seed 3 bcast7-AB     taught 0.9446 after 0.9279 agree 0.00
  [120/1216] seed 3 oracle-keep   taught 1.0290 after 1.1450 agree 1.00
  [128/1216] seed 3 bcast7-keep   taught 0.9446 after 0.8407 agree 0.00
  [132/1216] seed 3 pin0-keep     taught 0.9502 after 0.9074 agree 0.00
  [131/1216] seed 3 pin0-AB       taught 0.9502 after 1.0530 agree 0.00
  [154/1216] seed 4 myel-hard     taught 0.9783 after 1.0035 agree 0.00
  [153/1216] seed 4 bcast-AB      taught 0.9986 after 0.9923 agree 0.00
  [155/1216] seed 4 myel-off      taught 1.0052 after 1.0553 agree 0.00
  [156/1216] seed 4 bcast-keep    taught 0.9986 after 0.8844 agree 0.00
  [170/1216] seed 4 pin0-keep     taught 0.9657 after 0.9327 agree 0.00
  [165/1216] seed 4 bcast7-AB     taught 1.0068 after 1.0223 agree 0.00
  [157/1216] seed 4 oracle-AB     taught 1.0949 after 1.1108 agree 1.00
  [191/1216] seed 5 bcast-AB      taught 0.9782 after 1.0159 agree 0.00
  [192/1216] seed 5 myel-hard     taught 0.9880 after 1.0907 agree 0.00
  [194/1216] seed 5 bcast-keep    taught 0.9782 after 0.8970 agree 0.00
  [166/1216] seed 4 bcast7-keep   taught 1.0068 after 1.2458 agree 0.00
  [169/1216] seed 4 pin0-AB       taught 0.9657 after 1.0691 agree 0.00
  [158/1216] seed 4 oracle-keep   taught 1.0949 after 1.0948 agree 1.00
  [193/1216] seed 5 myel-off      taught 0.9422 after 1.0299 agree 0.00
  [196/1216] seed 5 oracle-keep   taught 1.0539 after 0.9187 agree 1.00
  [195/1216] seed 5 oracle-AB     taught 1.0539 after 1.0230 agree 1.00
  [203/1216] seed 5 bcast7-AB     taught 0.9886 after 0.9809 agree 0.00
  [207/1216] seed 5 pin0-AB       taught 0.9494 after 0.9920 agree 0.00
  [204/1216] seed 5 bcast7-keep   taught 0.9886 after 0.9427 agree 0.00
  [231/1216] seed 6 myel-off      taught 0.9736 after 1.0234 agree 0.00
  [229/1216] seed 6 bcast-AB      taught 1.1533 after 1.1862 agree 0.00
  [233/1216] seed 6 oracle-AB     taught 1.0278 after 1.1034 agree 1.00
  [234/1216] seed 6 oracle-keep   taught 1.0278 after 1.1365 agree 1.00
  [230/1216] seed 6 myel-hard     taught 1.1608 after 1.2599 agree 0.00
  [208/1216] seed 5 pin0-keep     taught 0.9494 after 0.9360 agree 0.00
  [232/1216] seed 6 bcast-keep    taught 1.1533 after 1.1448 agree 0.00
  [241/1216] seed 6 bcast7-AB     taught 0.9897 after 1.0215 agree 0.00
  [242/1216] seed 6 bcast7-keep   taught 0.9897 after 0.9820 agree 0.00
  [245/1216] seed 6 pin0-AB       taught 0.8910 after 0.9625 agree 0.00
  [246/1216] seed 6 pin0-keep     taught 0.8910 after 0.7445 agree 0.00
  [267/1216] seed 7 bcast-AB      taught 1.2221 after 1.2098 agree 0.00
  [268/1216] seed 7 myel-hard     taught 1.2174 after 1.2311 agree 0.00
  [272/1216] seed 7 oracle-keep   taught 1.1061 after 1.1056 agree 1.00
  [269/1216] seed 7 myel-off      taught 1.1648 after 1.1899 agree 0.00
  [271/1216] seed 7 oracle-AB     taught 1.1061 after 1.0853 agree 1.00
  [270/1216] seed 7 bcast-keep    taught 1.2221 after 1.3132 agree 0.00
  [283/1216] seed 7 pin0-AB       taught 0.8862 after 0.9848 agree 0.00
  [280/1216] seed 7 bcast7-keep   taught 0.9282 after 1.3604 agree 0.00
  [284/1216] seed 7 pin0-keep     taught 0.8862 after 0.7321 agree 0.00
  [279/1216] seed 7 bcast7-AB     taught 0.9282 after 0.8437 agree 0.00
  [307/1216] seed 8 myel-off      taught 0.9959 after 1.0756 agree 0.00
  [305/1216] seed 8 bcast-AB      taught 1.0008 after 1.0034 agree 0.00
  [306/1216] seed 8 myel-hard     taught 0.9279 after 0.9735 agree 0.00
  [308/1216] seed 8 bcast-keep    taught 1.0008 after 0.9167 agree 0.00
  [309/1216] seed 8 oracle-AB     taught 1.0552 after 1.0644 agree 1.00
  [310/1216] seed 8 oracle-keep   taught 1.0552 after 0.9924 agree 1.00
  [318/1216] seed 8 bcast7-keep   taught 0.9699 after 0.9247 agree 0.00
  [317/1216] seed 8 bcast7-AB     taught 0.9699 after 1.0033 agree 0.00
  [343/1216] seed 9 bcast-AB      taught 0.9278 after 0.9648 agree 0.00
  [321/1216] seed 8 pin0-AB       taught 0.9920 after 1.0679 agree 0.00
  [345/1216] seed 9 myel-off      taught 0.9653 after 1.0353 agree 0.00
  [322/1216] seed 8 pin0-keep     taught 0.9920 after 0.9447 agree 0.00
  [347/1216] seed 9 oracle-AB     taught 1.0574 after 1.0543 agree 1.00
  [344/1216] seed 9 myel-hard     taught 0.8999 after 0.9330 agree 0.00
  [346/1216] seed 9 bcast-keep    taught 0.9278 after 0.8315 agree 0.00
  [348/1216] seed 9 oracle-keep   taught 1.0574 after 1.0554 agree 1.00
  [355/1216] seed 9 bcast7-AB     taught 0.9866 after 1.0032 agree 0.00
  [356/1216] seed 9 bcast7-keep   taught 0.9866 after 0.9332 agree 0.00
  [359/1216] seed 9 pin0-AB       taught 0.9631 after 0.9696 agree 0.00
  [360/1216] seed 9 pin0-keep     taught 0.9631 after 0.8548 agree 0.00
  [381/1216] seed 10 bcast-AB      taught 0.9122 after 0.9707 agree 0.00
  [382/1216] seed 10 myel-hard     taught 0.9714 after 1.0345 agree 0.00
  [383/1216] seed 10 myel-off      taught 0.9144 after 1.0042 agree 0.00
  [386/1216] seed 10 oracle-keep   taught 0.9944 after 1.1014 agree 1.00
  [385/1216] seed 10 oracle-AB     taught 0.9944 after 1.0963 agree 1.00
  [384/1216] seed 10 bcast-keep    taught 0.9122 after 1.1889 agree 0.00
  [398/1216] seed 10 pin0-keep     taught 0.9686 after 0.9575 agree 0.00
  [393/1216] seed 10 bcast7-AB     taught 0.9739 after 0.9398 agree 0.00
  [397/1216] seed 10 pin0-AB       taught 0.9686 after 1.0236 agree 0.00
  [394/1216] seed 10 bcast7-keep   taught 0.9739 after 0.8848 agree 0.00
  [420/1216] seed 11 myel-hard     taught 1.1757 after 1.2357 agree 0.00
  [421/1216] seed 11 myel-off      taught 1.1749 after 1.2239 agree 0.00
  [419/1216] seed 11 bcast-AB      taught 1.1742 after 1.1839 agree 0.00
  [422/1216] seed 11 bcast-keep    taught 1.1742 after 1.2547 agree 0.00
  [431/1216] seed 11 bcast7-AB     taught 0.9467 after 0.9621 agree 0.00
  [423/1216] seed 11 oracle-AB     taught 1.1015 after 1.0866 agree 1.00
  [435/1216] seed 11 pin0-AB       taught 0.9448 after 1.0372 agree 0.00
  [424/1216] seed 11 oracle-keep   taught 1.1015 after 1.1171 agree 1.00
  [436/1216] seed 11 pin0-keep     taught 0.9448 after 0.8863 agree 0.00
  [457/1216] seed 12 bcast-AB      taught 0.9957 after 1.0328 agree 0.00
  [432/1216] seed 11 bcast7-keep   taught 0.9467 after 1.3281 agree 0.00
  [458/1216] seed 12 myel-hard     taught 0.8822 after 0.9464 agree 0.00
  [459/1216] seed 12 myel-off      taught 1.0903 after 1.1224 agree 0.00
  [462/1216] seed 12 oracle-keep   taught 0.9971 after 1.1178 agree 1.00
  [461/1216] seed 12 oracle-AB     taught 0.9971 after 1.0729 agree 1.00
  [460/1216] seed 12 bcast-keep    taught 0.9957 after 0.9504 agree 0.00
  [469/1216] seed 12 bcast7-AB     taught 0.9473 after 0.9533 agree 0.00
  [470/1216] seed 12 bcast7-keep   taught 0.9473 after 0.9255 agree 0.00
  [474/1216] seed 12 pin0-keep     taught 1.0070 after 0.8718 agree 0.00
  [496/1216] seed 13 myel-hard     taught 0.9892 after 1.0386 agree 0.00
  [495/1216] seed 13 bcast-AB      taught 1.1909 after 1.1945 agree 0.00
  [497/1216] seed 13 myel-off      taught 0.9190 after 1.0052 agree 0.00
  [473/1216] seed 12 pin0-AB       taught 1.0070 after 1.0608 agree 0.00
  [499/1216] seed 13 oracle-AB     taught 1.0790 after 1.0958 agree 1.00
  [498/1216] seed 13 bcast-keep    taught 1.1909 after 1.2758 agree 0.00
  [500/1216] seed 13 oracle-keep   taught 1.0790 after 1.0588 agree 1.00
  [511/1216] seed 13 pin0-AB       taught 1.0007 after 1.0595 agree 0.00
  [507/1216] seed 13 bcast7-AB     taught 0.9701 after 0.9308 agree 0.00
  [508/1216] seed 13 bcast7-keep   taught 0.9701 after 0.9013 agree 0.00
  [512/1216] seed 13 pin0-keep     taught 1.0007 after 0.9282 agree 0.00
  [533/1216] seed 14 bcast-AB      taught 0.9633 after 1.0508 agree 0.00
  [534/1216] seed 14 myel-hard     taught 0.9692 after 1.0709 agree 0.00
  [535/1216] seed 14 myel-off      taught 0.9669 after 1.0296 agree 0.00
  [536/1216] seed 14 bcast-keep    taught 0.9633 after 0.8677 agree 0.00
  [537/1216] seed 14 oracle-AB     taught 1.0388 after 1.0186 agree 1.00
  [538/1216] seed 14 oracle-keep   taught 1.0388 after 0.9171 agree 1.00
  [546/1216] seed 14 bcast7-keep   taught 0.9119 after 0.9176 agree 0.00
  [549/1216] seed 14 pin0-AB       taught 1.0484 after 1.1471 agree 0.00
  [545/1216] seed 14 bcast7-AB     taught 0.9119 after 0.9885 agree 0.00
  [572/1216] seed 15 myel-hard     taught 0.9409 after 1.2264 agree 0.00
  [550/1216] seed 14 pin0-keep     taught 1.0484 after 0.9963 agree 0.00
  [571/1216] seed 15 bcast-AB      taught 0.9432 after 1.2187 agree 0.00
  [573/1216] seed 15 myel-off      taught 1.0511 after 1.0696 agree 0.00
  [575/1216] seed 15 oracle-AB     taught 1.0657 after 1.1200 agree 1.00
  [574/1216] seed 15 bcast-keep    taught 0.9432 after 1.2342 agree 0.00
  [576/1216] seed 15 oracle-keep   taught 1.0657 after 1.1351 agree 1.00
  [583/1216] seed 15 bcast7-AB     taught 0.9506 after 1.0061 agree 0.00
  [587/1216] seed 15 pin0-AB       taught 0.9856 after 1.0194 agree 0.00
  [584/1216] seed 15 bcast7-keep   taught 0.9506 after 0.9594 agree 0.00
  [588/1216] seed 15 pin0-keep     taught 0.9856 after 0.9216 agree 0.00
  [609/1216] seed 16 bcast-AB      taught 0.9483 after 1.1714 agree 0.00
  [610/1216] seed 16 myel-hard     taught 0.9804 after 1.0306 agree 0.00
  [611/1216] seed 16 myel-off      taught 0.9963 after 1.1823 agree 0.00
  [614/1216] seed 16 oracle-keep   taught 1.0861 after 1.0918 agree 1.00
  [612/1216] seed 16 bcast-keep    taught 0.9483 after 0.9399 agree 0.00
  [613/1216] seed 16 oracle-AB     taught 1.0861 after 1.1294 agree 1.00
  [621/1216] seed 16 bcast7-AB     taught 0.8783 after 0.8632 agree 0.00
  [622/1216] seed 16 bcast7-keep   taught 0.8783 after 0.8107 agree 0.00
  [626/1216] seed 16 pin0-keep     taught 0.9932 after 0.8846 agree 0.00
  [625/1216] seed 16 pin0-AB       taught 0.9932 after 1.0544 agree 0.00
  [647/1216] seed 17 bcast-AB      taught 0.9114 after 0.9598 agree 0.00
  [652/1216] seed 17 oracle-keep   taught 1.0437 after 0.9830 agree 1.00
  [648/1216] seed 17 myel-hard     taught 0.9359 after 0.9957 agree 0.00
  [649/1216] seed 17 myel-off      taught 0.9874 after 1.0518 agree 0.00
  [650/1216] seed 17 bcast-keep    taught 0.9114 after 0.8190 agree 0.00
  [651/1216] seed 17 oracle-AB     taught 1.0437 after 1.0616 agree 1.00
  [659/1216] seed 17 bcast7-AB     taught 0.9653 after 1.0479 agree 0.00
  [660/1216] seed 17 bcast7-keep   taught 0.9653 after 0.9690 agree 0.00
  [663/1216] seed 17 pin0-AB       taught 1.0063 after 1.0740 agree 0.00
  [664/1216] seed 17 pin0-keep     taught 1.0063 after 0.9651 agree 0.00
  [685/1216] seed 18 bcast-AB      taught 0.9414 after 0.9745 agree 0.00
  [687/1216] seed 18 myel-off      taught 0.9770 after 0.9956 agree 0.00
  [686/1216] seed 18 myel-hard     taught 0.9806 after 1.1008 agree 0.00
  [689/1216] seed 18 oracle-AB     taught 1.1024 after 1.0857 agree 1.00
  [688/1216] seed 18 bcast-keep    taught 0.9414 after 0.8773 agree 0.00
  [698/1216] seed 18 bcast7-keep   taught 0.9099 after 0.8855 agree 0.00
  [701/1216] seed 18 pin0-AB       taught 0.8913 after 0.9938 agree 0.00
  [723/1216] seed 19 bcast-AB      taught 0.9672 after 1.0830 agree 0.00
  [697/1216] seed 18 bcast7-AB     taught 0.9099 after 0.9627 agree 0.00
  [690/1216] seed 18 oracle-keep   taught 1.1024 after 1.1084 agree 1.00
  [702/1216] seed 18 pin0-keep     taught 0.8913 after 0.8119 agree 0.00
  [724/1216] seed 19 myel-hard     taught 1.0954 after 1.1201 agree 0.00
  [725/1216] seed 19 myel-off      taught 1.0061 after 1.0036 agree 0.00
  [726/1216] seed 19 bcast-keep    taught 0.9672 after 0.9312 agree 0.00
  [727/1216] seed 19 oracle-AB     taught 1.0671 after 1.0821 agree 1.00
  [739/1216] seed 19 pin0-AB       taught 1.0135 after 1.1503 agree 0.00
  [736/1216] seed 19 bcast7-keep   taught 0.9437 after 0.8699 agree 0.00
  [735/1216] seed 19 bcast7-AB     taught 0.9437 after 0.9288 agree 0.00
  [728/1216] seed 19 oracle-keep   taught 1.0671 after 1.0602 agree 1.00
  [762/1216] seed 20 myel-hard     taught 0.9578 after 1.0092 agree 0.00
  [740/1216] seed 19 pin0-keep     taught 1.0135 after 0.8953 agree 0.00
  [761/1216] seed 20 bcast-AB      taught 0.9932 after 1.0416 agree 0.00
  [765/1216] seed 20 oracle-AB     taught 1.0449 after 1.0810 agree 1.00
  [766/1216] seed 20 oracle-keep   taught 1.0449 after 1.1123 agree 1.00
  [763/1216] seed 20 myel-off      taught 0.9116 after 1.0138 agree 0.00
  [764/1216] seed 20 bcast-keep    taught 0.9932 after 0.8765 agree 0.00
  [774/1216] seed 20 bcast7-keep   taught 0.9359 after 1.2702 agree 0.00
  [773/1216] seed 20 bcast7-AB     taught 0.9359 after 0.9024 agree 0.00
  [777/1216] seed 20 pin0-AB       taught 0.9578 after 1.0261 agree 0.00
  [799/1216] seed 21 bcast-AB      taught 0.9467 after 1.0115 agree 0.00
  [800/1216] seed 21 myel-hard     taught 0.9784 after 1.0456 agree 0.00
  [801/1216] seed 21 myel-off      taught 0.9506 after 1.0596 agree 0.00
  [803/1216] seed 21 oracle-AB     taught 1.0318 after 1.0607 agree 1.00
  [778/1216] seed 20 pin0-keep     taught 0.9578 after 0.8474 agree 0.00
  [802/1216] seed 21 bcast-keep    taught 0.9467 after 0.8773 agree 0.00
  [804/1216] seed 21 oracle-keep   taught 1.0318 after 1.0240 agree 1.00
  [811/1216] seed 21 bcast7-AB     taught 0.9258 after 0.9439 agree 0.00
  [812/1216] seed 21 bcast7-keep   taught 0.9258 after 0.9151 agree 0.00
  [816/1216] seed 21 pin0-keep     taught 0.9871 after 0.9770 agree 0.00
  [815/1216] seed 21 pin0-AB       taught 0.9871 after 1.0691 agree 0.00
  [837/1216] seed 22 bcast-AB      taught 0.9767 after 0.9908 agree 0.00
  [838/1216] seed 22 myel-hard     taught 0.9458 after 0.9669 agree 0.00
  [839/1216] seed 22 myel-off      taught 1.1390 after 1.1872 agree 0.00
  [841/1216] seed 22 oracle-AB     taught 1.0602 after 1.0578 agree 1.00
  [840/1216] seed 22 bcast-keep    taught 0.9767 after 0.9346 agree 0.00
  [842/1216] seed 22 oracle-keep   taught 1.0602 after 1.0555 agree 1.00
  [849/1216] seed 22 bcast7-AB     taught 0.9627 after 0.9553 agree 0.00
  [850/1216] seed 22 bcast7-keep   taught 0.9627 after 0.8911 agree 0.00
  [875/1216] seed 23 bcast-AB      taught 0.9923 after 1.0683 agree 0.00
  [853/1216] seed 22 pin0-AB       taught 0.9613 after 1.0764 agree 0.00
  [876/1216] seed 23 myel-hard     taught 1.0027 after 1.0180 agree 0.00
  [877/1216] seed 23 myel-off      taught 0.9849 after 1.0349 agree 0.00
  [854/1216] seed 22 pin0-keep     taught 0.9613 after 0.9370 agree 0.00
  [878/1216] seed 23 bcast-keep    taught 0.9923 after 0.8885 agree 0.00
  [879/1216] seed 23 oracle-AB     taught 1.0868 after 1.1112 agree 1.00
  [880/1216] seed 23 oracle-keep   taught 1.0868 after 1.1593 agree 1.00
  [888/1216] seed 23 bcast7-keep   taught 0.9087 after 0.9324 agree 0.00
  [887/1216] seed 23 bcast7-AB     taught 0.9087 after 0.8839 agree 0.00
  [891/1216] seed 23 pin0-AB       taught 1.0030 after 1.0835 agree 0.00
  [913/1216] seed 24 bcast-AB      taught 0.9652 after 1.0712 agree 0.00
  [914/1216] seed 24 myel-hard     taught 0.9943 after 1.0249 agree 0.00
  [917/1216] seed 24 oracle-AB     taught 1.0368 after 1.0386 agree 1.00
  [892/1216] seed 23 pin0-keep     taught 1.0030 after 0.9623 agree 0.00
  [918/1216] seed 24 oracle-keep   taught 1.0368 after 1.1195 agree 1.00
  [915/1216] seed 24 myel-off      taught 1.0359 after 1.1148 agree 0.00
  [925/1216] seed 24 bcast7-AB     taught 0.9938 after 0.9585 agree 0.00
  [926/1216] seed 24 bcast7-keep   taught 0.9938 after 0.8904 agree 0.00
  [916/1216] seed 24 bcast-keep    taught 0.9652 after 0.9225 agree 0.00
  [929/1216] seed 24 pin0-AB       taught 1.0112 after 1.1126 agree 0.00
  [930/1216] seed 24 pin0-keep     taught 1.0112 after 0.9081 agree 0.00
  [952/1216] seed 25 myel-hard     taught 0.9685 after 1.0095 agree 0.00
  [951/1216] seed 25 bcast-AB      taught 0.9566 after 1.0201 agree 0.00
  [955/1216] seed 25 oracle-AB     taught 0.9927 after 1.0956 agree 1.00
  [954/1216] seed 25 bcast-keep    taught 0.9566 after 0.8390 agree 0.00
  [956/1216] seed 25 oracle-keep   taught 0.9927 after 1.1041 agree 1.00
  [953/1216] seed 25 myel-off      taught 0.9343 after 0.9716 agree 0.00
  [967/1216] seed 25 pin0-AB       taught 0.9518 after 0.9929 agree 0.00
  [963/1216] seed 25 bcast7-AB     taught 0.9721 after 1.0151 agree 0.00
  [968/1216] seed 25 pin0-keep     taught 0.9518 after 0.8961 agree 0.00
  [964/1216] seed 25 bcast7-keep   taught 0.9721 after 0.9649 agree 0.00
  [989/1216] seed 26 bcast-AB      taught 1.0110 after 1.1405 agree 0.00
  [991/1216] seed 26 myel-off      taught 0.9307 after 1.1489 agree 0.00
  [992/1216] seed 26 bcast-keep    taught 1.0110 after 1.1630 agree 0.00
  [990/1216] seed 26 myel-hard     taught 0.9091 after 1.2250 agree 0.00
  [994/1216] seed 26 oracle-keep   taught 1.0470 after 1.1458 agree 1.00
  [993/1216] seed 26 oracle-AB     taught 1.0470 after 1.1139 agree 1.00
  [1002/1216] seed 26 bcast7-keep   taught 1.0014 after 0.9721 agree 0.00
  [1001/1216] seed 26 bcast7-AB     taught 1.0014 after 0.9696 agree 0.00
  [1005/1216] seed 26 pin0-AB       taught 0.9117 after 0.9940 agree 0.00
  [1006/1216] seed 26 pin0-keep     taught 0.9117 after 0.7558 agree 0.00
  [1031/1216] seed 27 oracle-AB     taught 1.0446 after 1.0875 agree 1.00
  [1027/1216] seed 27 bcast-AB      taught 0.9702 after 1.0624 agree 0.00
  [1028/1216] seed 27 myel-hard     taught 0.9952 after 1.0640 agree 0.00
  [1029/1216] seed 27 myel-off      taught 0.9000 after 0.9699 agree 0.00
  [1032/1216] seed 27 oracle-keep   taught 1.0446 after 1.1069 agree 1.00
  [1030/1216] seed 27 bcast-keep    taught 0.9702 after 0.7814 agree 0.00
  [1039/1216] seed 27 bcast7-AB     taught 0.9657 after 1.0018 agree 0.00
  [1040/1216] seed 27 bcast7-keep   taught 0.9657 after 0.9488 agree 0.00
  [1044/1216] seed 27 pin0-keep     taught 0.9814 after 0.9154 agree 0.00
  [1043/1216] seed 27 pin0-AB       taught 0.9814 after 1.0104 agree 0.00
  [1066/1216] seed 28 myel-hard     taught 1.0699 after 1.0810 agree 0.00
  [1065/1216] seed 28 bcast-AB      taught 0.9074 after 1.0048 agree 0.00
  [1069/1216] seed 28 oracle-AB     taught 1.0342 after 1.1286 agree 1.00
  [1067/1216] seed 28 myel-off      taught 1.1654 after 1.2013 agree 0.00
  [1070/1216] seed 28 oracle-keep   taught 1.0342 after 1.1491 agree 1.00
  [1068/1216] seed 28 bcast-keep    taught 0.9074 after 0.8419 agree 0.00
  [1081/1216] seed 28 pin0-AB       taught 0.9943 after 1.0256 agree 0.00
  [1077/1216] seed 28 bcast7-AB     taught 0.9346 after 0.9750 agree 0.00
  [1078/1216] seed 28 bcast7-keep   taught 0.9346 after 0.9468 agree 0.00
  [1103/1216] seed 29 bcast-AB      taught 0.9866 after 1.0288 agree 0.00
  [1104/1216] seed 29 myel-hard     taught 0.9425 after 1.2460 agree 0.00
  [1082/1216] seed 28 pin0-keep     taught 0.9943 after 0.8969 agree 0.00
  [1105/1216] seed 29 myel-off      taught 0.9518 after 1.0510 agree 0.00
  [1106/1216] seed 29 bcast-keep    taught 0.9866 after 0.8126 agree 0.00
  [1107/1216] seed 29 oracle-AB     taught 1.0520 after 1.1313 agree 1.00
  [1108/1216] seed 29 oracle-keep   taught 1.0520 after 1.1325 agree 1.00
  [1115/1216] seed 29 bcast7-AB     taught 0.9802 after 1.0753 agree 0.00
  [1120/1216] seed 29 pin0-keep     taught 0.9570 after 0.8937 agree 0.00
  [1116/1216] seed 29 bcast7-keep   taught 0.9802 after 0.9389 agree 0.00
  [1119/1216] seed 29 pin0-AB       taught 0.9570 after 1.0114 agree 0.00
  [1141/1216] seed 30 bcast-AB      taught 0.9697 after 0.9937 agree 0.00
  [1143/1216] seed 30 myel-off      taught 0.9310 after 1.0143 agree 0.00
  [1142/1216] seed 30 myel-hard     taught 0.9244 after 1.0154 agree 0.00
  [1144/1216] seed 30 bcast-keep    taught 0.9697 after 1.0184 agree 0.00
  [1145/1216] seed 30 oracle-AB     taught 1.0030 after 1.0887 agree 1.00
  [1146/1216] seed 30 oracle-keep   taught 1.0030 after 1.1246 agree 1.00
  [1153/1216] seed 30 bcast7-AB     taught 0.9496 after 0.9119 agree 0.00
  [1154/1216] seed 30 bcast7-keep   taught 0.9496 after 0.9165 agree 0.00
  [1158/1216] seed 30 pin0-keep     taught 0.8877 after 0.7893 agree 0.00
  [1157/1216] seed 30 pin0-AB       taught 0.8877 after 0.9495 agree 0.00
  [1179/1216] seed 31 bcast-AB      taught 1.0145 after 1.0369 agree 0.00
  [1184/1216] seed 31 oracle-keep   taught 1.0753 after 1.0012 agree 1.00
  [1181/1216] seed 31 myel-off      taught 0.9982 after 1.0678 agree 0.00
  [1180/1216] seed 31 myel-hard     taught 0.9778 after 0.9638 agree 0.00
  [1183/1216] seed 31 oracle-AB     taught 1.0753 after 1.0963 agree 1.00
  [1182/1216] seed 31 bcast-keep    taught 1.0145 after 0.9829 agree 0.00
  [1192/1216] seed 31 bcast7-keep   taught 0.9736 after 0.9358 agree 0.00
  [1191/1216] seed 31 bcast7-AB     taught 0.9736 after 1.0449 agree 0.00
  [1196/1216] seed 31 pin0-keep     taught 1.0044 after 0.8920 agree 0.00
  [1195/1216] seed 31 pin0-AB       taught 1.0044 after 1.0727 agree 0.00
experiment: credgate
  instrument        credgate   trial seed 0000000000041da4   1214 trials
                    another probe is another trial sequence: its numbers
                    are not comparable with these (~0.05 at 300 trials)
  seed family       offset 904837 -> first creature 000000000012a988 (FRESH)
  what the wipe IS  not a representational collision. `capacity` found two
                    lessons interfering while driving DISJOINT groups, and
                    `credit-oracle` gave the reason: the groups are disjoint,
                    the REWARD is what they share. Node perturbation nudges
                    bias_[i] for EVERY neuron in the module on one broadcast
                    scalar, so teaching B random-walks A's setting.
  the ceiling       a per-neuron reward mask gives retention 1.03 vs 0.84
                    broadcast, at ~30% of the learning rate. But it is an
                    ORACLE: the host knows which lesson is live.
  the question      can the creature's OWN derived context drive that mask?
                    `ema-index` derives a usable context off the ear rate EMA
                    at 16/18; `ctxretain` gated on it and the index never
                    separated (0.23/0.23). The halves have never been joined.
  halves MEASURED   `silences-the-wrong-side`: a LOW target works by
                    suppressing the UPPER half, a HIGH one the LOWER. A is
                    f1 320 and B is 850, so A takes the UPPER and B the LOWER.

  PRE-REGISTERED
    AGREEMENT FIRST, before any retention number is read. `credit_agree` is
      the fraction of trials where the mask landed on the half the LIVE lesson
      wants. oracle must read 100% by construction -- if it does not, the
      mechanism is miswired and nothing else is readable. shuf must sit at
      ~50%. DERIVED IS THE WHOLE QUESTION: at ~50% the index carries nothing
      about which lesson is live and a null retention result says nothing
      about gating, only about this index.
    PRIMARY         the AB-minus-keep gap per mode. oracle should shrink it
                    (that is credit-oracle replicating); derived shrinking it
                    too is the finding.
    SPECIFICITY     `shuf` must NOT shrink it. If a coin flip works as well as
                    the index, what helps is the masking itself -- halving the
                    write -- and not credit assignment at all.
    THE COST        the oracle bought 1.03 at ~30% of the learning rate, so
                    err_taught is expected to DEGRADE under every mask. A gap
                    that closes while err_taught collapses is the `regionband`
                    failure again, and it is refused the same way.


  arm           mode  gate  err TAUGHT (A)     err AFTER (A kept?) GAINED           EROSION          agree  slot0 t/g   SWITCHES teach/gap @first
  bcast-AB      0     0     1.0003 +/- 0.0162     1.0614 +/- 0.0152     +0.0363 +/- 0.0140   +0.0612 +/- 0.0108   0.000  0.201/0.193      727/    256 @5
  myel-hard     0     0     0.9895 +/- 0.0136     1.0643 +/- 0.0169     +0.0379 +/- 0.0111   +0.0749 +/- 0.0142   0.000  0.191/0.183      807/    423 @5
  myel-off      0     0     0.9954 +/- 0.0134     1.0686 +/- 0.0130     +0.0398 +/- 0.0123   +0.0732 +/- 0.0091   0.000  0.222/0.218      833/    393 @6
  bcast-keep    0     0     1.0003 +/- 0.0162     0.9685 +/- 0.0290     +0.0363 +/- 0.0140   -0.0317 +/- 0.0203   0.000  0.201/0.198      727/    268 @5
  oracle-AB     1     0     1.0538 +/- 0.0055     1.0838 +/- 0.0053     +0.0177 +/- 0.0054   +0.0300 +/- 0.0068   1.000  0.324/0.312     1011/    415 @5
  oracle-keep   1     0     1.0538 +/- 0.0055     1.0809 +/- 0.0115     +0.0177 +/- 0.0054   +0.0271 +/- 0.0129   1.000  0.324/0.311     1011/    403 @5
  bcast7-AB     0     7     0.9540 +/- 0.0056     0.9647 +/- 0.0097     +0.0759 +/- 0.0072   +0.0107 +/- 0.0076   0.000  0.998/1.000     7765/   1306 @11
  bcast7-keep   0     7     0.9540 +/- 0.0056     0.9891 +/- 0.0268     +0.0759 +/- 0.0072   +0.0351 +/- 0.0271   0.000  0.998/0.998     7765/   1292 @11
  pin0-AB       0     0     0.9650 +/- 0.0073     1.0330 +/- 0.0095     +0.0630 +/- 0.0068   +0.0681 +/- 0.0055   0.000  1.000/1.000        0/      0 @-1
  pin0-keep     0     0     0.9650 +/- 0.0073     0.8849 +/- 0.0125     +0.0630 +/- 0.0068   -0.0800 +/- 0.0080   0.000  1.000/1.000        0/      0 @-1

  RETENTION -- the fraction of the GAIN that survived, which is what
  credit-oracle scored (0.84 broadcast -> 1.03 targeted). Unlike the raw
  gap this is not confounded by the mask's learning-rate cost.
    broadcast  AB -0.324 +/- 0.322    keep -0.387 +/- 0.226
    oracle     AB -0.948 +/- 0.455    keep 1.858 +/- 0.600
    derived    AB -0.536 +/- 0.459    keep 3.497 +/- 3.115
    latch      not in this focus set
    oracle     AB retention vs broadcast: -0.624 +/- 0.557  (-1.1 SE)
    derived    AB retention vs broadcast: -0.212 +/- 0.560  (-0.4 SE)

  SEPARATION -- does the index DISTINGUISH the two lessons, regardless of
  which slot got which name? Raw agreement cannot answer this: the slots are
  UNLABELLED, so a fixed slot->half mapping is a coin flip per seed and
  averages to chance however well the index separates. Scored as
  |p(slot0 | lesson A) - p(slot0 | lesson B)|: 0 is no information, 1 is
  perfect separation. `ctxfour` drew the same line -- a perfect index holds
  four DISTINCTIONS, not four MAPPINGS.
    derived-AB    too few creatures
    derived-keep  too few creatures
    derived2-AB   too few creatures
    derived2-keep too few creatures
    derived3-AB   too few creatures
    derived3-keep too few creatures
    A separation near 0 refutes THIS INDEX as a carrier. A separation well
    above 0 with chance AGREEMENT means the index works and only the
    slot->half assignment is arbitrary -- which is a fixable wiring problem,
    not a refutation.

  AGREEMENT GUARD -- did the mask land where the live lesson wanted?
    oracle  0.000   (must be 1.000 by construction)
    derived 1.000   <- THE WHOLE QUESTION
    latched 0.000   <- THE PREDICTION: reading the index while the
                     creature HEARS should raise this well above 0.720
  REFUSED: the oracle arm does not agree with itself, so the masking is
  miswired and no retention number below is readable.
