  [4/1152] seed 0 oracle-keep   taught 1.1046 after 1.1197 agree 1.00
  [3/1152] seed 0 oracle-AB     taught 1.1046 after 1.1289 agree 1.00
  [40/1152] seed 1 oracle-keep   taught 1.0078 after 0.8863 agree 1.00
  [2/1152] seed 0 bcast-keep    taught 1.0029 after 0.8540 agree 0.00
  [48/1152] seed 1 bcast7-keep   taught 0.9743 after 0.9192 agree 0.00
  [47/1152] seed 1 bcast7-AB     taught 0.9743 after 0.9821 agree 0.00
  [39/1152] seed 1 oracle-AB     taught 1.0078 after 1.0025 agree 1.00
  [12/1152] seed 0 bcast7-keep   taught 0.9335 after 0.8899 agree 0.00
  [11/1152] seed 0 bcast7-AB     taught 0.9335 after 0.8915 agree 0.00
  [16/1152] seed 0 pin0-keep     taught 0.9627 after 0.8898 agree 0.00
  [15/1152] seed 0 pin0-AB       taught 0.9627 after 1.0613 agree 0.00
  [38/1152] seed 1 bcast-keep    taught 0.9368 after 1.1776 agree 0.00
  [37/1152] seed 1 bcast-AB      taught 0.9368 after 1.1936 agree 0.00
  [1/1152] seed 0 bcast-AB      taught 1.0029 after 1.0113 agree 0.00
  [75/1152] seed 2 oracle-AB     taught 0.9864 after 0.9937 agree 1.00
  [73/1152] seed 2 bcast-AB      taught 0.9740 after 1.2165 agree 0.00
  [52/1152] seed 1 pin0-keep     taught 0.9864 after 0.8533 agree 0.00
  [111/1152] seed 3 oracle-AB     taught 1.0115 after 0.9858 agree 1.00
  [76/1152] seed 2 oracle-keep   taught 0.9864 after 0.8927 agree 1.00
  [51/1152] seed 1 pin0-AB       taught 0.9864 after 1.0675 agree 0.00
  [84/1152] seed 2 bcast7-keep   taught 0.9744 after 0.9278 agree 0.00
  [74/1152] seed 2 bcast-keep    taught 0.9740 after 0.8327 agree 0.00
  [112/1152] seed 3 oracle-keep   taught 1.0115 after 0.9646 agree 1.00
  [109/1152] seed 3 bcast-AB      taught 0.9471 after 1.0092 agree 0.00
  [83/1152] seed 2 bcast7-AB     taught 0.9744 after 0.9999 agree 0.00
  [87/1152] seed 2 pin0-AB       taught 0.9289 after 1.0598 agree 0.00
  [88/1152] seed 2 pin0-keep     taught 0.9289 after 0.9253 agree 0.00
  [110/1152] seed 3 bcast-keep    taught 0.9471 after 0.7771 agree 0.00
  [124/1152] seed 3 pin0-keep     taught 0.9062 after 0.8264 agree 0.00
  [119/1152] seed 3 bcast7-AB     taught 0.9679 after 1.0070 agree 0.00
  [120/1152] seed 3 bcast7-keep   taught 0.9679 after 0.9399 agree 0.00
  [148/1152] seed 4 oracle-keep   taught 1.0349 after 0.9637 agree 1.00
  [147/1152] seed 4 oracle-AB     taught 1.0349 after 1.1035 agree 1.00
  [123/1152] seed 3 pin0-AB       taught 0.9062 after 1.0245 agree 0.00
  [145/1152] seed 4 bcast-AB      taught 0.9568 after 1.0240 agree 0.00
  [146/1152] seed 4 bcast-keep    taught 0.9568 after 0.9365 agree 0.00
  [181/1152] seed 5 bcast-AB      taught 1.0144 after 1.0434 agree 0.00
  [155/1152] seed 4 bcast7-AB     taught 0.9479 after 0.9373 agree 0.00
  [182/1152] seed 5 bcast-keep    taught 1.0144 after 0.9209 agree 0.00
  [159/1152] seed 4 pin0-AB       taught 0.9540 after 0.9926 agree 0.00
  [156/1152] seed 4 bcast7-keep   taught 0.9479 after 0.9390 agree 0.00
  [160/1152] seed 4 pin0-keep     taught 0.9540 after 0.7496 agree 0.00
