experiment: ctxfour
  instrument        ctxfour   trial seed 000000000135672c   2428 trials per arm
                    another probe is another trial sequence: its numbers
                    are not comparable with these (~0.05 at 300 trials)
  question          `partprobe` cleared the INDEX at four words (0.895
                    against chance 0.250). Can the BIAS hold four
                    mappings on one reward channel?
  the prediction    4 contexts is 2x the parameters of 2, so ~2x the
                    trials: at 6.8M expect what two words gave at 3.4M,
                    ~65 Hz spread and ~0.80 direction (chance 0.250).
  the oracle arm    the host writes the index, so this is the CEILING.
                    If a perfect index cannot carry four, the creature's
                    own cannot either.

  seed   arm      F1 spread  ctx_match direction  nearest    change
  0      off      32.9       0.000     0.189      0.226      +9.6
  0      oracle   100.9      1.000     0.413      0.221      -11.4
  1      off      20.2       0.000     0.393      0.223      -7.1
  1      oracle   88.9       1.000     0.559      0.304      -17.2
  2      off      15.0       0.000     0.432      0.094      +17.1
  2      oracle   48.1       1.000     0.606      0.374      -4.7
  3      off      29.6       0.000     0.327      0.251      -2.0
  3      oracle   74.3       1.000     0.326      0.230      -16.0
  4      off      59.1       0.000     0.308      0.112      +2.6
  4      oracle   38.2       1.000     0.513      0.236      -40.6
  5      off      31.1       0.000     0.525      0.121      -1.1
  5      oracle   43.8       1.000     0.623      0.240      -28.8
  6      off      51.9       0.000     0.218      0.119      -8.3
  6      oracle   75.3       1.000     0.441      0.251      -22.0
  7      off      38.7       0.000     0.330      0.129      -9.1
  7      oracle   68.1       1.000     0.477      0.242      -24.6
  8      off      28.1       0.000     0.163      0.175      +9.5
  8      oracle   106.7      1.000     0.398      0.417      -15.2

  arm      F1 spread (Hz)   ctx_match      direction      nearest        change
  off      34.1 +/- 4.7     0.000 +/- 0.000 0.321 +/- 0.040 0.161 +/- 0.020 +1.2 +/- 3.1
  oracle   71.6 +/- 8.2     1.000 +/- 0.000 0.484 +/- 0.033 0.279 +/- 0.024 -20.0 +/- 3.5

  chance is 0.250 on direction and nearest, not 0.500.
  the refactor's check     ctx_match 1.000 at k=4 (1.000 expected)
  F1 spread               34.1 -> 71.6 Hz
  direction               0.321 -> 0.484  (chance 0.250)
  nearest target          0.161 -> 0.279  (chance 0.250)
  the tables diverged     0.0181

  IT HOLDS FOUR -- a context-indexed bias carries four mappings on one
  reward channel: direction 0.484 against 0.321 with the mechanism off
  and a chance of 0.250, +0.163 at 2.2 SE. The mechanism is not a
  two-word trick, and the full six-arm run with the creature's OWN
  index is worth its cost.
