# ctxfeat -- THE FEATURE IS FINE AND THE CLASSIFIER THROWS IT AWAY.
# 2026-09-20, 6 seeds x 3 vowel pairs. verify PASS, hash ad96f882becbee92.
#
#   pair       held-out accuracy   d' on the class-mean axis   n
#   a-vs-i     0.978 +/- 0.011     3.51 +/- 0.20               270
#   a-vs-u     0.904 +/- 0.013     2.78 +/- 0.07               270
#   i-vs-u     0.930 +/- 0.015     3.20 +/- 0.14               270
#
# Chance is 0.500. The ear's per-neuron rate_ema distinguishes the words at ~98% AT
# THE MOMENT REWARD LANDS -- sampled at the end of the silent tail, which is the
# entire premise of context_source 4. Even /i/ vs /u/, differing almost purely in F2
# and the case a rate code should find hardest, reads 0.930.
#
# credgate measured the INDEX built on this same feature separating two lessons at
# 0.012 +/- 0.003. So the index extracts about 1.2% of what the feature carries.
# THAT IS NOT A SOURCE PROBLEM: source 4 is the right source.
#
# THE SUSPECT, from the kernel: for source 4 the INDEX is read every tick from the
# EMA (network.cpp ~1485), but the PROTOTYPES only learn inside a gate on the larynx
# being quiet (gms.mean_rate < ctx_gate_target_, ~1585). The prototypes are sampled
# at moments chosen by the creature's own VOCAL state rather than by which word is
# playing, so they need not converge on the distinction the feature carries.
#
# It also reconciles partprobe, which scored this rule at 1.000 -- that scored the
# feature WHILE THE WORD PLAYS. Both are now measured: 1.000 playing, 0.978 at
# reward. The feature survives the delay; the prototypes do not.
#
# WHY IT SURVIVES ATTACK: held-out by construction (first half fits the means, second
# half scores); classes are TIME-BALANCED because the words alternate, so drift
# cannot masquerade as A-vs-B; nearest-class-mean has no free parameters; and the
# three pairs come out 0.978 / 0.930 / 0.904, the ordering acoustics predicts -- a
# graded result rather than one number at ceiling.
  pair       held-out accuracy      d' on the axis     n
  a-vs-i     0.978 +/- 0.011          3.51 +/- 0.20       270
  a-vs-u     0.904 +/- 0.013          2.78 +/- 0.07       270
  i-vs-u     0.930 +/- 0.015          3.20 +/- 0.14       270

  --- the reading ---
  THE FEATURE IS SEPARABLE. The ear's rate_ema does distinguish the words at
  the moment the index is read, so source 4 is not the wrong source and the
  0.012 separation credgate measured is the CLASSIFIER failing to extract
  what is there.
  THE SUSPECT IS THE PROTOTYPE UPDATE: for source 4 the index is read every
  tick from the EMA, but the prototypes only learn inside a gate on the
  LARYNX BEING QUIET. They are sampled at moments chosen by the creature's
  own vocal state rather than by the word, so they need not converge on the
  distinction the feature carries.
CF_EXIT=0

[exited with code 0]
