  [10/18] seed 4 oracle  F1 28.0  F2 91.2  near 0.425
  [5/18] seed 2 off  F1 25.7  F2 53.5  near 0.114
  [3/18] seed 1 off  F1 36.3  F2 63.9  near 0.234
  [17/18] seed 8 off  F1 42.9  F2 56.6  near 0.263
  [13/18] seed 6 off  F1 20.6  F2 74.5  near 0.161
  [1/18] seed 0 off  F1 9.9  F2 116.2  near 0.252
  [8/18] seed 3 oracle  F1 22.8  F2 113.1  near 0.419
  [9/18] seed 4 off  F1 68.3  F2 29.8  near 0.131
  [11/18] seed 5 off  F1 54.6  F2 91.5  near 0.429
  [14/18] seed 6 oracle  F1 34.7  F2 59.6  near 0.290
  [7/18] seed 3 off  F1 32.7  F2 51.3  near 0.320
  [2/18] seed 0 oracle  F1 63.4  F2 37.8  near 0.366
  [4/18] seed 1 oracle  F1 52.3  F2 130.0  near 0.472
  [16/18] seed 7 oracle  F1 46.9  F2 122.4  near 0.395
  [6/18] seed 2 oracle  F1 46.1  F2 65.3  near 0.494
  [18/18] seed 8 oracle  F1 55.6  F2 97.8  near 0.689
  [12/18] seed 5 oracle  F1 56.4  F2 67.3  near 0.444
  [15/18] seed 7 off  F1 31.5  F2 145.5  near 0.361
experiment: ctxgrid
  instrument        ctxgrid   trial seed 000000000135e1d4   2428 trials
                    another probe is another trial sequence: its numbers
                    are not comparable with these (~0.05 at 300 trials)
  the question      ctxfour got `nearest` at CHANCE on four words with a
                    PERFECT index. Was that a vocabulary ceiling, or a
                    vocabulary laid along ONE axis?
  the change        the same experiment with the words moved: a 2x2 of
                    two F1 levels x two F2 levels, all inside the
                    MEASURED reach, instead of kWords' vowel corners
                    where /i/ and /u/ sit 30 Hz apart on F1.
  the gate, folded in   F2 spread is the one number still projected.
                    This run measures it. Near-zero F2 spread with a
                    healthy F1 spread voids the naming claim and IS the
                    finding: reward reaching group 2 and not group 3.

  GUARD  every target inside the measured reach (F1 630+/-59, F2 1667+/-150)?  OK

  seed   arm      F1 spread   F2 spread   ctx_match direction  dir-null   nearest
  0      off      9.9         116.2       0.000     0.167      -0.082     0.252
  0      oracle   63.4        37.8        0.782     0.308      0.049      0.366
  1      off      36.3        63.9        0.000     0.168      -0.077     0.234
  1      oracle   52.3        130.0       0.804     0.446      0.187      0.472
  2      off      25.7        53.5        0.000     0.108      -0.135     0.114
  2      oracle   46.1        65.3        0.824     0.489      0.223      0.494
  3      off      32.7        51.3        0.000     0.344      0.081      0.320
  3      oracle   22.8        113.1       0.784     0.335      0.098      0.419
  4      off      68.3        29.8        0.000     0.185      -0.052     0.131
  4      oracle   28.0        91.2        0.806     0.405      0.142      0.425
  5      off      54.6        91.5        0.000     0.437      0.187      0.429
  5      oracle   56.4        67.3        0.792     0.451      0.161      0.444
  6      off      20.6        74.5        0.000     0.132      -0.117     0.161
  6      oracle   34.7        59.6        0.750     0.310      0.063      0.290
  7      off      31.5        145.5       0.000     0.408      0.143      0.361
  7      oracle   46.9        122.4       0.820     0.449      0.214      0.395
  8      off      42.9        56.6        0.000     0.255      -0.000     0.263
  8      oracle   55.6        97.8        0.618     0.683      0.387      0.689

  arm       F1 spread      F2 spread      dir - null       nearest
  off         35.8 +/- 5.9     75.9 +/- 12.1   -0.006 +/- 0.039   0.252 +/- 0.035
  oracle      45.1 +/- 4.6     87.2 +/- 10.5   +0.169 +/- 0.034   0.444 +/- 0.037

  THE GATE  learned reach per axis, in the oracle arm
    F1 spread 45.1 Hz of a 118 Hz learned reach   (38%)
    F2 spread 87.2 Hz of a 300 Hz projected reach (29%)
    -> reward DOES write group 3: the second axis is usable

  PRIMARY  `nearest` in the oracle arm against chance 0.250, ctxfour read 0.279
    0.444 +/- 0.037   -> 5.3 SE above chance

  THE CEILING WAS THE LAYOUT, NOT THE VOCABULARY. The same experiment
  that read chance on four vowel-corner words reads 0.444 (5.3 SE above
  chance) on four words laid out 2x2 inside the measured reach.
  ctxfour's 'four distinctions, not four mappings' was a fact about
  where the words were, not about how many the creature can hold.
