  [9/144] seed 2 baseline   retention 0.49  err after 0.9345
  [5/144] seed 1 baseline   retention 0.15  err after 0.9978
  [13/144] seed 3 baseline   retention 0.16  err after 0.9858
  [1/144] seed 0 baseline   retention 0.45  err after 0.9003
  [2/144] seed 0 ctx-same   retention 2.86  err after 1.0321
  [10/144] seed 2 ctx-same   retention 2.84  err after 1.0356
  [14/144] seed 3 ctx-same   retention 0.77  err after 1.0016
  [6/144] seed 1 ctx-same   retention -0.59  err after 1.0578
  [8/144] seed 1 ctx-orc+brake retention 2.20  err after 0.9381
  [3/144] seed 0 ctx-oracle retention 5.75  err after 0.9694
  [4/144] seed 0 ctx-orc+brake retention 2.33  err after 0.8572
  [12/144] seed 2 ctx-orc+brake retention 13.28  err after 0.9857
  [7/144] seed 1 ctx-oracle retention -6.57  err after 0.9630
  [11/144] seed 2 ctx-oracle retention 17.26  err after 0.9166
  [17/144] seed 4 baseline   retention 0.60  err after 0.9124
  [21/144] seed 5 baseline   retention -0.11  err after 1.0454
  [16/144] seed 3 ctx-orc+brake retention 1.64  err after 0.9515
  [18/144] seed 4 ctx-same   retention -0.37  err after 1.0241
  [25/144] seed 6 baseline   retention -0.01  err after 0.9829
  [22/144] seed 5 ctx-same   retention 0.71  err after 1.0347
  [15/144] seed 3 ctx-oracle retention 2.56  err after 0.8469
  [19/144] seed 4 ctx-oracle retention -2.57  err after 0.9494
  [20/144] seed 4 ctx-orc+brake retention 7.17  err after 0.9291
  [24/144] seed 5 ctx-orc+brake retention 2.13  err after 0.9398
  [26/144] seed 6 ctx-same   retention 1.38  err after 1.0038
  [23/144] seed 5 ctx-oracle retention 5.48  err after 0.9516
  [29/144] seed 7 baseline   retention 0.06  err after 0.9865
  [27/144] seed 6 ctx-oracle retention 4.53  err after 0.8654
  [28/144] seed 6 ctx-orc+brake retention 259.02  err after 0.9129
  [33/144] seed 8 baseline   retention 0.08  err after 0.9887
  [30/144] seed 7 ctx-same   retention -0.25  err after 1.0499
  [37/144] seed 9 baseline   retention -0.09  err after 1.0438
  [34/144] seed 8 ctx-same   retention 0.08  err after 1.0612
  [41/144] seed 10 baseline   retention 0.56  err after 0.9107
  [32/144] seed 7 ctx-orc+brake retention 2.13  err after 0.9841
  [38/144] seed 9 ctx-same   retention 1.98  err after 0.9957
  [31/144] seed 7 ctx-oracle retention -2.90  err after 0.9836
  [35/144] seed 8 ctx-oracle retention 0.89  err after 0.9965
  [39/144] seed 9 ctx-oracle retention 6.40  err after 0.8764
  [40/144] seed 9 ctx-orc+brake retention 3.18  err after 0.9425
  [36/144] seed 8 ctx-orc+brake retention 1.57  err after 0.9969
  [45/144] seed 11 baseline   retention 0.26  err after 0.9628
  [42/144] seed 10 ctx-same   retention -3.21  err after 0.9957
  [43/144] seed 10 ctx-oracle retention -25.33  err after 0.9191
  [49/144] seed 12 baseline   retention 0.32  err after 0.9712
  [44/144] seed 10 ctx-orc+brake retention -10.59  err after 0.9621
  [46/144] seed 11 ctx-same   retention -0.09  err after 1.0982
  [47/144] seed 11 ctx-oracle retention 2.84  err after 0.8812
  [50/144] seed 12 ctx-same   retention 16.63  err after 0.9915
  [51/144] seed 12 ctx-oracle retention 31.94  err after 0.9429
  [53/144] seed 13 baseline   retention 0.68  err after 0.9393
  [48/144] seed 11 ctx-orc+brake retention 4.58  err after 0.9361
  [57/144] seed 14 baseline   retention 0.57  err after 0.9495
  [52/144] seed 12 ctx-orc+brake retention -14.63  err after 0.9785
  [54/144] seed 13 ctx-same   retention 0.33  err after 1.0939
  [55/144] seed 13 ctx-oracle retention 2.44  err after 0.9605
  [56/144] seed 13 ctx-orc+brake retention 1.84  err after 0.9489
  [58/144] seed 14 ctx-same   retention 0.53  err after 1.0463
  [61/144] seed 15 baseline   retention 0.73  err after 0.9006
  [60/144] seed 14 ctx-orc+brake retention -8.06  err after 0.9906
  [65/144] seed 16 baseline   retention 0.72  err after 0.9613
  [59/144] seed 14 ctx-oracle retention 1.69  err after 0.9643
  [62/144] seed 15 ctx-same   retention -0.97  err after 1.0867
  [66/144] seed 16 ctx-same   retention 0.95  err after 0.9865
  [69/144] seed 17 baseline   retention 0.31  err after 0.9734
  [63/144] seed 15 ctx-oracle retention 3.64  err after 0.9583
  [67/144] seed 16 ctx-oracle retention 1.25  err after 0.9614
  [64/144] seed 15 ctx-orc+brake retention 4.67  err after 0.9530
  [73/144] seed 18 baseline   retention 0.49  err after 0.8808
  [70/144] seed 17 ctx-same   retention 0.70  err after 1.0239
  [68/144] seed 16 ctx-orc+brake retention 1.32  err after 0.9917
  [71/144] seed 17 ctx-oracle retention 4.93  err after 0.8993
  [77/144] seed 19 baseline   retention 0.34  err after 1.0111
  [72/144] seed 17 ctx-orc+brake retention 2.14  err after 0.9120
  [74/144] seed 18 ctx-same   retention 1.41  err after 0.9799
  [81/144] seed 20 baseline   retention -0.17  err after 1.0341
  [78/144] seed 19 ctx-same   retention 0.17  err after 1.0669
  [76/144] seed 18 ctx-orc+brake retention -10.27  err after 0.9688
  [75/144] seed 18 ctx-oracle retention 3.70  err after 0.8651
  [82/144] seed 20 ctx-same   retention 6.64  err after 1.0534
  [85/144] seed 21 baseline   retention 0.58  err after 0.9039
  [80/144] seed 19 ctx-orc+brake retention 14.63  err after 0.9642
  [79/144] seed 19 ctx-oracle retention 1.82  err after 0.9116
  [83/144] seed 20 ctx-oracle retention 50.19  err after 0.9707
  [84/144] seed 20 ctx-orc+brake retention 3.30  err after 0.9091
  [89/144] seed 22 baseline   retention 0.51  err after 0.9374
  [86/144] seed 21 ctx-same   retention 0.42  err after 1.0777
  [93/144] seed 23 baseline   retention -0.32  err after 1.0827
  [87/144] seed 21 ctx-oracle retention 3.45  err after 0.9662
  [88/144] seed 21 ctx-orc+brake retention 3.64  err after 0.9202
  [90/144] seed 22 ctx-same   retention -1.32  err after 1.0075
  [97/144] seed 24 baseline   retention 0.59  err after 0.9031
  [92/144] seed 22 ctx-orc+brake retention -2.28  err after 0.9299
  [94/144] seed 23 ctx-same   retention 1.35  err after 1.0550
  [91/144] seed 22 ctx-oracle retention -2.82  err after 0.9672
  [101/144] seed 25 baseline   retention 0.44  err after 0.9066
  [96/144] seed 23 ctx-orc+brake retention 2.68  err after 0.9760
  [95/144] seed 23 ctx-oracle retention 3.93  err after 0.9834
  [98/144] seed 24 ctx-same   retention -0.03  err after 1.0724
  [102/144] seed 25 ctx-same   retention -0.04  err after 1.0475
  [99/144] seed 24 ctx-oracle retention 1.85  err after 0.9195
  [100/144] seed 24 ctx-orc+brake retention 2.17  err after 0.9199
  [105/144] seed 26 baseline   retention 0.44  err after 0.9540
  [103/144] seed 25 ctx-oracle retention 5.13  err after 0.9047
  [109/144] seed 27 baseline   retention 0.24  err after 0.9625
  [104/144] seed 25 ctx-orc+brake retention -3.86  err after 0.9768
  [106/144] seed 26 ctx-same   retention -0.11  err after 1.1024
  [110/144] seed 27 ctx-same   retention 2.40  err after 1.0834
  [107/144] seed 26 ctx-oracle retention 3.68  err after 0.9932
  [113/144] seed 28 baseline   retention -0.24  err after 0.9961
  [108/144] seed 26 ctx-orc+brake retention 11.16  err after 0.9687
  [117/144] seed 29 baseline   retention 0.10  err after 1.0083
  [111/144] seed 27 ctx-oracle retention -5.51  err after 0.9992
  [112/144] seed 27 ctx-orc+brake retention 1.97  err after 0.9350
  [114/144] seed 28 ctx-same   retention -4.58  err after 0.9076
  [115/144] seed 28 ctx-oracle retention -5.89  err after 0.8799
  [121/144] seed 30 baseline   retention 0.11  err after 0.9845
  [116/144] seed 28 ctx-orc+brake retention -0.93  err after 0.9832
  [118/144] seed 29 ctx-same   retention 1.09  err after 1.0167
  [125/144] seed 31 baseline   retention 0.39  err after 0.9290
  [119/144] seed 29 ctx-oracle retention 3.25  err after 0.9052
  [120/144] seed 29 ctx-orc+brake retention 2.10  err after 0.9646
  [129/144] seed 32 baseline   retention 0.52  err after 0.9446
  [122/144] seed 30 ctx-same   retention 1.22  err after 1.0325
  [126/144] seed 31 ctx-same   retention -0.87  err after 1.0851
  [123/144] seed 30 ctx-oracle retention 8.21  err after 0.9603
  [124/144] seed 30 ctx-orc+brake retention -0.68  err after 0.9789
  [127/144] seed 31 ctx-oracle retention 2.15  err after 1.0031
  [133/144] seed 33 baseline   retention 0.59  err after 0.9155
  [130/144] seed 32 ctx-same   retention 1.13  err after 1.0258
  [128/144] seed 31 ctx-orc+brake retention -10.69  err after 0.9860
  [131/144] seed 32 ctx-oracle retention 3.26  err after 0.9620
  [134/144] seed 33 ctx-same   retention 0.09  err after 1.0556
  [132/144] seed 32 ctx-orc+brake retention -6.49  err after 0.9121
  [137/144] seed 34 baseline   retention 0.32  err after 0.9883
  [141/144] seed 35 baseline   retention -0.06  err after 0.9767
  [135/144] seed 33 ctx-oracle retention 3.48  err after 0.9249
  [138/144] seed 34 ctx-same   retention -7.87  err after 1.1139
  [136/144] seed 33 ctx-orc+brake retention 3.51  err after 0.8906
  [142/144] seed 35 ctx-same   retention 1.80  err after 1.0132
  [143/144] seed 35 ctx-oracle retention 10.99  err after 0.9401
  [144/144] seed 35 ctx-orc+brake retention 3.57  err after 0.9819
  [140/144] seed 34 ctx-orc+brake retention 4.40  err after 0.9655
  [139/144] seed 34 ctx-oracle retention 75.30  err after 0.9931
experiment: ctxretain
  instrument        ctxretain   trial seed 000000000135e068   2000 trials
                    another probe is another trial sequence: its numbers
                    are not comparable with these (~0.05 at 300 trials)
  question          a conflicting lesson wipes a taught sound to 0.22. In
                    `retain` the two lessons differ only in WHEN they happen
                    -- the caregiver says one word throughout. Does giving
                    them different CUES, and a context table to file them
                    under, stop the collision?
  the design        the STABILISATION half. Masse, Grant & Freedman: gating
                    alone reads 61.4% across 100 tasks, gating plus synaptic
                    stabilisation 95.4%. `meta_commit` is this creature's
                    EWC, and it was measured on the magnitude question.
  the gate          vs `baseline`, PAIRED on seed, at 2 SE on BOTH retention
                    and err after. Retention alone is a ratio an arm can
                    inflate by simply learning the first lesson less well.


  arm          sleeps   err taught    err after     retention     err vs B  slot0 teach/gap   slot-A tilt teach->gap
  baseline     5.1      0.8615        0.9629        0.30 +/- 0.05 0.7815     --               -0.04188 -> -0.02443  (x0.58)
  ctx-same     7.0      1.0344        1.0393        0.75 +/- 0.59 0.7340   1.00 / 1.00        -0.02342 -> -0.01513  (x0.65)
  ctx-oracle   7.0      1.0344        0.9404        6.12 +/- 2.74 0.6304   1.00 / 0.00        -0.02342 -> -0.02342  (x1.00)
  ctx-orc+brake 7.0      1.0391        0.9512        8.16 +/- 7.24 0.6314   1.00 / 0.00        -0.01969 -> -0.01969  (x1.00)

  ARM LIVENESS vs `baseline` (seeds where the arm differs at all)
    ctx-same           36/36
    ctx-oracle         36/36
    ctx-orc+brake      36/36

  THE GATE -- `ctx-oracle` vs `ctx-same`, which is the index's
  INFORMATION with the table's cost held fixed. Both arms carry the same
  machinery; only one of them knows which lesson is being taught.
  retention +5.367 +/- 2.698 (+1.99 SE)   err after +0.0989 +/- 0.0068 (+14.56 SE)
  !! ON THE BAR: retention 1.99 SE, err-after 14.56 SE against a 2.0
     cut. A verdict that turns on this margin is not a result. Read the
     two columns separately -- and prefer err-after, because retention's
     denominator collapses when an arm barely learned.
  -> A PERFECT INDEX DOES NOT PROTECT IT. Gating is refused, and with
     stabilisation already a measured null the standard account of
     catastrophic interference is closed on this creature.

  IS THE MEMORY GONE, OR JUST NOT SPOKEN?
  lesson A's stored tilt in slot 0, taught -> after the gap.
  SIGNED, so a negative share means lesson B wrote A's OPPOSITE
  rather than wiping it -- a magnitude could not tell those apart.
    ctx-oracle (gap writes slot 1)  -0.02342 -> -0.02342  = 1.00 +/- 0.06   sign flipped 0/36  unchanged 3/36
    ctx-same   (gap writes slot 0)  -0.02342 -> -0.01513  = 0.65 +/- 0.06   sign flipped 1/36  unchanged 0/36
  isolation   `ctx-oracle` spends 0.2% of the GAP still filed under slot 0,
              so A's slot takes that share of B's writes. Mean |change| in the
              stored tilt: oracle 0.0%, ctx-same 39.6%.
  -> PARTIAL, AND PRECISELY SO. `ctx-same` keeps 0.65 +/- 0.06 of A's
     stored tilt: 10.7 SE from ERASED and 5.8 SE from INTACT, with the
     sign flipped on only 1 of 36 seeds. So lesson B neither wipes A nor
     reverses it -- it costs about 35% of the stored parameter and
     leaves the rest in place.
     THIS IS A STORAGE NUMBER ONLY. Completing the storage-vs-expression
     inference needs the BEHAVIOUR on a comparably-learned arm, and the
     context arms here do not qualify: err taught 1.034 against the
     baseline's 0.862 means they learned far less, so their retention is
     not measuring the same creature's memory.

  STORE vs BEHAVIOUR, both on `baseline`, both as a fraction of what
  was GAINED, paired on seed (36 seeds, 0 dropped as barely-learned)
    store kept      +0.25 +/- 0.05
    behaviour kept  +0.30 +/- 0.05
    difference      -0.05 +/- 0.05  (-1.0 SE)
  -> NO SEPARATION at 2 SE. Store and behaviour decay together, which
     is what a pure OVERWRITE looks like: protecting the write is then
     the route, and there is no hidden memory to go and retrieve.

  PAIRED vs `baseline`, on the same creatures
  arm          retention gain               err-after improvement
  ctx-same     +0.454 +/- 0.597 (+0.8 SE)   -0.0764 +/- 0.0111 (-6.9 SE)
  ctx-oracle   +5.821 +/- 2.744 (+2.1 SE)   +0.0225 +/- 0.0106 (+2.1 SE)  <- BOTH
  ctx-orc+brake +7.861 +/- 7.253 (+1.1 SE)   +0.0118 +/- 0.0087 (+1.4 SE)

  AN ARM BEATS THE UNTREATED CONFLICT on both columns. Check `err taught`
  and the retention denominator before believing the ratio: an arm that
  barely learned the first lesson posts a huge retention and a worse
  absolute error, and only the second of those means anything.
