  [13/72] seed 1 ear-deaf  dF1 71.7  p(idx) 0.700
  [5/72] seed 0 ear-deaf  dF1 38.3  p(idx) 0.725
  [8/72] seed 0 ema-rnd  dF1 20.5  p(idx) 0.878
  [14/72] seed 1 ear-deaf-rnd  dF1 16.0  p(idx) 0.830
  [3/72] seed 0 ear  dF1 1.3  p(idx) 0.711
  [2/72] seed 0 oracle  dF1 67.4  p(idx) 1.000
  [1/72] seed 0 off  dF1 0.1  p(idx) 0.000
  [9/72] seed 1 off  dF1 94.2  p(idx) 0.000
  [12/72] seed 1 ear-rnd  dF1 0.8  p(idx) 0.773
  [6/72] seed 0 ear-deaf-rnd  dF1 26.2  p(idx) 0.799
  [7/72] seed 0 ema  dF1 10.1  p(idx) 0.504
  [11/72] seed 1 ear  dF1 37.4  p(idx) 0.747
  [4/72] seed 0 ear-rnd  dF1 18.5  p(idx) 0.722
  [10/72] seed 1 oracle  dF1 93.1  p(idx) 1.000
  [15/72] seed 1 ema  dF1 98.7  p(idx) 0.892
  [21/72] seed 2 ear-deaf  dF1 18.3  p(idx) 0.678
  [20/72] seed 2 ear-rnd  dF1 6.7  p(idx) 0.788
  [24/72] seed 2 ema-rnd  dF1 56.0  p(idx) 0.891
  [17/72] seed 2 off  dF1 29.4  p(idx) 0.000
  [27/72] seed 3 ear  dF1 25.6  p(idx) 0.761
  [19/72] seed 2 ear  dF1 7.3  p(idx) 0.729
  [18/72] seed 2 oracle  dF1 115.6  p(idx) 1.000
  [23/72] seed 2 ema  dF1 108.0  p(idx) 0.891
  [16/72] seed 1 ema-rnd  dF1 1.0  p(idx) 0.887
  [26/72] seed 3 oracle  dF1 96.7  p(idx) 1.000
  [22/72] seed 2 ear-deaf-rnd  dF1 24.1  p(idx) 0.794
  [25/72] seed 3 off  dF1 84.0  p(idx) 0.000
  [28/72] seed 3 ear-rnd  dF1 0.4  p(idx) 0.769
  [30/72] seed 3 ear-deaf-rnd  dF1 11.3  p(idx) 0.799
  [33/72] seed 4 off  dF1 14.5  p(idx) 0.000
  [35/72] seed 4 ear  dF1 24.5  p(idx) 0.680
  [38/72] seed 4 ear-deaf-rnd  dF1 16.0  p(idx) 0.739
  [31/72] seed 3 ema  dF1 54.4  p(idx) 0.884
  [37/72] seed 4 ear-deaf  dF1 5.2  p(idx) 0.773
  [32/72] seed 3 ema-rnd  dF1 4.8  p(idx) 0.891
  [34/72] seed 4 oracle  dF1 69.1  p(idx) 1.000
  [29/72] seed 3 ear-deaf  dF1 27.3  p(idx) 0.762
  [41/72] seed 5 off  dF1 42.6  p(idx) 0.000
  [39/72] seed 4 ema  dF1 15.8  p(idx) 0.888
  [40/72] seed 4 ema-rnd  dF1 1.8  p(idx) 0.881
  [36/72] seed 4 ear-rnd  dF1 25.8  p(idx) 0.727
  [42/72] seed 5 oracle  dF1 104.3  p(idx) 1.000
  [44/72] seed 5 ear-rnd  dF1 5.8  p(idx) 0.780
  [43/72] seed 5 ear  dF1 62.0  p(idx) 0.667
  [46/72] seed 5 ear-deaf-rnd  dF1 64.0  p(idx) 0.809
  [45/72] seed 5 ear-deaf  dF1 66.2  p(idx) 0.740
  [50/72] seed 6 oracle  dF1 82.7  p(idx) 1.000
  [47/72] seed 5 ema  dF1 89.9  p(idx) 0.890
  [49/72] seed 6 off  dF1 6.1  p(idx) 0.000
  [52/72] seed 6 ear-rnd  dF1 31.3  p(idx) 0.750
  [54/72] seed 6 ear-deaf-rnd  dF1 5.2  p(idx) 0.770
  [48/72] seed 5 ema-rnd  dF1 34.3  p(idx) 0.891
  [51/72] seed 6 ear  dF1 17.1  p(idx) 0.574
  [55/72] seed 6 ema  dF1 81.5  p(idx) 0.501
  [53/72] seed 6 ear-deaf  dF1 4.9  p(idx) 0.573
  [56/72] seed 6 ema-rnd  dF1 15.6  p(idx) 0.501
  [57/72] seed 7 off  dF1 46.0  p(idx) 0.000
  [58/72] seed 7 oracle  dF1 72.0  p(idx) 1.000
  [59/72] seed 7 ear  dF1 35.2  p(idx) 0.677
  [61/72] seed 7 ear-deaf  dF1 38.4  p(idx) 0.781
  [60/72] seed 7 ear-rnd  dF1 7.2  p(idx) 0.802
  [62/72] seed 7 ear-deaf-rnd  dF1 7.0  p(idx) 0.799
  [63/72] seed 7 ema  dF1 48.8  p(idx) 0.837
  [65/72] seed 8 off  dF1 29.2  p(idx) 0.000
  [67/72] seed 8 ear  dF1 12.6  p(idx) 0.683
  [69/72] seed 8 ear-deaf  dF1 18.3  p(idx) 0.713
  [68/72] seed 8 ear-rnd  dF1 18.6  p(idx) 0.745
  [66/72] seed 8 oracle  dF1 105.7  p(idx) 1.000
  [70/72] seed 8 ear-deaf-rnd  dF1 17.1  p(idx) 0.747
  [64/72] seed 7 ema-rnd  dF1 4.8  p(idx) 0.893
  [72/72] seed 8 ema-rnd  dF1 63.2  p(idx) 0.860
  [71/72] seed 8 ema  dF1 36.4  p(idx) 0.511
experiment: ctxself
  instrument        ctxself   trial seed 00000000013579d6   1214 trials per arm
                    another probe is another trial sequence: its numbers
                    are not comparable with these (~0.05 at 300 trials)
  question          `areax` proved a context-indexed bias works, keyed on
                    an index the HOST wrote from the word label. Can the
                    creature derive that index for ITSELF? v52 read it
                    off the larynx and was refused; source 4 reads the
                    ear's own rate EMA, which is what replicated.
  the bar           an index right with probability p writes the other
                    table 1-p of the time, so the conditional part scales
                    as (2p - 1). `ctxsrc` bounds p at 0.740 for ANY readout
                    of the larynx in this window, which is 48% of what the
                    oracle index bought. A FIXED partition can only do
                    worse, so that is a ceiling and not a prediction.
  arm               all four get the same host drive on the context
                    module, so `self` and `oracle` differ in ONE field.

  seed   arm       dF1 (Hz)  p(idx)   busiest  table div  ev/tri  change
  0      off       0.1       0.000    0.000    0.0000     0.0     +1.4
  0      oracle    67.4      1.000    0.500    0.0256     0.0     +16.8
  0      ear       1.3       0.711    0.563    0.0240     2.7     -4.4
  0      ear-rnd   18.5      0.722    0.573    0.0231     3.0     +0.3
  0      ear-deaf  38.3      0.725    0.571    0.0243     2.1     +7.2
  0      ear-deaf-rnd 26.2      0.799    0.539    0.0281     2.6     +0.2
  0      ema       10.1      0.504    0.980    0.0199     1.4     -4.3
  0      ema-rnd   20.5      0.878    0.616    0.0300     3.4     +0.8
  1      off       94.2      0.000    0.000    0.0000     0.0     +2.4
  1      oracle    93.1      1.000    0.500    0.0250     0.0     +19.6
  1      ear       37.4      0.747    0.631    0.0262     2.8     +5.6
  1      ear-rnd   0.8       0.773    0.604    0.0257     3.1     -1.2
  1      ear-deaf  71.7      0.700    0.546    0.0250     2.5     +0.2
  1      ear-deaf-rnd 16.0      0.830    0.501    0.0240     3.0     -1.1
  1      ema       98.7      0.892    0.608    0.0281     2.7     +17.2
  1      ema-rnd   1.0       0.887    0.613    0.0233     4.3     -0.2
  2      off       29.4      0.000    0.000    0.0000     0.0     -2.0
  2      oracle    115.6     1.000    0.500    0.0270     0.0     +14.6
  2      ear       7.3       0.729    0.569    0.0274     2.9     -6.0
  2      ear-rnd   6.7       0.788    0.538    0.0251     3.3     +0.3
  2      ear-deaf  18.3      0.678    0.569    0.0258     2.2     -1.2
  2      ear-deaf-rnd 24.1      0.794    0.616    0.0261     2.3     +0.0
  2      ema       108.0     0.891    0.609    0.0301     3.5     +18.7
  2      ema-rnd   56.0      0.891    0.609    0.0255     3.6     +1.2
  3      off       84.0      0.000    0.000    0.0000     0.0     +9.0
  3      oracle    96.7      1.000    0.500    0.0270     0.0     +18.2
  3      ear       25.6      0.761    0.592    0.0250     3.2     +6.1
  3      ear-rnd   0.4       0.769    0.643    0.0240     4.2     -1.0
  3      ear-deaf  27.3      0.762    0.684    0.0247     2.4     -1.3
  3      ear-deaf-rnd 11.3      0.799    0.647    0.0248     2.4     +0.3
  3      ema       54.4      0.884    0.616    0.0265     2.3     +10.2
  3      ema-rnd   4.8       0.891    0.609    0.0274     3.0     +1.0
  4      off       14.5      0.000    0.000    0.0000     0.0     -1.3
  4      oracle    69.1      1.000    0.500    0.0250     0.0     +13.1
  4      ear       24.5      0.680    0.653    0.0284     2.4     +5.2
  4      ear-rnd   25.8      0.727    0.649    0.0237     3.1     -0.8
  4      ear-deaf  5.2       0.773    0.670    0.0247     2.6     +4.6
  4      ear-deaf-rnd 16.0      0.739    0.677    0.0289     2.1     +1.7
  4      ema       15.8      0.888    0.612    0.0257     2.8     +17.8
  4      ema-rnd   1.8       0.881    0.619    0.0262     3.2     -0.2
  5      off       42.6      0.000    0.000    0.0000     0.0     +4.5
  5      oracle    104.3     1.000    0.500    0.0270     0.0     +18.9
  5      ear       62.0      0.667    0.592    0.0247     2.4     -6.5
  5      ear-rnd   5.8       0.780    0.637    0.0268     3.5     +0.6
  5      ear-deaf  66.2      0.740    0.698    0.0234     2.4     +3.7
  5      ear-deaf-rnd 64.0      0.809    0.664    0.0276     2.3     -0.5
  5      ema       89.9      0.890    0.610    0.0297     2.9     +13.4
  5      ema-rnd   34.3      0.891    0.609    0.0262     3.3     +1.5
  6      off       6.1       0.000    0.000    0.0000     0.0     +2.6
  6      oracle    82.7      1.000    0.500    0.0251     0.0     +14.5
  6      ear       17.1      0.574    0.694    0.0194     1.2     -6.9
  6      ear-rnd   31.3      0.750    0.709    0.0255     3.2     +0.5
  6      ear-deaf  4.9       0.573    0.821    0.0240     1.2     -11.5
  6      ear-deaf-rnd 5.2       0.770    0.693    0.0305     2.7     +0.5
  6      ema       81.5      0.501    0.983    0.0183     1.3     +11.6
  6      ema-rnd   15.6      0.501    0.976    0.0272     3.4     +0.2
  7      off       46.0      0.000    0.000    0.0000     0.0     +2.0
  7      oracle    72.0      1.000    0.500    0.0277     0.0     +13.2
  7      ear       35.2      0.677    0.605    0.0238     2.1     -7.4
  7      ear-rnd   7.2       0.802    0.511    0.0264     3.6     +0.6
  7      ear-deaf  38.4      0.781    0.588    0.0252     2.4     -0.1
  7      ear-deaf-rnd 7.0       0.799    0.608    0.0240     2.0     +0.2
  7      ema       48.8      0.837    0.663    0.0245     2.4     +9.9
  7      ema-rnd   4.8       0.893    0.607    0.0259     3.2     -0.7
  8      off       29.2      0.000    0.000    0.0000     0.0     -3.1
  8      oracle    105.7     1.000    0.500    0.0263     0.0     +9.8
  8      ear       12.6      0.683    0.666    0.0222     2.9     +3.4
  8      ear-rnd   18.6      0.745    0.678    0.0268     3.2     +1.8
  8      ear-deaf  18.3      0.713    0.579    0.0270     2.5     +6.2
  8      ear-deaf-rnd 17.1      0.747    0.537    0.0291     2.8     +2.0
  8      ema       36.4      0.511    0.989    0.0271     2.6     +8.9
  8      ema-rnd   63.2      0.860    0.630    0.0322     3.4     +1.2

  arm       dF1 (Hz)         p(index)        busiest slice  table div     change
  off       38.4 +/- 10.9    0.000 +/- 0.000 0.000 +/- 0.000 0.0000 +/- 0.0000 +1.7 +/- 1.2
  oracle    89.6 +/- 5.9     1.000 +/- 0.000 0.500 +/- 0.000 0.0262 +/- 0.0003 +15.4 +/- 1.1
  ear       24.8 +/- 6.1     0.692 +/- 0.018 0.618 +/- 0.015 0.0246 +/- 0.0009 -1.2 +/- 2.0
  ear-rnd   12.8 +/- 3.7     0.762 +/- 0.009 0.616 +/- 0.022 0.0252 +/- 0.0005 +0.1 +/- 0.3
  ear-deaf  32.1 +/- 8.1     0.716 +/- 0.021 0.636 +/- 0.030 0.0249 +/- 0.0003 +0.9 +/- 1.9
  ear-deaf-rnd 20.8 +/- 5.9     0.787 +/- 0.010 0.609 +/- 0.023 0.0270 +/- 0.0008 +0.4 +/- 0.3
  ema       60.4 +/- 12.0    0.755 +/- 0.063 0.741 +/- 0.061 0.0255 +/- 0.0014 +11.5 +/- 2.3
  ema-rnd   22.4 +/- 7.9     0.841 +/- 0.043 0.654 +/- 0.040 0.0271 +/- 0.0009 +0.5 +/- 0.3

  can a listener tell the words apart? (held-out one-of-two, F1+F2)
    off        0.625 +/- 0.034   (shuffled 0.498, chance 0.500)
    oracle     0.971 +/- 0.010   (shuffled 0.490, chance 0.500)
    ear        0.593 +/- 0.033   (shuffled 0.512, chance 0.500)
    ear-rnd    0.654 +/- 0.038   (shuffled 0.504, chance 0.500)
    ear-deaf   0.566 +/- 0.045   (shuffled 0.505, chance 0.500)
    ear-deaf-rnd 0.628 +/- 0.047   (shuffled 0.493, chance 0.500)
    ema        0.754 +/- 0.050   (shuffled 0.503, chance 0.500)
    ema-rnd    0.747 +/- 0.044   (shuffled 0.512, chance 0.500)
    PAIRED  ema - off       +0.130 +/- 0.054, 2.4 SE, 6 of 9
    PAIRED  ema - ema-rnd   +0.007 +/- 0.072, 0.1 SE, 5 of 9

  is the utterance nearer the RIGHT word's target? (no fitting, chance 0.500)
    off        0.527 +/- 0.011
    oracle     0.558 +/- 0.020
    ear        0.511 +/- 0.008
    ear-rnd    0.501 +/- 0.001
    ear-deaf   0.521 +/- 0.008
    ear-deaf-rnd 0.502 +/- 0.001
    ema        0.573 +/- 0.019
    ema-rnd    0.502 +/- 0.001
    PAIRED  ema - off       +0.046 +/- 0.019, 2.5 SE, 7 of 9
    PAIRED  ema - ema-rnd   +0.071 +/- 0.020, 3.6 SE, 9 of 9

  did it move the RIGHT WAY along the axis between the two words?
  (centred on the creature's own mean, no labels fitted, chance 0.500)
    off        0.569 +/- 0.028    (k-way form: 0.569)
    oracle     0.906 +/- 0.009    (k-way form: 0.906)
    ear        0.602 +/- 0.022    (k-way form: 0.602)
    ear-rnd    0.505 +/- 0.035    (k-way form: 0.505)
    ear-deaf   0.602 +/- 0.034    (k-way form: 0.602)
    ear-deaf-rnd 0.496 +/- 0.047    (k-way form: 0.496)
    ema        0.731 +/- 0.035    (k-way form: 0.731)
    ema-rnd    0.597 +/- 0.061    (k-way form: 0.597)
    the k-way form reduces to the axis test at k=2: worst disagreement 0.0000
    PAIRED  ema - off       +0.162 +/- 0.035, 4.6 SE, 8 of 9
    PAIRED  ema - ema-rnd   +0.134 +/- 0.065, 2.1 SE, 7 of 9

  does the index hold up across a session? (early third -> last third)
    ear        0.671 +/- 0.021 -> 0.711 +/- 0.021   (+0.040)
    ear-rnd    0.751 +/- 0.016 -> 0.752 +/- 0.008   (+0.001)
    ear-deaf   0.746 +/- 0.026 -> 0.703 +/- 0.029   (-0.043)
    ear-deaf-rnd 0.811 +/- 0.010 -> 0.756 +/- 0.013   (-0.055)
    ema        0.769 +/- 0.064 -> 0.737 +/- 0.059   (-0.032)
    ema-rnd    0.851 +/- 0.045 -> 0.814 +/- 0.039   (-0.037)

  OWN VOICE: does cutting the acoustic self-path close the gap?
    GUARD deafness changed the creature?  0 of 9 pairs IDENTICAL   OK
    gap HEARING  ear      - ear-rnd       -0.070 +/- 0.019 (3.7 SE, n=9)
    gap DEAF     ear-deaf - ear-deaf-rnd  -0.071 +/- 0.023 (3.1 SE, n=9)
    DIFFERENCE OF GAPS  deaf - hearing     -0.002 +/- 0.030 (0.1 SE)
    index levels  ear 0.692  ear-rnd 0.762  ear-deaf 0.716  ear-deaf-rnd 0.787
    OWN VOICE IS CLEARED, AND DRIFT SURVIVES. Cutting the acoustic
    self-path moves the gap -0.002 +/- 0.030 (0.1 SE, under 3 SE)
    while the hearing gap is -0.070. The creature hearing itself is
    NOT why its index degrades when the target tracks the word, so
    the remaining hypothesis is MacQueen drift: 1/wins freezes the
    prototypes under a voice that is still moving.

  paired differences (same creature, arms differ only in genome fields)
    ear   - ear-rnd     +12.0 +/- 8.5 Hz, 1.4 SE, 5 of 9 positive
    ear   - off         -13.7 +/- 9.4 Hz, -1.4 SE, 4 of 9 positive
    ema   - ema-rnd     +38.0 +/- 13.0 Hz, 2.9 SE, 7 of 9 positive
    ema   - off         +22.0 +/- 12.3 Hz, 1.8 SE, 8 of 9 positive

  the reference here       oracle 89.6 Hz vs off 38.4 (+51.2, 3.1 SE)
  the derived index        p = 0.755 +/- 0.063, busiest slice 0.741
  ...and does it sharpen?  0.769 +/- 0.064 -> 0.737 +/- 0.059 over the session
  predicted from ctxsrc    43.0 Hz  (p <= 0.740, keeps 48%)
  predicted from THIS p    45.7 Hz  (keeps 51%)
  measured                 60.4 Hz  (+22.0 vs off, 1.0 SE)
  vs matched-marginal      22.4 Hz  (+38.0, 1.9 SE)
  PAIRED vs matched-marg   +38.0 +/- 13.0 Hz, 2.9 SE  <-- THE GATE
                           7 of 9 creatures positive
  paired vs `off`          +22.0 +/- 12.3 Hz, 1.8 SE (diagnostic)
  unpaired, for the record +38.0 (1.9 SE) vs control, +22.0 (1.0 SE) vs off

  THE CREATURE INDEXES ITSELF -- the voice depends on the word with NO
  oracle anywhere. +38.0 +/- 13.0 Hz of F1, PAIRED, against a control
  carrying the same split table and the same derived index and differing
  only in whether the target tracks the word; 7 of 9 creatures
  positive, on an index read from the larynx at 0.755. That is 43% of
  what the host-written index bought IN THIS SAME RUN, against 48%
  predicted from `ctxsrc`'s upper bound and 51% from this run's own p.
  The last oracle in the architecture is gone.
