  [13/288] seed 1 ear-deaf  dF1 71.7  p(idx) 0.700
  [2/288] seed 0 oracle  dF1 67.4  p(idx) 1.000
  [14/288] seed 1 ear-deaf-rnd  dF1 16.0  p(idx) 0.830
  [8/288] seed 0 ema-rnd  dF1 20.5  p(idx) 0.878
  [5/288] seed 0 ear-deaf  dF1 38.3  p(idx) 0.725
  [6/288] seed 0 ear-deaf-rnd  dF1 26.2  p(idx) 0.799
  [11/288] seed 1 ear  dF1 37.4  p(idx) 0.747
  [1/288] seed 0 off  dF1 0.1  p(idx) 0.000
  [12/288] seed 1 ear-rnd  dF1 0.8  p(idx) 0.773
  [4/288] seed 0 ear-rnd  dF1 18.5  p(idx) 0.722
  [7/288] seed 0 ema  dF1 10.1  p(idx) 0.504
  [9/288] seed 1 off  dF1 94.2  p(idx) 0.000
  [3/288] seed 0 ear  dF1 1.3  p(idx) 0.711
  [10/288] seed 1 oracle  dF1 93.1  p(idx) 1.000
  [22/288] seed 2 ear-deaf-rnd  dF1 24.1  p(idx) 0.794
  [15/288] seed 1 ema  dF1 98.7  p(idx) 0.892
  [18/288] seed 2 oracle  dF1 115.6  p(idx) 1.000
  [16/288] seed 1 ema-rnd  dF1 1.0  p(idx) 0.887
  [17/288] seed 2 off  dF1 29.4  p(idx) 0.000
  [19/288] seed 2 ear  dF1 7.3  p(idx) 0.729
  [20/288] seed 2 ear-rnd  dF1 6.7  p(idx) 0.788
  [23/288] seed 2 ema  dF1 108.0  p(idx) 0.891
  [24/288] seed 2 ema-rnd  dF1 56.0  p(idx) 0.891
  [26/288] seed 3 oracle  dF1 96.7  p(idx) 1.000
  [27/288] seed 3 ear  dF1 25.6  p(idx) 0.761
  [21/288] seed 2 ear-deaf  dF1 18.3  p(idx) 0.678
  [25/288] seed 3 off  dF1 84.0  p(idx) 0.000
  [28/288] seed 3 ear-rnd  dF1 0.4  p(idx) 0.769
  [29/288] seed 3 ear-deaf  dF1 27.3  p(idx) 0.762
  [32/288] seed 3 ema-rnd  dF1 4.8  p(idx) 0.891
  [31/288] seed 3 ema  dF1 54.4  p(idx) 0.884
  [33/288] seed 4 off  dF1 14.5  p(idx) 0.000
  [34/288] seed 4 oracle  dF1 69.1  p(idx) 1.000
  [38/288] seed 4 ear-deaf-rnd  dF1 16.0  p(idx) 0.739
  [37/288] seed 4 ear-deaf  dF1 5.2  p(idx) 0.773
  [30/288] seed 3 ear-deaf-rnd  dF1 11.3  p(idx) 0.799
  [36/288] seed 4 ear-rnd  dF1 25.8  p(idx) 0.727
  [40/288] seed 4 ema-rnd  dF1 1.8  p(idx) 0.881
  [39/288] seed 4 ema  dF1 15.8  p(idx) 0.888
  [41/288] seed 5 off  dF1 42.6  p(idx) 0.000
  [35/288] seed 4 ear  dF1 24.5  p(idx) 0.680
  [42/288] seed 5 oracle  dF1 104.3  p(idx) 1.000
  [45/288] seed 5 ear-deaf  dF1 66.2  p(idx) 0.740
  [44/288] seed 5 ear-rnd  dF1 5.8  p(idx) 0.780
  [46/288] seed 5 ear-deaf-rnd  dF1 64.0  p(idx) 0.809
  [43/288] seed 5 ear  dF1 62.0  p(idx) 0.667
  [48/288] seed 5 ema-rnd  dF1 34.3  p(idx) 0.891
  [49/288] seed 6 off  dF1 6.1  p(idx) 0.000
  [50/288] seed 6 oracle  dF1 82.7  p(idx) 1.000
  [47/288] seed 5 ema  dF1 89.9  p(idx) 0.890
  [53/288] seed 6 ear-deaf  dF1 4.9  p(idx) 0.573
  [51/288] seed 6 ear  dF1 17.1  p(idx) 0.574
  [54/288] seed 6 ear-deaf-rnd  dF1 5.2  p(idx) 0.770
  [52/288] seed 6 ear-rnd  dF1 31.3  p(idx) 0.750
  [55/288] seed 6 ema  dF1 81.5  p(idx) 0.501
  [56/288] seed 6 ema-rnd  dF1 15.6  p(idx) 0.501
  [57/288] seed 7 off  dF1 46.0  p(idx) 0.000
  [58/288] seed 7 oracle  dF1 72.0  p(idx) 1.000
  [59/288] seed 7 ear  dF1 35.2  p(idx) 0.677
  [60/288] seed 7 ear-rnd  dF1 7.2  p(idx) 0.802
  [61/288] seed 7 ear-deaf  dF1 38.4  p(idx) 0.781
  [62/288] seed 7 ear-deaf-rnd  dF1 7.0  p(idx) 0.799
  [64/288] seed 7 ema-rnd  dF1 4.8  p(idx) 0.893
  [67/288] seed 8 ear  dF1 12.6  p(idx) 0.683
  [65/288] seed 8 off  dF1 29.2  p(idx) 0.000
  [66/288] seed 8 oracle  dF1 105.7  p(idx) 1.000
  [63/288] seed 7 ema  dF1 48.8  p(idx) 0.837
  [69/288] seed 8 ear-deaf  dF1 18.3  p(idx) 0.713
  [68/288] seed 8 ear-rnd  dF1 18.6  p(idx) 0.745
  [70/288] seed 8 ear-deaf-rnd  dF1 17.1  p(idx) 0.747
  [71/288] seed 8 ema  dF1 36.4  p(idx) 0.511
  [72/288] seed 8 ema-rnd  dF1 63.2  p(idx) 0.860
  [74/288] seed 9 oracle  dF1 67.8  p(idx) 1.000
  [75/288] seed 9 ear  dF1 21.8  p(idx) 0.744
  [73/288] seed 9 off  dF1 7.5  p(idx) 0.000
  [78/288] seed 9 ear-deaf-rnd  dF1 6.7  p(idx) 0.776
  [76/288] seed 9 ear-rnd  dF1 7.0  p(idx) 0.727
  [81/288] seed 10 off  dF1 4.3  p(idx) 0.000
  [77/288] seed 9 ear-deaf  dF1 15.2  p(idx) 0.652
  [80/288] seed 9 ema-rnd  dF1 3.1  p(idx) 0.884
  [79/288] seed 9 ema  dF1 21.1  p(idx) 0.860
  [82/288] seed 10 oracle  dF1 36.8  p(idx) 1.000
  [83/288] seed 10 ear  dF1 0.0  p(idx) 0.710
  [86/288] seed 10 ear-deaf-rnd  dF1 10.1  p(idx) 0.810
  [84/288] seed 10 ear-rnd  dF1 23.0  p(idx) 0.768
  [85/288] seed 10 ear-deaf  dF1 12.0  p(idx) 0.626
  [87/288] seed 10 ema  dF1 37.8  p(idx) 0.879
  [88/288] seed 10 ema-rnd  dF1 20.0  p(idx) 0.514
  [89/288] seed 11 off  dF1 19.4  p(idx) 0.000
  [90/288] seed 11 oracle  dF1 71.4  p(idx) 1.000
  [93/288] seed 11 ear-deaf  dF1 22.4  p(idx) 0.757
  [94/288] seed 11 ear-deaf-rnd  dF1 44.3  p(idx) 0.781
  [92/288] seed 11 ear-rnd  dF1 5.2  p(idx) 0.700
  [91/288] seed 11 ear  dF1 20.4  p(idx) 0.693
  [95/288] seed 11 ema  dF1 15.6  p(idx) 0.510
  [96/288] seed 11 ema-rnd  dF1 10.7  p(idx) 0.512
  [97/288] seed 12 off  dF1 9.1  p(idx) 0.000
  [98/288] seed 12 oracle  dF1 80.6  p(idx) 1.000
  [100/288] seed 12 ear-rnd  dF1 17.4  p(idx) 0.758
  [99/288] seed 12 ear  dF1 15.9  p(idx) 0.701
  [101/288] seed 12 ear-deaf  dF1 29.9  p(idx) 0.628
  [102/288] seed 12 ear-deaf-rnd  dF1 2.5  p(idx) 0.799
  [103/288] seed 12 ema  dF1 10.1  p(idx) 0.884
  [104/288] seed 12 ema-rnd  dF1 15.8  p(idx) 0.881
  [105/288] seed 13 off  dF1 9.5  p(idx) 0.000
  [109/288] seed 13 ear-deaf  dF1 28.7  p(idx) 0.729
  [106/288] seed 13 oracle  dF1 11.6  p(idx) 1.000
  [108/288] seed 13 ear-rnd  dF1 15.8  p(idx) 0.790
  [107/288] seed 13 ear  dF1 26.6  p(idx) 0.812
  [111/288] seed 13 ema  dF1 24.0  p(idx) 0.885
  [110/288] seed 13 ear-deaf-rnd  dF1 26.0  p(idx) 0.808
  [113/288] seed 14 off  dF1 37.5  p(idx) 0.000
  [116/288] seed 14 ear-rnd  dF1 5.7  p(idx) 0.759
  [112/288] seed 13 ema-rnd  dF1 5.2  p(idx) 0.891
  [115/288] seed 14 ear  dF1 32.5  p(idx) 0.741
  [117/288] seed 14 ear-deaf  dF1 25.8  p(idx) 0.656
  [118/288] seed 14 ear-deaf-rnd  dF1 5.1  p(idx) 0.795
  [114/288] seed 14 oracle  dF1 102.0  p(idx) 1.000
  [119/288] seed 14 ema  dF1 67.9  p(idx) 0.865
  [120/288] seed 14 ema-rnd  dF1 5.4  p(idx) 0.891
  [121/288] seed 15 off  dF1 3.3  p(idx) 0.000
  [125/288] seed 15 ear-deaf  dF1 20.6  p(idx) 0.813
  [124/288] seed 15 ear-rnd  dF1 14.6  p(idx) 0.777
  [122/288] seed 15 oracle  dF1 87.1  p(idx) 1.000
  [126/288] seed 15 ear-deaf-rnd  dF1 2.4  p(idx) 0.814
  [123/288] seed 15 ear  dF1 43.1  p(idx) 0.725
  [128/288] seed 15 ema-rnd  dF1 72.4  p(idx) 0.882
  [131/288] seed 16 ear  dF1 45.8  p(idx) 0.734
  [127/288] seed 15 ema  dF1 6.3  p(idx) 0.867
  [129/288] seed 16 off  dF1 66.5  p(idx) 0.000
  [130/288] seed 16 oracle  dF1 60.4  p(idx) 1.000
  [134/288] seed 16 ear-deaf-rnd  dF1 97.5  p(idx) 0.834
  [132/288] seed 16 ear-rnd  dF1 49.0  p(idx) 0.802
  [136/288] seed 16 ema-rnd  dF1 88.9  p(idx) 0.892
  [135/288] seed 16 ema  dF1 109.6  p(idx) 0.887
  [137/288] seed 17 off  dF1 1.8  p(idx) 0.000
  [133/288] seed 16 ear-deaf  dF1 39.8  p(idx) 0.751
  [138/288] seed 17 oracle  dF1 98.9  p(idx) 1.000
  [139/288] seed 17 ear  dF1 3.9  p(idx) 0.763
  [140/288] seed 17 ear-rnd  dF1 34.5  p(idx) 0.773
  [142/288] seed 17 ear-deaf-rnd  dF1 11.1  p(idx) 0.784
  [141/288] seed 17 ear-deaf  dF1 43.7  p(idx) 0.769
  [144/288] seed 17 ema-rnd  dF1 35.7  p(idx) 0.892
  [143/288] seed 17 ema  dF1 64.0  p(idx) 0.884
  [146/288] seed 18 oracle  dF1 78.0  p(idx) 1.000
  [145/288] seed 18 off  dF1 71.2  p(idx) 0.000
  [147/288] seed 18 ear  dF1 37.0  p(idx) 0.737
  [148/288] seed 18 ear-rnd  dF1 30.8  p(idx) 0.797
  [149/288] seed 18 ear-deaf  dF1 55.3  p(idx) 0.588
  [150/288] seed 18 ear-deaf-rnd  dF1 14.7  p(idx) 0.762
  [151/288] seed 18 ema  dF1 59.8  p(idx) 0.877
  [153/288] seed 19 off  dF1 17.1  p(idx) 0.000
  [152/288] seed 18 ema-rnd  dF1 13.7  p(idx) 0.886
  [154/288] seed 19 oracle  dF1 42.5  p(idx) 1.000
  [157/288] seed 19 ear-deaf  dF1 7.7  p(idx) 0.656
  [156/288] seed 19 ear-rnd  dF1 25.1  p(idx) 0.765
  [155/288] seed 19 ear  dF1 27.4  p(idx) 0.764
  [158/288] seed 19 ear-deaf-rnd  dF1 6.8  p(idx) 0.807
  [160/288] seed 19 ema-rnd  dF1 15.0  p(idx) 0.886
  [161/288] seed 20 off  dF1 84.6  p(idx) 0.000
  [162/288] seed 20 oracle  dF1 118.9  p(idx) 1.000
  [159/288] seed 19 ema  dF1 11.6  p(idx) 0.890
  [163/288] seed 20 ear  dF1 42.4  p(idx) 0.592
  [164/288] seed 20 ear-rnd  dF1 32.1  p(idx) 0.773
  [166/288] seed 20 ear-deaf-rnd  dF1 10.1  p(idx) 0.808
  [165/288] seed 20 ear-deaf  dF1 43.4  p(idx) 0.641
  [168/288] seed 20 ema-rnd  dF1 11.9  p(idx) 0.889
  [169/288] seed 21 off  dF1 9.0  p(idx) 0.000
  [170/288] seed 21 oracle  dF1 57.0  p(idx) 1.000
  [167/288] seed 20 ema  dF1 76.6  p(idx) 0.888
  [172/288] seed 21 ear-rnd  dF1 0.8  p(idx) 0.795
  [171/288] seed 21 ear  dF1 34.6  p(idx) 0.738
  [173/288] seed 21 ear-deaf  dF1 17.0  p(idx) 0.794
  [174/288] seed 21 ear-deaf-rnd  dF1 21.5  p(idx) 0.825
  [175/288] seed 21 ema  dF1 36.3  p(idx) 0.882
  [176/288] seed 21 ema-rnd  dF1 36.0  p(idx) 0.891
  [178/288] seed 22 oracle  dF1 95.6  p(idx) 1.000
  [177/288] seed 22 off  dF1 43.5  p(idx) 0.000
  [179/288] seed 22 ear  dF1 1.7  p(idx) 0.769
  [181/288] seed 22 ear-deaf  dF1 15.2  p(idx) 0.700
  [180/288] seed 22 ear-rnd  dF1 5.0  p(idx) 0.764
  [182/288] seed 22 ear-deaf-rnd  dF1 3.5  p(idx) 0.789
  [183/288] seed 22 ema  dF1 57.1  p(idx) 0.886
  [186/288] seed 23 oracle  dF1 68.0  p(idx) 1.000
  [185/288] seed 23 off  dF1 126.4  p(idx) 0.000
  [188/288] seed 23 ear-rnd  dF1 13.9  p(idx) 0.757
  [187/288] seed 23 ear  dF1 75.4  p(idx) 0.585
  [184/288] seed 22 ema-rnd  dF1 6.4  p(idx) 0.889
  [190/288] seed 23 ear-deaf-rnd  dF1 17.5  p(idx) 0.766
  [189/288] seed 23 ear-deaf  dF1 38.6  p(idx) 0.793
  [191/288] seed 23 ema  dF1 42.6  p(idx) 0.876
  [192/288] seed 23 ema-rnd  dF1 32.6  p(idx) 0.883
  [193/288] seed 24 off  dF1 23.6  p(idx) 0.000
  [194/288] seed 24 oracle  dF1 97.8  p(idx) 1.000
  [195/288] seed 24 ear  dF1 91.9  p(idx) 0.590
  [197/288] seed 24 ear-deaf  dF1 51.0  p(idx) 0.664
  [198/288] seed 24 ear-deaf-rnd  dF1 1.8  p(idx) 0.796
  [196/288] seed 24 ear-rnd  dF1 29.0  p(idx) 0.725
  [199/288] seed 24 ema  dF1 41.9  p(idx) 0.500
  [201/288] seed 25 off  dF1 27.4  p(idx) 0.000
  [203/288] seed 25 ear  dF1 25.6  p(idx) 0.685
  [200/288] seed 24 ema-rnd  dF1 32.2  p(idx) 0.882
  [205/288] seed 25 ear-deaf  dF1 17.4  p(idx) 0.818
  [204/288] seed 25 ear-rnd  dF1 27.7  p(idx) 0.783
  [202/288] seed 25 oracle  dF1 64.9  p(idx) 1.000
  [207/288] seed 25 ema  dF1 52.9  p(idx) 0.884
  [206/288] seed 25 ear-deaf-rnd  dF1 34.9  p(idx) 0.811
  [208/288] seed 25 ema-rnd  dF1 7.0  p(idx) 0.891
  [209/288] seed 26 off  dF1 34.2  p(idx) 0.000
  [210/288] seed 26 oracle  dF1 62.6  p(idx) 1.000
  [213/288] seed 26 ear-deaf  dF1 9.6  p(idx) 0.661
  [214/288] seed 26 ear-deaf-rnd  dF1 15.2  p(idx) 0.798
  [211/288] seed 26 ear  dF1 49.5  p(idx) 0.669
  [212/288] seed 26 ear-rnd  dF1 3.4  p(idx) 0.772
  [216/288] seed 26 ema-rnd  dF1 21.8  p(idx) 0.890
  [215/288] seed 26 ema  dF1 81.2  p(idx) 0.881
  [218/288] seed 27 oracle  dF1 117.4  p(idx) 1.000
  [217/288] seed 27 off  dF1 14.6  p(idx) 0.000
  [221/288] seed 27 ear-deaf  dF1 50.8  p(idx) 0.611
  [220/288] seed 27 ear-rnd  dF1 45.7  p(idx) 0.774
  [222/288] seed 27 ear-deaf-rnd  dF1 44.5  p(idx) 0.776
  [219/288] seed 27 ear  dF1 21.9  p(idx) 0.713
  [224/288] seed 27 ema-rnd  dF1 7.3  p(idx) 0.507
  [223/288] seed 27 ema  dF1 24.5  p(idx) 0.500
  [225/288] seed 28 off  dF1 3.7  p(idx) 0.000
  [226/288] seed 28 oracle  dF1 75.3  p(idx) 1.000
  [228/288] seed 28 ear-rnd  dF1 18.9  p(idx) 0.773
  [229/288] seed 28 ear-deaf  dF1 18.9  p(idx) 0.710
  [230/288] seed 28 ear-deaf-rnd  dF1 10.6  p(idx) 0.776
  [232/288] seed 28 ema-rnd  dF1 16.4  p(idx) 0.871
  [231/288] seed 28 ema  dF1 69.9  p(idx) 0.885
  [227/288] seed 28 ear  dF1 15.7  p(idx) 0.670
  [233/288] seed 29 off  dF1 21.6  p(idx) 0.000
  [234/288] seed 29 oracle  dF1 83.7  p(idx) 1.000
  [235/288] seed 29 ear  dF1 44.1  p(idx) 0.761
  [237/288] seed 29 ear-deaf  dF1 43.1  p(idx) 0.671
  [238/288] seed 29 ear-deaf-rnd  dF1 23.8  p(idx) 0.803
  [236/288] seed 29 ear-rnd  dF1 19.1  p(idx) 0.780
  [241/288] seed 30 off  dF1 14.4  p(idx) 0.000
  [239/288] seed 29 ema  dF1 24.2  p(idx) 0.866
  [240/288] seed 29 ema-rnd  dF1 21.3  p(idx) 0.880
  [242/288] seed 30 oracle  dF1 78.3  p(idx) 1.000
  [243/288] seed 30 ear  dF1 10.8  p(idx) 0.777
  [246/288] seed 30 ear-deaf-rnd  dF1 10.0  p(idx) 0.811
  [245/288] seed 30 ear-deaf  dF1 31.0  p(idx) 0.753
  [244/288] seed 30 ear-rnd  dF1 36.0  p(idx) 0.779
  [247/288] seed 30 ema  dF1 52.2  p(idx) 0.890
  [248/288] seed 30 ema-rnd  dF1 72.2  p(idx) 0.849
  [249/288] seed 31 off  dF1 20.9  p(idx) 0.000
  [250/288] seed 31 oracle  dF1 110.6  p(idx) 1.000
  [253/288] seed 31 ear-deaf  dF1 33.5  p(idx) 0.717
  [254/288] seed 31 ear-deaf-rnd  dF1 12.7  p(idx) 0.778
  [251/288] seed 31 ear  dF1 93.5  p(idx) 0.632
  [252/288] seed 31 ear-rnd  dF1 27.0  p(idx) 0.713
  [256/288] seed 31 ema-rnd  dF1 2.4  p(idx) 0.880
  [257/288] seed 32 off  dF1 26.6  p(idx) 0.000
  [255/288] seed 31 ema  dF1 73.4  p(idx) 0.513
  [258/288] seed 32 oracle  dF1 69.6  p(idx) 1.000
  [261/288] seed 32 ear-deaf  dF1 38.7  p(idx) 0.736
  [259/288] seed 32 ear  dF1 30.3  p(idx) 0.682
  [260/288] seed 32 ear-rnd  dF1 18.4  p(idx) 0.758
  [262/288] seed 32 ear-deaf-rnd  dF1 2.7  p(idx) 0.774
  [263/288] seed 32 ema  dF1 29.2  p(idx) 0.513
  [264/288] seed 32 ema-rnd  dF1 27.6  p(idx) 0.890
  [265/288] seed 33 off  dF1 0.5  p(idx) 0.000
  [266/288] seed 33 oracle  dF1 46.6  p(idx) 1.000
  [268/288] seed 33 ear-rnd  dF1 6.9  p(idx) 0.776
  [267/288] seed 33 ear  dF1 26.7  p(idx) 0.710
  [269/288] seed 33 ear-deaf  dF1 34.8  p(idx) 0.595
  [270/288] seed 33 ear-deaf-rnd  dF1 1.2  p(idx) 0.777
  [271/288] seed 33 ema  dF1 81.8  p(idx) 0.872
  [272/288] seed 33 ema-rnd  dF1 2.6  p(idx) 0.870
  [273/288] seed 34 off  dF1 3.9  p(idx) 0.000
  [274/288] seed 34 oracle  dF1 53.6  p(idx) 1.000
  [276/288] seed 34 ear-rnd  dF1 8.3  p(idx) 0.751
  [275/288] seed 34 ear  dF1 22.7  p(idx) 0.740
  [278/288] seed 34 ear-deaf-rnd  dF1 6.9  p(idx) 0.798
  [277/288] seed 34 ear-deaf  dF1 29.5  p(idx) 0.722
  [279/288] seed 34 ema  dF1 35.4  p(idx) 0.516
  [280/288] seed 34 ema-rnd  dF1 28.1  p(idx) 0.887
  [281/288] seed 35 off  dF1 3.6  p(idx) 0.000
  [284/288] seed 35 ear-rnd  dF1 13.3  p(idx) 0.743
  [282/288] seed 35 oracle  dF1 56.9  p(idx) 1.000
  [283/288] seed 35 ear  dF1 26.5  p(idx) 0.790
  [285/288] seed 35 ear-deaf  dF1 24.4  p(idx) 0.553
  [287/288] seed 35 ema  dF1 27.4  p(idx) 0.857
  [288/288] seed 35 ema-rnd  dF1 6.0  p(idx) 0.890
  [286/288] seed 35 ear-deaf-rnd  dF1 50.7  p(idx) 0.820
experiment: ctxself
  instrument        ctxself   trial seed 00000000013579d6   1214 trials per arm
                    another probe is another trial sequence: its numbers
                    are not comparable with these (~0.05 at 300 trials)
  question          `areax` proved a context-indexed bias works, keyed on
                    an index the HOST wrote from the word label. Can the
                    creature derive that index for ITSELF? v52 read it
                    off the larynx and was refused; source 4 reads the
                    ear's own rate EMA, which is what replicated.
  the bar           an index right with probability p writes the other
                    table 1-p of the time, so the conditional part scales
                    as (2p - 1). `ctxsrc` bounds p at 0.740 for ANY readout
                    of the larynx in this window, which is 48% of what the
                    oracle index bought. A FIXED partition can only do
                    worse, so that is a ceiling and not a prediction.
  arm               all four get the same host drive on the context
                    module, so `self` and `oracle` differ in ONE field.

  seed   arm       dF1 (Hz)  p(idx)   busiest  table div  ev/tri  change
  0      off       0.1       0.000    0.000    0.0000     0.0     +1.4
  0      oracle    67.4      1.000    0.500    0.0256     0.0     +16.8
  0      ear       1.3       0.711    0.563    0.0240     2.7     -4.4
  0      ear-rnd   18.5      0.722    0.573    0.0231     3.0     +0.3
  0      ear-deaf  38.3      0.725    0.571    0.0243     2.1     +7.2
  0      ear-deaf-rnd 26.2      0.799    0.539    0.0281     2.6     +0.2
  0      ema       10.1      0.504    0.980    0.0199     1.4     -4.3
  0      ema-rnd   20.5      0.878    0.616    0.0300     3.4     +0.8
  1      off       94.2      0.000    0.000    0.0000     0.0     +2.4
  1      oracle    93.1      1.000    0.500    0.0250     0.0     +19.6
  1      ear       37.4      0.747    0.631    0.0262     2.8     +5.6
  1      ear-rnd   0.8       0.773    0.604    0.0257     3.1     -1.2
  1      ear-deaf  71.7      0.700    0.546    0.0250     2.5     +0.2
  1      ear-deaf-rnd 16.0      0.830    0.501    0.0240     3.0     -1.1
  1      ema       98.7      0.892    0.608    0.0281     2.7     +17.2
  1      ema-rnd   1.0       0.887    0.613    0.0233     4.3     -0.2
  2      off       29.4      0.000    0.000    0.0000     0.0     -2.0
  2      oracle    115.6     1.000    0.500    0.0270     0.0     +14.6
  2      ear       7.3       0.729    0.569    0.0274     2.9     -6.0
  2      ear-rnd   6.7       0.788    0.538    0.0251     3.3     +0.3
  2      ear-deaf  18.3      0.678    0.569    0.0258     2.2     -1.2
  2      ear-deaf-rnd 24.1      0.794    0.616    0.0261     2.3     +0.0
  2      ema       108.0     0.891    0.609    0.0301     3.5     +18.7
  2      ema-rnd   56.0      0.891    0.609    0.0255     3.6     +1.2
  3      off       84.0      0.000    0.000    0.0000     0.0     +9.0
  3      oracle    96.7      1.000    0.500    0.0270     0.0     +18.2
  3      ear       25.6      0.761    0.592    0.0250     3.2     +6.1
  3      ear-rnd   0.4       0.769    0.643    0.0240     4.2     -1.0
  3      ear-deaf  27.3      0.762    0.684    0.0247     2.4     -1.3
  3      ear-deaf-rnd 11.3      0.799    0.647    0.0248     2.4     +0.3
  3      ema       54.4      0.884    0.616    0.0265     2.3     +10.2
  3      ema-rnd   4.8       0.891    0.609    0.0274     3.0     +1.0
  4      off       14.5      0.000    0.000    0.0000     0.0     -1.3
  4      oracle    69.1      1.000    0.500    0.0250     0.0     +13.1
  4      ear       24.5      0.680    0.653    0.0284     2.4     +5.2
  4      ear-rnd   25.8      0.727    0.649    0.0237     3.1     -0.8
  4      ear-deaf  5.2       0.773    0.670    0.0247     2.6     +4.6
  4      ear-deaf-rnd 16.0      0.739    0.677    0.0289     2.1     +1.7
  4      ema       15.8      0.888    0.612    0.0257     2.8     +17.8
  4      ema-rnd   1.8       0.881    0.619    0.0262     3.2     -0.2
  5      off       42.6      0.000    0.000    0.0000     0.0     +4.5
  5      oracle    104.3     1.000    0.500    0.0270     0.0     +18.9
  5      ear       62.0      0.667    0.592    0.0247     2.4     -6.5
  5      ear-rnd   5.8       0.780    0.637    0.0268     3.5     +0.6
  5      ear-deaf  66.2      0.740    0.698    0.0234     2.4     +3.7
  5      ear-deaf-rnd 64.0      0.809    0.664    0.0276     2.3     -0.5
  5      ema       89.9      0.890    0.610    0.0297     2.9     +13.4
  5      ema-rnd   34.3      0.891    0.609    0.0262     3.3     +1.5
  6      off       6.1       0.000    0.000    0.0000     0.0     +2.6
  6      oracle    82.7      1.000    0.500    0.0251     0.0     +14.5
  6      ear       17.1      0.574    0.694    0.0194     1.2     -6.9
  6      ear-rnd   31.3      0.750    0.709    0.0255     3.2     +0.5
  6      ear-deaf  4.9       0.573    0.821    0.0240     1.2     -11.5
  6      ear-deaf-rnd 5.2       0.770    0.693    0.0305     2.7     +0.5
  6      ema       81.5      0.501    0.983    0.0183     1.3     +11.6
  6      ema-rnd   15.6      0.501    0.976    0.0272     3.4     +0.2
  7      off       46.0      0.000    0.000    0.0000     0.0     +2.0
  7      oracle    72.0      1.000    0.500    0.0277     0.0     +13.2
  7      ear       35.2      0.677    0.605    0.0238     2.1     -7.4
  7      ear-rnd   7.2       0.802    0.511    0.0264     3.6     +0.6
  7      ear-deaf  38.4      0.781    0.588    0.0252     2.4     -0.1
  7      ear-deaf-rnd 7.0       0.799    0.608    0.0240     2.0     +0.2
  7      ema       48.8      0.837    0.663    0.0245     2.4     +9.9
  7      ema-rnd   4.8       0.893    0.607    0.0259     3.2     -0.7
  8      off       29.2      0.000    0.000    0.0000     0.0     -3.1
  8      oracle    105.7     1.000    0.500    0.0263     0.0     +9.8
  8      ear       12.6      0.683    0.666    0.0222     2.9     +3.4
  8      ear-rnd   18.6      0.745    0.678    0.0268     3.2     +1.8
  8      ear-deaf  18.3      0.713    0.579    0.0270     2.5     +6.2
  8      ear-deaf-rnd 17.1      0.747    0.537    0.0291     2.8     +2.0
  8      ema       36.4      0.511    0.989    0.0271     2.6     +8.9
  8      ema-rnd   63.2      0.860    0.630    0.0322     3.4     +1.2
  9      off       7.5       0.000    0.000    0.0000     0.0     +3.1
  9      oracle    67.8      1.000    0.500    0.0287     0.0     +12.6
  9      ear       21.8      0.744    0.501    0.0236     4.1     +3.5
  9      ear-rnd   7.0       0.727    0.564    0.0253     3.9     +1.3
  9      ear-deaf  15.2      0.652    0.706    0.0235     2.1     -2.1
  9      ear-deaf-rnd 6.7       0.776    0.606    0.0287     3.5     -0.3
  9      ema       21.1      0.860    0.639    0.0262     2.7     +9.2
  9      ema-rnd   3.1       0.884    0.616    0.0235     3.5     +0.7
  10     off       4.3       0.000    0.000    0.0000     0.0     +0.5
  10     oracle    36.8      1.000    0.500    0.0283     0.0     +9.6
  10     ear       0.0       0.710    0.604    0.0263     2.7     +2.2
  10     ear-rnd   23.0      0.768    0.589    0.0264     3.6     +0.5
  10     ear-deaf  12.0      0.626    0.637    0.0266     2.5     -0.2
  10     ear-deaf-rnd 10.1      0.810    0.652    0.0262     2.3     +0.4
  10     ema       37.8      0.879    0.621    0.0286     2.8     +23.3
  10     ema-rnd   20.0      0.514    0.986    0.0250     3.9     +0.4
  11     off       19.4      0.000    0.000    0.0000     0.0     +1.9
  11     oracle    71.4      1.000    0.500    0.0296     0.0     +12.7
  11     ear       20.4      0.693    0.668    0.0237     2.6     +0.5
  11     ear-rnd   5.2       0.700    0.714    0.0273     2.8     +0.1
  11     ear-deaf  22.4      0.757    0.723    0.0273     2.7     -0.4
  11     ear-deaf-rnd 44.3      0.781    0.694    0.0268     2.6     +0.5
  11     ema       15.6      0.510    0.990    0.0244     2.4     +0.6
  11     ema-rnd   10.7      0.512    0.988    0.0250     3.9     +0.1
  12     off       9.1       0.000    0.000    0.0000     0.0     +1.4
  12     oracle    80.6      1.000    0.500    0.0292     0.0     +18.3
  12     ear       15.9      0.701    0.734    0.0237     3.2     +7.4
  12     ear-rnd   17.4      0.758    0.722    0.0257     3.5     -0.5
  12     ear-deaf  29.9      0.628    0.798    0.0255     2.0     +24.1
  12     ear-deaf-rnd 2.5       0.799    0.685    0.0263     2.5     +0.5
  12     ema       10.1      0.884    0.616    0.0253     2.3     +2.2
  12     ema-rnd   15.8      0.881    0.619    0.0231     3.4     +0.1
  13     off       9.5       0.000    0.000    0.0000     0.0     -0.7
  13     oracle    11.6      1.000    0.500    0.0311     0.0     +13.6
  13     ear       26.6      0.812    0.644    0.0260     4.1     +10.0
  13     ear-rnd   15.8      0.790    0.698    0.0241     3.7     -0.4
  13     ear-deaf  28.7      0.729    0.744    0.0260     2.0     +0.1
  13     ear-deaf-rnd 26.0      0.808    0.674    0.0250     2.9     +0.4
  13     ema       24.0      0.885    0.615    0.0283     2.7     +26.3
  13     ema-rnd   5.2       0.891    0.609    0.0270     3.4     +0.4
  14     off       37.5      0.000    0.000    0.0000     0.0     +5.0
  14     oracle    102.0     1.000    0.500    0.0257     0.0     +29.3
  14     ear       32.5      0.741    0.535    0.0215     4.3     +5.9
  14     ear-rnd   5.7       0.759    0.581    0.0268     3.5     +0.3
  14     ear-deaf  25.8      0.656    0.674    0.0249     2.2     +4.4
  14     ear-deaf-rnd 5.1       0.795    0.620    0.0248     2.6     +0.6
  14     ema       67.9      0.865    0.611    0.0260     3.0     +15.5
  14     ema-rnd   5.4       0.891    0.609    0.0302     3.7     +0.5
  15     off       3.3       0.000    0.000    0.0000     0.0     -0.3
  15     oracle    87.1      1.000    0.500    0.0291     0.0     +18.4
  15     ear       43.1      0.725    0.595    0.0255     3.2     +8.7
  15     ear-rnd   14.6      0.777    0.626    0.0253     2.8     +1.0
  15     ear-deaf  20.6      0.813    0.523    0.0254     2.8     +9.8
  15     ear-deaf-rnd 2.4       0.814    0.508    0.0244     2.7     -0.4
  15     ema       6.3       0.867    0.617    0.0230     2.7     +11.9
  15     ema-rnd   72.4      0.882    0.618    0.0217     3.5     +0.5
  16     off       66.5      0.000    0.000    0.0000     0.0     +2.2
  16     oracle    60.4      1.000    0.500    0.0297     0.0     +14.5
  16     ear       45.8      0.734    0.670    0.0234     2.8     -2.0
  16     ear-rnd   49.0      0.802    0.590    0.0247     3.7     +1.3
  16     ear-deaf  39.8      0.751    0.731    0.0270     2.3     -3.3
  16     ear-deaf-rnd 97.5      0.834    0.665    0.0292     2.5     +2.0
  16     ema       109.6     0.887    0.613    0.0251     2.4     +17.0
  16     ema-rnd   88.9      0.892    0.608    0.0240     3.6     +0.6
  17     off       1.8       0.000    0.000    0.0000     0.0     +1.0
  17     oracle    98.9      1.000    0.500    0.0289     0.0     +13.6
  17     ear       3.9       0.763    0.569    0.0226     3.4     +5.9
  17     ear-rnd   34.5      0.773    0.592    0.0281     3.2     +0.8
  17     ear-deaf  43.7      0.769    0.559    0.0304     2.4     +13.3
  17     ear-deaf-rnd 11.1      0.784    0.558    0.0262     3.0     +0.1
  17     ema       64.0      0.884    0.616    0.0268     2.6     +12.2
  17     ema-rnd   35.7      0.892    0.608    0.0308     3.1     +0.5
  18     off       71.2      0.000    0.000    0.0000     0.0     +7.9
  18     oracle    78.0      1.000    0.500    0.0257     0.0     +16.1
  18     ear       37.0      0.737    0.594    0.0238     3.7     +5.3
  18     ear-rnd   30.8      0.797    0.603    0.0219     3.4     +0.5
  18     ear-deaf  55.3      0.588    0.762    0.0237     1.3     -0.1
  18     ear-deaf-rnd 14.7      0.762    0.623    0.0286     2.6     +0.2
  18     ema       59.8      0.877    0.623    0.0286     2.6     +13.7
  18     ema-rnd   13.7      0.886    0.605    0.0286     3.5     +0.2
  19     off       17.1      0.000    0.000    0.0000     0.0     -1.5
  19     oracle    42.5      1.000    0.500    0.0260     0.0     +5.5
  19     ear       27.4      0.764    0.622    0.0274     4.1     +10.9
  19     ear-rnd   25.1      0.765    0.625    0.0258     4.4     -0.6
  19     ear-deaf  7.7       0.656    0.669    0.0284     2.6     -0.5
  19     ear-deaf-rnd 6.8       0.807    0.659    0.0283     2.4     +0.6
  19     ema       11.6      0.890    0.608    0.0266     3.0     +7.8
  19     ema-rnd   15.0      0.886    0.613    0.0225     3.5     +0.4
  20     off       84.6      0.000    0.000    0.0000     0.0     +9.6
  20     oracle    118.9     1.000    0.500    0.0278     0.0     +13.7
  20     ear       42.4      0.592    0.502    0.0249     2.8     -2.7
  20     ear-rnd   32.1      0.773    0.587    0.0251     3.5     +1.0
  20     ear-deaf  43.4      0.641    0.677    0.0241     1.9     +1.2
  20     ear-deaf-rnd 10.1      0.808    0.602    0.0239     2.4     +0.6
  20     ema       76.6      0.888    0.612    0.0294     2.1     +9.9
  20     ema-rnd   11.9      0.889    0.611    0.0256     3.8     -0.6
  21     off       9.0       0.000    0.000    0.0000     0.0     +10.1
  21     oracle    57.0      1.000    0.500    0.0334     0.0     -5.1
  21     ear       34.6      0.738    0.619    0.0252     3.0     +6.3
  21     ear-rnd   0.8       0.795    0.593    0.0242     3.4     +0.1
  21     ear-deaf  17.0      0.794    0.589    0.0273     2.5     +8.4
  21     ear-deaf-rnd 21.5      0.825    0.556    0.0291     2.9     +0.8
  21     ema       36.3      0.882    0.616    0.0329     2.8     +11.9
  21     ema-rnd   36.0      0.891    0.607    0.0260     3.7     -0.6
  22     off       43.5      0.000    0.000    0.0000     0.0     +3.8
  22     oracle    95.6      1.000    0.500    0.0273     0.0     +19.2
  22     ear       1.7       0.769    0.521    0.0248     2.9     +8.8
  22     ear-rnd   5.0       0.764    0.587    0.0254     3.1     -0.3
  22     ear-deaf  15.2      0.700    0.625    0.0278     1.8     +6.2
  22     ear-deaf-rnd 3.5       0.789    0.668    0.0268     2.3     +0.1
  22     ema       57.1      0.886    0.610    0.0277     2.3     +21.3
  22     ema-rnd   6.4       0.889    0.609    0.0282     2.8     +0.4
  23     off       126.4     0.000    0.000    0.0000     0.0     +3.1
  23     oracle    68.0      1.000    0.500    0.0314     0.0     +16.9
  23     ear       75.4      0.585    0.523    0.0242     1.9     +11.9
  23     ear-rnd   13.9      0.757    0.594    0.0264     3.7     -0.5
  23     ear-deaf  38.6      0.793    0.595    0.0270     3.6     +2.5
  23     ear-deaf-rnd 17.5      0.766    0.585    0.0252     2.0     -0.1
  23     ema       42.6      0.876    0.624    0.0256     1.9     +26.9
  23     ema-rnd   32.6      0.883    0.617    0.0308     3.5     +0.7
  24     off       23.6      0.000    0.000    0.0000     0.0     -2.4
  24     oracle    97.8      1.000    0.500    0.0306     0.0     +13.6
  24     ear       91.9      0.590    0.666    0.0235     1.6     +1.1
  24     ear-rnd   29.0      0.725    0.504    0.0290     3.3     +1.4
  24     ear-deaf  51.0      0.664    0.606    0.0254     2.8     -4.0
  24     ear-deaf-rnd 1.8       0.796    0.530    0.0244     2.6     +0.3
  24     ema       41.9      0.500    0.980    0.0226     2.0     -3.2
  24     ema-rnd   32.2      0.882    0.615    0.0247     3.4     +0.6
  25     off       27.4      0.000    0.000    0.0000     0.0     +6.3
  25     oracle    64.9      1.000    0.500    0.0262     0.0     +16.3
  25     ear       25.6      0.685    0.666    0.0243     3.2     +8.9
  25     ear-rnd   27.7      0.783    0.543    0.0260     3.6     +0.9
  25     ear-deaf  17.4      0.818    0.593    0.0247     3.2     +13.2
  25     ear-deaf-rnd 34.9      0.811    0.594    0.0247     3.4     +1.6
  25     ema       52.9      0.884    0.616    0.0258     3.0     +17.7
  25     ema-rnd   7.0       0.891    0.609    0.0251     3.4     +1.1
  26     off       34.2      0.000    0.000    0.0000     0.0     +16.9
  26     oracle    62.6      1.000    0.500    0.0259     0.0     +18.5
  26     ear       49.5      0.669    0.505    0.0223     2.1     +4.3
  26     ear-rnd   3.4       0.772    0.588    0.0240     3.6     +1.5
  26     ear-deaf  9.6       0.661    0.684    0.0242     2.1     -1.0
  26     ear-deaf-rnd 15.2      0.798    0.586    0.0239     2.6     -0.1
  26     ema       81.2      0.881    0.619    0.0232     1.5     +1.2
  26     ema-rnd   21.8      0.890    0.608    0.0269     3.5     +1.2
  27     off       14.6      0.000    0.000    0.0000     0.0     -1.5
  27     oracle    117.4     1.000    0.500    0.0300     0.0     +12.4
  27     ear       21.9      0.713    0.588    0.0280     2.8     +2.8
  27     ear-rnd   45.7      0.774    0.570    0.0258     3.6     -0.3
  27     ear-deaf  50.8      0.611    0.793    0.0247     1.9     -2.3
  27     ear-deaf-rnd 44.5      0.776    0.595    0.0272     2.5     +0.9
  27     ema       24.5      0.500    0.996    0.0236     3.1     -2.7
  27     ema-rnd   7.3       0.507    0.989    0.0210     3.8     +0.1
  28     off       3.7       0.000    0.000    0.0000     0.0     +11.9
  28     oracle    75.3      1.000    0.500    0.0285     0.0     +24.5
  28     ear       15.7      0.670    0.765    0.0272     2.7     -0.1
  28     ear-rnd   18.9      0.773    0.679    0.0232     4.3     +0.7
  28     ear-deaf  18.9      0.710    0.741    0.0243     2.2     -3.2
  28     ear-deaf-rnd 10.6      0.776    0.702    0.0280     2.4     +0.4
  28     ema       69.9      0.885    0.615    0.0265     2.1     +24.2
  28     ema-rnd   16.4      0.871    0.629    0.0211     3.3     +1.2
  29     off       21.6      0.000    0.000    0.0000     0.0     +2.5
  29     oracle    83.7      1.000    0.500    0.0310     0.0     +11.0
  29     ear       44.1      0.761    0.661    0.0263     3.2     +8.1
  29     ear-rnd   19.1      0.780    0.627    0.0250     4.3     +0.2
  29     ear-deaf  43.1      0.671    0.665    0.0261     1.7     +5.8
  29     ear-deaf-rnd 23.8      0.803    0.666    0.0237     2.6     +1.3
  29     ema       24.2      0.866    0.610    0.0289     3.2     +8.1
  29     ema-rnd   21.3      0.880    0.620    0.0211     2.7     +0.5
  30     off       14.4      0.000    0.000    0.0000     0.0     +8.6
  30     oracle    78.3      1.000    0.500    0.0293     0.0     +9.0
  30     ear       10.8      0.777    0.512    0.0251     3.2     +5.0
  30     ear-rnd   36.0      0.779    0.604    0.0275     3.4     +0.8
  30     ear-deaf  31.0      0.753    0.586    0.0240     2.9     +13.4
  30     ear-deaf-rnd 10.0      0.811    0.556    0.0267     3.0     +0.3
  30     ema       52.2      0.890    0.608    0.0282     2.8     +20.6
  30     ema-rnd   72.2      0.849    0.649    0.0236     3.2     +1.0
  31     off       20.9      0.000    0.000    0.0000     0.0     +5.5
  31     oracle    110.6     1.000    0.500    0.0273     0.0     +2.0
  31     ear       93.5      0.632    0.563    0.0234     1.8     +0.9
  31     ear-rnd   27.0      0.713    0.730    0.0243     2.8     +1.1
  31     ear-deaf  33.5      0.717    0.753    0.0240     2.6     +4.9
  31     ear-deaf-rnd 12.7      0.778    0.717    0.0258     3.0     +0.5
  31     ema       73.4      0.513    0.987    0.0207     2.0     +21.0
  31     ema-rnd   2.4       0.880    0.599    0.0286     3.5     +0.6
  32     off       26.6      0.000    0.000    0.0000     0.0     +6.0
  32     oracle    69.6      1.000    0.500    0.0233     0.0     +19.1
  32     ear       30.3      0.682    0.530    0.0230     1.8     -1.4
  32     ear-rnd   18.4      0.758    0.641    0.0268     3.0     +1.1
  32     ear-deaf  38.7      0.736    0.725    0.0284     2.6     +2.9
  32     ear-deaf-rnd 2.7       0.774    0.689    0.0260     2.6     +1.1
  32     ema       29.2      0.513    0.985    0.0211     1.9     -4.5
  32     ema-rnd   27.6      0.890    0.608    0.0229     3.6     +1.0
  33     off       0.5       0.000    0.000    0.0000     0.0     +3.2
  33     oracle    46.6      1.000    0.500    0.0273     0.0     +7.7
  33     ear       26.7      0.710    0.670    0.0235     3.1     +3.6
  33     ear-rnd   6.9       0.776    0.642    0.0233     3.3     +0.5
  33     ear-deaf  34.8      0.595    0.832    0.0222     1.4     -10.9
  33     ear-deaf-rnd 1.2       0.777    0.690    0.0273     2.7     +2.1
  33     ema       81.8      0.872    0.625    0.0275     2.1     +1.1
  33     ema-rnd   2.6       0.870    0.626    0.0283     3.0     +0.7
  34     off       3.9       0.000    0.000    0.0000     0.0     -4.1
  34     oracle    53.6      1.000    0.500    0.0266     0.0     +20.8
  34     ear       22.7      0.740    0.666    0.0262     4.0     +7.9
  34     ear-rnd   8.3       0.751    0.661    0.0262     3.7     +0.9
  34     ear-deaf  29.5      0.722    0.652    0.0239     1.7     +3.7
  34     ear-deaf-rnd 6.9       0.798    0.672    0.0245     2.5     -0.6
  34     ema       35.4      0.516    0.984    0.0220     2.3     +6.2
  34     ema-rnd   28.1      0.887    0.613    0.0271     3.7     +1.2
  35     off       3.6       0.000    0.000    0.0000     0.0     +5.1
  35     oracle    56.9      1.000    0.500    0.0258     0.0     +16.1
  35     ear       26.5      0.790    0.561    0.0253     3.5     +11.1
  35     ear-rnd   13.3      0.743    0.514    0.0267     3.3     +0.4
  35     ear-deaf  24.4      0.553    0.828    0.0240     1.4     +2.2
  35     ear-deaf-rnd 50.7      0.820    0.585    0.0275     3.6     +1.9
  35     ema       27.4      0.857    0.643    0.0253     3.1     +14.5
  35     ema-rnd   6.0       0.890    0.610    0.0245     3.1     +1.0

  arm       dF1 (Hz)         p(index)        busiest slice  table div     change
  off       29.2 +/- 5.1     0.000 +/- 0.000 0.000 +/- 0.000 0.0000 +/- 0.0000 +3.3 +/- 0.8
  oracle    77.8 +/- 4.1     1.000 +/- 0.000 0.500 +/- 0.000 0.0278 +/- 0.0004 +14.4 +/- 1.0
  ear       30.9 +/- 3.7     0.707 +/- 0.010 0.606 +/- 0.011 0.0246 +/- 0.0003 +3.4 +/- 0.9
  ear-rnd   18.0 +/- 2.1     0.763 +/- 0.004 0.614 +/- 0.010 0.0255 +/- 0.0003 +0.4 +/- 0.1
  ear-deaf  30.2 +/- 2.7     0.700 +/- 0.012 0.672 +/- 0.014 0.0254 +/- 0.0003 +2.7 +/- 1.1
  ear-deaf-rnd 18.9 +/- 3.3     0.793 +/- 0.004 0.623 +/- 0.010 0.0264 +/- 0.0003 +0.5 +/- 0.1
  ema       49.4 +/- 4.9     0.786 +/- 0.027 0.710 +/- 0.027 0.0258 +/- 0.0005 +11.6 +/- 1.5
  ema-rnd   22.8 +/- 3.8     0.842 +/- 0.020 0.655 +/- 0.020 0.0259 +/- 0.0005 +0.5 +/- 0.1

  can a listener tell the words apart? (held-out one-of-two, F1+F2)
    off        0.602 +/- 0.015   (shuffled 0.507, chance 0.500)
    oracle     0.909 +/- 0.027   (shuffled 0.494, chance 0.500)
    ear        0.652 +/- 0.018   (shuffled 0.505, chance 0.500)
    ear-rnd    0.637 +/- 0.014   (shuffled 0.504, chance 0.500)
    ear-deaf   0.606 +/- 0.021   (shuffled 0.504, chance 0.500)
    ear-deaf-rnd 0.627 +/- 0.022   (shuffled 0.497, chance 0.500)
    ema        0.726 +/- 0.026   (shuffled 0.496, chance 0.500)
    ema-rnd    0.678 +/- 0.028   (shuffled 0.506, chance 0.500)
    PAIRED  ema - off       +0.124 +/- 0.029, 4.3 SE, 28 of 36
    PAIRED  ema - ema-rnd   +0.048 +/- 0.028, 1.7 SE, 21 of 36

  is the utterance nearer the RIGHT word's target? (no fitting, chance 0.500)
    off        0.531 +/- 0.007
    oracle     0.560 +/- 0.008
    ear        0.517 +/- 0.004
    ear-rnd    0.500 +/- 0.001
    ear-deaf   0.519 +/- 0.004
    ear-deaf-rnd 0.501 +/- 0.001
    ema        0.566 +/- 0.008
    ema-rnd    0.501 +/- 0.001
    PAIRED  ema - off       +0.035 +/- 0.009, 3.8 SE, 27 of 36
    PAIRED  ema - ema-rnd   +0.065 +/- 0.008, 8.0 SE, 36 of 36

  did it move the RIGHT WAY along the axis between the two words?
  (centred on the creature's own mean, no labels fitted, chance 0.500)
    off        0.542 +/- 0.015    (k-way form: 0.542)
    oracle     0.856 +/- 0.015    (k-way form: 0.856)
    ear        0.626 +/- 0.013    (k-way form: 0.626)
    ear-rnd    0.514 +/- 0.018    (k-way form: 0.514)
    ear-deaf   0.604 +/- 0.016    (k-way form: 0.604)
    ear-deaf-rnd 0.495 +/- 0.022    (k-way form: 0.495)
    ema        0.698 +/- 0.018    (k-way form: 0.698)
    ema-rnd    0.527 +/- 0.030    (k-way form: 0.527)
    the k-way form reduces to the axis test at k=2: worst disagreement 0.0000
    PAIRED  ema - off       +0.156 +/- 0.017, 9.0 SE, 33 of 36
    PAIRED  ema - ema-rnd   +0.171 +/- 0.035, 4.8 SE, 28 of 36

  does the index hold up across a session? (early third -> last third)
    ear        0.694 +/- 0.011 -> 0.710 +/- 0.012   (+0.016)
    ear-rnd    0.758 +/- 0.006 -> 0.752 +/- 0.005   (-0.006)
    ear-deaf   0.721 +/- 0.014 -> 0.685 +/- 0.014   (-0.036)
    ear-deaf-rnd 0.814 +/- 0.005 -> 0.767 +/- 0.005   (-0.048)
    ema        0.793 +/- 0.027 -> 0.767 +/- 0.026   (-0.026)
    ema-rnd    0.855 +/- 0.020 -> 0.812 +/- 0.019   (-0.043)

  OWN VOICE: does cutting the acoustic self-path close the gap?
    GUARD deafness changed the creature?  0 of 36 pairs IDENTICAL   OK
    gap HEARING  ear      - ear-rnd       -0.056 +/- 0.009 (6.0 SE, n=36)
    gap DEAF     ear-deaf - ear-deaf-rnd  -0.093 +/- 0.012 (7.9 SE, n=36)
    DIFFERENCE OF GAPS  deaf - hearing     -0.037 +/- 0.015 (2.4 SE)
    deafening, TRACKING arm   ear-deaf     - ear      -0.007 +/- 0.015 (0.5 SE)
    deafening, CONTROL arm    ear-deaf-rnd - ear-rnd  +0.030 +/- 0.004 (7.1 SE)
    index levels  ear 0.707  ear-rnd 0.763  ear-deaf 0.700  ear-deaf-rnd 0.793
    POWER  a full closure moves this by 0.056; 3 x SE = 0.045  -> CAN DETECT ONE
    OWN VOICE IS REFUSED, AND THE GAP WIDENS WITHOUT IT. The test
    had the power to see a closure (3 x SE = 0.045 against the
    0.056 one would move) and the gap went the OTHER WAY instead:
    -0.037 +/- 0.015 (2.4 SE). So the creature hearing itself is not
    why its index degrades when the target tracks the word -- and
    DRIFT survives as the remaining hypothesis (MacQueen's 1/wins
    freezing prototypes under a voice that is still moving).
    WHERE THE WIDENING COMES FROM: deafening moves the CONTROL arm
    +0.030 +/- 0.004 and the TRACKING arm -0.007 +/- 0.015. Own voice is
    NOISE in the control arm, where the voice is word-independent,
    and roughly NEUTRAL in the tracking arm, where it is
    word-correlated -- and under the default kWords table `heard` is
    echo-ALIGNED (targets-fight-the-echo is regime-specific), so
    there the own voice REINFORCES the caregiver's word and cutting
    it removes signal along with the noise. At this n the widening
    is under the 3 SE bar: suggestive, not established.

  paired differences (same creature, arms differ only in genome fields)
    ear   - ear-rnd     +12.8 +/- 4.2 Hz, 3.0 SE, 23 of 36 positive
    ear   - off         +1.6 +/- 5.0 Hz, 0.3 SE, 22 of 36 positive
    ema   - ema-rnd     +26.6 +/- 5.7 Hz, 4.7 SE, 30 of 36 positive
    ema   - off         +20.2 +/- 5.4 Hz, 3.7 SE, 30 of 36 positive

  the reference here       oracle 77.8 Hz vs off 29.2 (+48.6, 5.3 SE)
  the derived index        p = 0.786 +/- 0.027, busiest slice 0.710
  ...and does it sharpen?  0.793 +/- 0.027 -> 0.767 +/- 0.026 over the session
  predicted from ctxsrc    37.3 Hz  (p <= 0.740, keeps 48%)
  predicted from THIS p    44.5 Hz  (keeps 57%)
  measured                 49.4 Hz  (+20.2 vs off, 2.0 SE)
  vs matched-marginal      22.8 Hz  (+26.6, 3.1 SE)
  PAIRED vs matched-marg   +26.6 +/- 5.7 Hz, 4.7 SE  <-- THE GATE
                           30 of 36 creatures positive
  paired vs `off`          +20.2 +/- 5.4 Hz, 3.7 SE (diagnostic)
  unpaired, for the record +26.6 (3.1 SE) vs control, +20.2 (2.0 SE) vs off

  THE CREATURE INDEXES ITSELF -- the voice depends on the word with NO
  oracle anywhere. +26.6 +/- 5.7 Hz of F1, PAIRED, against a control
  carrying the same split table and the same derived index and differing
  only in whether the target tracks the word; 30 of 36 creatures
  positive, on an index read from the larynx at 0.786. That is 42% of
  what the host-written index bought IN THIS SAME RUN, against 48%
  predicted from `ctxsrc`'s upper bound and 57% from this run's own p.
  The last oracle in the architecture is gone.
