  [13/288] seed 1 ear-deaf  dF1 71.7  p(idx) 0.700
  [14/288] seed 1 ear-deaf-rnd  dF1 16.0  p(idx) 0.830
  [5/288] seed 0 ear-deaf  dF1 38.3  p(idx) 0.725
  [6/288] seed 0 ear-deaf-rnd  dF1 26.2  p(idx) 0.799
  [1/288] seed 0 off  dF1 0.1  p(idx) 0.000
  [11/288] seed 1 ear  dF1 37.4  p(idx) 0.747
  [2/288] seed 0 oracle  dF1 67.4  p(idx) 1.000
  [4/288] seed 0 ear-rnd  dF1 18.5  p(idx) 0.722
  [10/288] seed 1 oracle  dF1 93.1  p(idx) 1.000
  [12/288] seed 1 ear-rnd  dF1 0.8  p(idx) 0.773
  [3/288] seed 0 ear  dF1 1.3  p(idx) 0.711
  [9/288] seed 1 off  dF1 94.2  p(idx) 0.000
  [7/288] seed 0 ema  dF1 10.1  p(idx) 0.504
  [8/288] seed 0 ema-rnd  dF1 20.5  p(idx) 0.878
  [17/288] seed 2 off  dF1 29.4  p(idx) 0.000
  [19/288] seed 2 ear  dF1 7.3  p(idx) 0.729
  [21/288] seed 2 ear-deaf  dF1 18.3  p(idx) 0.678
  [22/288] seed 2 ear-deaf-rnd  dF1 24.1  p(idx) 0.794
  [16/288] seed 1 ema-rnd  dF1 1.0  p(idx) 0.887
  [24/288] seed 2 ema-rnd  dF1 56.0  p(idx) 0.891
  [18/288] seed 2 oracle  dF1 115.6  p(idx) 1.000
  [23/288] seed 2 ema  dF1 108.0  p(idx) 0.891
  [15/288] seed 1 ema  dF1 98.7  p(idx) 0.892
  [26/288] seed 3 oracle  dF1 96.7  p(idx) 1.000
  [25/288] seed 3 off  dF1 84.0  p(idx) 0.000
  [27/288] seed 3 ear  dF1 25.6  p(idx) 0.761
  [20/288] seed 2 ear-rnd  dF1 6.7  p(idx) 0.788
  [28/288] seed 3 ear-rnd  dF1 0.4  p(idx) 0.769
  [29/288] seed 3 ear-deaf  dF1 27.3  p(idx) 0.762
  [30/288] seed 3 ear-deaf-rnd  dF1 11.3  p(idx) 0.799
  [31/288] seed 3 ema  dF1 54.4  p(idx) 0.884
  [33/288] seed 4 off  dF1 14.5  p(idx) 0.000
  [37/288] seed 4 ear-deaf  dF1 5.2  p(idx) 0.773
  [32/288] seed 3 ema-rnd  dF1 4.8  p(idx) 0.891
  [36/288] seed 4 ear-rnd  dF1 25.8  p(idx) 0.727
  [41/288] seed 5 off  dF1 42.6  p(idx) 0.000
  [40/288] seed 4 ema-rnd  dF1 1.8  p(idx) 0.881
  [38/288] seed 4 ear-deaf-rnd  dF1 16.0  p(idx) 0.739
  [39/288] seed 4 ema  dF1 15.8  p(idx) 0.888
  [34/288] seed 4 oracle  dF1 69.1  p(idx) 1.000
  [42/288] seed 5 oracle  dF1 104.3  p(idx) 1.000
  [35/288] seed 4 ear  dF1 24.5  p(idx) 0.680
  [43/288] seed 5 ear  dF1 62.0  p(idx) 0.667
  [45/288] seed 5 ear-deaf  dF1 66.2  p(idx) 0.740
  [46/288] seed 5 ear-deaf-rnd  dF1 64.0  p(idx) 0.809
  [48/288] seed 5 ema-rnd  dF1 34.3  p(idx) 0.891
  [44/288] seed 5 ear-rnd  dF1 5.8  p(idx) 0.780
  [47/288] seed 5 ema  dF1 89.9  p(idx) 0.890
  [49/288] seed 6 off  dF1 6.1  p(idx) 0.000
  [50/288] seed 6 oracle  dF1 82.7  p(idx) 1.000
  [53/288] seed 6 ear-deaf  dF1 4.9  p(idx) 0.573
  [54/288] seed 6 ear-deaf-rnd  dF1 5.2  p(idx) 0.770
  [51/288] seed 6 ear  dF1 17.1  p(idx) 0.574
  [52/288] seed 6 ear-rnd  dF1 31.3  p(idx) 0.750
  [56/288] seed 6 ema-rnd  dF1 15.6  p(idx) 0.501
  [55/288] seed 6 ema  dF1 81.5  p(idx) 0.501
  [57/288] seed 7 off  dF1 46.0  p(idx) 0.000
  [58/288] seed 7 oracle  dF1 72.0  p(idx) 1.000
  [62/288] seed 7 ear-deaf-rnd  dF1 7.0  p(idx) 0.799
  [59/288] seed 7 ear  dF1 35.2  p(idx) 0.677
  [60/288] seed 7 ear-rnd  dF1 7.2  p(idx) 0.802
  [63/288] seed 7 ema  dF1 48.8  p(idx) 0.837
  [61/288] seed 7 ear-deaf  dF1 38.4  p(idx) 0.781
  [66/288] seed 8 oracle  dF1 105.7  p(idx) 1.000
  [65/288] seed 8 off  dF1 29.2  p(idx) 0.000
  [64/288] seed 7 ema-rnd  dF1 4.8  p(idx) 0.893
  [67/288] seed 8 ear  dF1 12.6  p(idx) 0.683
  [69/288] seed 8 ear-deaf  dF1 18.3  p(idx) 0.713
  [68/288] seed 8 ear-rnd  dF1 18.6  p(idx) 0.745
  [70/288] seed 8 ear-deaf-rnd  dF1 17.1  p(idx) 0.747
  [71/288] seed 8 ema  dF1 36.4  p(idx) 0.511
  [72/288] seed 8 ema-rnd  dF1 63.2  p(idx) 0.860
  [77/288] seed 9 ear-deaf  dF1 15.2  p(idx) 0.652
  [74/288] seed 9 oracle  dF1 67.8  p(idx) 1.000
  [78/288] seed 9 ear-deaf-rnd  dF1 6.7  p(idx) 0.776
  [76/288] seed 9 ear-rnd  dF1 7.0  p(idx) 0.727
  [73/288] seed 9 off  dF1 7.5  p(idx) 0.000
  [80/288] seed 9 ema-rnd  dF1 3.1  p(idx) 0.884
  [79/288] seed 9 ema  dF1 21.1  p(idx) 0.860
  [81/288] seed 10 off  dF1 4.3  p(idx) 0.000
  [75/288] seed 9 ear  dF1 21.8  p(idx) 0.744
  [84/288] seed 10 ear-rnd  dF1 23.0  p(idx) 0.768
  [82/288] seed 10 oracle  dF1 36.8  p(idx) 1.000
  [83/288] seed 10 ear  dF1 0.0  p(idx) 0.710
  [85/288] seed 10 ear-deaf  dF1 12.0  p(idx) 0.626
  [89/288] seed 11 off  dF1 19.4  p(idx) 0.000
  [87/288] seed 10 ema  dF1 37.8  p(idx) 0.879
  [86/288] seed 10 ear-deaf-rnd  dF1 10.1  p(idx) 0.810
  [92/288] seed 11 ear-rnd  dF1 5.2  p(idx) 0.700
  [94/288] seed 11 ear-deaf-rnd  dF1 44.3  p(idx) 0.781
  [88/288] seed 10 ema-rnd  dF1 20.0  p(idx) 0.514
  [93/288] seed 11 ear-deaf  dF1 22.4  p(idx) 0.757
  [90/288] seed 11 oracle  dF1 71.4  p(idx) 1.000
  [95/288] seed 11 ema  dF1 15.6  p(idx) 0.510
  [96/288] seed 11 ema-rnd  dF1 10.7  p(idx) 0.512
  [97/288] seed 12 off  dF1 9.1  p(idx) 0.000
  [91/288] seed 11 ear  dF1 20.4  p(idx) 0.693
  [98/288] seed 12 oracle  dF1 80.6  p(idx) 1.000
  [99/288] seed 12 ear  dF1 15.9  p(idx) 0.701
  [101/288] seed 12 ear-deaf  dF1 29.9  p(idx) 0.628
  [102/288] seed 12 ear-deaf-rnd  dF1 2.5  p(idx) 0.799
  [100/288] seed 12 ear-rnd  dF1 17.4  p(idx) 0.758
  [105/288] seed 13 off  dF1 9.5  p(idx) 0.000
  [104/288] seed 12 ema-rnd  dF1 15.8  p(idx) 0.881
  [106/288] seed 13 oracle  dF1 11.6  p(idx) 1.000
  [103/288] seed 12 ema  dF1 10.1  p(idx) 0.884
  [109/288] seed 13 ear-deaf  dF1 28.7  p(idx) 0.729
  [108/288] seed 13 ear-rnd  dF1 15.8  p(idx) 0.790
  [111/288] seed 13 ema  dF1 24.0  p(idx) 0.885
  [107/288] seed 13 ear  dF1 26.6  p(idx) 0.812
  [112/288] seed 13 ema-rnd  dF1 5.2  p(idx) 0.891
  [110/288] seed 13 ear-deaf-rnd  dF1 26.0  p(idx) 0.808
  [113/288] seed 14 off  dF1 37.5  p(idx) 0.000
  [114/288] seed 14 oracle  dF1 102.0  p(idx) 1.000
  [115/288] seed 14 ear  dF1 32.5  p(idx) 0.741
  [118/288] seed 14 ear-deaf-rnd  dF1 5.1  p(idx) 0.795
  [117/288] seed 14 ear-deaf  dF1 25.8  p(idx) 0.656
  [120/288] seed 14 ema-rnd  dF1 5.4  p(idx) 0.891
  [121/288] seed 15 off  dF1 3.3  p(idx) 0.000
  [119/288] seed 14 ema  dF1 67.9  p(idx) 0.865
  [116/288] seed 14 ear-rnd  dF1 5.7  p(idx) 0.759
  [122/288] seed 15 oracle  dF1 87.1  p(idx) 1.000
  [123/288] seed 15 ear  dF1 43.1  p(idx) 0.725
  [126/288] seed 15 ear-deaf-rnd  dF1 2.4  p(idx) 0.814
