  [6/504] seed 0 ear-deaf-rnd  dF1 16.4  p(idx) 0.830
  [4/504] seed 0 ear-rnd  dF1 4.3  p(idx) 0.707
  [5/504] seed 0 ear-deaf  dF1 21.4  p(idx) 0.766
  [3/504] seed 0 ear  dF1 0.3  p(idx) 0.727
  [1/504] seed 0 off  dF1 2.5  p(idx) 0.000
  [8/504] seed 0 ema-rnd  dF1 39.6  p(idx) 0.883
  [9/504] seed 0 ear-win  dF1 7.5  p(idx) 1.000
  [7/504] seed 0 ema  dF1 22.6  p(idx) 0.532
  [12/504] seed 0 ear-sh-rnd  dF1 2.0  p(idx) 0.787
  [13/504] seed 0 ear-win-sh  dF1 85.0  p(idx) 1.000
  [11/504] seed 0 ear-sh  dF1 43.9  p(idx) 0.669
  [10/504] seed 0 ear-win-rnd  dF1 40.5  p(idx) 1.000
  [2/504] seed 0 oracle  dF1 32.6  p(idx) 1.000
  [14/504] seed 0 ear-win-sh-rnd  dF1 23.2  p(idx) 1.000
  [16/504] seed 1 oracle  dF1 22.9  p(idx) 1.000
  [17/504] seed 1 ear  dF1 22.0  p(idx) 0.767
  [22/504] seed 1 ema-rnd  dF1 29.6  p(idx) 0.965
  [18/504] seed 1 ear-rnd  dF1 46.6  p(idx) 0.787
  [20/504] seed 1 ear-deaf-rnd  dF1 78.4  p(idx) 0.924
  [21/504] seed 1 ema  dF1 47.9  p(idx) 0.999
  [23/504] seed 1 ear-win  dF1 58.8  p(idx) 1.000
  [15/504] seed 1 off  dF1 71.4  p(idx) 0.000
  [24/504] seed 1 ear-win-rnd  dF1 35.5  p(idx) 1.000
  [19/504] seed 1 ear-deaf  dF1 59.5  p(idx) 0.883
  [25/504] seed 1 ear-sh  dF1 35.0  p(idx) 0.706
  [26/504] seed 1 ear-sh-rnd  dF1 3.0  p(idx) 0.736
  [28/504] seed 1 ear-win-sh-rnd  dF1 28.1  p(idx) 1.000
  [27/504] seed 1 ear-win-sh  dF1 22.8  p(idx) 1.000
  [29/504] seed 2 off  dF1 38.6  p(idx) 0.000
  [31/504] seed 2 ear  dF1 24.2  p(idx) 0.800
  [34/504] seed 2 ear-deaf-rnd  dF1 6.2  p(idx) 0.917
  [30/504] seed 2 oracle  dF1 59.0  p(idx) 1.000
  [32/504] seed 2 ear-rnd  dF1 24.3  p(idx) 0.826
  [35/504] seed 2 ema  dF1 6.2  p(idx) 0.997
  [37/504] seed 2 ear-win  dF1 3.9  p(idx) 1.000
  [38/504] seed 2 ear-win-rnd  dF1 33.0  p(idx) 1.000
  [40/504] seed 2 ear-sh-rnd  dF1 19.3  p(idx) 0.810
  [33/504] seed 2 ear-deaf  dF1 54.9  p(idx) 0.900
  [39/504] seed 2 ear-sh  dF1 0.8  p(idx) 0.794
  [36/504] seed 2 ema-rnd  dF1 46.7  p(idx) 0.998
  [42/504] seed 2 ear-win-sh-rnd  dF1 29.9  p(idx) 1.000
  [43/504] seed 3 off  dF1 43.8  p(idx) 0.000
  [41/504] seed 2 ear-win-sh  dF1 40.8  p(idx) 1.000
  [46/504] seed 3 ear-rnd  dF1 11.1  p(idx) 0.781
  [44/504] seed 3 oracle  dF1 23.7  p(idx) 1.000
  [47/504] seed 3 ear-deaf  dF1 39.7  p(idx) 0.916
  [45/504] seed 3 ear  dF1 9.3  p(idx) 0.764
  [48/504] seed 3 ear-deaf-rnd  dF1 26.2  p(idx) 0.903
  [49/504] seed 3 ema  dF1 1.7  p(idx) 0.950
  [50/504] seed 3 ema-rnd  dF1 2.7  p(idx) 0.999
  [51/504] seed 3 ear-win  dF1 40.8  p(idx) 1.000
  [53/504] seed 3 ear-sh  dF1 4.6  p(idx) 0.769
  [55/504] seed 3 ear-win-sh  dF1 29.9  p(idx) 1.000
  [52/504] seed 3 ear-win-rnd  dF1 15.3  p(idx) 1.000
  [56/504] seed 3 ear-win-sh-rnd  dF1 1.8  p(idx) 1.000
  [57/504] seed 4 off  dF1 26.5  p(idx) 0.000
  [54/504] seed 3 ear-sh-rnd  dF1 16.0  p(idx) 0.810
  [59/504] seed 4 ear  dF1 3.6  p(idx) 0.689
  [58/504] seed 4 oracle  dF1 8.5  p(idx) 1.000
  [61/504] seed 4 ear-deaf  dF1 15.9  p(idx) 0.831
  [63/504] seed 4 ema  dF1 26.8  p(idx) 0.974
  [64/504] seed 4 ema-rnd  dF1 32.6  p(idx) 0.910
  [65/504] seed 4 ear-win  dF1 41.0  p(idx) 1.000
  [62/504] seed 4 ear-deaf-rnd  dF1 41.8  p(idx) 0.883
  [60/504] seed 4 ear-rnd  dF1 35.6  p(idx) 0.791
  [66/504] seed 4 ear-win-rnd  dF1 56.3  p(idx) 1.000
  [67/504] seed 4 ear-sh  dF1 13.5  p(idx) 0.668
  [68/504] seed 4 ear-sh-rnd  dF1 12.9  p(idx) 0.732
  [70/504] seed 4 ear-win-sh-rnd  dF1 52.5  p(idx) 1.000
  [69/504] seed 4 ear-win-sh  dF1 11.0  p(idx) 1.000
  [71/504] seed 5 off  dF1 73.8  p(idx) 0.000
  [72/504] seed 5 oracle  dF1 25.0  p(idx) 1.000
  [74/504] seed 5 ear-rnd  dF1 59.5  p(idx) 0.839
  [75/504] seed 5 ear-deaf  dF1 91.3  p(idx) 0.915
  [76/504] seed 5 ear-deaf-rnd  dF1 93.3  p(idx) 0.908
  [77/504] seed 5 ema  dF1 65.3  p(idx) 0.990
  [78/504] seed 5 ema-rnd  dF1 16.7  p(idx) 0.987
  [73/504] seed 5 ear  dF1 76.5  p(idx) 0.807
  [80/504] seed 5 ear-win-rnd  dF1 71.4  p(idx) 1.000
  [81/504] seed 5 ear-sh  dF1 78.5  p(idx) 0.825
  [82/504] seed 5 ear-sh-rnd  dF1 41.3  p(idx) 0.833
  [84/504] seed 5 ear-win-sh-rnd  dF1 12.0  p(idx) 1.000
  [83/504] seed 5 ear-win-sh  dF1 73.8  p(idx) 1.000
  [86/504] seed 6 oracle  dF1 17.9  p(idx) 1.000
  [85/504] seed 6 off  dF1 47.0  p(idx) 0.000
  [88/504] seed 6 ear-rnd  dF1 16.1  p(idx) 0.682
  [87/504] seed 6 ear  dF1 28.0  p(idx) 0.577
  [89/504] seed 6 ear-deaf  dF1 8.9  p(idx) 0.668
  [90/504] seed 6 ear-deaf-rnd  dF1 23.4  p(idx) 0.794
  [79/504] seed 5 ear-win  dF1 34.9  p(idx) 1.000
  [91/504] seed 6 ema  dF1 5.5  p(idx) 0.506
  [92/504] seed 6 ema-rnd  dF1 19.2  p(idx) 0.508
  [93/504] seed 6 ear-win  dF1 20.1  p(idx) 1.000
  [94/504] seed 6 ear-win-rnd  dF1 13.9  p(idx) 1.000
  [96/504] seed 6 ear-sh-rnd  dF1 10.7  p(idx) 0.765
  [97/504] seed 6 ear-win-sh  dF1 25.9  p(idx) 1.000
  [95/504] seed 6 ear-sh  dF1 42.5  p(idx) 0.648
  [100/504] seed 7 oracle  dF1 19.9  p(idx) 1.000
  [98/504] seed 6 ear-win-sh-rnd  dF1 34.2  p(idx) 1.000
  [102/504] seed 7 ear-rnd  dF1 9.7  p(idx) 0.816
  [103/504] seed 7 ear-deaf  dF1 47.3  p(idx) 0.900
  [99/504] seed 7 off  dF1 22.5  p(idx) 0.000
  [101/504] seed 7 ear  dF1 40.6  p(idx) 0.753
  [104/504] seed 7 ear-deaf-rnd  dF1 35.5  p(idx) 0.902
  [106/504] seed 7 ema-rnd  dF1 35.0  p(idx) 1.000
  [105/504] seed 7 ema  dF1 37.6  p(idx) 0.995
  [108/504] seed 7 ear-win-rnd  dF1 56.7  p(idx) 1.000
  [107/504] seed 7 ear-win  dF1 12.1  p(idx) 1.000
  [110/504] seed 7 ear-sh-rnd  dF1 20.7  p(idx) 0.807
  [111/504] seed 7 ear-win-sh  dF1 16.7  p(idx) 1.000
  [115/504] seed 8 ear  dF1 20.5  p(idx) 0.577
  [114/504] seed 8 oracle  dF1 61.4  p(idx) 1.000
  [112/504] seed 7 ear-win-sh-rnd  dF1 54.7  p(idx) 1.000
  [117/504] seed 8 ear-deaf  dF1 11.5  p(idx) 0.744
  [113/504] seed 8 off  dF1 27.3  p(idx) 0.000
  [109/504] seed 7 ear-sh  dF1 35.1  p(idx) 0.675
  [116/504] seed 8 ear-rnd  dF1 17.2  p(idx) 0.638
  [119/504] seed 8 ema  dF1 41.4  p(idx) 0.592
  [118/504] seed 8 ear-deaf-rnd  dF1 3.8  p(idx) 0.808
  [121/504] seed 8 ear-win  dF1 76.7  p(idx) 1.000
  [120/504] seed 8 ema-rnd  dF1 5.5  p(idx) 0.840
  [122/504] seed 8 ear-win-rnd  dF1 8.5  p(idx) 1.000
  [123/504] seed 8 ear-sh  dF1 45.0  p(idx) 0.688
  [127/504] seed 9 off  dF1 10.6  p(idx) 0.000
  [124/504] seed 8 ear-sh-rnd  dF1 19.8  p(idx) 0.688
  [126/504] seed 8 ear-win-sh-rnd  dF1 79.9  p(idx) 1.000
  [129/504] seed 9 ear  dF1 1.5  p(idx) 0.717
  [125/504] seed 8 ear-win-sh  dF1 75.5  p(idx) 1.000
  [128/504] seed 9 oracle  dF1 38.9  p(idx) 1.000
  [130/504] seed 9 ear-rnd  dF1 22.7  p(idx) 0.776
  [131/504] seed 9 ear-deaf  dF1 24.3  p(idx) 0.898
  [132/504] seed 9 ear-deaf-rnd  dF1 16.3  p(idx) 0.895
  [133/504] seed 9 ema  dF1 18.8  p(idx) 0.924
  [134/504] seed 9 ema-rnd  dF1 31.6  p(idx) 0.974
  [135/504] seed 9 ear-win  dF1 39.5  p(idx) 1.000
  [136/504] seed 9 ear-win-rnd  dF1 53.5  p(idx) 1.000
  [137/504] seed 9 ear-sh  dF1 15.8  p(idx) 0.662
  [139/504] seed 9 ear-win-sh  dF1 43.7  p(idx) 1.000
  [138/504] seed 9 ear-sh-rnd  dF1 10.5  p(idx) 0.722
  [140/504] seed 9 ear-win-sh-rnd  dF1 20.8  p(idx) 1.000
  [145/504] seed 10 ear-deaf  dF1 4.6  p(idx) 0.745
  [141/504] seed 10 off  dF1 14.0  p(idx) 0.000
  [143/504] seed 10 ear  dF1 3.2  p(idx) 0.709
  [144/504] seed 10 ear-rnd  dF1 1.7  p(idx) 0.775
  [146/504] seed 10 ear-deaf-rnd  dF1 1.0  p(idx) 0.884
  [147/504] seed 10 ema  dF1 21.6  p(idx) 0.899
  [148/504] seed 10 ema-rnd  dF1 0.8  p(idx) 0.618
  [149/504] seed 10 ear-win  dF1 2.0  p(idx) 1.000
  [142/504] seed 10 oracle  dF1 34.1  p(idx) 1.000
  [150/504] seed 10 ear-win-rnd  dF1 3.0  p(idx) 1.000
  [151/504] seed 10 ear-sh  dF1 16.5  p(idx) 0.774
  [152/504] seed 10 ear-sh-rnd  dF1 5.2  p(idx) 0.786
  [153/504] seed 10 ear-win-sh  dF1 4.0  p(idx) 1.000
  [154/504] seed 10 ear-win-sh-rnd  dF1 29.5  p(idx) 1.000
  [157/504] seed 11 ear  dF1 40.3  p(idx) 0.672
  [158/504] seed 11 ear-rnd  dF1 19.8  p(idx) 0.750
  [159/504] seed 11 ear-deaf  dF1 31.5  p(idx) 0.891
  [155/504] seed 11 off  dF1 47.0  p(idx) 0.000
  [160/504] seed 11 ear-deaf-rnd  dF1 19.0  p(idx) 0.882
  [156/504] seed 11 oracle  dF1 32.4  p(idx) 1.000
  [162/504] seed 11 ema-rnd  dF1 39.6  p(idx) 0.600
  [163/504] seed 11 ear-win  dF1 32.3  p(idx) 1.000
  [164/504] seed 11 ear-win-rnd  dF1 27.5  p(idx) 1.000
  [165/504] seed 11 ear-sh  dF1 33.7  p(idx) 0.791
  [166/504] seed 11 ear-sh-rnd  dF1 4.0  p(idx) 0.798
  [167/504] seed 11 ear-win-sh  dF1 27.1  p(idx) 1.000
  [168/504] seed 11 ear-win-sh-rnd  dF1 9.7  p(idx) 1.000
  [169/504] seed 12 off  dF1 4.1  p(idx) 0.000
  [170/504] seed 12 oracle  dF1 31.4  p(idx) 1.000
  [171/504] seed 12 ear  dF1 23.0  p(idx) 0.820
  [172/504] seed 12 ear-rnd  dF1 14.3  p(idx) 0.807
  [161/504] seed 11 ema  dF1 11.6  p(idx) 0.582
  [173/504] seed 12 ear-deaf  dF1 39.0  p(idx) 0.836
  [175/504] seed 12 ema  dF1 8.7  p(idx) 0.966
  [176/504] seed 12 ema-rnd  dF1 21.1  p(idx) 0.987
  [174/504] seed 12 ear-deaf-rnd  dF1 34.0  p(idx) 0.860
  [177/504] seed 12 ear-win  dF1 22.5  p(idx) 1.000
  [178/504] seed 12 ear-win-rnd  dF1 27.7  p(idx) 1.000
  [179/504] seed 12 ear-sh  dF1 19.4  p(idx) 0.797
  [180/504] seed 12 ear-sh-rnd  dF1 26.3  p(idx) 0.810
  [183/504] seed 13 off  dF1 6.2  p(idx) 0.000
  [182/504] seed 12 ear-win-sh-rnd  dF1 30.2  p(idx) 1.000
  [184/504] seed 13 oracle  dF1 36.4  p(idx) 1.000
  [185/504] seed 13 ear  dF1 24.9  p(idx) 0.914
  [186/504] seed 13 ear-rnd  dF1 3.7  p(idx) 0.886
  [187/504] seed 13 ear-deaf  dF1 16.0  p(idx) 0.926
  [189/504] seed 13 ema  dF1 34.4  p(idx) 0.981
  [188/504] seed 13 ear-deaf-rnd  dF1 17.0  p(idx) 0.926
  [181/504] seed 12 ear-win-sh  dF1 7.5  p(idx) 1.000
  [191/504] seed 13 ear-win  dF1 21.6  p(idx) 1.000
  [192/504] seed 13 ear-win-rnd  dF1 26.0  p(idx) 1.000
  [193/504] seed 13 ear-sh  dF1 37.0  p(idx) 0.804
  [194/504] seed 13 ear-sh-rnd  dF1 2.3  p(idx) 0.791
  [195/504] seed 13 ear-win-sh  dF1 22.6  p(idx) 1.000
  [190/504] seed 13 ema-rnd  dF1 14.1  p(idx) 0.996
  [196/504] seed 13 ear-win-sh-rnd  dF1 43.8  p(idx) 1.000
  [198/504] seed 14 oracle  dF1 58.4  p(idx) 1.000
  [197/504] seed 14 off  dF1 38.7  p(idx) 0.000
  [200/504] seed 14 ear-rnd  dF1 12.1  p(idx) 0.754
  [201/504] seed 14 ear-deaf  dF1 26.5  p(idx) 0.718
  [202/504] seed 14 ear-deaf-rnd  dF1 23.6  p(idx) 0.855
  [199/504] seed 14 ear  dF1 37.9  p(idx) 0.753
  [203/504] seed 14 ema  dF1 39.7  p(idx) 0.849
  [204/504] seed 14 ema-rnd  dF1 44.7  p(idx) 0.992
  [205/504] seed 14 ear-win  dF1 43.9  p(idx) 1.000
  [206/504] seed 14 ear-win-rnd  dF1 31.8  p(idx) 1.000
  [207/504] seed 14 ear-sh  dF1 70.8  p(idx) 0.573
  [211/504] seed 15 off  dF1 8.3  p(idx) 0.000
  [208/504] seed 14 ear-sh-rnd  dF1 13.6  p(idx) 0.747
  [212/504] seed 15 oracle  dF1 3.2  p(idx) 1.000
  [209/504] seed 14 ear-win-sh  dF1 51.9  p(idx) 1.000
  [210/504] seed 14 ear-win-sh-rnd  dF1 9.5  p(idx) 1.000
  [215/504] seed 15 ear-deaf  dF1 51.7  p(idx) 0.916
  [214/504] seed 15 ear-rnd  dF1 13.6  p(idx) 0.784
  [217/504] seed 15 ema  dF1 11.3  p(idx) 0.929
  [213/504] seed 15 ear  dF1 24.7  p(idx) 0.668
  [218/504] seed 15 ema-rnd  dF1 42.9  p(idx) 0.957
  [219/504] seed 15 ear-win  dF1 7.6  p(idx) 1.000
  [216/504] seed 15 ear-deaf-rnd  dF1 33.4  p(idx) 0.895
  [220/504] seed 15 ear-win-rnd  dF1 15.6  p(idx) 1.000
  [222/504] seed 15 ear-sh-rnd  dF1 19.7  p(idx) 0.807
  [223/504] seed 15 ear-win-sh  dF1 32.7  p(idx) 1.000
  [225/504] seed 16 off  dF1 65.0  p(idx) 0.000
  [224/504] seed 15 ear-win-sh-rnd  dF1 34.2  p(idx) 1.000
  [227/504] seed 16 ear  dF1 47.1  p(idx) 0.848
  [221/504] seed 15 ear-sh  dF1 1.5  p(idx) 0.717
  [226/504] seed 16 oracle  dF1 26.6  p(idx) 1.000
  [229/504] seed 16 ear-deaf  dF1 28.1  p(idx) 0.958
  [228/504] seed 16 ear-rnd  dF1 73.9  p(idx) 0.873
  [231/504] seed 16 ema  dF1 3.8  p(idx) 0.994
  [232/504] seed 16 ema-rnd  dF1 54.1  p(idx) 0.994
  [233/504] seed 16 ear-win  dF1 38.3  p(idx) 1.000
  [234/504] seed 16 ear-win-rnd  dF1 34.6  p(idx) 1.000
  [230/504] seed 16 ear-deaf-rnd  dF1 74.2  p(idx) 0.961
  [235/504] seed 16 ear-sh  dF1 62.4  p(idx) 0.861
  [238/504] seed 16 ear-win-sh-rnd  dF1 66.6  p(idx) 1.000
  [237/504] seed 16 ear-win-sh  dF1 59.3  p(idx) 1.000
  [236/504] seed 16 ear-sh-rnd  dF1 57.3  p(idx) 0.933
  [243/504] seed 17 ear-deaf  dF1 9.5  p(idx) 0.878
  [240/504] seed 17 oracle  dF1 10.2  p(idx) 1.000
  [239/504] seed 17 off  dF1 5.2  p(idx) 0.000
  [241/504] seed 17 ear  dF1 9.6  p(idx) 0.787
  [242/504] seed 17 ear-rnd  dF1 24.1  p(idx) 0.785
  [245/504] seed 17 ema  dF1 15.7  p(idx) 0.975
  [244/504] seed 17 ear-deaf-rnd  dF1 4.8  p(idx) 0.898
  [246/504] seed 17 ema-rnd  dF1 13.8  p(idx) 0.997
  [247/504] seed 17 ear-win  dF1 28.2  p(idx) 1.000
  [248/504] seed 17 ear-win-rnd  dF1 39.2  p(idx) 1.000
  [249/504] seed 17 ear-sh  dF1 36.0  p(idx) 0.740
  [250/504] seed 17 ear-sh-rnd  dF1 1.2  p(idx) 0.785
  [251/504] seed 17 ear-win-sh  dF1 85.7  p(idx) 1.000
  [255/504] seed 18 ear  dF1 8.0  p(idx) 0.752
  [253/504] seed 18 off  dF1 41.8  p(idx) 0.000
  [256/504] seed 18 ear-rnd  dF1 7.8  p(idx) 0.807
  [254/504] seed 18 oracle  dF1 15.9  p(idx) 1.000
  [258/504] seed 18 ear-deaf-rnd  dF1 5.4  p(idx) 0.887
  [252/504] seed 17 ear-win-sh-rnd  dF1 52.0  p(idx) 1.000
  [257/504] seed 18 ear-deaf  dF1 49.2  p(idx) 0.815
  [259/504] seed 18 ema  dF1 45.6  p(idx) 0.963
  [261/504] seed 18 ear-win  dF1 76.0  p(idx) 1.000
  [260/504] seed 18 ema-rnd  dF1 41.4  p(idx) 0.956
  [263/504] seed 18 ear-sh  dF1 17.8  p(idx) 0.733
  [264/504] seed 18 ear-sh-rnd  dF1 22.9  p(idx) 0.794
  [265/504] seed 18 ear-win-sh  dF1 6.5  p(idx) 1.000
  [268/504] seed 19 oracle  dF1 1.2  p(idx) 1.000
  [266/504] seed 18 ear-win-sh-rnd  dF1 13.1  p(idx) 1.000
  [269/504] seed 19 ear  dF1 12.4  p(idx) 0.812
  [267/504] seed 19 off  dF1 9.7  p(idx) 0.000
  [270/504] seed 19 ear-rnd  dF1 26.1  p(idx) 0.880
  [272/504] seed 19 ear-deaf-rnd  dF1 36.5  p(idx) 0.893
  [271/504] seed 19 ear-deaf  dF1 7.2  p(idx) 0.641
  [262/504] seed 18 ear-win-rnd  dF1 15.0  p(idx) 1.000
  [273/504] seed 19 ema  dF1 11.7  p(idx) 0.992
  [275/504] seed 19 ear-win  dF1 23.0  p(idx) 1.000
  [274/504] seed 19 ema-rnd  dF1 43.3  p(idx) 0.992
  [276/504] seed 19 ear-win-rnd  dF1 10.4  p(idx) 1.000
  [277/504] seed 19 ear-sh  dF1 27.8  p(idx) 0.791
  [278/504] seed 19 ear-sh-rnd  dF1 26.4  p(idx) 0.915
  [281/504] seed 20 off  dF1 55.8  p(idx) 0.000
  [279/504] seed 19 ear-win-sh  dF1 16.9  p(idx) 1.000
  [282/504] seed 20 oracle  dF1 53.8  p(idx) 1.000
  [284/504] seed 20 ear-rnd  dF1 22.2  p(idx) 0.742
  [285/504] seed 20 ear-deaf  dF1 31.8  p(idx) 0.859
  [283/504] seed 20 ear  dF1 54.1  p(idx) 0.529
  [287/504] seed 20 ema  dF1 22.0  p(idx) 0.970
  [280/504] seed 19 ear-win-sh-rnd  dF1 41.6  p(idx) 1.000
  [288/504] seed 20 ema-rnd  dF1 16.3  p(idx) 0.972
  [289/504] seed 20 ear-win  dF1 43.2  p(idx) 1.000
  [290/504] seed 20 ear-win-rnd  dF1 19.5  p(idx) 1.000
  [291/504] seed 20 ear-sh  dF1 61.1  p(idx) 0.606
  [292/504] seed 20 ear-sh-rnd  dF1 56.8  p(idx) 0.723
  [295/504] seed 21 off  dF1 8.9  p(idx) 0.000
  [286/504] seed 20 ear-deaf-rnd  dF1 40.1  p(idx) 0.882
  [294/504] seed 20 ear-win-sh-rnd  dF1 7.7  p(idx) 1.000
  [293/504] seed 20 ear-win-sh  dF1 31.1  p(idx) 1.000
  [296/504] seed 21 oracle  dF1 16.5  p(idx) 1.000
  [297/504] seed 21 ear  dF1 7.6  p(idx) 0.808
  [299/504] seed 21 ear-deaf  dF1 21.4  p(idx) 0.897
  [298/504] seed 21 ear-rnd  dF1 5.4  p(idx) 0.811
  [300/504] seed 21 ear-deaf-rnd  dF1 0.5  p(idx) 0.942
  [302/504] seed 21 ema-rnd  dF1 14.1  p(idx) 0.992
  [301/504] seed 21 ema  dF1 39.0  p(idx) 0.990
  [306/504] seed 21 ear-sh-rnd  dF1 6.6  p(idx) 0.798
  [309/504] seed 22 off  dF1 14.9  p(idx) 0.000
  [307/504] seed 21 ear-win-sh  dF1 71.6  p(idx) 1.000
  [305/504] seed 21 ear-sh  dF1 15.0  p(idx) 0.790
  [308/504] seed 21 ear-win-sh-rnd  dF1 21.1  p(idx) 1.000
  [304/504] seed 21 ear-win-rnd  dF1 12.1  p(idx) 1.000
  [303/504] seed 21 ear-win  dF1 52.2  p(idx) 1.000
  [310/504] seed 22 oracle  dF1 26.8  p(idx) 1.000
  [312/504] seed 22 ear-rnd  dF1 17.8  p(idx) 0.750
  [314/504] seed 22 ear-deaf-rnd  dF1 24.7  p(idx) 0.904
  [313/504] seed 22 ear-deaf  dF1 45.4  p(idx) 0.832
  [315/504] seed 22 ema  dF1 6.5  p(idx) 0.951
  [317/504] seed 22 ear-win  dF1 14.7  p(idx) 1.000
  [311/504] seed 22 ear  dF1 17.3  p(idx) 0.789
  [319/504] seed 22 ear-sh  dF1 33.6  p(idx) 0.747
  [323/504] seed 23 off  dF1 60.6  p(idx) 0.000
  [321/504] seed 22 ear-win-sh  dF1 6.3  p(idx) 1.000
  [320/504] seed 22 ear-sh-rnd  dF1 19.1  p(idx) 0.762
  [322/504] seed 22 ear-win-sh-rnd  dF1 23.1  p(idx) 1.000
  [316/504] seed 22 ema-rnd  dF1 5.3  p(idx) 0.977
  [318/504] seed 22 ear-win-rnd  dF1 10.9  p(idx) 1.000
  [324/504] seed 23 oracle  dF1 15.7  p(idx) 1.000
  [325/504] seed 23 ear  dF1 19.2  p(idx) 0.600
  [326/504] seed 23 ear-rnd  dF1 3.7  p(idx) 0.770
  [327/504] seed 23 ear-deaf  dF1 34.6  p(idx) 0.857
  [328/504] seed 23 ear-deaf-rnd  dF1 10.0  p(idx) 0.837
  [329/504] seed 23 ema  dF1 17.0  p(idx) 0.915
  [331/504] seed 23 ear-win  dF1 16.5  p(idx) 1.000
  [330/504] seed 23 ema-rnd  dF1 2.7  p(idx) 0.951
  [332/504] seed 23 ear-win-rnd  dF1 1.8  p(idx) 1.000
  [333/504] seed 23 ear-sh  dF1 30.1  p(idx) 0.602
  [335/504] seed 23 ear-win-sh  dF1 27.6  p(idx) 1.000
  [336/504] seed 23 ear-win-sh-rnd  dF1 9.2  p(idx) 1.000
  [337/504] seed 24 off  dF1 9.6  p(idx) 0.000
  [338/504] seed 24 oracle  dF1 13.3  p(idx) 1.000
  [341/504] seed 24 ear-deaf  dF1 39.7  p(idx) 0.797
  [340/504] seed 24 ear-rnd  dF1 17.9  p(idx) 0.738
  [339/504] seed 24 ear  dF1 62.7  p(idx) 0.660
  [342/504] seed 24 ear-deaf-rnd  dF1 3.8  p(idx) 0.834
  [334/504] seed 23 ear-sh-rnd  dF1 7.9  p(idx) 0.737
  [344/504] seed 24 ema-rnd  dF1 1.9  p(idx) 0.908
  [345/504] seed 24 ear-win  dF1 45.6  p(idx) 1.000
  [346/504] seed 24 ear-win-rnd  dF1 16.9  p(idx) 1.000
  [347/504] seed 24 ear-sh  dF1 32.3  p(idx) 0.616
  [343/504] seed 24 ema  dF1 33.7  p(idx) 0.503
  [349/504] seed 24 ear-win-sh  dF1 11.5  p(idx) 1.000
  [350/504] seed 24 ear-win-sh-rnd  dF1 7.1  p(idx) 1.000
  [351/504] seed 25 off  dF1 14.1  p(idx) 0.000
  [352/504] seed 25 oracle  dF1 37.9  p(idx) 1.000
  [354/504] seed 25 ear-rnd  dF1 16.4  p(idx) 0.813
  [355/504] seed 25 ear-deaf  dF1 35.9  p(idx) 0.890
  [353/504] seed 25 ear  dF1 0.3  p(idx) 0.729
  [356/504] seed 25 ear-deaf-rnd  dF1 10.6  p(idx) 0.894
  [348/504] seed 24 ear-sh-rnd  dF1 15.5  p(idx) 0.702
  [357/504] seed 25 ema  dF1 16.8  p(idx) 0.971
  [358/504] seed 25 ema-rnd  dF1 5.5  p(idx) 0.999
  [360/504] seed 25 ear-win-rnd  dF1 7.2  p(idx) 1.000
  [361/504] seed 25 ear-sh  dF1 12.4  p(idx) 0.764
  [362/504] seed 25 ear-sh-rnd  dF1 13.7  p(idx) 0.756
  [365/504] seed 26 off  dF1 6.3  p(idx) 0.000
  [363/504] seed 25 ear-win-sh  dF1 3.8  p(idx) 1.000
  [359/504] seed 25 ear-win  dF1 17.2  p(idx) 1.000
  [364/504] seed 25 ear-win-sh-rnd  dF1 3.2  p(idx) 1.000
  [368/504] seed 26 ear-rnd  dF1 15.1  p(idx) 0.716
  [367/504] seed 26 ear  dF1 4.5  p(idx) 0.719
  [366/504] seed 26 oracle  dF1 12.1  p(idx) 1.000
  [370/504] seed 26 ear-deaf-rnd  dF1 18.2  p(idx) 0.868
  [369/504] seed 26 ear-deaf  dF1 49.0  p(idx) 0.810
  [371/504] seed 26 ema  dF1 35.8  p(idx) 0.957
  [372/504] seed 26 ema-rnd  dF1 23.3  p(idx) 0.988
  [373/504] seed 26 ear-win  dF1 32.0  p(idx) 1.000
  [374/504] seed 26 ear-win-rnd  dF1 32.1  p(idx) 1.000
  [375/504] seed 26 ear-sh  dF1 20.4  p(idx) 0.731
  [378/504] seed 26 ear-win-sh-rnd  dF1 50.2  p(idx) 1.000
  [376/504] seed 26 ear-sh-rnd  dF1 17.1  p(idx) 0.763
  [377/504] seed 26 ear-win-sh  dF1 7.4  p(idx) 1.000
  [379/504] seed 27 off  dF1 31.8  p(idx) 0.000
  [380/504] seed 27 oracle  dF1 89.4  p(idx) 1.000
  [381/504] seed 27 ear  dF1 12.0  p(idx) 0.688
  [383/504] seed 27 ear-deaf  dF1 64.0  p(idx) 0.682
  [382/504] seed 27 ear-rnd  dF1 5.9  p(idx) 0.765
  [384/504] seed 27 ear-deaf-rnd  dF1 42.3  p(idx) 0.865
  [385/504] seed 27 ema  dF1 12.4  p(idx) 0.503
  [386/504] seed 27 ema-rnd  dF1 8.5  p(idx) 0.564
  [387/504] seed 27 ear-win  dF1 61.7  p(idx) 1.000
  [388/504] seed 27 ear-win-rnd  dF1 0.3  p(idx) 1.000
  [391/504] seed 27 ear-win-sh  dF1 26.3  p(idx) 1.000
  [393/504] seed 28 off  dF1 57.0  p(idx) 0.000
  [392/504] seed 27 ear-win-sh-rnd  dF1 56.5  p(idx) 1.000
  [390/504] seed 27 ear-sh-rnd  dF1 34.1  p(idx) 0.782
  [389/504] seed 27 ear-sh  dF1 8.9  p(idx) 0.722
  [394/504] seed 28 oracle  dF1 23.9  p(idx) 1.000
  [396/504] seed 28 ear-rnd  dF1 38.5  p(idx) 0.785
  [395/504] seed 28 ear  dF1 63.3  p(idx) 0.856
  [397/504] seed 28 ear-deaf  dF1 31.0  p(idx) 0.815
  [398/504] seed 28 ear-deaf-rnd  dF1 25.5  p(idx) 0.912
  [399/504] seed 28 ema  dF1 63.2  p(idx) 0.946
  [400/504] seed 28 ema-rnd  dF1 11.1  p(idx) 0.977
  [402/504] seed 28 ear-win-rnd  dF1 27.9  p(idx) 1.000
  [401/504] seed 28 ear-win  dF1 1.0  p(idx) 1.000
  [404/504] seed 28 ear-sh-rnd  dF1 21.7  p(idx) 0.713
  [403/504] seed 28 ear-sh  dF1 18.4  p(idx) 0.702
  [405/504] seed 28 ear-win-sh  dF1 28.5  p(idx) 1.000
  [407/504] seed 29 off  dF1 6.0  p(idx) 0.000
  [406/504] seed 28 ear-win-sh-rnd  dF1 32.9  p(idx) 1.000
  [408/504] seed 29 oracle  dF1 63.3  p(idx) 1.000
  [411/504] seed 29 ear-deaf  dF1 27.1  p(idx) 0.719
  [409/504] seed 29 ear  dF1 8.4  p(idx) 0.757
  [410/504] seed 29 ear-rnd  dF1 23.6  p(idx) 0.831
  [414/504] seed 29 ema-rnd  dF1 7.0  p(idx) 0.949
  [412/504] seed 29 ear-deaf-rnd  dF1 35.4  p(idx) 0.922
  [413/504] seed 29 ema  dF1 28.7  p(idx) 0.894
  [415/504] seed 29 ear-win  dF1 16.2  p(idx) 1.000
  [416/504] seed 29 ear-win-rnd  dF1 15.7  p(idx) 1.000
  [417/504] seed 29 ear-sh  dF1 68.0  p(idx) 0.657
  [418/504] seed 29 ear-sh-rnd  dF1 31.0  p(idx) 0.841
  [421/504] seed 30 off  dF1 8.2  p(idx) 0.000
  [419/504] seed 29 ear-win-sh  dF1 64.3  p(idx) 1.000
  [420/504] seed 29 ear-win-sh-rnd  dF1 32.2  p(idx) 1.000
  [422/504] seed 30 oracle  dF1 5.6  p(idx) 1.000
  [424/504] seed 30 ear-rnd  dF1 0.4  p(idx) 0.810
  [425/504] seed 30 ear-deaf  dF1 11.2  p(idx) 0.938
  [423/504] seed 30 ear  dF1 31.9  p(idx) 0.770
  [426/504] seed 30 ear-deaf-rnd  dF1 20.0  p(idx) 0.945
  [427/504] seed 30 ema  dF1 11.8  p(idx) 0.992
  [428/504] seed 30 ema-rnd  dF1 73.4  p(idx) 0.850
  [429/504] seed 30 ear-win  dF1 12.7  p(idx) 1.000
  [430/504] seed 30 ear-win-rnd  dF1 22.9  p(idx) 1.000
  [433/504] seed 30 ear-win-sh  dF1 28.3  p(idx) 1.000
  [432/504] seed 30 ear-sh-rnd  dF1 10.6  p(idx) 0.731
  [431/504] seed 30 ear-sh  dF1 28.8  p(idx) 0.684
  [434/504] seed 30 ear-win-sh-rnd  dF1 46.4  p(idx) 1.000
  [436/504] seed 31 oracle  dF1 17.8  p(idx) 1.000
  [437/504] seed 31 ear  dF1 28.6  p(idx) 0.633
  [439/504] seed 31 ear-deaf  dF1 33.2  p(idx) 0.715
  [435/504] seed 31 off  dF1 15.0  p(idx) 0.000
  [440/504] seed 31 ear-deaf-rnd  dF1 25.7  p(idx) 0.750
  [438/504] seed 31 ear-rnd  dF1 11.6  p(idx) 0.757
  [442/504] seed 31 ema-rnd  dF1 11.6  p(idx) 0.899
  [441/504] seed 31 ema  dF1 33.7  p(idx) 0.607
  [443/504] seed 31 ear-win  dF1 16.2  p(idx) 1.000
  [444/504] seed 31 ear-win-rnd  dF1 19.8  p(idx) 1.000
  [445/504] seed 31 ear-sh  dF1 3.7  p(idx) 0.629
  [446/504] seed 31 ear-sh-rnd  dF1 7.2  p(idx) 0.732
  [447/504] seed 31 ear-win-sh  dF1 106.6  p(idx) 1.000
  [448/504] seed 31 ear-win-sh-rnd  dF1 1.5  p(idx) 1.000
  [451/504] seed 32 ear  dF1 45.0  p(idx) 0.584
  [453/504] seed 32 ear-deaf  dF1 21.7  p(idx) 0.706
  [449/504] seed 32 off  dF1 1.9  p(idx) 0.000
  [450/504] seed 32 oracle  dF1 31.6  p(idx) 1.000
  [452/504] seed 32 ear-rnd  dF1 14.4  p(idx) 0.720
  [454/504] seed 32 ear-deaf-rnd  dF1 45.1  p(idx) 0.846
  [455/504] seed 32 ema  dF1 29.8  p(idx) 0.611
  [456/504] seed 32 ema-rnd  dF1 30.7  p(idx) 0.983
  [457/504] seed 32 ear-win  dF1 40.9  p(idx) 1.000
  [458/504] seed 32 ear-win-rnd  dF1 11.4  p(idx) 1.000
  [459/504] seed 32 ear-sh  dF1 93.7  p(idx) 0.671
  [462/504] seed 32 ear-win-sh-rnd  dF1 34.3  p(idx) 1.000
  [461/504] seed 32 ear-win-sh  dF1 61.6  p(idx) 1.000
  [463/504] seed 33 off  dF1 18.2  p(idx) 0.000
  [464/504] seed 33 oracle  dF1 16.9  p(idx) 1.000
  [465/504] seed 33 ear  dF1 10.1  p(idx) 0.696
  [467/504] seed 33 ear-deaf  dF1 24.6  p(idx) 0.637
  [460/504] seed 32 ear-sh-rnd  dF1 17.4  p(idx) 0.601
  [468/504] seed 33 ear-deaf-rnd  dF1 13.3  p(idx) 0.819
  [466/504] seed 33 ear-rnd  dF1 15.4  p(idx) 0.765
  [471/504] seed 33 ear-win  dF1 9.9  p(idx) 1.000
  [470/504] seed 33 ema-rnd  dF1 15.5  p(idx) 0.821
  [469/504] seed 33 ema  dF1 69.7  p(idx) 0.973
  [472/504] seed 33 ear-win-rnd  dF1 32.7  p(idx) 1.000
  [473/504] seed 33 ear-sh  dF1 19.4  p(idx) 0.599
  [474/504] seed 33 ear-sh-rnd  dF1 15.5  p(idx) 0.713
  [475/504] seed 33 ear-win-sh  dF1 19.4  p(idx) 1.000
  [476/504] seed 33 ear-win-sh-rnd  dF1 28.1  p(idx) 1.000
  [477/504] seed 34 off  dF1 6.5  p(idx) 0.000
  [482/504] seed 34 ear-deaf-rnd  dF1 15.5  p(idx) 0.867
  [478/504] seed 34 oracle  dF1 8.8  p(idx) 1.000
  [479/504] seed 34 ear  dF1 5.7  p(idx) 0.730
  [480/504] seed 34 ear-rnd  dF1 7.2  p(idx) 0.740
  [481/504] seed 34 ear-deaf  dF1 9.7  p(idx) 0.642
  [483/504] seed 34 ema  dF1 2.6  p(idx) 0.641
  [484/504] seed 34 ema-rnd  dF1 10.6  p(idx) 0.955
  [485/504] seed 34 ear-win  dF1 31.8  p(idx) 1.000
  [486/504] seed 34 ear-win-rnd  dF1 5.4  p(idx) 1.000
  [487/504] seed 34 ear-sh  dF1 70.6  p(idx) 0.554
  [490/504] seed 34 ear-win-sh-rnd  dF1 4.5  p(idx) 1.000
  [491/504] seed 35 off  dF1 27.7  p(idx) 0.000
  [489/504] seed 34 ear-win-sh  dF1 21.0  p(idx) 1.000
  [488/504] seed 34 ear-sh-rnd  dF1 13.0  p(idx) 0.681
  [494/504] seed 35 ear-rnd  dF1 35.6  p(idx) 0.771
  [495/504] seed 35 ear-deaf  dF1 38.0  p(idx) 0.675
  [496/504] seed 35 ear-deaf-rnd  dF1 60.9  p(idx) 0.915
  [492/504] seed 35 oracle  dF1 16.7  p(idx) 1.000
  [493/504] seed 35 ear  dF1 14.9  p(idx) 0.810
  [497/504] seed 35 ema  dF1 16.3  p(idx) 0.948
  [500/504] seed 35 ear-win-rnd  dF1 8.7  p(idx) 1.000
  [499/504] seed 35 ear-win  dF1 27.2  p(idx) 1.000
  [498/504] seed 35 ema-rnd  dF1 4.3  p(idx) 0.998
  [504/504] seed 35 ear-win-sh-rnd  dF1 26.2  p(idx) 1.000
  [503/504] seed 35 ear-win-sh  dF1 8.2  p(idx) 1.000
  [502/504] seed 35 ear-sh-rnd  dF1 26.8  p(idx) 0.784
  [501/504] seed 35 ear-sh  dF1 0.2  p(idx) 0.726
experiment: ctxself
  SHORT RUN — 400000 ticks against a minimum of 3400000. derived: areax's session length, because it runs areax's arms plus two.
  DNA v52: the last oracle removed. areax's index is written by the HOST
  from the word label; this reads it from the creature's own larynx and
  scores it against the oracle arm measured IN THE SAME RUN. Reports the
  index's own accuracy p, and refuses if the oracle arm did not reproduce
  areax or if the derived index never names a second slice
  Everything below is printed for debugging and is NOT a
  measurement; this run cannot pass whatever it reads.

  instrument        ctxself   trial seed 00000000013579d6   142 trials per arm
                    another probe is another trial sequence: its numbers
                    are not comparable with these (~0.05 at 300 trials)
  question          `areax` proved a context-indexed bias works, keyed on
                    an index the HOST wrote from the word label. Can the
                    creature derive that index for ITSELF? v52 read it
                    off the larynx and was refused; source 4 reads the
                    ear's own rate EMA, which is what replicated.
  the bar           an index right with probability p writes the other
                    table 1-p of the time, so the conditional part scales
                    as (2p - 1). `ctxsrc` bounds p at 0.740 for ANY readout
                    of the larynx in this window, which is 48% of what the
                    oracle index bought. A FIXED partition can only do
                    worse, so that is a ceiling and not a prediction.
  arm               all four get the same host drive on the context
                    module, so `self` and `oracle` differ in ONE field.

  seed   arm       dF1 (Hz)  p(idx)   busiest  table div  ev/tri  change
  0      off       2.5       0.000    0.000    0.0000     0.0     -10.7
  0      oracle    32.6      1.000    0.500    0.0115     0.0     +4.0
  0      ear       0.3       0.727    0.616    0.0129     2.8     +4.7
  0      ear-rnd   4.3       0.707    0.518    0.0111     2.7     +0.5
  0      ear-deaf  21.4      0.766    0.618    0.0110     2.1     +4.2
  0      ear-deaf-rnd 16.4      0.830    0.544    0.0109     2.2     -1.8
  0      ema       22.6      0.532    0.826    0.0103     1.4     +4.8
  0      ema-rnd   39.6      0.883    0.569    0.0108     2.7     +0.0
  0      ear-win   7.5       1.000    0.500    0.0134     1.0     +1.4
  0      ear-win-rnd 40.5      1.000    0.500    0.0096     1.0     -1.3
  0      ear-sh    43.9      0.669    0.646    0.0117     1.4     +12.0
  0      ear-sh-rnd 2.0       0.787    0.650    0.0104     2.7     -2.0
  0      ear-win-sh 85.0      1.000    0.500    0.0119     1.0     +14.9
  0      ear-win-sh-rnd 23.2      1.000    0.500    0.0117     1.0     -0.7
  1      off       71.4      0.000    0.000    0.0000     0.0     +2.8
  1      oracle    22.9      1.000    0.500    0.0118     0.0     +2.8
  1      ear       22.0      0.767    0.724    0.0110     2.2     -5.2
  1      ear-rnd   46.6      0.787    0.598    0.0102     2.4     -0.2
  1      ear-deaf  59.5      0.883    0.538    0.0119     1.8     +0.3
  1      ear-deaf-rnd 78.4      0.924    0.508    0.0099     2.0     -2.2
  1      ema       47.9      0.999    0.501    0.0126     2.5     -4.6
  1      ema-rnd   29.6      0.965    0.535    0.0111     2.2     -2.4
  1      ear-win   58.8      1.000    0.500    0.0111     1.0     +0.5
  1      ear-win-rnd 35.5      1.000    0.500    0.0119     1.0     -1.2
  1      ear-sh    35.0      0.706    0.537    0.0107     1.7     +15.1
  1      ear-sh-rnd 3.0       0.736    0.645    0.0102     2.4     +2.1
  1      ear-win-sh 22.8      1.000    0.500    0.0134     1.0     +3.7
  1      ear-win-sh-rnd 28.1      1.000    0.500    0.0103     1.0     -0.5
  2      off       38.6      0.000    0.000    0.0000     0.0     +3.8
  2      oracle    59.0      1.000    0.500    0.0105     0.0     +15.8
  2      ear       24.2      0.800    0.568    0.0087     2.2     +7.8
  2      ear-rnd   24.3      0.826    0.523    0.0118     2.3     +0.1
  2      ear-deaf  54.9      0.900    0.528    0.0113     1.8     +7.9
  2      ear-deaf-rnd 6.2       0.917    0.502    0.0112     1.9     -0.2
  2      ema       6.2       0.997    0.503    0.0094     2.3     -1.1
  2      ema-rnd   46.7      0.998    0.502    0.0089     2.5     -3.1
  2      ear-win   3.9       1.000    0.500    0.0112     1.0     +0.1
  2      ear-win-rnd 33.0      1.000    0.500    0.0118     1.0     -1.3
  2      ear-sh    0.8       0.794    0.507    0.0134     2.2     +3.2
  2      ear-sh-rnd 19.3      0.810    0.550    0.0107     2.4     +2.4
  2      ear-win-sh 40.8      1.000    0.500    0.0117     1.0     +4.8
  2      ear-win-sh-rnd 29.9      1.000    0.500    0.0097     1.0     +3.5
  3      off       43.8      0.000    0.000    0.0000     0.0     +9.3
  3      oracle    23.7      1.000    0.500    0.0104     0.0     +6.4
  3      ear       9.3       0.764    0.609    0.0110     2.4     -5.9
  3      ear-rnd   11.1      0.781    0.648    0.0088     2.6     +0.5
  3      ear-deaf  39.7      0.916    0.526    0.0106     2.4     +4.6
  3      ear-deaf-rnd 26.2      0.903    0.569    0.0117     1.9     -1.2
  3      ema       1.7       0.950    0.550    0.0099     2.3     +0.8
  3      ema-rnd   2.7       0.999    0.501    0.0109     2.6     -0.1
  3      ear-win   40.8      1.000    0.500    0.0117     1.0     +6.9
  3      ear-win-rnd 15.3      1.000    0.500    0.0119     1.0     +0.8
  3      ear-sh    4.6       0.769    0.603    0.0101     2.4     -3.0
  3      ear-sh-rnd 16.0      0.810    0.604    0.0104     2.1     +2.5
  3      ear-win-sh 29.9      1.000    0.500    0.0123     1.0     +6.1
  3      ear-win-sh-rnd 1.8       1.000    0.500    0.0106     1.0     +0.7
  4      off       26.5      0.000    0.000    0.0000     0.0     +6.4
  4      oracle    8.5       1.000    0.500    0.0118     0.0     +6.7
  4      ear       3.6       0.689    0.618    0.0099     1.6     +2.8
  4      ear-rnd   35.6      0.791    0.695    0.0122     2.8     -1.4
  4      ear-deaf  15.9      0.831    0.584    0.0133     1.7     +0.5
  4      ear-deaf-rnd 41.8      0.883    0.617    0.0131     1.9     -0.7
  4      ema       26.8      0.974    0.526    0.0105     2.3     -3.5
  4      ema-rnd   32.6      0.910    0.590    0.0112     2.8     -1.1
  4      ear-win   41.0      1.000    0.500    0.0106     1.0     -1.0
  4      ear-win-rnd 56.3      1.000    0.500    0.0099     1.0     -0.6
  4      ear-sh    13.5      0.668    0.733    0.0108     1.3     +4.5
  4      ear-sh-rnd 12.9      0.732    0.600    0.0122     2.3     -0.6
  4      ear-win-sh 11.0      1.000    0.500    0.0119     1.0     +6.4
  4      ear-win-sh-rnd 52.5      1.000    0.500    0.0122     1.0     +1.4
  5      off       73.8      0.000    0.000    0.0000     0.0     -4.1
  5      oracle    25.0      1.000    0.500    0.0108     0.0     +8.4
  5      ear       76.5      0.807    0.679    0.0103     2.5     +8.1
  5      ear-rnd   59.5      0.839    0.646    0.0105     2.7     -2.3
  5      ear-deaf  91.3      0.915    0.571    0.0102     1.8     +1.0
  5      ear-deaf-rnd 93.3      0.908    0.592    0.0110     1.7     +0.0
  5      ema       65.3      0.990    0.510    0.0097     2.2     +0.4
  5      ema-rnd   16.7      0.987    0.513    0.0102     2.5     -0.6
  5      ear-win   34.9      1.000    0.500    0.0108     1.0     +4.7
  5      ear-win-rnd 71.4      1.000    0.500    0.0111     1.0     +0.6
  5      ear-sh    78.5      0.825    0.663    0.0112     2.1     +0.9
  5      ear-sh-rnd 41.3      0.833    0.665    0.0105     2.2     +1.5
  5      ear-win-sh 73.8      1.000    0.500    0.0107     1.0     +4.7
  5      ear-win-sh-rnd 12.0      1.000    0.500    0.0098     1.0     -0.8
  6      off       47.0      0.000    0.000    0.0000     0.0     -0.7
  6      oracle    17.9      1.000    0.500    0.0107     0.0     +1.7
  6      ear       28.0      0.577    0.894    0.0115     1.4     +7.0
  6      ear-rnd   16.1      0.682    0.747    0.0118     2.1     -0.6
  6      ear-deaf  8.9       0.668    0.817    0.0114     1.8     +13.1
  6      ear-deaf-rnd 23.4      0.794    0.706    0.0130     2.3     +0.2
  6      ema       5.5       0.506    0.851    0.0105     2.2     +6.0
  6      ema-rnd   19.2      0.508    0.795    0.0123     2.9     +0.3
  6      ear-win   20.1      1.000    0.500    0.0126     1.0     +5.9
  6      ear-win-rnd 13.9      1.000    0.500    0.0118     1.0     +0.7
  6      ear-sh    42.5      0.648    0.576    0.0113     1.6     -0.8
  6      ear-sh-rnd 10.7      0.765    0.703    0.0125     1.7     +1.0
  6      ear-win-sh 25.9      1.000    0.500    0.0118     1.0     +7.1
  6      ear-win-sh-rnd 34.2      1.000    0.500    0.0092     1.0     -0.1
  7      off       22.5      0.000    0.000    0.0000     0.0     +0.7
  7      oracle    19.9      1.000    0.500    0.0119     0.0     +2.5
  7      ear       40.6      0.753    0.599    0.0113     1.9     +5.6
  7      ear-rnd   9.7       0.816    0.571    0.0107     2.1     +0.6
  7      ear-deaf  47.3      0.900    0.500    0.0112     2.0     -1.5
  7      ear-deaf-rnd 35.5      0.902    0.501    0.0099     2.2     +2.1
  7      ema       37.6      0.995    0.505    0.0119     1.5     +6.0
  7      ema-rnd   35.0      1.000    0.500    0.0111     1.8     +1.4
  7      ear-win   12.1      1.000    0.500    0.0124     1.0     -2.4
  7      ear-win-rnd 56.7      1.000    0.500    0.0105     1.0     +1.5
  7      ear-sh    35.1      0.675    0.528    0.0106     1.3     +6.7
  7      ear-sh-rnd 20.7      0.807    0.521    0.0118     1.9     +3.0
  7      ear-win-sh 16.7      1.000    0.500    0.0119     1.0     +2.3
  7      ear-win-sh-rnd 54.7      1.000    0.500    0.0104     1.0     +0.4
  8      off       27.3      0.000    0.000    0.0000     0.0     +2.8
  8      oracle    61.4      1.000    0.500    0.0105     0.0     -2.7
  8      ear       20.5      0.577    0.640    0.0120     1.6     +3.2
  8      ear-rnd   17.2      0.638    0.617    0.0115     2.2     +1.8
  8      ear-deaf  11.5      0.744    0.611    0.0119     1.5     +0.3
  8      ear-deaf-rnd 3.8       0.808    0.506    0.0131     2.2     +0.1
  8      ema       41.4      0.592    0.908    0.0131     1.1     +4.2
  8      ema-rnd   5.5       0.840    0.580    0.0105     2.5     -1.4
  8      ear-win   76.7      1.000    0.500    0.0122     1.0     +6.2
  8      ear-win-rnd 8.5       1.000    0.500    0.0116     1.0     +1.3
  8      ear-sh    45.0      0.688    0.597    0.0108     1.6     -2.9
  8      ear-sh-rnd 19.8      0.688    0.625    0.0106     2.6     -1.1
  8      ear-win-sh 75.5      1.000    0.500    0.0123     1.0     +13.0
  8      ear-win-sh-rnd 79.9      1.000    0.500    0.0110     1.0     +2.1
  9      off       10.6      0.000    0.000    0.0000     0.0     +0.5
  9      oracle    38.9      1.000    0.500    0.0138     0.0     +17.0
  9      ear       1.5       0.717    0.656    0.0103     2.0     +10.9
  9      ear-rnd   22.7      0.776    0.543    0.0119     2.3     -0.1
  9      ear-deaf  24.3      0.898    0.540    0.0121     1.7     +9.1
  9      ear-deaf-rnd 16.3      0.895    0.519    0.0094     1.8     -0.3
  9      ema       18.8      0.924    0.569    0.0108     2.0     +5.3
  9      ema-rnd   31.6      0.974    0.526    0.0088     2.3     +1.0
  9      ear-win   39.5      1.000    0.500    0.0141     1.0     -3.8
  9      ear-win-rnd 53.5      1.000    0.500    0.0105     1.0     -0.9
  9      ear-sh    15.8      0.662    0.742    0.0112     1.3     +11.9
  9      ear-sh-rnd 10.5      0.722    0.646    0.0105     2.6     +0.4
  9      ear-win-sh 43.7      1.000    0.500    0.0115     1.0     +7.1
  9      ear-win-sh-rnd 20.8      1.000    0.500    0.0107     1.0     +0.4
  10     off       14.0      0.000    0.000    0.0000     0.0     +0.2
  10     oracle    34.1      1.000    0.500    0.0104     0.0     -1.1
  10     ear       3.2       0.709    0.523    0.0098     2.0     +0.9
  10     ear-rnd   1.7       0.775    0.513    0.0121     2.6     +1.3
  10     ear-deaf  4.6       0.745    0.557    0.0108     1.6     +3.5
  10     ear-deaf-rnd 1.0       0.884    0.588    0.0123     1.8     -1.8
  10     ema       21.6      0.899    0.601    0.0102     2.0     -3.7
  10     ema-rnd   0.8       0.618    0.882    0.0101     2.2     -1.5
  10     ear-win   2.0       1.000    0.500    0.0116     1.0     -0.1
  10     ear-win-rnd 3.0       1.000    0.500    0.0111     1.0     -0.8
  10     ear-sh    16.5      0.774    0.639    0.0099     3.1     +2.2
  10     ear-sh-rnd 5.2       0.786    0.657    0.0125     2.3     +1.0
  10     ear-win-sh 4.0       1.000    0.500    0.0118     1.0     +2.7
  10     ear-win-sh-rnd 29.5      1.000    0.500    0.0108     1.0     +1.1
  11     off       47.0      0.000    0.000    0.0000     0.0     -4.4
  11     oracle    32.4      1.000    0.500    0.0116     0.0     -3.4
  11     ear       40.3      0.672    0.758    0.0101     2.2     +2.5
  11     ear-rnd   19.8      0.750    0.736    0.0125     3.2     -2.1
  11     ear-deaf  31.5      0.891    0.593    0.0120     2.1     -4.7
  11     ear-deaf-rnd 19.0      0.882    0.574    0.0107     2.1     -3.6
  11     ema       11.6      0.582    0.918    0.0101     1.2     -7.1
  11     ema-rnd   39.6      0.600    0.900    0.0119     2.0     -2.8
  11     ear-win   32.3      1.000    0.500    0.0130     1.0     +5.9
  11     ear-win-rnd 27.5      1.000    0.500    0.0112     1.0     -1.1
  11     ear-sh    33.7      0.791    0.709    0.0115     2.5     +2.5
  11     ear-sh-rnd 4.0       0.798    0.701    0.0130     2.4     -2.7
  11     ear-win-sh 27.1      1.000    0.500    0.0147     1.0     +4.2
  11     ear-win-sh-rnd 9.7       1.000    0.500    0.0116     1.0     -3.2
  12     off       4.1       0.000    0.000    0.0000     0.0     -9.7
  12     oracle    31.4      1.000    0.500    0.0100     0.0     +13.8
  12     ear       23.0      0.820    0.680    0.0110     3.1     +6.2
  12     ear-rnd   14.3      0.807    0.693    0.0116     2.7     +0.8
  12     ear-deaf  39.0      0.836    0.664    0.0102     2.4     -0.1
  12     ear-deaf-rnd 34.0      0.860    0.626    0.0108     2.3     +3.0
  12     ema       8.7       0.966    0.534    0.0099     2.5     +6.3
  12     ema-rnd   21.1      0.987    0.513    0.0100     2.5     +1.0
  12     ear-win   22.5      1.000    0.500    0.0094     1.0     +7.4
  12     ear-win-rnd 27.7      1.000    0.500    0.0116     1.0     +0.7
  12     ear-sh    19.4      0.797    0.703    0.0103     2.4     -1.9
  12     ear-sh-rnd 26.3      0.810    0.690    0.0104     2.9     +0.6
  12     ear-win-sh 7.5       1.000    0.500    0.0099     1.0     +7.6
  12     ear-win-sh-rnd 30.2      1.000    0.500    0.0107     1.0     -0.6
  13     off       6.2       0.000    0.000    0.0000     0.0     -3.2
  13     oracle    36.4      1.000    0.500    0.0128     0.0     -3.7
  13     ear       24.9      0.914    0.586    0.0100     1.8     -5.7
  13     ear-rnd   3.7       0.886    0.614    0.0119     2.4     -3.3
  13     ear-deaf  16.0      0.926    0.563    0.0115     1.7     -1.4
  13     ear-deaf-rnd 17.0      0.926    0.563    0.0113     2.1     +1.3
  13     ema       34.4      0.981    0.519    0.0094     1.6     -4.2
  13     ema-rnd   14.1      0.996    0.504    0.0091     2.5     -2.4
  13     ear-win   21.6      1.000    0.500    0.0125     1.0     +4.5
  13     ear-win-rnd 26.0      1.000    0.500    0.0115     1.0     -1.5
  13     ear-sh    37.0      0.804    0.640    0.0110     2.0     -14.1
  13     ear-sh-rnd 2.3       0.791    0.671    0.0111     2.2     +1.5
  13     ear-win-sh 22.6      1.000    0.500    0.0122     1.0     -6.7
  13     ear-win-sh-rnd 43.8      1.000    0.500    0.0116     1.0     -1.1
  14     off       38.7      0.000    0.000    0.0000     0.0     +1.1
  14     oracle    58.4      1.000    0.500    0.0106     0.0     +1.7
  14     ear       37.9      0.753    0.620    0.0103     2.6     +0.8
  14     ear-rnd   12.1      0.754    0.604    0.0100     2.2     +1.7
  14     ear-deaf  26.5      0.718    0.570    0.0108     2.2     -5.8
  14     ear-deaf-rnd 23.6      0.855    0.589    0.0118     2.1     +2.5
  14     ema       39.7      0.849    0.551    0.0098     2.3     -2.3
  14     ema-rnd   44.7      0.992    0.508    0.0107     2.8     -1.8
  14     ear-win   43.9      1.000    0.500    0.0118     1.0     +4.5
  14     ear-win-rnd 31.8      1.000    0.500    0.0117     1.0     +1.2
  14     ear-sh    70.8      0.573    0.519    0.0103     1.2     -3.9
  14     ear-sh-rnd 13.6      0.747    0.543    0.0110     2.7     -5.0
  14     ear-win-sh 51.9      1.000    0.500    0.0125     1.0     +0.8
  14     ear-win-sh-rnd 9.5       1.000    0.500    0.0120     1.0     +2.1
  15     off       8.3       0.000    0.000    0.0000     0.0     +0.1
  15     oracle    3.2       1.000    0.500    0.0131     0.0     +9.6
  15     ear       24.7      0.668    0.719    0.0086     1.3     +11.6
  15     ear-rnd   13.6      0.784    0.566    0.0100     2.1     +0.3
  15     ear-deaf  51.7      0.916    0.541    0.0110     1.9     +2.9
  15     ear-deaf-rnd 33.4      0.895    0.522    0.0101     1.5     -0.9
  15     ema       11.3      0.929    0.569    0.0108     1.5     +8.9
  15     ema-rnd   42.9      0.957    0.543    0.0110     2.3     -0.7
  15     ear-win   7.6       1.000    0.500    0.0129     1.0     +3.9
  15     ear-win-rnd 15.6      1.000    0.500    0.0106     1.0     +1.8
  15     ear-sh    1.5       0.717    0.569    0.0117     1.2     +4.4
  15     ear-sh-rnd 19.7      0.807    0.575    0.0105     2.4     +1.4
  15     ear-win-sh 32.7      1.000    0.500    0.0148     1.0     +6.0
  15     ear-win-sh-rnd 34.2      1.000    0.500    0.0104     1.0     -0.2
  16     off       65.0      0.000    0.000    0.0000     0.0     +4.9
  16     oracle    26.6      1.000    0.500    0.0143     0.0     +2.5
  16     ear       47.1      0.848    0.642    0.0122     2.3     +1.7
  16     ear-rnd   73.9      0.873    0.596    0.0112     2.5     -2.1
  16     ear-deaf  28.1      0.958    0.542    0.0113     1.6     +2.7
  16     ear-deaf-rnd 74.2      0.961    0.539    0.0101     1.4     -1.6
  16     ema       3.8       0.994    0.506    0.0102     2.4     +2.5
  16     ema-rnd   54.1      0.994    0.506    0.0082     2.2     +0.2
  16     ear-win   38.3      1.000    0.500    0.0123     1.0     +8.6
  16     ear-win-rnd 34.6      1.000    0.500    0.0109     1.0     -1.7
  16     ear-sh    62.4      0.861    0.621    0.0112     2.2     +2.4
  16     ear-sh-rnd 57.3      0.933    0.560    0.0121     2.6     -0.6
  16     ear-win-sh 59.3      1.000    0.500    0.0134     1.0     +8.8
  16     ear-win-sh-rnd 66.6      1.000    0.500    0.0109     1.0     -1.1
  17     off       5.2       0.000    0.000    0.0000     0.0     +3.0
  17     oracle    10.2      1.000    0.500    0.0128     0.0     +8.5
  17     ear       9.6       0.787    0.598    0.0089     2.1     -0.2
  17     ear-rnd   24.1      0.785    0.597    0.0120     2.0     -2.3
  17     ear-deaf  9.5       0.878    0.523    0.0132     1.9     +4.8
  17     ear-deaf-rnd 4.8       0.898    0.512    0.0101     1.6     -3.8
  17     ema       15.7      0.975    0.524    0.0094     2.4     -4.3
  17     ema-rnd   13.8      0.997    0.502    0.0101     2.1     -3.5
  17     ear-win   28.2      1.000    0.500    0.0129     1.0     +3.8
  17     ear-win-rnd 39.2      1.000    0.500    0.0101     1.0     -1.4
  17     ear-sh    36.0      0.740    0.664    0.0107     1.4     +2.5
  17     ear-sh-rnd 1.2       0.785    0.541    0.0114     1.6     +0.6
  17     ear-win-sh 85.7      1.000    0.500    0.0103     1.0     +15.7
  17     ear-win-sh-rnd 52.0      1.000    0.500    0.0101     1.0     -0.4
  18     off       41.8      0.000    0.000    0.0000     0.0     +14.7
  18     oracle    15.9      1.000    0.500    0.0119     0.0     -4.6
  18     ear       8.0       0.752    0.576    0.0105     2.9     -0.5
  18     ear-rnd   7.8       0.807    0.501    0.0105     3.1     -2.2
  18     ear-deaf  49.2      0.815    0.570    0.0108     2.3     +16.3
  18     ear-deaf-rnd 5.4       0.887    0.513    0.0118     2.5     +0.5
  18     ema       45.6      0.963    0.537    0.0116     2.0     +4.3
  18     ema-rnd   41.4      0.956    0.529    0.0115     3.3     -1.1
  18     ear-win   76.0      1.000    0.500    0.0135     1.0     +4.1
  18     ear-win-rnd 15.0      1.000    0.500    0.0105     1.0     +2.7
  18     ear-sh    17.8      0.733    0.558    0.0102     1.8     +5.1
  18     ear-sh-rnd 22.9      0.794    0.547    0.0110     3.6     -2.2
  18     ear-win-sh 6.5       1.000    0.500    0.0120     1.0     -0.3
  18     ear-win-sh-rnd 13.1      1.000    0.500    0.0118     1.0     -0.1
  19     off       9.7       0.000    0.000    0.0000     0.0     -3.1
  19     oracle    1.2       1.000    0.500    0.0127     0.0     +0.4
  19     ear       12.4      0.812    0.658    0.0118     2.3     +6.9
  19     ear-rnd   26.1      0.880    0.562    0.0099     2.6     +0.6
  19     ear-deaf  7.2       0.641    0.690    0.0088     1.4     +0.2
  19     ear-deaf-rnd 36.5      0.893    0.579    0.0119     2.4     -0.2
  19     ema       11.7      0.992    0.506    0.0135     1.9     +4.3
  19     ema-rnd   43.3      0.992    0.506    0.0093     2.9     -0.1
  19     ear-win   23.0      1.000    0.500    0.0119     1.0     +3.1
  19     ear-win-rnd 10.4      1.000    0.500    0.0102     1.0     +0.1
  19     ear-sh    27.8      0.791    0.652    0.0109     1.9     +4.8
  19     ear-sh-rnd 26.4      0.915    0.544    0.0105     2.6     +0.2
  19     ear-win-sh 16.9      1.000    0.500    0.0118     1.0     +2.7
  19     ear-win-sh-rnd 41.6      1.000    0.500    0.0120     1.0     -2.4
  20     off       55.8      0.000    0.000    0.0000     0.0     -1.2
  20     oracle    53.8      1.000    0.500    0.0136     0.0     -0.9
  20     ear       54.1      0.529    0.621    0.0121     2.1     -5.2
  20     ear-rnd   22.2      0.742    0.637    0.0122     2.0     -0.1
  20     ear-deaf  31.8      0.859    0.514    0.0117     2.4     -0.5
  20     ear-deaf-rnd 40.1      0.882    0.505    0.0114     1.7     -0.2
  20     ema       22.0      0.970    0.530    0.0109     2.0     +2.1
  20     ema-rnd   16.3      0.972    0.528    0.0096     2.2     -0.7
  20     ear-win   43.2      1.000    0.500    0.0107     1.0     +1.5
  20     ear-win-rnd 19.5      1.000    0.500    0.0099     1.0     +0.4
  20     ear-sh    61.1      0.606    0.612    0.0108     1.3     +0.9
  20     ear-sh-rnd 56.8      0.723    0.575    0.0121     2.0     -3.5
  20     ear-win-sh 31.1      1.000    0.500    0.0122     1.0     +1.8
  20     ear-win-sh-rnd 7.7       1.000    0.500    0.0110     1.0     +0.9
  21     off       8.9       0.000    0.000    0.0000     0.0     -1.4
  21     oracle    16.5      1.000    0.500    0.0124     0.0     -1.3
  21     ear       7.6       0.808    0.583    0.0117     2.1     +0.9
  21     ear-rnd   5.4       0.811    0.507    0.0105     2.2     -1.4
  21     ear-deaf  21.4      0.897    0.546    0.0108     1.7     -2.5
  21     ear-deaf-rnd 0.5       0.942    0.515    0.0115     1.6     -1.9
  21     ema       39.0      0.990    0.504    0.0106     1.7     -4.0
  21     ema-rnd   14.1      0.992    0.506    0.0106     1.9     -2.8
  21     ear-win   52.2      1.000    0.500    0.0107     1.0     +4.7
  21     ear-win-rnd 12.1      1.000    0.500    0.0115     1.0     -1.4
  21     ear-sh    15.0      0.790    0.537    0.0096     2.2     -7.5
  21     ear-sh-rnd 6.6       0.798    0.536    0.0115     2.2     -2.2
  21     ear-win-sh 71.6      1.000    0.500    0.0110     1.0     +21.3
  21     ear-win-sh-rnd 21.1      1.000    0.500    0.0101     1.0     -1.6
  22     off       14.9      0.000    0.000    0.0000     0.0     +9.3
  22     oracle    26.8      1.000    0.500    0.0110     0.0     +4.4
  22     ear       17.3      0.789    0.548    0.0106     2.0     +0.4
  22     ear-rnd   17.8      0.750    0.589    0.0107     2.3     -0.2
  22     ear-deaf  45.4      0.832    0.542    0.0112     2.2     +2.8
  22     ear-deaf-rnd 24.7      0.904    0.538    0.0123     2.4     -0.5
  22     ema       6.5       0.951    0.512    0.0113     2.1     +4.5
  22     ema-rnd   5.3       0.977    0.511    0.0123     2.4     +1.2
  22     ear-win   14.7      1.000    0.500    0.0127     1.0     +9.2
  22     ear-win-rnd 10.9      1.000    0.500    0.0118     1.0     -0.3
  22     ear-sh    33.6      0.747    0.614    0.0126     2.4     +13.4
  22     ear-sh-rnd 19.1      0.762    0.550    0.0123     1.9     +3.7
  22     ear-win-sh 6.3       1.000    0.500    0.0121     1.0     -1.1
  22     ear-win-sh-rnd 23.1      1.000    0.500    0.0119     1.0     +4.5
  23     off       60.6      0.000    0.000    0.0000     0.0     +9.1
  23     oracle    15.7      1.000    0.500    0.0101     0.0     -0.6
  23     ear       19.2      0.600    0.658    0.0087     1.5     -11.7
  23     ear-rnd   3.7       0.770    0.609    0.0102     2.4     -3.2
  23     ear-deaf  34.6      0.857    0.541    0.0108     1.7     -3.2
  23     ear-deaf-rnd 10.0      0.837    0.520    0.0103     1.9     -0.1
  23     ema       17.0      0.915    0.585    0.0102     2.3     -5.6
  23     ema-rnd   2.7       0.951    0.549    0.0089     2.5     -3.0
  23     ear-win   16.5      1.000    0.500    0.0130     1.0     +4.6
  23     ear-win-rnd 1.8       1.000    0.500    0.0112     1.0     -0.2
  23     ear-sh    30.1      0.602    0.722    0.0107     1.5     +5.4
  23     ear-sh-rnd 7.9       0.737    0.618    0.0119     2.2     -2.7
  23     ear-win-sh 27.6      1.000    0.500    0.0117     1.0     -6.2
  23     ear-win-sh-rnd 9.2       1.000    0.500    0.0110     1.0     +1.3
  24     off       9.6       0.000    0.000    0.0000     0.0     -2.5
  24     oracle    13.3      1.000    0.500    0.0131     0.0     +4.0
  24     ear       62.7      0.660    0.669    0.0117     2.1     -0.9
  24     ear-rnd   17.9      0.738    0.522    0.0124     2.4     -1.2
  24     ear-deaf  39.7      0.797    0.551    0.0117     1.6     +11.3
  24     ear-deaf-rnd 3.8       0.834    0.518    0.0110     2.1     +1.3
  24     ema       33.7      0.503    0.827    0.0107     1.8     +12.5
  24     ema-rnd   1.9       0.908    0.561    0.0112     2.8     +1.1
  24     ear-win   45.6      1.000    0.500    0.0144     1.0     +6.7
  24     ear-win-rnd 16.9      1.000    0.500    0.0111     1.0     +1.1
  24     ear-sh    32.3      0.616    0.509    0.0112     2.0     +6.8
  24     ear-sh-rnd 15.5      0.702    0.526    0.0121     2.3     +1.0
  24     ear-win-sh 11.5      1.000    0.500    0.0140     1.0     -9.4
  24     ear-win-sh-rnd 7.1       1.000    0.500    0.0107     1.0     +2.2
  25     off       14.1      0.000    0.000    0.0000     0.0     +5.2
  25     oracle    37.9      1.000    0.500    0.0139     0.0     +16.8
  25     ear       0.3       0.729    0.577    0.0104     2.3     +2.7
  25     ear-rnd   16.4      0.813    0.532    0.0093     2.3     +0.3
  25     ear-deaf  35.9      0.890    0.531    0.0114     1.8     +1.1
  25     ear-deaf-rnd 10.6      0.894    0.564    0.0118     2.0     -2.5
  25     ema       16.8      0.971    0.529    0.0103     2.6     +3.1
  25     ema-rnd   5.5       0.999    0.501    0.0107     2.8     +5.0
  25     ear-win   17.2      1.000    0.500    0.0127     1.0     +5.0
  25     ear-win-rnd 7.2       1.000    0.500    0.0111     1.0     +1.0
  25     ear-sh    12.4      0.764    0.548    0.0114     2.1     +0.5
  25     ear-sh-rnd 13.7      0.756    0.553    0.0114     2.7     +1.3
  25     ear-win-sh 3.8       1.000    0.500    0.0140     1.0     +4.1
  25     ear-win-sh-rnd 3.2       1.000    0.500    0.0112     1.0     -0.1
  26     off       6.3       0.000    0.000    0.0000     0.0     -6.9
  26     oracle    12.1      1.000    0.500    0.0105     0.0     +0.0
  26     ear       4.5       0.719    0.557    0.0110     2.3     -3.6
  26     ear-rnd   15.1      0.716    0.625    0.0108     2.5     -1.5
  26     ear-deaf  49.0      0.810    0.519    0.0119     1.9     +14.5
  26     ear-deaf-rnd 18.2      0.868    0.509    0.0112     1.9     -0.3
  26     ema       35.8      0.957    0.541    0.0111     1.1     +5.1
  26     ema-rnd   23.3      0.988    0.507    0.0104     1.9     -3.2
  26     ear-win   32.0      1.000    0.500    0.0139     1.0     -4.3
  26     ear-win-rnd 32.1      1.000    0.500    0.0103     1.0     -1.2
  26     ear-sh    20.4      0.731    0.584    0.0120     1.8     +9.1
  26     ear-sh-rnd 17.1      0.763    0.617    0.0115     2.2     +0.2
  26     ear-win-sh 7.4       1.000    0.500    0.0114     1.0     +9.5
  26     ear-win-sh-rnd 50.2      1.000    0.500    0.0110     1.0     +2.1
  27     off       31.8      0.000    0.000    0.0000     0.0     -5.0
  27     oracle    89.4      1.000    0.500    0.0119     0.0     +5.9
  27     ear       12.0      0.688    0.615    0.0118     2.0     -1.2
  27     ear-rnd   5.9       0.765    0.533    0.0104     2.4     +0.2
  27     ear-deaf  64.0      0.682    0.564    0.0106     2.0     +10.5
  27     ear-deaf-rnd 42.3      0.865    0.522    0.0115     1.9     -0.0
  27     ema       12.4      0.503    0.968    0.0105     2.2     +0.3
  27     ema-rnd   8.5       0.564    0.907    0.0107     2.7     +0.7
  27     ear-win   61.7      1.000    0.500    0.0139     1.0     +3.4
  27     ear-win-rnd 0.3       1.000    0.500    0.0107     1.0     +0.7
  27     ear-sh    8.9       0.722    0.590    0.0101     1.7     -0.5
  27     ear-sh-rnd 34.1      0.782    0.508    0.0106     2.3     +0.1
  27     ear-win-sh 26.3      1.000    0.500    0.0119     1.0     +9.0
  27     ear-win-sh-rnd 56.5      1.000    0.500    0.0131     1.0     -2.1
  28     off       57.0      0.000    0.000    0.0000     0.0     -7.8
  28     oracle    23.9      1.000    0.500    0.0119     0.0     +6.5
  28     ear       63.3      0.856    0.616    0.0120     3.1     +2.5
  28     ear-rnd   38.5      0.785    0.715    0.0099     2.1     +1.3
  28     ear-deaf  31.0      0.815    0.647    0.0101     2.0     -6.5
  28     ear-deaf-rnd 25.5      0.912    0.578    0.0125     1.6     -0.2
  28     ema       63.2      0.946    0.554    0.0098     2.4     +4.4
  28     ema-rnd   11.1      0.977    0.523    0.0091     2.6     -1.2
  28     ear-win   1.0       1.000    0.500    0.0122     1.0     +8.3
  28     ear-win-rnd 27.9      1.000    0.500    0.0113     1.0     -1.1
  28     ear-sh    18.4      0.702    0.741    0.0103     2.1     +8.5
  28     ear-sh-rnd 21.7      0.713    0.726    0.0105     2.1     +1.9
  28     ear-win-sh 28.5      1.000    0.500    0.0111     1.0     +10.0
  28     ear-win-sh-rnd 32.9      1.000    0.500    0.0117     1.0     +2.4
  29     off       6.0       0.000    0.000    0.0000     0.0     +0.3
  29     oracle    63.3      1.000    0.500    0.0129     0.0     +16.2
  29     ear       8.4       0.757    0.706    0.0116     1.5     +5.1
  29     ear-rnd   23.6      0.831    0.558    0.0108     2.4     +2.9
  29     ear-deaf  27.1      0.719    0.625    0.0108     1.5     -4.6
  29     ear-deaf-rnd 35.4      0.922    0.562    0.0110     2.2     +0.4
  29     ema       28.7      0.894    0.593    0.0101     1.5     -0.4
  29     ema-rnd   7.0       0.949    0.551    0.0101     3.8     +1.2
  29     ear-win   16.2      1.000    0.500    0.0124     1.0     +1.6
  29     ear-win-rnd 15.7      1.000    0.500    0.0091     1.0     -1.7
  29     ear-sh    68.0      0.657    0.512    0.0103     1.5     -0.1
  29     ear-sh-rnd 31.0      0.841    0.619    0.0111     2.4     -0.5
  29     ear-win-sh 64.3      1.000    0.500    0.0120     1.0     +10.9
  29     ear-win-sh-rnd 32.2      1.000    0.500    0.0124     1.0     -4.8
  30     off       8.2       0.000    0.000    0.0000     0.0     +0.1
  30     oracle    5.6       1.000    0.500    0.0108     0.0     +8.8
  30     ear       31.9      0.770    0.632    0.0122     1.8     +4.3
  30     ear-rnd   0.4       0.810    0.545    0.0106     2.8     +0.8
  30     ear-deaf  11.2      0.938    0.519    0.0111     1.8     +12.3
  30     ear-deaf-rnd 20.0      0.945    0.526    0.0112     2.0     +0.9
  30     ema       11.8      0.992    0.507    0.0137     2.2     +4.0
  30     ema-rnd   73.4      0.850    0.636    0.0127     2.6     +1.2
  30     ear-win   12.7      1.000    0.500    0.0120     1.0     +16.0
  30     ear-win-rnd 22.9      1.000    0.500    0.0097     1.0     +0.8
  30     ear-sh    28.8      0.684    0.606    0.0106     2.0     +10.2
  30     ear-sh-rnd 10.6      0.731    0.612    0.0115     2.2     -1.8
  30     ear-win-sh 28.3      1.000    0.500    0.0114     1.0     +12.2
  30     ear-win-sh-rnd 46.4      1.000    0.500    0.0125     1.0     -4.2
  31     off       15.0      0.000    0.000    0.0000     0.0     +0.8
  31     oracle    17.8      1.000    0.500    0.0112     0.0     -1.8
  31     ear       28.6      0.633    0.867    0.0109     1.5     -4.2
  31     ear-rnd   11.6      0.757    0.713    0.0120     2.3     +2.0
  31     ear-deaf  33.2      0.715    0.785    0.0122     1.9     -3.3
  31     ear-deaf-rnd 25.7      0.750    0.735    0.0117     2.1     -0.8
  31     ema       33.7      0.607    0.893    0.0097     2.5     -4.8
  31     ema-rnd   11.6      0.899    0.574    0.0126     2.2     +0.6
  31     ear-win   16.2      1.000    0.500    0.0138     1.0     +4.0
  31     ear-win-rnd 19.8      1.000    0.500    0.0108     1.0     +1.6
  31     ear-sh    3.7       0.629    0.688    0.0115     1.1     +0.9
  31     ear-sh-rnd 7.2       0.732    0.754    0.0130     2.3     +1.0
  31     ear-win-sh 106.6     1.000    0.500    0.0089     1.0     +10.3
  31     ear-win-sh-rnd 1.5       1.000    0.500    0.0126     1.0     +2.7
  32     off       1.9       0.000    0.000    0.0000     0.0     -7.4
  32     oracle    31.6      1.000    0.500    0.0117     0.0     -0.2
  32     ear       45.0      0.584    0.592    0.0108     1.0     -0.2
  32     ear-rnd   14.4      0.720    0.751    0.0112     2.3     -0.2
  32     ear-deaf  21.7      0.706    0.779    0.0115     1.8     -2.8
  32     ear-deaf-rnd 45.1      0.846    0.654    0.0140     2.0     -1.6
  32     ema       29.8      0.611    0.869    0.0112     2.5     -0.8
  32     ema-rnd   30.7      0.983    0.502    0.0120     2.6     +3.5
  32     ear-win   40.9      1.000    0.500    0.0123     1.0     +6.3
  32     ear-win-rnd 11.4      1.000    0.500    0.0111     1.0     +0.7
  32     ear-sh    93.7      0.671    0.616    0.0118     1.7     +3.1
  32     ear-sh-rnd 17.4      0.601    0.688    0.0109     1.1     -0.2
  32     ear-win-sh 61.6      1.000    0.500    0.0108     1.0     +2.9
  32     ear-win-sh-rnd 34.3      1.000    0.500    0.0111     1.0     +2.7
  33     off       18.2      0.000    0.000    0.0000     0.0     +8.4
  33     oracle    16.9      1.000    0.500    0.0115     0.0     +7.4
  33     ear       10.1      0.696    0.732    0.0108     2.4     +3.4
  33     ear-rnd   15.4      0.765    0.720    0.0101     2.7     +0.2
  33     ear-deaf  24.6      0.637    0.791    0.0100     1.5     +1.4
  33     ear-deaf-rnd 13.3      0.819    0.576    0.0112     2.0     -4.8
  33     ema       69.7      0.973    0.503    0.0127     1.9     +13.6
  33     ema-rnd   15.5      0.821    0.650    0.0111     2.5     -1.5
  33     ear-win   9.9       1.000    0.500    0.0106     1.0     -0.7
  33     ear-win-rnd 32.7      1.000    0.500    0.0093     1.0     -2.3
  33     ear-sh    19.4      0.599    0.872    0.0093     2.0     +7.0
  33     ear-sh-rnd 15.5      0.713    0.757    0.0107     2.4     -0.4
  33     ear-win-sh 19.4      1.000    0.500    0.0107     1.0     +9.9
  33     ear-win-sh-rnd 28.1      1.000    0.500    0.0115     1.0     +0.3
  34     off       6.5       0.000    0.000    0.0000     0.0     +3.5
  34     oracle    8.8       1.000    0.500    0.0116     0.0     +5.0
  34     ear       5.7       0.730    0.770    0.0103     2.0     +2.5
  34     ear-rnd   7.2       0.740    0.732    0.0130     2.5     -0.8
  34     ear-deaf  9.7       0.642    0.703    0.0110     1.4     +10.9
  34     ear-deaf-rnd 15.5      0.867    0.590    0.0105     2.1     -1.7
  34     ema       2.6       0.641    0.859    0.0101     2.1     -2.0
  34     ema-rnd   10.6      0.955    0.545    0.0110     2.6     -2.3
  34     ear-win   31.8      1.000    0.500    0.0130     1.0     +8.1
  34     ear-win-rnd 5.4       1.000    0.500    0.0109     1.0     +0.6
  34     ear-sh    70.6      0.554    0.688    0.0107     0.9     +7.6
  34     ear-sh-rnd 13.0      0.681    0.606    0.0111     1.7     -1.2
  34     ear-win-sh 21.0      1.000    0.500    0.0121     1.0     +6.5
  34     ear-win-sh-rnd 4.5       1.000    0.500    0.0107     1.0     +0.8
  35     off       27.7      0.000    0.000    0.0000     0.0     -0.2
  35     oracle    16.7      1.000    0.500    0.0097     0.0     +12.2
  35     ear       14.9      0.810    0.550    0.0104     2.2     -1.9
  35     ear-rnd   35.6      0.771    0.581    0.0099     2.5     +0.5
  35     ear-deaf  38.0      0.675    0.571    0.0107     1.7     +15.9
  35     ear-deaf-rnd 60.9      0.915    0.500    0.0113     1.7     +1.6
  35     ema       16.3      0.948    0.552    0.0098     1.6     +6.6
  35     ema-rnd   4.3       0.998    0.502    0.0093     2.2     +2.8
  35     ear-win   27.2      1.000    0.500    0.0099     1.0     +10.5
  35     ear-win-rnd 8.7       1.000    0.500    0.0115     1.0     +0.3
  35     ear-sh    0.2       0.726    0.635    0.0095     1.9     +6.8
  35     ear-sh-rnd 26.8      0.784    0.608    0.0101     2.3     -0.4
  35     ear-win-sh 8.2       1.000    0.500    0.0113     1.0     +12.3
  35     ear-win-sh-rnd 26.2      1.000    0.500    0.0107     1.0     +3.1

  arm       dF1 (Hz)         p(index)        busiest slice  table div     change
  off       26.3 +/- 3.6     0.000 +/- 0.000 0.000 +/- 0.000 0.0000 +/- 0.0000 +0.5 +/- 1.0
  oracle    28.0 +/- 3.3     1.000 +/- 0.000 0.500 +/- 0.000 0.0117 +/- 0.0002 +4.7 +/- 1.0
  ear       23.4 +/- 3.3     0.730 +/- 0.015 0.646 +/- 0.014 0.0108 +/- 0.0002 +1.6 +/- 0.8
  ear-rnd   19.3 +/- 2.6     0.778 +/- 0.009 0.610 +/- 0.013 0.0110 +/- 0.0002 -0.2 +/- 0.2
  ear-deaf  32.1 +/- 3.1     0.812 +/- 0.016 0.594 +/- 0.014 0.0112 +/- 0.0001 +3.2 +/- 1.1
  ear-deaf-rnd 27.3 +/- 3.7     0.881 +/- 0.007 0.558 +/- 0.009 0.0114 +/- 0.0002 -0.5 +/- 0.3
  ema       25.5 +/- 3.0     0.860 +/- 0.030 0.621 +/- 0.026 0.0107 +/- 0.0002 +1.7 +/- 0.8
  ema-rnd   22.7 +/- 3.0     0.915 +/- 0.022 0.571 +/- 0.019 0.0106 +/- 0.0002 -0.4 +/- 0.3
  ear-win   29.7 +/- 3.3     1.000 +/- 0.000 0.500 +/- 0.000 0.0122 +/- 0.0002 +4.1 +/- 0.7
  ear-win-rnd 23.9 +/- 2.8     1.000 +/- 0.000 0.500 +/- 0.000 0.0109 +/- 0.0001 -0.0 +/- 0.2
  ear-sh    32.1 +/- 4.0     0.708 +/- 0.013 0.624 +/- 0.014 0.0109 +/- 0.0001 +3.4 +/- 1.0
  ear-sh-rnd 18.0 +/- 2.2     0.769 +/- 0.010 0.614 +/- 0.011 0.0113 +/- 0.0001 +0.0 +/- 0.3
  ear-win-sh 35.1 +/- 4.5     1.000 +/- 0.000 0.500 +/- 0.000 0.0119 +/- 0.0002 +6.0 +/- 1.0
  ear-win-sh-rnd 29.2 +/- 3.3     1.000 +/- 0.000 0.500 +/- 0.000 0.0111 +/- 0.0001 +0.3 +/- 0.3

  EPISODE LENGTHS, log2 buckets in ticks (share of episodes), mean
  arm               mean     <2   2-3   4-7  8-15 16-31 32-63 64-127 128-255 256-511 >=512
  ear                300   0.20  0.11  0.11  0.08  0.04  0.05  0.06  0.06  0.08  0.21
  ear-rnd            289   0.20  0.12  0.10  0.07  0.05  0.05  0.05  0.06  0.07  0.22
  ear-deaf           408   0.18  0.11  0.11  0.07  0.03  0.03  0.04  0.04  0.07  0.31
  ear-deaf-rnd       458   0.18  0.10  0.09  0.06  0.03  0.04  0.03  0.03  0.05  0.38
  ema                276   0.20  0.12  0.11  0.08  0.05  0.05  0.06  0.06  0.08  0.20
  ema-rnd            287   0.21  0.12  0.10  0.07  0.05  0.05  0.06  0.06  0.06  0.23
  ear-win            900   0.00  0.00  0.00  0.00  0.00  0.00  0.00  0.00  0.00  1.00
  ear-win-rnd        900   0.00  0.00  0.00  0.00  0.00  0.00  0.00  0.00  0.00  1.00
  ear-sh             314   0.19  0.12  0.11  0.07  0.05  0.05  0.06  0.06  0.07  0.21
  ear-sh-rnd         321   0.21  0.12  0.11  0.07  0.05  0.05  0.05  0.06  0.07  0.22
  ear-win-sh         900   0.00  0.00  0.00  0.00  0.00  0.00  0.00  0.00  0.00  1.00
  ear-win-sh-rnd     900   0.00  0.00  0.00  0.00  0.00  0.00  0.00  0.00  0.00  1.00
  A MINIMUM-LENGTH DEBOUNCE CAN WORK only if the word episodes and the
  fragments sit in SEPARATE buckets. If the mass is spread smoothly there
  is no threshold that keeps one and drops the other, and the fix has to
  be hysteresis in AMPLITUDE rather than a minimum duration.

  OFF GAPS BETWEEN EPISODES, log2 buckets in ticks, and the gate's ON
  time as a fraction of the caregiver's word time (measured, not inferred)
  arm             ON/word    gap     <2   2-3   4-7  8-15 16-31 32-63 64-127 128-255 256-511 >=512
  off               0.00      0   0.00  0.00  0.00  0.00  0.00  0.00  0.00  0.00  0.00  0.00
  oracle            0.00      0   0.00  0.00  0.00  0.00  0.00  0.00  0.00  0.00  0.00  0.00
  ear               0.68   1123   0.19  0.11  0.10  0.08  0.05  0.04  0.05  0.05  0.02  0.31
  ear-rnd           0.78    878   0.20  0.11  0.10  0.08  0.04  0.04  0.05  0.05  0.02  0.31
  ear-deaf          0.83   1137   0.17  0.10  0.10  0.09  0.03  0.03  0.02  0.02  0.02  0.42
  ear-deaf-rnd      0.99    986   0.17  0.11  0.08  0.07  0.04  0.03  0.03  0.02  0.02  0.45
  ema               0.61   1185   0.20  0.11  0.10  0.09  0.04  0.04  0.05  0.04  0.02  0.31
  ema-rnd           0.79    860   0.20  0.11  0.10  0.08  0.05  0.04  0.05  0.05  0.02  0.30
  ear-win           1.00   1900   0.00  0.00  0.00  0.00  0.00  0.00  0.00  0.00  0.00  1.00
  ear-win-rnd       1.00   1900   0.00  0.00  0.00  0.00  0.00  0.00  0.00  0.00  0.00  1.00
  ear-sh            0.63   1341   0.19  0.11  0.10  0.09  0.04  0.04  0.05  0.04  0.02  0.31
  ear-sh-rnd        0.78    944   0.20  0.11  0.10  0.09  0.04  0.04  0.05  0.05  0.02  0.30
  ear-win-sh        1.00   1900   0.00  0.00  0.00  0.00  0.00  0.00  0.00  0.00  0.00  1.00
  ear-win-sh-rnd    1.00   1900   0.00  0.00  0.00  0.00  0.00  0.00  0.00  0.00  0.00  1.00
  A MERGE RULE IS DERIVABLE only if the WITHIN-word gaps and the
  BETWEEN-word gaps separate. The between-word gap is bounded below by the
  trial's silent tail, so mass well above that is the real boundary and
  mass well below it is chatter to be merged across. If ON/word is near 1
  the gate already finds the word and only shatters it, which is the case a
  merge rule fixes; if it is well under 1 the gate is also MISSING the
  word and merging alone cannot recover it.

  can a listener tell the words apart? (held-out one-of-two, F1+F2)
    off        0.625 +/- 0.024   (shuffled 0.504, chance 0.500)
    oracle     0.671 +/- 0.027   (shuffled 0.500, chance 0.500)
    ear        0.630 +/- 0.020   (shuffled 0.496, chance 0.500)
    ear-rnd    0.597 +/- 0.018   (shuffled 0.503, chance 0.500)
    ear-deaf   0.683 +/- 0.021   (shuffled 0.492, chance 0.500)
    ear-deaf-rnd 0.649 +/- 0.024   (shuffled 0.493, chance 0.500)
    ema        0.663 +/- 0.024   (shuffled 0.501, chance 0.500)
    ema-rnd    0.644 +/- 0.027   (shuffled 0.495, chance 0.500)
    ear-win    0.669 +/- 0.029   (shuffled 0.510, chance 0.500)
    ear-win-rnd 0.631 +/- 0.026   (shuffled 0.502, chance 0.500)
    ear-sh     0.629 +/- 0.029   (shuffled 0.505, chance 0.500)
    ear-sh-rnd 0.585 +/- 0.021   (shuffled 0.491, chance 0.500)
    ear-win-sh 0.661 +/- 0.029   (shuffled 0.513, chance 0.500)
    ear-win-sh-rnd 0.687 +/- 0.025   (shuffled 0.490, chance 0.500)
    PAIRED  ema - off       +0.038 +/- 0.030, 1.2 SE, 19 of 36
    PAIRED  ema - ema-rnd   +0.018 +/- 0.035, 0.5 SE, 19 of 36

  is the utterance nearer the RIGHT word's target? (no fitting, chance 0.500)
    off        0.511 +/- 0.005
    oracle     0.515 +/- 0.006
    ear        0.504 +/- 0.003
    ear-rnd    0.499 +/- 0.002
    ear-deaf   0.520 +/- 0.009
    ear-deaf-rnd 0.498 +/- 0.002
    ema        0.517 +/- 0.006
    ema-rnd    0.500 +/- 0.001
    ear-win    0.508 +/- 0.004
    ear-win-rnd 0.500 +/- 0.001
    ear-sh     0.513 +/- 0.006
    ear-sh-rnd 0.500 +/- 0.001
    ear-win-sh 0.518 +/- 0.007
    ear-win-sh-rnd 0.502 +/- 0.002
    PAIRED  ema - off       +0.006 +/- 0.008, 0.8 SE, 16 of 36
    PAIRED  ema - ema-rnd   +0.017 +/- 0.006, 2.9 SE, 15 of 36

  did it move the RIGHT WAY along the axis between the two words?
  (centred on the creature's own mean, no labels fitted, chance 0.500)
    off        0.538 +/- 0.029    (k-way form: 0.538)
    oracle     0.635 +/- 0.027    (k-way form: 0.635)
    ear        0.567 +/- 0.025    (k-way form: 0.567)
    ear-rnd    0.515 +/- 0.024    (k-way form: 0.515)
    ear-deaf   0.600 +/- 0.026    (k-way form: 0.600)
    ear-deaf-rnd 0.505 +/- 0.032    (k-way form: 0.505)
    ema        0.568 +/- 0.025    (k-way form: 0.568)
    ema-rnd    0.507 +/- 0.030    (k-way form: 0.507)
    ear-win    0.648 +/- 0.028    (k-way form: 0.648)
    ear-win-rnd 0.491 +/- 0.029    (k-way form: 0.491)
    ear-sh     0.565 +/- 0.025    (k-way form: 0.565)
    ear-sh-rnd 0.530 +/- 0.022    (k-way form: 0.530)
    ear-win-sh 0.634 +/- 0.025    (k-way form: 0.634)
    ear-win-sh-rnd 0.487 +/- 0.034    (k-way form: 0.487)
    the k-way form reduces to the axis test at k=2: worst disagreement 0.0000
    PAIRED  ema - off       +0.031 +/- 0.022, 1.4 SE, 21 of 36
    PAIRED  ema - ema-rnd   +0.062 +/- 0.027, 2.3 SE, 25 of 36

  does the index hold up across a session? (early third -> last third)
    ear           0.644 -> 0.781   PAIRED +0.137 +/- 0.019 (7.2 SE)
    ear-rnd       0.648 -> 0.849   PAIRED +0.201 +/- 0.018 (11.3 SE)
    ear-deaf      0.807 -> 0.796   PAIRED -0.011 +/- 0.022 (0.5 SE)
    ear-deaf-rnd  0.809 -> 0.893   PAIRED +0.084 +/- 0.019 (4.4 SE)
    ema           0.898 -> 0.846   PAIRED -0.052 +/- 0.021 (2.4 SE)
    ema-rnd       0.914 -> 0.916   PAIRED +0.002 +/- 0.026 (0.1 SE)
    ear-win       1.000 -> 1.000   PAIRED +0.000 +/- 0.000 (0.0 SE)
    ear-win-rnd   1.000 -> 1.000   PAIRED +0.000 +/- 0.000 (0.0 SE)
    ear-sh        0.621 -> 0.768   PAIRED +0.147 +/- 0.017 (8.9 SE)
    ear-sh-rnd    0.640 -> 0.840   PAIRED +0.200 +/- 0.017 (11.7 SE)
    ear-win-sh    1.000 -> 1.000   PAIRED +0.000 +/- 0.000 (0.0 SE)
    ear-win-sh-rnd 1.000 -> 1.000   PAIRED +0.000 +/- 0.000 (0.0 SE)
    AGAINST THE PREDICTION  drift says -0.034, measured +0.137: off by
      0.171 = 9.0 SE  -> PREDICTION EXCLUDED
    what is NOT excluded: the 3 SE interval is [+0.080, +0.194], so a
      decay smaller than 0.080 remains possible
    the gap   early -0.003  ->  late -0.067   (WIDENS, as drift predicts)
    DRIFT IS REFUSED ON BOTH OF ITS CLAIMS. It predicts -0.034 in the
    learning arm and that the learning arm decays MOST. Measured:
    +0.137 +/- 0.019, which is 9.0 SE off the prediction, and the
    learning arm is the arm that decays LEAST -- the only one that
    rises, with every control falling below it. The gap widens, where
    drift requires it to widen. With own voice refused by
    intervention and gate corruption refused at the wrong sign
    (+0.72), ALL THREE named causes of the -0.056 gap are dead. The
    gap is real at 6.0 SE and UNEXPLAINED -- record it that way
    rather than reaching for a fourth guess. A decay smaller than
    0.080 is still not excluded, so what dies is drift AT THE SIZE IT
    PREDICTED, not every conceivable drift.

  OWN VOICE: does cutting the acoustic self-path close the gap?
    GUARD deafness changed the creature?  0 of 36 pairs IDENTICAL   OK
    gap HEARING  ear      - ear-rnd       -0.049 +/- 0.010 (4.8 SE, n=36)
    gap DEAF     ear-deaf - ear-deaf-rnd  -0.069 +/- 0.013 (5.2 SE, n=36)
    DIFFERENCE OF GAPS  deaf - hearing     -0.020 +/- 0.017 (1.2 SE)
    deafening, TRACKING arm   ear-deaf     - ear      +0.082 +/- 0.018 (4.5 SE)
    deafening, CONTROL arm    ear-deaf-rnd - ear-rnd  +0.102 +/- 0.006 (15.8 SE)
    index levels  ear 0.730  ear-rnd 0.778  ear-deaf 0.812  ear-deaf-rnd 0.881
    POWER  a full closure moves this by 0.049; 3 x SE = 0.050  -> CANNOT DETECT ONE
    REFUSED: this contrast cannot distinguish a full closure from
    none, so it says nothing about the own-voice account either way.
    It needs about 38 creatures.

  THE WORD WINDOW: is the index's own larynx gate the cause of the gap?
    GUARD the oracle window changed the creature?  0 of 36 pairs IDENTICAL   OK
    arm              index   occupancy  ceiling  SLACK (= confusion)
    ear              0.730    0.646      0.854    +0.124
    ear-rnd          0.778    0.610      0.890    +0.112
    ear-win          1.000    0.500      1.000    +0.000
    ear-win-rnd      1.000    0.500      1.000    +0.000
    ear-sh           0.708    0.624      0.876    +0.168
    ear-sh-rnd       0.769    0.614      0.886    +0.117
    ear-win-sh       1.000    0.500      1.000    +0.000
    ear-win-sh-rnd   1.000    0.500      1.000    +0.000
    THE LOCK  ear-win (alternating) 1.000  vs  ear-win-sh (shuffled) 1.000
              paired drop +0.00000 +/- 0.00000 (0.0 SE, n=36)   <- no lock: the window result survives shuffling
    gap LARYNX, shuffled  ear-sh     - ear-sh-rnd      raw -0.061 +/- 0.010   confusion +0.050 +/- 0.014 (n=36)
    gap ORACLE, shuffled  ear-win-sh - ear-win-sh-rnd  raw +0.000 +/- 0.000   confusion +0.000 +/- 0.000 (n=36)
    DIFFERENCE OF GAPS, on confusion   oracle - larynx  -0.050 +/- 0.014 (3.7 SE)
    ANCHOR  ear 0.730 (was 0.707)  ear-rnd 0.778 (was 0.763)  -> REPRODUCES
    POWER  a full closure moves this by 0.050; 3 x SE = 0.041  -> CAN DETECT ONE
    THE WORD WINDOW IS THE CAUSE. Handing the segmentation to the
    caregiver moves the confusion gap -0.050 +/- 0.014 (3.7 SE) and the
    oracle gap is indistinguishable from zero (+0.000 +/- 0.000). The
    index degrades when the target tracks the word because the
    creature's own word-dependent VOICE sets the episode boundary --
    an INTERNAL motor path, which is why self_gain = 0 did not touch
    it. The feature was never the problem and neither was the rule.

  paired differences (same creature, arms differ only in genome fields)
    ear   - ear-rnd     +4.1 +/- 3.2 Hz, 1.3 SE, 20 of 36 positive
    ear   - off         -2.9 +/- 3.5 Hz, -0.8 SE, 14 of 36 positive
    ema   - ema-rnd     +2.8 +/- 4.5 Hz, 0.6 SE, 21 of 36 positive
    ema   - off         -0.8 +/- 4.2 Hz, -0.2 SE, 23 of 36 positive

  REFUSED -- the ORACLE arm did not reproduce `areax` in this run:
  28.0 Hz against 26.3 with the table shared (+1.8, 0.3 SE). Without a
  working reference there is nothing to measure the creature's own
  index against, and a flat `self` would be unreadable.
