experiment: framehold
  instrument        framehold   trial seed 000000000135d3c8   1200000 ticks
                    another probe is another trial sequence: its numbers
                    are not comparable with these (~0.05 at 300 trials)
  seed family       offset 512821 -> first creature 00000000013cfafe  (nonzero = the
                    REPLICATION; family 0 gave one arm of four at +3.5 SE)
  what happened     `framecopy` looked spectacular and was trivial: the voice
                    alternated at the caregiver's rate because a SHIPPED
                    inhibitory auditory->vocal tract stops the babbling while
                    the creature hears something. An interrupt, not a frame.
  the tell          `heard` duty sat BELOW the silent baseline -- gated OFF --
                    while `oracle` rose to 0.83, driven ON. Anti-phase reflex,
                    not an oscillator.
  the discriminator PERSISTENCE, which is what made M1b real rather than a
                    pass-through: a reflex dies with its driver, an internal
                    beat rings on. Pulse 4 s, then SILENCE 4 s, and measure the
                    f-component DURING THE SILENCE.
  v1 WAS CONFOUNDED and this is the fix. Fixed 4 s holds repeat at 0.25 Hz,
    and every f tested is an exact harmonic of that -- so the single offset
    transient deposited power at precisely the measured frequency, with no
    rhythm required, right where v1's effect sat. The phase-tiling I was
    careful about is what CAUSED it.
  the correction    hold lengths now VARY (3.0/4.5/3.5/5.0/4.0 s) so transients
                    land incoherently, and the phase reference is ABSOLUTE
                    TIME so a ring-out inheriting the drive's phase still sums.
  not fakeable by   a slowly decaying inhibition returns the voice SMOOTHLY to
  a slow leak       baseline, which is broadband. Only continued ALTERNATION
                    puts power at f.

  PRE-REGISTERED
    positive control  `heard` SNR during the DRIVE must be large. If it is not,
                      the reflex is not even engaging and nothing else reads.
    persistence       `heard` hold-SNR >= 2.0 AND >= 3 SE over the matching
                      `silent` arm -> the beat outlasts its driver, which is a
                      FRAME rather than an interrupt.
    reflex only       hold-SNR at the silent baseline -> it dies with the
                      driver. No frame, and an internal oscillator on the
                      voicing gate becomes the next build.
    decay             early vs late halves of the hold, reported either way.
                      A real ring-out decays; a constant offset would suggest
                      the statistic is picking up something structural.

  [6/168] seed 0 silent-6  drive      2.3 hold    0.26 early    0.58 late    0.02
  [8/168] seed 0 heard-1   drive    177.1 hold    4.19 early    0.48 late    3.21
  [1/168] seed 0 silent-1  drive      5.1 hold    0.07 early    0.55 late    0.18
  [13/168] seed 0 heard-6   drive   1285.3 hold    1.26 early    0.70 late    0.11
  [7/168] seed 0 silent-8  drive      0.9 hold    2.08 early    2.02 late    1.28
  [5/168] seed 0 silent-5  drive      0.5 hold    0.16 early    0.34 late    1.05
  [2/168] seed 0 silent-2  drive      1.6 hold    0.14 early    1.32 late    0.34
  [9/168] seed 0 heard-2   drive    394.2 hold    1.13 early    0.30 late    0.73
  [14/168] seed 0 heard-8   drive    787.7 hold    0.24 early    0.13 late    0.81
  [3/168] seed 0 silent-3  drive      0.3 hold    0.82 early    2.39 late    1.78
  [12/168] seed 0 heard-5   drive   1123.2 hold    1.05 early    2.99 late    1.43
  [11/168] seed 0 heard-4   drive   1123.2 hold    1.43 early    0.85 late    1.45
  [4/168] seed 0 silent-4  drive      1.4 hold    0.75 early    0.08 late    2.26
  [10/168] seed 0 heard-3   drive    799.2 hold    4.39 early    1.75 late    2.38
  [20/168] seed 1 silent-6  drive      0.3 hold    0.21 early    2.20 late    0.69
  [15/168] seed 1 silent-1  drive      3.1 hold    1.18 early    1.15 late    3.45
  [28/168] seed 1 heard-8   drive    790.5 hold    0.03 early    1.52 late    0.51
  [17/168] seed 1 silent-3  drive      2.7 hold    0.15 early    0.05 late    0.11
  [16/168] seed 1 silent-2  drive      0.6 hold    0.04 early    0.49 late    0.28
  [27/168] seed 1 heard-6   drive   1346.1 hold    0.98 early    2.94 late    0.30
  [19/168] seed 1 silent-5  drive      0.4 hold    1.60 early    0.68 late    4.11
  [18/168] seed 1 silent-4  drive      1.0 hold    3.63 early    1.29 late    2.09
  [26/168] seed 1 heard-5   drive    929.8 hold    5.99 early    1.83 late    3.05
  [25/168] seed 1 heard-4   drive    621.8 hold    0.76 early    1.08 late    1.31
  [24/168] seed 1 heard-3   drive    594.6 hold    1.31 early    1.79 late    0.30
  [23/168] seed 1 heard-2   drive    316.9 hold    2.28 early    0.42 late    1.80
  [22/168] seed 1 heard-1   drive    157.7 hold    0.71 early    0.73 late    0.20
  [21/168] seed 1 silent-8  drive      0.2 hold    0.17 early    0.52 late    0.81
  [30/168] seed 2 silent-2  drive      0.2 hold    0.13 early    0.16 late    0.24
  [31/168] seed 2 silent-3  drive      2.5 hold    0.79 early    1.85 late    1.87
  [32/168] seed 2 silent-4  drive      0.9 hold    3.42 early    4.57 late    0.08
  [29/168] seed 2 silent-1  drive      0.1 hold    2.06 early    2.07 late    3.06
  [35/168] seed 2 silent-8  drive      0.4 hold    0.73 early    1.17 late    0.09
  [34/168] seed 2 silent-6  drive      1.1 hold    0.21 early    2.26 late    3.41
  [36/168] seed 2 heard-1   drive    180.7 hold    2.18 early    0.20 late    0.04
  [38/168] seed 2 heard-3   drive    382.1 hold    2.76 early    3.61 late    0.16
  [40/168] seed 2 heard-5   drive    517.8 hold    1.26 early    1.23 late    0.05
  [41/168] seed 2 heard-6   drive    701.3 hold    0.80 early    2.33 late    0.27
  [39/168] seed 2 heard-4   drive    518.4 hold    6.05 early    7.85 late    0.13
  [33/168] seed 2 silent-5  drive      0.2 hold    0.25 early    0.31 late    0.77
  [37/168] seed 2 heard-2   drive    347.0 hold    2.39 early    2.13 late    1.34
  [42/168] seed 2 heard-8   drive    327.3 hold    1.50 early    1.67 late    1.46
  [43/168] seed 3 silent-1  drive      0.1 hold    1.16 early    0.93 late    0.21
  [44/168] seed 3 silent-2  drive      0.9 hold    2.16 early    0.15 late    6.54
  [46/168] seed 3 silent-4  drive      1.3 hold    0.14 early    0.62 late    1.45
  [47/168] seed 3 silent-5  drive      0.5 hold    2.55 early    0.31 late    7.58
  [45/168] seed 3 silent-3  drive      1.0 hold    1.43 early    1.94 late    0.28
  [49/168] seed 3 silent-8  drive      1.8 hold    0.44 early    0.15 late    0.25
  [48/168] seed 3 silent-6  drive      1.2 hold    0.08 early    1.77 late    3.50
  [52/168] seed 3 heard-3   drive    540.1 hold    1.59 early    3.54 late    0.42
  [50/168] seed 3 heard-1   drive    163.1 hold    1.07 early    0.10 late    0.16
  [53/168] seed 3 heard-4   drive    534.6 hold    0.01 early    1.76 late    2.16
  [55/168] seed 3 heard-6   drive    723.2 hold    1.26 early    3.45 late    0.03
  [51/168] seed 3 heard-2   drive    350.3 hold    3.16 early    1.07 late    0.61
  [54/168] seed 3 heard-5   drive    869.6 hold    3.85 early    3.74 late    0.03
  [56/168] seed 3 heard-8   drive    321.3 hold    0.22 early    0.09 late    0.83
  [58/168] seed 4 silent-2  drive      0.4 hold    2.36 early    1.78 late    0.67
  [60/168] seed 4 silent-4  drive      0.3 hold    0.01 early    0.08 late    0.07
  [62/168] seed 4 silent-6  drive      0.6 hold    0.24 early    0.94 late    0.25
  [57/168] seed 4 silent-1  drive      0.1 hold    0.92 early    1.78 late    1.00
  [61/168] seed 4 silent-5  drive      3.4 hold    0.08 early    2.96 late    1.15
  [65/168] seed 4 heard-2   drive    311.0 hold    3.23 early    1.51 late    0.85
  [59/168] seed 4 silent-3  drive      2.6 hold    1.98 early    1.19 late    1.18
  [63/168] seed 4 silent-8  drive      1.2 hold    0.99 early    2.74 late    0.75
  [64/168] seed 4 heard-1   drive    164.7 hold    2.87 early    0.52 late    0.65
  [69/168] seed 4 heard-6   drive    660.6 hold    0.35 early    0.10 late    1.18
  [66/168] seed 4 heard-3   drive    520.8 hold    1.74 early    1.25 late    0.50
  [67/168] seed 4 heard-4   drive    494.8 hold    0.76 early    0.69 late    0.86
  [68/168] seed 4 heard-5   drive    479.9 hold    0.44 early    0.46 late    1.42
  [70/168] seed 4 heard-8   drive    475.6 hold    0.12 early    0.78 late    1.11
  [73/168] seed 5 silent-3  drive      0.5 hold    0.47 early    0.05 late    0.99
  [71/168] seed 5 silent-1  drive      1.3 hold    1.63 early    1.82 late    0.89
  [74/168] seed 5 silent-4  drive      0.4 hold    1.18 early    1.13 late    0.59
  [72/168] seed 5 silent-2  drive      1.9 hold    2.61 early    2.55 late    0.66
  [76/168] seed 5 silent-6  drive      0.7 hold    0.13 early    0.08 late    0.26
  [77/168] seed 5 silent-8  drive      0.4 hold    0.80 early    1.70 late    0.12
  [75/168] seed 5 silent-5  drive      0.4 hold    7.29 early   10.74 late    1.08
  [80/168] seed 5 heard-3   drive    487.1 hold    0.31 early    1.27 late    0.37
  [83/168] seed 5 heard-6   drive    356.4 hold    0.19 early    0.99 late    3.17
  [78/168] seed 5 heard-1   drive    152.0 hold    1.21 early    0.05 late    0.28
  [81/168] seed 5 heard-4   drive    431.9 hold    3.03 early    2.39 late    1.52
  [79/168] seed 5 heard-2   drive    273.7 hold    2.46 early    2.42 late    0.12
  [85/168] seed 6 silent-1  drive      3.6 hold    0.64 early    1.69 late    0.17
  [84/168] seed 5 heard-8   drive    439.5 hold    0.43 early    0.74 late    0.14
  [87/168] seed 6 silent-3  drive      1.9 hold    1.02 early    1.05 late    0.19
  [86/168] seed 6 silent-2  drive      0.8 hold    0.18 early    0.03 late    0.78
  [82/168] seed 5 heard-5   drive    584.9 hold    1.97 early    5.11 late    0.73
  [88/168] seed 6 silent-4  drive      3.6 hold    0.18 early    1.59 late    1.63
  [89/168] seed 6 silent-5  drive      0.1 hold    0.11 early    0.23 late    0.57
  [90/168] seed 6 silent-6  drive      1.8 hold    1.10 early    0.24 late    3.34
  [91/168] seed 6 silent-8  drive      0.1 hold    0.65 early    0.49 late    0.17
  [96/168] seed 6 heard-5   drive    575.4 hold    1.16 early    1.22 late    0.67
  [92/168] seed 6 heard-1   drive    188.6 hold    0.07 early    0.12 late    0.58
  [93/168] seed 6 heard-2   drive    563.0 hold    2.21 early    1.22 late    0.12
  [95/168] seed 6 heard-4   drive    527.7 hold    0.83 early    2.42 late    0.49
  [94/168] seed 6 heard-3   drive    572.5 hold    0.90 early    1.10 late    0.91
  [97/168] seed 6 heard-6   drive    980.0 hold    0.52 early    1.83 late    0.35
  [102/168] seed 7 silent-4  drive      0.0 hold    0.06 early    0.86 late    0.17
  [98/168] seed 6 heard-8   drive    401.4 hold    0.63 early    0.54 late    0.15
  [104/168] seed 7 silent-6  drive      0.5 hold    0.26 early    0.42 late    0.64
  [100/168] seed 7 silent-2  drive      0.4 hold    1.54 early    1.90 late    0.62
  [103/168] seed 7 silent-5  drive      0.3 hold    0.24 early    0.11 late    0.77
  [101/168] seed 7 silent-3  drive      0.1 hold    1.09 early    0.70 late    0.43
  [99/168] seed 7 silent-1  drive      0.4 hold    1.87 early    1.24 late    2.37
  [105/168] seed 7 silent-8  drive      0.1 hold    0.08 early    0.06 late    0.08
  [106/168] seed 7 heard-1   drive    190.1 hold    0.57 early    0.31 late    0.67
  [110/168] seed 7 heard-5   drive    962.3 hold    0.99 early    0.63 late    0.54
  [107/168] seed 7 heard-2   drive    346.8 hold    3.61 early    3.71 late    0.95
  [109/168] seed 7 heard-4   drive    652.6 hold    2.67 early    3.28 late    0.74
  [108/168] seed 7 heard-3   drive    647.9 hold    1.50 early    1.35 late    0.03
  [116/168] seed 8 silent-4  drive      0.2 hold    1.63 early    0.51 late    1.56
  [115/168] seed 8 silent-3  drive      0.4 hold    0.54 early    0.44 late    0.32
  [113/168] seed 8 silent-1  drive      0.4 hold    1.13 early    0.77 late    1.36
  [114/168] seed 8 silent-2  drive      0.9 hold    0.13 early    0.15 late    0.19
  [112/168] seed 7 heard-8   drive    496.4 hold    1.14 early    0.53 late    0.90
  [111/168] seed 7 heard-6   drive   1044.8 hold    2.07 early    2.41 late    2.88
  [118/168] seed 8 silent-6  drive      0.3 hold    0.25 early    0.09 late    0.32
  [119/168] seed 8 silent-8  drive      0.3 hold    0.31 early    0.02 late    0.22
  [117/168] seed 8 silent-5  drive      0.8 hold    0.04 early    0.88 late    0.84
  [124/168] seed 8 heard-5   drive   1549.9 hold    3.30 early    1.83 late    3.66
  [122/168] seed 8 heard-3   drive    624.2 hold    2.65 early    2.41 late    0.53
  [120/168] seed 8 heard-1   drive    192.8 hold    1.08 early    0.95 late    1.69
  [129/168] seed 9 silent-3  drive      1.7 hold    0.48 early    0.06 late    0.69
  [126/168] seed 8 heard-8   drive    515.6 hold    0.51 early    1.19 late    0.84
  [125/168] seed 8 heard-6   drive    647.8 hold    2.01 early    3.21 late    0.03
  [121/168] seed 8 heard-2   drive    416.4 hold    0.57 early    0.07 late    1.01
  [127/168] seed 9 silent-1  drive      1.7 hold    0.27 early    1.77 late    0.60
  [123/168] seed 8 heard-4   drive    864.0 hold    0.37 early    3.58 late    1.39
  [128/168] seed 9 silent-2  drive      0.5 hold    0.75 early    1.44 late    0.31
  [130/168] seed 9 silent-4  drive      2.7 hold    2.04 early    3.13 late    0.98
  [131/168] seed 9 silent-5  drive      0.5 hold    0.78 early    0.27 late    0.56
  [132/168] seed 9 silent-6  drive      0.7 hold    0.99 early    0.17 late    1.04
  [134/168] seed 9 heard-1   drive    159.2 hold    4.26 early    0.70 late    1.94
  [135/168] seed 9 heard-2   drive    369.3 hold    2.29 early    1.78 late    1.89
  [137/168] seed 9 heard-4   drive    504.3 hold    0.27 early    0.36 late    0.92
  [133/168] seed 9 silent-8  drive      0.8 hold    0.71 early    2.58 late    0.15
  [136/168] seed 9 heard-3   drive    432.0 hold    0.88 early    0.83 late    1.05
  [141/168] seed 10 silent-1  drive      0.6 hold    0.27 early    0.38 late    1.24
  [139/168] seed 9 heard-6   drive    515.5 hold    0.42 early    0.41 late    0.16
  [138/168] seed 9 heard-5   drive    569.6 hold    2.34 early    1.84 late    0.45
  [143/168] seed 10 silent-3  drive      0.2 hold    0.11 early    0.15 late    0.85
  [142/168] seed 10 silent-2  drive      0.1 hold    0.65 early    0.64 late    1.27
  [147/168] seed 10 silent-8  drive      0.6 hold    1.32 early    0.81 late    0.92
  [145/168] seed 10 silent-5  drive      1.5 hold    0.79 early    2.28 late    3.55
  [140/168] seed 9 heard-8   drive    314.2 hold    6.19 early    1.92 late    1.52
  [144/168] seed 10 silent-4  drive      0.2 hold    0.85 early    1.00 late    0.01
  [148/168] seed 10 heard-1   drive    197.6 hold    1.00 early    0.17 late    0.08
  [146/168] seed 10 silent-6  drive      3.2 hold    1.71 early    5.32 late    0.01
  [151/168] seed 10 heard-4   drive   1103.8 hold    2.21 early    2.58 late    0.02
  [150/168] seed 10 heard-3   drive    413.6 hold    2.02 early    0.14 late    8.14
  [154/168] seed 10 heard-8   drive    617.5 hold    0.39 early    0.03 late    0.99
  [152/168] seed 10 heard-5   drive   1517.1 hold    0.40 early    1.51 late    0.16
  [155/168] seed 11 silent-1  drive      1.7 hold    2.98 early    1.45 late    1.29
  [149/168] seed 10 heard-2   drive    426.9 hold    1.88 early    1.85 late    0.93
  [161/168] seed 11 silent-8  drive      0.2 hold    0.61 early    0.26 late    0.47
  [156/168] seed 11 silent-2  drive      1.4 hold    1.66 early    0.56 late    1.25
  [153/168] seed 10 heard-6   drive    984.3 hold    1.36 early    0.85 late    0.41
  [157/168] seed 11 silent-3  drive      0.3 hold    1.35 early    1.86 late    2.49
  [159/168] seed 11 silent-5  drive      2.5 hold    1.10 early    0.94 late    0.65
  [162/168] seed 11 heard-1   drive    167.4 hold    3.27 early    0.44 late    0.86
  [158/168] seed 11 silent-4  drive      3.7 hold    0.80 early    0.27 late    0.67
  [164/168] seed 11 heard-3   drive    689.0 hold    0.62 early    0.28 late    1.14
  [160/168] seed 11 silent-6  drive      0.8 hold    3.69 early    0.34 late    4.75
  [167/168] seed 11 heard-6   drive   1122.4 hold    3.46 early    1.51 late    2.41
  [165/168] seed 11 heard-4   drive    534.0 hold    1.57 early    1.18 late    0.63
  [168/168] seed 11 heard-8   drive    548.6 hold    0.21 early    0.15 late    1.20
  [163/168] seed 11 heard-2   drive    357.1 hold    3.12 early    0.64 late    2.72
  [166/168] seed 11 heard-5   drive   1440.6 hold    0.77 early    1.77 late    0.62

  arm       drive SNR    HOLD SNR         early          late           duty d/h
  silent-1  1.5            1.18 +/- 0.25      1.30 +/- 0.16    1.32 +/- 0.32  0.48/0.48
  silent-2  0.8            1.03 +/- 0.28      0.93 +/- 0.24    1.10 +/- 0.51  0.48/0.48
  silent-3  1.2            0.85 +/- 0.16      0.98 +/- 0.25    0.93 +/- 0.22  0.48/0.48
  silent-4  1.3            1.22 +/- 0.36      1.26 +/- 0.38    0.96 +/- 0.24  0.48/0.48
  silent-5  0.9            1.25 +/- 0.59      1.67 +/- 0.86    1.89 +/- 0.62  0.48/0.48
  silent-6  1.1            0.76 +/- 0.30      1.20 +/- 0.44    1.52 +/- 0.49  0.48/0.48
  silent-8  0.6            0.74 +/- 0.16      1.04 +/- 0.28    0.44 +/- 0.12  0.48/0.48
  heard-1   174.2          1.87 +/- 0.42      0.40 +/- 0.08    0.86 +/- 0.28  0.42/0.51
  heard-2   372.7          2.36 +/- 0.25      1.43 +/- 0.30    1.09 +/- 0.22  0.40/0.48
  heard-3   558.6          1.72 +/- 0.33      1.61 +/- 0.32    1.33 +/- 0.65  0.41/0.49
  heard-4   659.3          1.66 +/- 0.49      2.33 +/- 0.58    0.97 +/- 0.18  0.41/0.47
  heard-5   926.7          1.96 +/- 0.48      2.01 +/- 0.38    1.07 +/- 0.34  0.42/0.48
  heard-6   864.0          1.22 +/- 0.27      1.73 +/- 0.33    0.94 +/- 0.34  0.43/0.50
  heard-8   503.0          0.97 +/- 0.49      0.77 +/- 0.19    0.87 +/- 0.13  0.42/0.53

  TRANSIENT ALIGNMENT (holds tiled in whole cycles, of 5)
    heard-1   1.0 Hz   3/5
    heard-2   2.0 Hz   5/5   <- FULLY tiled: most exposed
    heard-3   3.0 Hz   3/5
    heard-4   4.0 Hz   5/5   <- FULLY tiled: most exposed
    heard-5   5.0 Hz   3/5
    heard-6   6.0 Hz   5/5   <- FULLY tiled: most exposed
    heard-8   8.0 Hz   5/5   <- FULLY tiled: most exposed

  HOLD, heard against its own silent control
    heard-1   +0.69 over `silent-1`  (+1.4 SE)
    heard-2   +1.33 over `silent-2`  (+3.5 SE)
    heard-3   +0.87 over `silent-3`  (+2.4 SE)
    heard-4   +0.44 over `silent-4`  (+0.7 SE)
    heard-5   +0.71 over `silent-5`  (+0.9 SE)
    heard-6   +0.46 over `silent-6`  (+1.1 SE)
    heard-8   +0.23 over `silent-8`  (+0.4 SE)

  --- the reading ---
  THE BEAT OUTLASTS ITS DRIVER: `heard-2` holds SNR 2.36 through the silence,
  +3.5 SE over a creature that never heard anything. The caregiver is gone
  and the voice is still alternating at its rate.
  THAT IS A FRAME, not an interrupt, and it is the first thing in this
  project that keeps time. Check the early/late columns above: a real
  ring-out DECAYS, and a flat hold would mean the statistic is catching
  something structural instead.
