  [10/168] seed 0 heard-3   drive    599.4 hold    5.27 early    4.49 late    1.57
  [4/168] seed 0 silent-4  drive      2.7 hold    4.67 early    2.90 late    2.42
  [8/168] seed 0 heard-1   drive    207.3 hold    0.82 early    0.07 late    0.80
  [5/168] seed 0 silent-5  drive      0.0 hold    0.88 early    0.04 late    2.21
  [7/168] seed 0 silent-8  drive      2.0 hold    1.43 early    2.05 late    0.03
  [1/168] seed 0 silent-1  drive      0.7 hold    2.24 early    0.90 late    2.01
  [9/168] seed 0 heard-2   drive    351.1 hold    1.27 early    1.10 late    0.56
  [2/168] seed 0 silent-2  drive      0.0 hold    2.98 early    5.23 late    1.31
  [6/168] seed 0 silent-6  drive      0.3 hold    0.05 early    0.31 late    0.49
  [3/168] seed 0 silent-3  drive      0.4 hold    1.32 early    0.70 late    0.22
  [11/168] seed 0 heard-4   drive    520.8 hold    0.58 early    1.62 late    0.07
  [13/168] seed 0 heard-6   drive   1201.5 hold    2.65 early    2.14 late    1.02
  [14/168] seed 0 heard-8   drive    487.6 hold    0.19 early    0.80 late    0.31
  [19/168] seed 1 silent-5  drive      1.6 hold    2.19 early    1.68 late    0.52
  [21/168] seed 1 silent-8  drive      1.0 hold    0.81 early    1.09 late    1.01
  [12/168] seed 0 heard-5   drive    591.4 hold    1.48 early    2.14 late    0.49
  [16/168] seed 1 silent-2  drive      0.4 hold    2.26 early    1.25 late    0.71
  [15/168] seed 1 silent-1  drive      0.9 hold    0.15 early    0.56 late    0.15
  [17/168] seed 1 silent-3  drive      0.9 hold    1.62 early    1.92 late    0.73
  [18/168] seed 1 silent-4  drive      3.1 hold    0.83 early    0.38 late    1.35
  [20/168] seed 1 silent-6  drive      0.4 hold    0.54 early    1.75 late    3.97
  [23/168] seed 1 heard-2   drive    297.3 hold    2.96 early    0.99 late    1.42
  [24/168] seed 1 heard-3   drive    446.1 hold    2.38 early    0.66 late    0.94
  [22/168] seed 1 heard-1   drive    188.4 hold    0.37 early    0.23 late    0.77
  [25/168] seed 1 heard-4   drive    681.1 hold    7.49 early    6.05 late    0.51
  [27/168] seed 1 heard-6   drive    349.3 hold    0.41 early    0.09 late    0.70
  [26/168] seed 1 heard-5   drive   2899.7 hold    0.60 early    0.78 late    0.44
  [28/168] seed 1 heard-8   drive    385.2 hold    0.43 early    2.39 late    1.19
  [31/168] seed 2 silent-3  drive      1.6 hold    1.48 early    0.91 late    1.14
  [32/168] seed 2 silent-4  drive      0.2 hold    6.65 early    2.11 late    1.69
  [33/168] seed 2 silent-5  drive      2.3 hold    0.35 early    1.78 late    0.74
  [29/168] seed 2 silent-1  drive      2.5 hold    0.09 early    0.16 late    0.98
  [30/168] seed 2 silent-2  drive      0.4 hold    1.98 early    1.96 late    0.55
  [35/168] seed 2 silent-8  drive      1.0 hold    0.49 early    0.18 late    0.21
  [34/168] seed 2 silent-6  drive      0.1 hold    0.18 early    0.29 late    0.09
  [36/168] seed 2 heard-1   drive    199.8 hold    2.61 early    0.37 late    0.47
  [37/168] seed 2 heard-2   drive    290.2 hold    6.09 early    1.55 late    1.94
  [39/168] seed 2 heard-4   drive    570.6 hold    3.19 early    6.45 late    0.30
  [40/168] seed 2 heard-5   drive    402.3 hold    0.65 early    0.98 late    0.04
  [43/168] seed 3 silent-1  drive      1.4 hold    1.46 early    2.63 late    0.74
  [41/168] seed 2 heard-6   drive    524.5 hold    0.53 early    1.07 late    0.25
  [38/168] seed 2 heard-3   drive    444.5 hold    4.20 early    5.39 late    0.59
  [44/168] seed 3 silent-2  drive      2.2 hold    0.20 early    0.16 late    0.54
  [45/168] seed 3 silent-3  drive      0.1 hold    0.04 early    0.47 late    0.29
  [46/168] seed 3 silent-4  drive      0.3 hold    0.72 early    2.86 late    2.19
  [42/168] seed 2 heard-8   drive    432.6 hold    0.57 early    3.40 late    0.99
  [53/168] seed 3 heard-4   drive    670.1 hold    3.88 early    4.96 late    0.10
  [50/168] seed 3 heard-1   drive    163.4 hold    5.05 early    1.95 late    2.25
  [47/168] seed 3 silent-5  drive      4.0 hold    0.47 early    0.85 late    0.01
  [51/168] seed 3 heard-2   drive    523.9 hold    1.90 early    1.45 late    2.18
  [48/168] seed 3 silent-6  drive      0.5 hold    0.39 early    0.17 late    0.11
  [49/168] seed 3 silent-8  drive      0.4 hold    0.30 early    0.11 late    0.13
  [52/168] seed 3 heard-3   drive    418.6 hold    2.73 early    0.06 late    5.31
  [54/168] seed 3 heard-5   drive   1390.6 hold    1.12 early    0.55 late    0.33
  [55/168] seed 3 heard-6   drive    254.5 hold    0.69 early    0.51 late    1.42
  [57/168] seed 4 silent-1  drive      0.5 hold    1.17 early    1.66 late    0.60
  [56/168] seed 3 heard-8   drive    130.7 hold    0.53 early    0.90 late    0.52
  [59/168] seed 4 silent-3  drive      2.2 hold    0.15 early    0.05 late    0.16
  [60/168] seed 4 silent-4  drive      1.5 hold    2.08 early    0.16 late    5.29
  [63/168] seed 4 silent-8  drive      0.3 hold    0.26 early    0.57 late    0.42
  [58/168] seed 4 silent-2  drive      1.8 hold    2.11 early    1.94 late    1.49
  [62/168] seed 4 silent-6  drive      0.1 hold    1.86 early    0.81 late    1.15
  [65/168] seed 4 heard-2   drive    363.5 hold    4.23 early    1.98 late    0.45
  [61/168] seed 4 silent-5  drive      0.1 hold    0.88 early    0.09 late    0.75
  [66/168] seed 4 heard-3   drive    404.7 hold    1.11 early    1.26 late    1.66
  [64/168] seed 4 heard-1   drive    130.4 hold    2.63 early    0.06 late    1.50
  [72/168] seed 5 silent-2  drive      0.3 hold    2.42 early    1.45 late    0.75
  [68/168] seed 4 heard-5   drive    410.5 hold    4.03 early    3.60 late    0.84
  [67/168] seed 4 heard-4   drive    743.9 hold    5.54 early    7.03 late    2.15
  [69/168] seed 4 heard-6   drive    974.8 hold    0.20 early    0.52 late    0.44
  [73/168] seed 5 silent-3  drive      4.3 hold    0.95 early    0.07 late    1.09
  [71/168] seed 5 silent-1  drive      1.0 hold    0.76 early    1.76 late    2.08
  [70/168] seed 4 heard-8   drive    125.2 hold    0.90 early    0.60 late    0.18
  [75/168] seed 5 silent-5  drive      0.7 hold    0.07 early    0.31 late    0.18
  [74/168] seed 5 silent-4  drive      0.4 hold    7.15 early    3.50 late    2.29
  [77/168] seed 5 silent-8  drive      0.1 hold    0.67 early    1.94 late    0.13
  [78/168] seed 5 heard-1   drive    171.8 hold    2.07 early    0.16 late    3.69
  [76/168] seed 5 silent-6  drive      1.1 hold    1.46 early    0.43 late    0.93
  [81/168] seed 5 heard-4   drive    584.6 hold    7.33 early   12.49 late    0.14
  [83/168] seed 5 heard-6   drive    339.3 hold    0.18 early    0.61 late    1.29
  [84/168] seed 5 heard-8   drive    275.8 hold    0.61 early    0.53 late    0.15
  [79/168] seed 5 heard-2   drive    302.0 hold    4.54 early    1.52 late    0.82
  [80/168] seed 5 heard-3   drive    238.1 hold    0.68 early    0.23 late    2.15
  [82/168] seed 5 heard-5   drive    395.4 hold    0.91 early    1.38 late    0.43
  [87/168] seed 6 silent-3  drive      0.6 hold    4.22 early    1.34 late    2.28
  [90/168] seed 6 silent-6  drive      0.7 hold    0.55 early    0.41 late    0.20
  [85/168] seed 6 silent-1  drive      0.2 hold    0.05 early    0.94 late    0.46
  [91/168] seed 6 silent-8  drive      0.7 hold    0.38 early    0.58 late    0.01
  [89/168] seed 6 silent-5  drive      1.4 hold    0.70 early    0.26 late    0.61
  [86/168] seed 6 silent-2  drive      0.1 hold    1.30 early    1.99 late    0.17
  [88/168] seed 6 silent-4  drive      3.0 hold    0.15 early    1.74 late    0.20
  [96/168] seed 6 heard-5   drive    507.3 hold    1.66 early    2.53 late    0.51
  [99/168] seed 7 silent-1  drive      0.6 hold    0.63 early    0.62 late    0.37
  [92/168] seed 6 heard-1   drive    205.0 hold    1.72 early    0.41 late    2.38
  [95/168] seed 6 heard-4   drive    690.0 hold    6.44 early    6.17 late    0.81
  [93/168] seed 6 heard-2   drive    355.2 hold    5.81 early    1.49 late    3.02
  [102/168] seed 7 silent-4  drive      0.5 hold    0.52 early    1.29 late    0.27
  [94/168] seed 6 heard-3   drive    366.1 hold    0.57 early    2.38 late    0.35
  [98/168] seed 6 heard-8   drive    245.6 hold    0.88 early    2.16 late    0.03
  [100/168] seed 7 silent-2  drive      0.3 hold    2.59 early    1.69 late    0.98
  [97/168] seed 6 heard-6   drive    424.3 hold    0.35 early    0.79 late    0.04
  [103/168] seed 7 silent-5  drive      0.6 hold    0.43 early    0.01 late    0.66
  [101/168] seed 7 silent-3  drive      1.0 hold    1.91 early    0.40 late    9.19
  [104/168] seed 7 silent-6  drive      0.2 hold    0.13 early    1.00 late    0.78
  [109/168] seed 7 heard-4   drive    527.9 hold    8.30 early   11.23 late    0.53
  [105/168] seed 7 silent-8  drive      2.7 hold    0.73 early    0.35 late    0.47
  [107/168] seed 7 heard-2   drive    339.9 hold    3.91 early    1.54 late    1.54
  [112/168] seed 7 heard-8   drive    593.0 hold    0.12 early    0.02 late    0.53
  [106/168] seed 7 heard-1   drive    180.3 hold    1.23 early    0.69 late    0.61
  [108/168] seed 7 heard-3   drive    437.5 hold    0.26 early    0.50 late    1.41
  [115/168] seed 8 silent-3  drive      3.5 hold    0.53 early    0.33 late    0.45
  [114/168] seed 8 silent-2  drive      1.0 hold    0.70 early    1.07 late    0.44
  [110/168] seed 7 heard-5   drive    709.8 hold    0.41 early    0.31 late    0.48
  [111/168] seed 7 heard-6   drive    503.4 hold    0.10 early    0.87 late    0.43
  [113/168] seed 8 silent-1  drive      1.8 hold    2.45 early    0.68 late    1.43
  [118/168] seed 8 silent-6  drive      0.7 hold    0.06 early    0.33 late    0.93
  [117/168] seed 8 silent-5  drive      2.4 hold    1.40 early    2.05 late    0.20
  [116/168] seed 8 silent-4  drive      1.0 hold    0.31 early    0.22 late    0.51
  [121/168] seed 8 heard-2   drive    367.9 hold    1.24 early    1.39 late    0.66
  [126/168] seed 8 heard-8   drive    431.1 hold    0.39 early    0.08 late    0.26
  [119/168] seed 8 silent-8  drive      0.2 hold    0.48 early    0.01 late    0.81
  [124/168] seed 8 heard-5   drive    830.3 hold    0.05 early    0.32 late    0.11
  [127/168] seed 9 silent-1  drive      0.8 hold    0.97 early    2.00 late    0.31
  [129/168] seed 9 silent-3  drive      1.9 hold    0.02 early    0.11 late    0.18
  [120/168] seed 8 heard-1   drive    212.8 hold    0.68 early    0.13 late    0.33
  [122/168] seed 8 heard-3   drive    418.0 hold    2.40 early    8.03 late    0.40
  [123/168] seed 8 heard-4   drive    545.4 hold    4.43 early    4.56 late    1.21
  [125/168] seed 8 heard-6   drive    784.3 hold    4.10 early    3.57 late    0.75
  [130/168] seed 9 silent-4  drive      3.0 hold    0.00 early    0.53 late    0.49
  [128/168] seed 9 silent-2  drive      2.0 hold    0.77 early    0.78 late    0.26
  [132/168] seed 9 silent-6  drive      0.0 hold    0.37 early    0.49 late    0.15
  [134/168] seed 9 heard-1   drive    163.5 hold    1.78 early    0.39 late    0.18
  [131/168] seed 9 silent-5  drive      0.1 hold    1.47 early    1.34 late    0.41
  [139/168] seed 9 heard-6   drive    838.8 hold    1.98 early    0.06 late    1.38
  [141/168] seed 10 silent-1  drive      1.3 hold    1.16 early    0.29 late    0.92
  [133/168] seed 9 silent-8  drive      0.3 hold    0.97 early    0.20 late    0.84
  [135/168] seed 9 heard-2   drive    360.3 hold    4.06 early    1.45 late    0.29
  [136/168] seed 9 heard-3   drive    552.2 hold    7.10 early    7.05 late    0.45
  [137/168] seed 9 heard-4   drive    382.7 hold    2.18 early    3.38 late    0.32
  [138/168] seed 9 heard-5   drive    651.6 hold    0.45 early    1.24 late    0.29
  [142/168] seed 10 silent-2  drive      0.6 hold    0.25 early    0.16 late    0.45
  [140/168] seed 9 heard-8   drive    210.0 hold    0.27 early    0.12 late    0.31
  [145/168] seed 10 silent-5  drive      1.3 hold    1.32 early    0.26 late    1.26
  [144/168] seed 10 silent-4  drive      0.4 hold    0.08 early    0.44 late    0.54
  [143/168] seed 10 silent-3  drive      0.8 hold    0.50 early    0.21 late    0.48
  [151/168] seed 10 heard-4   drive   1074.1 hold    5.22 early    4.62 late    0.43
  [146/168] seed 10 silent-6  drive      0.3 hold    0.17 early    0.46 late    2.74
  [147/168] seed 10 silent-8  drive      0.8 hold    1.66 early    0.59 late    1.18
  [152/168] seed 10 heard-5   drive    729.6 hold    0.69 early    1.48 late    0.08
  [153/168] seed 10 heard-6   drive    940.5 hold    1.10 early    0.40 late    0.86
  [148/168] seed 10 heard-1   drive    193.1 hold    1.29 early    0.13 late    0.32
  [154/168] seed 10 heard-8   drive    415.3 hold    0.08 early    0.09 late    0.18
  [149/168] seed 10 heard-2   drive    329.2 hold    1.80 early    0.93 late    0.59
  [150/168] seed 10 heard-3   drive    490.0 hold    3.81 early    2.60 late    3.24
  [156/168] seed 11 silent-2  drive      0.1 hold    0.33 early    0.18 late    0.14
  [160/168] seed 11 silent-6  drive      0.2 hold    0.59 early    1.48 late    0.14
  [159/168] seed 11 silent-5  drive      0.4 hold    0.65 early    1.32 late    0.02
  [155/168] seed 11 silent-1  drive      1.7 hold    0.71 early    1.35 late    0.05
  [162/168] seed 11 heard-1   drive    174.2 hold    0.04 early    0.04 late    0.98
  [158/168] seed 11 silent-4  drive      0.0 hold    6.35 early    0.99 late    5.20
  [165/168] seed 11 heard-4   drive    869.7 hold    3.68 early    3.12 late    2.22
  [157/168] seed 11 silent-3  drive      0.4 hold    0.16 early    1.47 late    1.05
  [161/168] seed 11 silent-8  drive      0.8 hold    1.28 early    0.13 late    1.36
  [164/168] seed 11 heard-3   drive    486.4 hold    2.46 early    3.51 late    0.08
  [166/168] seed 11 heard-5   drive    889.2 hold    0.93 early    0.48 late    0.73
  [167/168] seed 11 heard-6   drive    591.8 hold    0.24 early    0.76 late    0.47
  [163/168] seed 11 heard-2   drive    425.9 hold    1.95 early    1.04 late    0.44
  [168/168] seed 11 heard-8   drive    289.7 hold    0.67 early    0.74 late    0.20
experiment: framehold
  instrument        framehold   trial seed 000000000135d3c8   1200000 ticks
                    another probe is another trial sequence: its numbers
                    are not comparable with these (~0.05 at 300 trials)
  seed family       offset 512821 -> first creature 00000000013cfafe  (nonzero = the
                    REPLICATION; family 0 gave one arm of four at +3.5 SE)
  what happened     `framecopy` looked spectacular and was trivial: the voice
                    alternated at the caregiver's rate because a SHIPPED
                    inhibitory auditory->vocal tract stops the babbling while
                    the creature hears something. An interrupt, not a frame.
  the tell          `heard` duty sat BELOW the silent baseline -- gated OFF --
                    while `oracle` rose to 0.83, driven ON. Anti-phase reflex,
                    not an oscillator.
  the discriminator PERSISTENCE, which is what made M1b real rather than a
                    pass-through: a reflex dies with its driver, an internal
                    beat rings on. Pulse 4 s, then SILENCE 4 s, and measure the
                    f-component DURING THE SILENCE.
  v1 WAS CONFOUNDED and this is the fix. Fixed 4 s holds repeat at 0.25 Hz,
    and every f tested is an exact harmonic of that -- so the single offset
    transient deposited power at precisely the measured frequency, with no
    rhythm required, right where v1's effect sat. The phase-tiling I was
    careful about is what CAUSED it.
  the correction    hold lengths now VARY (3.0/4.5/3.5/5.0/4.0 s) so transients
                    land incoherently, and the phase reference is ABSOLUTE
                    TIME so a ring-out inheriting the drive's phase still sums.
  not fakeable by   a slowly decaying inhibition returns the voice SMOOTHLY to
  a slow leak       baseline, which is broadband. Only continued ALTERNATION
                    puts power at f.

  PRE-REGISTERED
    positive control  `heard` SNR during the DRIVE must be large. If it is not,
                      the reflex is not even engaging and nothing else reads.
    persistence       `heard` hold-SNR >= 2.0 AND >= 3 SE over the matching
                      `silent` arm -> the beat outlasts its driver, which is a
                      FRAME rather than an interrupt.
    reflex only       hold-SNR at the silent baseline -> it dies with the
                      driver. No frame, and an internal oscillator on the
                      voicing gate becomes the next build.
    decay             early vs late halves of the hold, reported either way.
                      A real ring-out decays; a constant offset would suggest
                      the statistic is picking up something structural.


  arm       drive SNR    HOLD SNR         early          late           duty d/h
  silent-1  1.1            0.99 +/- 0.22      1.13 +/- 0.22    0.84 +/- 0.20  0.54/0.54
  silent-2  0.8            1.49 +/- 0.29      1.49 +/- 0.40    0.65 +/- 0.12  0.54/0.54
  silent-3  1.5            1.07 +/- 0.34      0.67 +/- 0.18    1.44 +/- 0.73  0.54/0.54
  silent-4  1.4            2.46 +/- 0.83      1.43 +/- 0.34    1.87 +/- 0.51  0.54/0.54
  silent-5  1.2            0.90 +/- 0.17      0.83 +/- 0.22    0.63 +/- 0.18  0.54/0.54
  silent-6  0.4            0.53 +/- 0.16      0.66 +/- 0.15    0.97 +/- 0.35  0.54/0.54
  silent-8  0.9            0.79 +/- 0.13      0.65 +/- 0.20    0.55 +/- 0.14  0.54/0.54
  heard-1   182.5          1.69 +/- 0.39      0.39 +/- 0.15    1.19 +/- 0.31  0.46/0.57
  heard-2   358.9          3.31 +/- 0.49      1.37 +/- 0.09    1.16 +/- 0.25  0.44/0.54
  heard-3   441.8          2.75 +/- 0.59      3.01 +/- 0.79    1.51 +/- 0.43  0.46/0.54
  heard-4   655.1          4.85 +/- 0.67      5.97 +/- 0.91    0.73 +/- 0.22  0.47/0.53
  heard-5   867.3          1.08 +/- 0.30      1.31 +/- 0.29    0.40 +/- 0.07  0.48/0.55
  heard-6   643.9          1.04 +/- 0.36      0.95 +/- 0.28    0.75 +/- 0.13  0.48/0.56
  heard-8   335.1          0.47 +/- 0.08      0.99 +/- 0.31    0.40 +/- 0.10  0.47/0.59

  TRANSIENT ALIGNMENT (holds tiled in whole cycles, of 5)
    heard-1   1.0 Hz   3/5
    heard-2   2.0 Hz   5/5   <- FULLY tiled: most exposed
    heard-3   3.0 Hz   3/5
    heard-4   4.0 Hz   5/5   <- FULLY tiled: most exposed
    heard-5   5.0 Hz   3/5
    heard-6   6.0 Hz   5/5   <- FULLY tiled: most exposed
    heard-8   8.0 Hz   5/5   <- FULLY tiled: most exposed

  HOLD, heard against its own silent control
    heard-1   +0.70 over `silent-1`  (+1.6 SE)
    heard-2   +1.82 over `silent-2`  (+3.2 SE)
    heard-3   +1.67 over `silent-3`  (+2.4 SE)
    heard-4   +2.39 over `silent-4`  (+2.2 SE)
    heard-5   +0.18 over `silent-5`  (+0.5 SE)
    heard-6   +0.52 over `silent-6`  (+1.3 SE)
    heard-8   -0.32 over `silent-8`  (-2.1 SE)

  --- the reading ---
  THE BEAT OUTLASTS ITS DRIVER: `heard-2` holds SNR 3.31 through the silence,
  +3.2 SE over a creature that never heard anything. The caregiver is gone
  and the voice is still alternating at its rate.
  THAT IS A FRAME, not an interrupt, and it is the first thing in this
  project that keeps time. Check the early/late columns above: a real
  ring-out DECAYS, and a flat hold would mean the statistic is catching
  something structural instead.
