experiment: framehold
  instrument        framehold   trial seed 000000000135d3c8   1200000 ticks
                    another probe is another trial sequence: its numbers
                    are not comparable with these (~0.05 at 300 trials)
  seed family       offset 512821 -> first creature 00000000013cfafe  (nonzero = the
                    REPLICATION; family 0 gave one arm of four at +3.5 SE)
  what happened     `framecopy` looked spectacular and was trivial: the voice
                    alternated at the caregiver's rate because a SHIPPED
                    inhibitory auditory->vocal tract stops the babbling while
                    the creature hears something. An interrupt, not a frame.
  the tell          `heard` duty sat BELOW the silent baseline -- gated OFF --
                    while `oracle` rose to 0.83, driven ON. Anti-phase reflex,
                    not an oscillator.
  the discriminator PERSISTENCE, which is what made M1b real rather than a
                    pass-through: a reflex dies with its driver, an internal
                    beat rings on. Pulse 4 s, then SILENCE 4 s, and measure the
                    f-component DURING THE SILENCE.
  v1 WAS CONFOUNDED and this is the fix. Fixed 4 s holds repeat at 0.25 Hz,
    and every f tested is an exact harmonic of that -- so the single offset
    transient deposited power at precisely the measured frequency, with no
    rhythm required, right where v1's effect sat. The phase-tiling I was
    careful about is what CAUSED it.
  the correction    hold lengths now VARY (3.0/4.5/3.5/5.0/4.0 s) so transients
                    land incoherently, and the phase reference is ABSOLUTE
                    TIME so a ring-out inheriting the drive's phase still sums.
  not fakeable by   a slowly decaying inhibition returns the voice SMOOTHLY to
  a slow leak       baseline, which is broadband. Only continued ALTERNATION
                    puts power at f.

  PRE-REGISTERED
    positive control  `heard` SNR during the DRIVE must be large. If it is not,
                      the reflex is not even engaging and nothing else reads.
    persistence       `heard` hold-SNR >= 2.0 AND >= 3 SE over the matching
                      `silent` arm -> the beat outlasts its driver, which is a
                      FRAME rather than an interrupt.
    reflex only       hold-SNR at the silent baseline -> it dies with the
                      driver. No frame, and an internal oscillator on the
                      voicing gate becomes the next build.
    decay             early vs late halves of the hold, reported either way.
                      A real ring-out decays; a constant offset would suggest
                      the statistic is picking up something structural.

  [9/168] seed 0 heard-2   drive    425.8 hold    2.34 early    1.19 late    0.49
  [2/168] seed 0 silent-2  drive      1.3 hold    0.02 early    0.14 late    0.16
  [13/168] seed 0 heard-6   drive    419.7 hold    0.00 early    1.68 late    3.70
  [7/168] seed 0 silent-8  drive      3.1 hold    0.10 early    0.11 late    0.03
  [5/168] seed 0 silent-5  drive      0.3 hold    0.47 early    0.21 late    0.23
  [6/168] seed 0 silent-6  drive      0.1 hold    0.05 early    0.35 late    0.04
  [14/168] seed 0 heard-8   drive    199.6 hold    0.64 early    1.13 late    0.06
  [12/168] seed 0 heard-5   drive    728.3 hold    0.00 early    0.39 late    0.29
  [4/168] seed 0 silent-4  drive      1.6 hold    1.15 early    0.46 late    0.46
  [10/168] seed 0 heard-3   drive    578.2 hold    1.93 early    1.62 late    0.39
  [11/168] seed 0 heard-4   drive    582.5 hold    2.20 early    1.60 late    4.65
  [8/168] seed 0 heard-1   drive    173.9 hold    3.34 early    4.96 late    0.33
  [3/168] seed 0 silent-3  drive      0.6 hold    0.21 early    0.10 late    0.05
  [1/168] seed 0 silent-1  drive      9.0 hold    1.18 early    3.04 late    0.54
  [17/168] seed 1 silent-3  drive      0.8 hold    1.59 early    8.16 late    0.33
  [15/168] seed 1 silent-1  drive      2.3 hold    5.98 early    2.47 late    6.12
  [21/168] seed 1 silent-8  drive      0.4 hold    2.47 early    0.20 late    3.24
  [23/168] seed 1 heard-2   drive    220.7 hold    0.96 early    0.62 late    0.08
  [20/168] seed 1 silent-6  drive      0.7 hold    1.31 early    0.92 late    0.24
  [19/168] seed 1 silent-5  drive      0.0 hold    1.48 early    1.77 late    0.11
  [24/168] seed 1 heard-3   drive    474.9 hold    0.54 early    2.44 late    0.17
  [16/168] seed 1 silent-2  drive      0.2 hold    0.84 early    0.50 late    4.09
  [18/168] seed 1 silent-4  drive      2.4 hold    0.66 early    0.21 late    1.19
  [25/168] seed 1 heard-4   drive    444.2 hold    1.61 early    2.07 late    0.62
  [26/168] seed 1 heard-5   drive    626.8 hold    0.07 early    0.09 late    2.09
  [27/168] seed 1 heard-6   drive    301.8 hold    0.64 early    3.98 late    2.46
  [28/168] seed 1 heard-8   drive    174.0 hold    0.20 early    0.94 late    1.26
  [22/168] seed 1 heard-1   drive    155.6 hold    5.63 early    5.79 late    0.11
  [29/168] seed 2 silent-1  drive      4.8 hold    1.05 early    0.87 late    0.46
  [32/168] seed 2 silent-4  drive      0.4 hold    0.27 early    0.49 late    0.14
  [35/168] seed 2 silent-8  drive      0.3 hold    0.39 early    0.34 late    0.35
  [31/168] seed 2 silent-3  drive      0.9 hold    0.53 early    0.21 late    0.58
  [33/168] seed 2 silent-5  drive      1.2 hold    0.27 early    2.81 late    0.81
  [39/168] seed 2 heard-4   drive    614.9 hold    4.48 early    4.07 late    0.42
  [37/168] seed 2 heard-2   drive    346.5 hold    1.12 early    0.46 late    1.29
  [34/168] seed 2 silent-6  drive      0.9 hold    0.10 early    0.16 late    0.03
  [36/168] seed 2 heard-1   drive    145.6 hold    5.08 early    4.83 late    0.36
  [38/168] seed 2 heard-3   drive    480.3 hold    1.61 early    3.90 late    0.25
  [40/168] seed 2 heard-5   drive    326.5 hold    0.58 early    2.30 late    0.16
  [30/168] seed 2 silent-2  drive      0.4 hold    0.63 early    0.01 late    1.46
  [43/168] seed 3 silent-1  drive      1.2 hold    0.95 early    0.07 late    1.48
  [41/168] seed 2 heard-6   drive    330.7 hold    0.59 early    1.00 late    0.73
  [42/168] seed 2 heard-8   drive    147.0 hold    1.88 early    2.33 late    0.05
  [50/168] seed 3 heard-1   drive    146.0 hold    7.69 early    6.96 late    1.37
  [44/168] seed 3 silent-2  drive      0.1 hold    0.15 early    0.63 late    0.75
  [46/168] seed 3 silent-4  drive      0.0 hold    0.53 early    0.08 late    0.32
  [47/168] seed 3 silent-5  drive      2.2 hold    0.16 early    0.81 late    0.35
  [49/168] seed 3 silent-8  drive      0.5 hold    0.13 early    0.13 late    1.21
  [45/168] seed 3 silent-3  drive      0.4 hold    1.56 early    0.17 late    1.72
  [48/168] seed 3 silent-6  drive      3.2 hold    1.72 early    1.82 late    0.66
  [53/168] seed 3 heard-4   drive    354.5 hold    5.15 early    4.42 late    1.94
  [51/168] seed 3 heard-2   drive    234.7 hold    0.53 early    0.35 late    0.31
  [54/168] seed 3 heard-5   drive    399.9 hold    0.57 early    2.85 late    0.41
  [52/168] seed 3 heard-3   drive    366.4 hold    0.31 early    0.44 late    0.23
  [55/168] seed 3 heard-6   drive    242.1 hold    0.10 early    0.76 late    0.54
  [56/168] seed 3 heard-8   drive    133.5 hold    0.00 early    0.08 late    0.07
  [57/168] seed 4 silent-1  drive      0.2 hold    6.97 early    2.69 late    3.09
  [61/168] seed 4 silent-5  drive      0.0 hold    1.81 early    3.62 late    1.82
  [62/168] seed 4 silent-6  drive      1.3 hold    0.04 early    0.12 late    0.22
  [63/168] seed 4 silent-8  drive      1.4 hold    1.07 early    0.72 late    1.35
  [64/168] seed 4 heard-1   drive    133.0 hold    2.29 early    4.00 late    0.02
  [58/168] seed 4 silent-2  drive      1.5 hold    0.45 early    0.21 late    0.30
  [60/168] seed 4 silent-4  drive      3.6 hold    0.55 early    0.34 late    1.33
  [65/168] seed 4 heard-2   drive    228.7 hold    1.56 early    0.88 late    0.35
  [59/168] seed 4 silent-3  drive      0.7 hold    1.28 early    1.32 late    1.34
  [66/168] seed 4 heard-3   drive    366.5 hold    1.53 early    0.76 late    1.95
  [69/168] seed 4 heard-6   drive    212.0 hold    1.63 early    0.06 late    1.39
  [67/168] seed 4 heard-4   drive    235.3 hold    0.41 early    0.97 late    0.46
  [70/168] seed 4 heard-8   drive    102.5 hold    0.15 early    0.63 late    2.25
  [68/168] seed 4 heard-5   drive    298.2 hold    0.02 early    0.30 late    1.54
  [71/168] seed 5 silent-1  drive      1.2 hold    0.25 early    0.00 late    0.47
  [73/168] seed 5 silent-3  drive      0.4 hold    1.55 early    1.02 late    3.95
  [74/168] seed 5 silent-4  drive      0.5 hold    0.84 early    0.03 late    1.21
  [72/168] seed 5 silent-2  drive      0.4 hold    0.23 early    0.38 late    0.60
  [76/168] seed 5 silent-6  drive      1.5 hold    0.08 early    0.16 late    0.95
  [77/168] seed 5 silent-8  drive      1.2 hold    0.01 early    0.66 late    0.62
  [79/168] seed 5 heard-2   drive    220.5 hold    1.58 early    1.26 late    0.03
  [75/168] seed 5 silent-5  drive      0.2 hold    0.19 early    0.23 late    0.25
  [80/168] seed 5 heard-3   drive    340.2 hold    0.94 early    1.89 late    0.52
  [81/168] seed 5 heard-4   drive    253.4 hold    0.68 early    1.56 late    0.37
  [82/168] seed 5 heard-5   drive    201.5 hold    0.02 early    0.31 late    0.89
  [78/168] seed 5 heard-1   drive    135.0 hold    4.27 early    5.39 late    0.34
  [84/168] seed 5 heard-8   drive    213.3 hold    0.63 early    0.74 late    0.05
  [83/168] seed 5 heard-6   drive    207.0 hold    0.33 early    0.20 late    0.58
  [85/168] seed 6 silent-1  drive      0.7 hold    0.15 early    0.66 late    0.29
  [86/168] seed 6 silent-2  drive      0.4 hold    0.43 early    0.67 late    0.28
  [87/168] seed 6 silent-3  drive      0.9 hold    4.05 early    4.14 late    1.85
  [88/168] seed 6 silent-4  drive      0.6 hold    0.08 early    1.06 late    0.72
  [89/168] seed 6 silent-5  drive      0.3 hold    0.33 early    0.53 late    0.09
  [91/168] seed 6 silent-8  drive      0.2 hold    0.61 early    0.35 late    0.18
  [92/168] seed 6 heard-1   drive    152.4 hold    7.52 early    6.18 late    7.30
  [90/168] seed 6 silent-6  drive      0.5 hold    0.20 early    2.14 late    1.09
  [94/168] seed 6 heard-3   drive    387.8 hold    0.50 early    4.08 late    2.24
  [93/168] seed 6 heard-2   drive    299.6 hold    1.82 early    0.63 late    0.35
  [99/168] seed 7 silent-1  drive      3.2 hold    0.62 early    0.49 late    0.83
  [95/168] seed 6 heard-4   drive    508.3 hold    1.39 early    2.56 late    0.04
  [96/168] seed 6 heard-5   drive    705.2 hold    0.11 early    0.54 late    0.06
  [97/168] seed 6 heard-6   drive    319.1 hold    0.33 early    0.48 late    0.16
  [98/168] seed 6 heard-8   drive    220.9 hold    1.08 early    0.30 late    1.66
  [100/168] seed 7 silent-2  drive      0.3 hold    0.44 early    0.05 late    0.72
  [103/168] seed 7 silent-5  drive      0.1 hold    1.12 early    0.37 late    0.53
  [101/168] seed 7 silent-3  drive      1.8 hold    2.09 early    3.39 late    2.39
  [102/168] seed 7 silent-4  drive      3.0 hold    4.26 early    2.10 late    1.59
  [104/168] seed 7 silent-6  drive      2.7 hold    1.81 early    3.68 late    0.20
  [105/168] seed 7 silent-8  drive      1.7 hold    3.12 early    1.82 late    1.01
  [107/168] seed 7 heard-2   drive    228.5 hold    0.66 early    0.36 late    0.20
  [110/168] seed 7 heard-5   drive    465.9 hold    0.33 early    0.59 late    0.99
  [109/168] seed 7 heard-4   drive    562.3 hold    1.45 early    1.99 late    0.11
  [106/168] seed 7 heard-1   drive    143.3 hold    5.50 early    6.18 late    2.14
  [113/168] seed 8 silent-1  drive      0.9 hold    4.60 early    3.68 late    4.24
  [111/168] seed 7 heard-6   drive    595.8 hold    1.20 early    1.27 late    0.05
  [112/168] seed 7 heard-8   drive    187.2 hold    1.94 early    0.46 late    0.88
  [108/168] seed 7 heard-3   drive    388.7 hold    1.35 early    1.32 late    0.43
  [115/168] seed 8 silent-3  drive      0.2 hold    0.10 early    0.60 late    0.50
  [114/168] seed 8 silent-2  drive      0.5 hold    0.08 early    0.05 late    0.25
  [116/168] seed 8 silent-4  drive      0.6 hold    0.39 early    0.43 late    0.21
  [119/168] seed 8 silent-8  drive      0.8 hold    0.33 early    0.55 late    0.13
  [117/168] seed 8 silent-5  drive      0.5 hold    0.22 early    0.09 late    0.15
  [118/168] seed 8 silent-6  drive      0.8 hold    3.01 early    0.71 late    2.48
  [120/168] seed 8 heard-1   drive    149.5 hold    5.24 early    6.05 late    0.94
  [122/168] seed 8 heard-3   drive    487.6 hold    1.13 early    5.01 late    0.91
  [124/168] seed 8 heard-5   drive    447.6 hold    0.06 early    0.16 late    0.05
  [121/168] seed 8 heard-2   drive    257.6 hold    0.80 early    0.44 late    0.16
  [123/168] seed 8 heard-4   drive    505.8 hold    1.02 early    2.85 late    0.58
  [126/168] seed 8 heard-8   drive    265.8 hold    4.80 early    2.40 late    0.93
  [127/168] seed 9 silent-1  drive      2.2 hold    1.21 early    0.09 late    2.12
  [125/168] seed 8 heard-6   drive    363.1 hold    0.43 early    2.22 late    2.03
  [128/168] seed 9 silent-2  drive      0.9 hold    2.19 early    3.32 late    0.89
  [129/168] seed 9 silent-3  drive      0.7 hold    0.49 early    3.23 late    0.61
  [132/168] seed 9 silent-6  drive      0.1 hold    1.82 early    0.43 late    2.30
  [130/168] seed 9 silent-4  drive      0.0 hold    1.56 early    0.18 late    1.83
  [131/168] seed 9 silent-5  drive      2.4 hold    1.37 early    1.64 late    0.51
  [133/168] seed 9 silent-8  drive      0.4 hold    0.23 early    1.52 late    0.10
  [136/168] seed 9 heard-3   drive    723.1 hold    0.81 early    1.06 late    1.55
  [137/168] seed 9 heard-4   drive   1478.4 hold    0.35 early    1.97 late    0.25
  [140/168] seed 9 heard-8   drive    232.7 hold    0.22 early    0.46 late    0.07
  [134/168] seed 9 heard-1   drive    143.7 hold    1.31 early    3.22 late    0.31
  [135/168] seed 9 heard-2   drive    281.9 hold    2.89 early    1.46 late    0.70
  [139/168] seed 9 heard-6   drive    383.3 hold    1.30 early    0.49 late    0.94
  [138/168] seed 9 heard-5   drive    494.6 hold    0.79 early    0.31 late    3.33
  [141/168] seed 10 silent-1  drive      0.8 hold    1.81 early    0.98 late    1.15
  [144/168] seed 10 silent-4  drive      0.2 hold    2.54 early    3.60 late    0.10
  [143/168] seed 10 silent-3  drive      1.9 hold    1.04 early    0.79 late    0.34
  [146/168] seed 10 silent-6  drive      0.2 hold    0.26 early    0.51 late    0.47
  [145/168] seed 10 silent-5  drive      0.3 hold    0.13 early    0.05 late    0.07
  [142/168] seed 10 silent-2  drive      0.2 hold    0.21 early    0.10 late    0.32
  [147/168] seed 10 silent-8  drive      0.2 hold    0.52 early    0.43 late    0.37
  [148/168] seed 10 heard-1   drive    171.3 hold    4.70 early    5.81 late    3.03
  [150/168] seed 10 heard-3   drive    591.1 hold    1.57 early    2.12 late    1.16
  [154/168] seed 10 heard-8   drive    257.4 hold    0.80 early    0.50 late    3.80
  [152/168] seed 10 heard-5   drive    739.0 hold    0.08 early    0.26 late    0.29
  [157/168] seed 11 silent-3  drive      0.2 hold    0.38 early    1.98 late    1.15
  [149/168] seed 10 heard-2   drive    177.8 hold    0.31 early    0.16 late    0.08
  [156/168] seed 11 silent-2  drive      0.1 hold    0.85 early    0.52 late    0.48
  [153/168] seed 10 heard-6   drive    448.8 hold    1.86 early    1.10 late    1.91
  [151/168] seed 10 heard-4   drive    909.1 hold    1.49 early    6.67 late    3.20
  [158/168] seed 11 silent-4  drive      0.1 hold    0.05 early    0.34 late    0.95
  [155/168] seed 11 silent-1  drive      2.4 hold    3.23 early    1.05 late    3.09
  [160/168] seed 11 silent-6  drive      0.1 hold    0.59 early    0.46 late    0.34
  [159/168] seed 11 silent-5  drive      0.4 hold    0.04 early    0.02 late    0.02
  [161/168] seed 11 silent-8  drive      0.6 hold    1.01 early    0.77 late    1.17
  [168/168] seed 11 heard-8   drive    291.7 hold    2.52 early    0.94 late    0.85
  [164/168] seed 11 heard-3   drive    372.9 hold    0.15 early    2.32 late    1.44
  [162/168] seed 11 heard-1   drive    136.2 hold    9.71 early    8.06 late    4.32
  [167/168] seed 11 heard-6   drive    520.4 hold    1.52 early    0.47 late    3.05
  [166/168] seed 11 heard-5   drive    457.8 hold    0.46 early    0.68 late    0.16
  [163/168] seed 11 heard-2   drive    236.0 hold    0.32 early    0.49 late    0.39
  [165/168] seed 11 heard-4   drive    839.2 hold    2.41 early    5.10 late    0.16

  arm       drive SNR    HOLD SNR         early          late           duty d/h
  silent-1  2.4            2.33 +/- 0.67      1.34 +/- 0.37    1.99 +/- 0.53  0.54/0.54
  silent-2  0.5            0.54 +/- 0.17      0.55 +/- 0.26    0.86 +/- 0.31  0.54/0.54
  silent-3  0.8            1.24 +/- 0.32      2.09 +/- 0.68    1.23 +/- 0.32  0.54/0.54
  silent-4  1.1            1.07 +/- 0.35      0.78 +/- 0.30    0.84 +/- 0.17  0.54/0.54
  silent-5  0.7            0.63 +/- 0.18      1.01 +/- 0.34    0.41 +/- 0.14  0.54/0.54
  silent-6  1.0            0.92 +/- 0.29      0.95 +/- 0.31    0.75 +/- 0.24  0.54/0.54
  silent-8  0.9            0.83 +/- 0.28      0.63 +/- 0.15    0.81 +/- 0.26  0.54/0.54
  heard-1   148.8          5.19 +/- 0.68      5.62 +/- 0.37    1.71 +/- 0.64  0.46/0.50
  heard-2   263.2          1.24 +/- 0.24      0.69 +/- 0.12    0.37 +/- 0.10  0.44/0.55
  heard-3   463.1          1.03 +/- 0.17      2.25 +/- 0.41    0.94 +/- 0.21  0.48/0.55
  heard-4   607.3          1.89 +/- 0.44      2.99 +/- 0.50    1.07 +/- 0.42  0.48/0.56
  heard-5   490.9          0.26 +/- 0.08      0.73 +/- 0.26    0.85 +/- 0.29  0.48/0.57
  heard-6   362.0          0.83 +/- 0.18      1.14 +/- 0.31    1.46 +/- 0.34  0.49/0.56
  heard-8   202.1          1.24 +/- 0.40      0.91 +/- 0.21    0.99 +/- 0.33  0.48/0.58

  TRANSIENT ALIGNMENT (holds tiled in whole cycles, of 5)
    heard-1   1.0 Hz   3/5
    heard-2   2.0 Hz   5/5   <- FULLY tiled: most exposed
    heard-3   3.0 Hz   3/5
    heard-4   4.0 Hz   5/5   <- FULLY tiled: most exposed
    heard-5   5.0 Hz   3/5
    heard-6   6.0 Hz   5/5   <- FULLY tiled: most exposed
    heard-8   8.0 Hz   5/5   <- FULLY tiled: most exposed

  HOLD, heard against its own silent control
    heard-1   +2.85 over `silent-1`  (+3.0 SE)
    heard-2   +0.70 over `silent-2`  (+2.4 SE)
    heard-3   -0.21 over `silent-3`  (-0.6 SE)
    heard-4   +0.81 over `silent-4`  (+1.4 SE)
    heard-5   -0.38 over `silent-5`  (-1.9 SE)
    heard-6   -0.09 over `silent-6`  (-0.3 SE)
    heard-8   +0.41 over `silent-8`  (+0.8 SE)

  --- the reading ---
  IT DIES WITH THE DRIVER. The best hold arm is `heard-1` at SNR 5.19, +3.0 SE
  over its silent control -- no alternation survives the caregiver going
  quiet. `framecopy` measured the listening reflex and nothing more.
  SO THE FRAME STILL DOES NOT EXIST, and now it is known that hearing one
  will not install it. The remaining route is an INTERNAL oscillator on the
  voicing gate -- the tau 60 ms path that can carry a syllable rate, and the
  one target no oscillator in this project has ever had.
