experiment: framehold
  instrument        framehold   trial seed 000000000135d3c8   1200000 ticks
                    another probe is another trial sequence: its numbers
                    are not comparable with these (~0.05 at 300 trials)
  seed family       offset 512821 -> first creature 00000000013cfafe  (nonzero = the
                    REPLICATION; family 0 gave one arm of four at +3.5 SE)
  what happened     `framecopy` looked spectacular and was trivial: the voice
                    alternated at the caregiver's rate because a SHIPPED
                    inhibitory auditory->vocal tract stops the babbling while
                    the creature hears something. An interrupt, not a frame.
  the tell          `heard` duty sat BELOW the silent baseline -- gated OFF --
                    while `oracle` rose to 0.83, driven ON. Anti-phase reflex,
                    not an oscillator.
  the discriminator PERSISTENCE, which is what made M1b real rather than a
                    pass-through: a reflex dies with its driver, an internal
                    beat rings on. Pulse 4 s, then SILENCE 4 s, and measure the
                    f-component DURING THE SILENCE.
  v1 WAS CONFOUNDED and this is the fix. Fixed 4 s holds repeat at 0.25 Hz,
    and every f tested is an exact harmonic of that -- so the single offset
    transient deposited power at precisely the measured frequency, with no
    rhythm required, right where v1's effect sat. The phase-tiling I was
    careful about is what CAUSED it.
  the correction    hold lengths now VARY (3.0/4.5/3.5/5.0/4.0 s) so transients
                    land incoherently, and the phase reference is ABSOLUTE
                    TIME so a ring-out inheriting the drive's phase still sums.
  not fakeable by   a slowly decaying inhibition returns the voice SMOOTHLY to
  a slow leak       baseline, which is broadband. Only continued ALTERNATION
                    puts power at f.

  PRE-REGISTERED
    positive control  `heard` SNR during the DRIVE must be large. If it is not,
                      the reflex is not even engaging and nothing else reads.
    persistence       `heard` hold-SNR >= 2.0 AND >= 3 SE over the matching
                      `silent` arm -> the beat outlasts its driver, which is a
                      FRAME rather than an interrupt.
    reflex only       hold-SNR at the silent baseline -> it dies with the
                      driver. No frame, and an internal oscillator on the
                      voicing gate becomes the next build.
    decay             early vs late halves of the hold, reported either way.
                      A real ring-out decays; a constant offset would suggest
                      the statistic is picking up something structural.

  [12/168] seed 0 heard-5   drive    898.8 hold    0.53 early    0.50 late    1.33
  [9/168] seed 0 heard-2   drive    503.5 hold    3.58 early    2.72 late    0.28
  [1/168] seed 0 silent-1  drive      1.3 hold    0.18 early    0.83 late    1.61
  [13/168] seed 0 heard-6   drive    486.4 hold    2.71 early    2.99 late    2.67
  [14/168] seed 0 heard-8   drive    568.0 hold    0.14 early    0.34 late    1.11
  [11/168] seed 0 heard-4   drive   1373.5 hold    1.61 early    4.96 late    0.02
  [8/168] seed 0 heard-1   drive    174.2 hold    0.94 early    0.16 late    0.15
  [4/168] seed 0 silent-4  drive      1.4 hold    1.10 early    2.85 late    0.29
  [3/168] seed 0 silent-3  drive      0.5 hold    0.56 early    0.31 late    2.47
  [10/168] seed 0 heard-3   drive    368.3 hold    3.50 early    3.00 late    0.50
  [7/168] seed 0 silent-8  drive      0.6 hold    0.42 early    0.20 late    0.48
  [2/168] seed 0 silent-2  drive      2.5 hold    0.30 early    0.50 late    0.23
  [6/168] seed 0 silent-6  drive      0.4 hold    0.76 early    1.96 late    0.30
  [5/168] seed 0 silent-5  drive      0.8 hold    0.41 early    0.20 late    0.39
  [26/168] seed 1 heard-5   drive    843.6 hold    0.78 early    1.12 late    0.05
  [23/168] seed 1 heard-2   drive    430.2 hold    2.72 early    1.70 late    0.67
  [15/168] seed 1 silent-1  drive      1.6 hold    0.93 early    0.01 late    1.76
  [27/168] seed 1 heard-6   drive    605.8 hold    0.01 early    0.23 late    0.51
  [17/168] seed 1 silent-3  drive      1.4 hold    0.06 early    0.84 late    1.62
  [18/168] seed 1 silent-4  drive      1.4 hold    0.15 early    1.29 late    2.47
  [24/168] seed 1 heard-3   drive    394.5 hold    0.60 early    0.57 late    0.26
  [25/168] seed 1 heard-4   drive    700.6 hold    1.11 early    0.67 late    0.48
  [16/168] seed 1 silent-2  drive      1.1 hold    1.35 early    0.66 late    1.07
  [22/168] seed 1 heard-1   drive    155.2 hold    2.40 early    0.46 late    4.17
  [19/168] seed 1 silent-5  drive      0.4 hold    0.37 early    0.16 late    0.18
  [21/168] seed 1 silent-8  drive      0.4 hold    1.86 early    1.15 late    1.33
  [28/168] seed 1 heard-8   drive    453.0 hold    0.86 early    1.15 late    0.18
  [20/168] seed 1 silent-6  drive      0.3 hold    0.38 early    0.36 late    0.68
  [30/168] seed 2 silent-2  drive      0.9 hold    0.52 early    2.19 late    0.94
  [36/168] seed 2 heard-1   drive    148.3 hold    1.83 early    0.56 late    1.04
  [33/168] seed 2 silent-5  drive      0.2 hold    0.33 early    0.73 late    0.01
  [41/168] seed 2 heard-6   drive    521.1 hold    0.61 early    0.56 late    3.77
  [38/168] seed 2 heard-3   drive    410.7 hold    3.52 early    3.08 late    0.35
  [39/168] seed 2 heard-4   drive    727.6 hold    0.68 early    1.02 late    0.00
  [31/168] seed 2 silent-3  drive      1.3 hold    0.95 early    0.10 late    2.63
  [37/168] seed 2 heard-2   drive    439.1 hold    4.80 early    5.24 late    0.88
  [40/168] seed 2 heard-5   drive    389.0 hold    0.59 early    0.77 late    0.08
  [29/168] seed 2 silent-1  drive      0.1 hold    2.79 early    1.08 late    1.35
  [42/168] seed 2 heard-8   drive    250.1 hold    0.42 early    0.77 late    0.29
  [35/168] seed 2 silent-8  drive      1.4 hold    1.05 early    0.84 late    0.16
  [34/168] seed 2 silent-6  drive      0.3 hold    0.34 early    0.07 late    1.62
  [32/168] seed 2 silent-4  drive      0.1 hold    1.93 early    1.31 late    0.74
  [43/168] seed 3 silent-1  drive      3.9 hold    1.98 early    0.87 late    0.91
  [50/168] seed 3 heard-1   drive    158.7 hold    1.85 early    0.53 late    1.56
  [51/168] seed 3 heard-2   drive    360.5 hold    5.42 early    3.63 late    0.34
  [52/168] seed 3 heard-3   drive    453.5 hold    1.89 early    1.21 late    0.70
  [47/168] seed 3 silent-5  drive      4.8 hold    0.93 early    0.34 late    0.24
  [46/168] seed 3 silent-4  drive      0.5 hold    1.38 early    2.35 late    0.88
  [53/168] seed 3 heard-4   drive    601.3 hold    0.58 early    1.00 late    0.14
  [55/168] seed 3 heard-6   drive    412.8 hold    0.76 early    4.90 late    0.32
  [45/168] seed 3 silent-3  drive      0.1 hold    0.30 early    1.08 late    0.38
  [56/168] seed 3 heard-8   drive    287.5 hold    0.38 early    0.11 late    1.23
  [48/168] seed 3 silent-6  drive      2.8 hold    0.57 early    0.11 late    0.48
  [44/168] seed 3 silent-2  drive      5.0 hold    0.92 early    0.13 late    2.69
  [49/168] seed 3 silent-8  drive      1.4 hold    2.86 early    2.28 late    0.44
  [54/168] seed 3 heard-5   drive    611.3 hold    3.73 early    2.57 late    0.42
  [60/168] seed 4 silent-4  drive      0.5 hold    0.03 early    0.17 late    0.50
  [66/168] seed 4 heard-3   drive    341.7 hold    8.18 early    3.63 late    1.00
  [57/168] seed 4 silent-1  drive      0.5 hold    1.60 early    1.38 late    0.68
  [58/168] seed 4 silent-2  drive      0.1 hold    1.68 early    1.80 late    1.76
  [64/168] seed 4 heard-1   drive    157.4 hold    0.90 early    0.33 late    0.64
  [65/168] seed 4 heard-2   drive    395.8 hold    4.92 early    2.18 late    0.97
  [70/168] seed 4 heard-8   drive    210.6 hold    0.85 early    0.55 late    0.17
  [68/168] seed 4 heard-5   drive    155.6 hold    2.50 early    1.08 late    0.73
  [69/168] seed 4 heard-6   drive    149.5 hold    5.85 early    0.67 late    1.40
  [61/168] seed 4 silent-5  drive      1.8 hold    1.85 early    0.38 late    2.68
  [67/168] seed 4 heard-4   drive    380.8 hold    4.49 early    2.93 late    0.66
  [59/168] seed 4 silent-3  drive      1.0 hold    0.92 early    1.28 late    0.17
  [62/168] seed 4 silent-6  drive      0.6 hold    0.79 early    0.53 late    0.35
  [63/168] seed 4 silent-8  drive      0.8 hold    0.41 early    0.79 late    1.97
  [71/168] seed 5 silent-1  drive      1.2 hold    5.71 early    1.43 late    2.20
  [81/168] seed 5 heard-4   drive    251.0 hold    1.22 early    2.80 late    0.09
  [79/168] seed 5 heard-2   drive    356.7 hold    6.96 early    9.61 late    4.58
  [72/168] seed 5 silent-2  drive      3.1 hold    0.00 early    2.19 late    0.94
  [78/168] seed 5 heard-1   drive    138.6 hold    1.89 early    0.75 late    0.12
  [80/168] seed 5 heard-3   drive    408.7 hold    4.41 early    3.35 late    1.06
  [83/168] seed 5 heard-6   drive    363.6 hold    2.13 early    0.11 late    2.12
  [73/168] seed 5 silent-3  drive      0.1 hold    0.90 early    0.17 late    2.52
  [74/168] seed 5 silent-4  drive      0.4 hold    0.71 early    0.99 late    1.14
  [82/168] seed 5 heard-5   drive    463.2 hold    0.91 early    0.55 late    0.02
  [84/168] seed 5 heard-8   drive    165.7 hold    0.72 early    0.02 late    1.24
  [77/168] seed 5 silent-8  drive      1.6 hold    2.64 early    0.40 late    1.44
  [75/168] seed 5 silent-5  drive      0.4 hold    0.31 early    0.26 late    0.29
  [76/168] seed 5 silent-6  drive      0.0 hold    0.72 early    0.46 late    2.17
  [93/168] seed 6 heard-2   drive    398.9 hold    3.83 early    2.30 late    0.01
  [92/168] seed 6 heard-1   drive    162.1 hold    2.24 early    0.49 late    0.81
  [85/168] seed 6 silent-1  drive      2.6 hold    3.58 early    0.66 late    3.31
  [90/168] seed 6 silent-6  drive      0.1 hold    0.15 early    0.31 late    1.89
  [94/168] seed 6 heard-3   drive    454.4 hold    3.30 early    1.81 late    1.37
  [95/168] seed 6 heard-4   drive    335.1 hold    0.41 early    0.61 late    0.10
  [86/168] seed 6 silent-2  drive      0.4 hold    3.13 early    1.89 late    1.40
  [97/168] seed 6 heard-6   drive    607.0 hold    0.84 early    1.80 late    0.01
  [96/168] seed 6 heard-5   drive    985.0 hold    1.48 early    1.60 late    0.41
  [91/168] seed 6 silent-8  drive      0.3 hold    1.65 early    0.59 late    2.05
  [88/168] seed 6 silent-4  drive      1.3 hold    2.64 early    2.39 late    1.31
  [87/168] seed 6 silent-3  drive      0.1 hold    0.98 early    2.00 late    0.28
  [89/168] seed 6 silent-5  drive      0.2 hold    0.72 early    0.51 late    0.68
  [98/168] seed 6 heard-8   drive    244.1 hold    1.37 early    0.96 late    0.51
  [99/168] seed 7 silent-1  drive      2.1 hold    0.62 early    1.38 late    0.34
  [106/168] seed 7 heard-1   drive    155.9 hold    1.19 early    0.56 late    0.07
  [110/168] seed 7 heard-5   drive    921.0 hold    0.40 early    1.52 late    0.30
  [109/168] seed 7 heard-4   drive    853.4 hold    1.09 early    0.63 late    1.86
  [107/168] seed 7 heard-2   drive    510.7 hold    2.00 early    0.89 late    1.02
  [111/168] seed 7 heard-6   drive    549.5 hold    2.15 early    1.36 late    1.20
  [108/168] seed 7 heard-3   drive    384.8 hold    0.98 early    0.64 late    1.85
  [101/168] seed 7 silent-3  drive      0.4 hold    0.36 early    0.03 late    0.19
  [102/168] seed 7 silent-4  drive      0.1 hold    4.70 early    4.75 late    2.21
  [112/168] seed 7 heard-8   drive    696.6 hold    0.48 early    0.79 late    0.45
  [105/168] seed 7 silent-8  drive      0.3 hold    1.42 early    2.47 late    0.07
  [104/168] seed 7 silent-6  drive      0.4 hold    2.13 early    0.59 late    1.06
  [100/168] seed 7 silent-2  drive      0.3 hold    1.21 early    0.13 late    1.85
  [103/168] seed 7 silent-5  drive      0.4 hold    0.05 early    0.04 late    0.02
  [120/168] seed 8 heard-1   drive    164.0 hold    2.20 early    0.65 late    0.96
  [121/168] seed 8 heard-2   drive    483.9 hold    2.72 early    1.59 late    0.01
  [124/168] seed 8 heard-5   drive    668.4 hold    0.25 early    0.41 late    0.12
  [122/168] seed 8 heard-3   drive    513.8 hold    1.05 early    0.92 late    0.12
  [125/168] seed 8 heard-6   drive    575.8 hold    2.27 early    2.04 late    0.05
  [126/168] seed 8 heard-8   drive    230.8 hold    0.02 early    0.44 late    0.42
  [113/168] seed 8 silent-1  drive      0.4 hold    1.22 early    0.92 late    1.60
  [123/168] seed 8 heard-4   drive    556.7 hold    2.52 early    2.72 late    1.28
  [114/168] seed 8 silent-2  drive      0.3 hold    1.13 early    0.40 late    0.76
  [115/168] seed 8 silent-3  drive      0.5 hold    1.25 early    4.04 late    0.00
  [118/168] seed 8 silent-6  drive      1.2 hold    1.33 early    1.02 late    0.26
  [116/168] seed 8 silent-4  drive      1.7 hold    0.33 early    0.49 late    0.17
  [117/168] seed 8 silent-5  drive      0.9 hold    0.20 early    1.24 late    2.08
  [119/168] seed 8 silent-8  drive      0.0 hold    0.77 early    0.50 late    0.72
  [127/168] seed 9 silent-1  drive      0.8 hold    1.46 early    0.12 late    1.72
  [134/168] seed 9 heard-1   drive    142.9 hold    2.15 early    0.35 late    0.96
  [135/168] seed 9 heard-2   drive    380.4 hold    3.34 early    2.80 late    0.05
  [136/168] seed 9 heard-3   drive    447.4 hold    1.09 early    1.43 late    0.65
  [137/168] seed 9 heard-4   drive    611.0 hold    3.88 early    6.15 late    0.39
  [129/168] seed 9 silent-3  drive      0.4 hold    0.25 early    0.25 late    0.57
  [138/168] seed 9 heard-5   drive    404.2 hold    0.94 early    0.82 late    0.90
  [128/168] seed 9 silent-2  drive      0.3 hold    0.04 early    0.04 late    0.19
  [139/168] seed 9 heard-6   drive    255.4 hold    0.06 early    0.59 late    0.39
  [133/168] seed 9 silent-8  drive      0.7 hold    0.47 early    0.30 late    0.20
  [132/168] seed 9 silent-6  drive      2.7 hold    0.27 early    0.27 late    0.43
  [130/168] seed 9 silent-4  drive      0.6 hold    1.43 early    2.29 late    0.12
  [131/168] seed 9 silent-5  drive      0.7 hold    0.45 early    0.01 late    1.02
  [140/168] seed 9 heard-8   drive    154.6 hold    1.01 early    0.77 late    0.48
  [148/168] seed 10 heard-1   drive    175.1 hold    1.86 early    0.30 late    0.26
  [150/168] seed 10 heard-3   drive    505.2 hold    1.68 early    1.03 late    0.26
  [151/168] seed 10 heard-4   drive    721.7 hold    1.72 early    3.16 late    0.05
  [149/168] seed 10 heard-2   drive    440.8 hold    2.31 early    1.86 late    0.83
  [142/168] seed 10 silent-2  drive      0.4 hold    1.25 early    2.62 late    0.11
  [152/168] seed 10 heard-5   drive    650.9 hold    2.00 early    1.26 late    0.91
  [147/168] seed 10 silent-8  drive      0.9 hold    0.01 early    0.58 late    1.13
  [153/168] seed 10 heard-6   drive    767.9 hold    4.17 early    0.34 late    3.84
  [154/168] seed 10 heard-8   drive    263.7 hold    0.01 early    0.10 late    0.18
  [143/168] seed 10 silent-3  drive      1.5 hold    0.69 early    0.06 late    0.71
  [141/168] seed 10 silent-1  drive      1.5 hold    1.38 early    3.25 late    0.08
  [145/168] seed 10 silent-5  drive      0.4 hold    6.73 early    0.67 late    7.49
  [146/168] seed 10 silent-6  drive      1.4 hold    0.48 early    1.52 late    0.15
  [144/168] seed 10 silent-4  drive      1.3 hold    0.04 early    0.19 late    0.03
  [162/168] seed 11 heard-1   drive    158.3 hold    0.78 early    0.59 late    4.38
  [167/168] seed 11 heard-6   drive    499.0 hold    0.12 early    2.88 late    0.42
  [164/168] seed 11 heard-3   drive    545.8 hold    1.21 early    0.77 late    0.39
  [163/168] seed 11 heard-2   drive    351.3 hold    3.29 early    2.86 late    1.26
  [159/168] seed 11 silent-5  drive      1.5 hold    1.66 early    2.77 late    0.04
  [165/168] seed 11 heard-4   drive    693.3 hold    2.01 early    2.84 late    0.04
  [155/168] seed 11 silent-1  drive      0.6 hold    3.41 early    0.63 late    3.81
  [168/168] seed 11 heard-8   drive    347.2 hold    0.02 early    0.15 late    0.09
  [157/168] seed 11 silent-3  drive      1.5 hold    0.97 early    0.99 late    2.47
  [166/168] seed 11 heard-5   drive   1335.3 hold    6.09 early    4.27 late    1.06
  [160/168] seed 11 silent-6  drive      0.9 hold    0.12 early    0.14 late    0.01
  [156/168] seed 11 silent-2  drive      1.9 hold    0.17 early    0.31 late    0.02
  [158/168] seed 11 silent-4  drive      1.3 hold    0.84 early    0.07 late    3.20
  [161/168] seed 11 silent-8  drive      0.1 hold    1.19 early    1.39 late    0.73

  arm       drive SNR    HOLD SNR         early          late           duty d/h
  silent-1  1.4            2.07 +/- 0.45      1.05 +/- 0.24    1.61 +/- 0.32  0.58/0.58
  silent-2  1.4            0.98 +/- 0.25      1.07 +/- 0.28    1.00 +/- 0.24  0.58/0.58
  silent-3  0.7            0.68 +/- 0.11      0.93 +/- 0.33    1.17 +/- 0.31  0.58/0.58
  silent-4  0.9            1.27 +/- 0.39      1.60 +/- 0.40    1.09 +/- 0.30  0.58/0.58
  silent-5  1.0            1.17 +/- 0.53      0.61 +/- 0.22    1.26 +/- 0.62  0.58/0.58
  silent-6  0.9            0.67 +/- 0.16      0.61 +/- 0.17    0.79 +/- 0.21  0.58/0.58
  silent-8  0.7            1.23 +/- 0.26      0.96 +/- 0.21    0.89 +/- 0.20  0.58/0.58
  heard-1   157.6          1.68 +/- 0.17      0.48 +/- 0.05    1.26 +/- 0.43  0.48/0.50
  heard-2   421.0          3.82 +/- 0.42      3.11 +/- 0.67    0.91 +/- 0.36  0.47/0.47
  heard-3   435.7          2.62 +/- 0.62      1.79 +/- 0.33    0.71 +/- 0.15  0.50/0.52
  heard-4   650.5          1.78 +/- 0.37      2.46 +/- 0.52    0.42 +/- 0.17  0.51/0.51
  heard-5   693.9          1.68 +/- 0.50      1.37 +/- 0.32    0.53 +/- 0.13  0.53/0.53
  heard-6   482.8          1.81 +/- 0.52      1.54 +/- 0.42    1.39 +/- 0.40  0.52/0.54
  heard-8   322.7          0.52 +/- 0.13      0.51 +/- 0.11    0.53 +/- 0.12  0.52/0.57

  TRANSIENT ALIGNMENT (holds tiled in whole cycles, of 5)
    heard-1   1.0 Hz   3/5
    heard-2   2.0 Hz   5/5   <- FULLY tiled: most exposed
    heard-3   3.0 Hz   3/5
    heard-4   4.0 Hz   5/5   <- FULLY tiled: most exposed
    heard-5   5.0 Hz   3/5
    heard-6   6.0 Hz   5/5   <- FULLY tiled: most exposed
    heard-8   8.0 Hz   5/5   <- FULLY tiled: most exposed

  HOLD, heard against its own silent control
    heard-1   -0.39 over `silent-1`  (-0.8 SE)
    heard-2   +2.85 over `silent-2`  (+5.8 SE)
    heard-3   +1.94 over `silent-3`  (+3.1 SE)
    heard-4   +0.51 over `silent-4`  (+0.9 SE)
    heard-5   +0.52 over `silent-5`  (+0.7 SE)
    heard-6   +1.14 over `silent-6`  (+2.1 SE)
    heard-8   -0.71 over `silent-8`  (-2.4 SE)

  --- the reading ---
  THE BEAT OUTLASTS ITS DRIVER: `heard-2` holds SNR 3.82 through the silence,
  +5.8 SE over a creature that never heard anything. The caregiver is gone
  and the voice is still alternating at its rate.
  THAT IS A FRAME, not an interrupt, and it is the first thing in this
  project that keeps time. Check the early/late columns above: a real
  ring-out DECAYS, and a flat hold would mean the statistic is catching
  something structural instead.
