experiment: framehold
  instrument        framehold   trial seed 000000000135d3c8   1200000 ticks
                    another probe is another trial sequence: its numbers
                    are not comparable with these (~0.05 at 300 trials)
  seed family       offset 512821 -> first creature 00000000013cfafe  (nonzero = the
                    REPLICATION; family 0 gave one arm of four at +3.5 SE)
  what happened     `framecopy` looked spectacular and was trivial: the voice
                    alternated at the caregiver's rate because a SHIPPED
                    inhibitory auditory->vocal tract stops the babbling while
                    the creature hears something. An interrupt, not a frame.
  the tell          `heard` duty sat BELOW the silent baseline -- gated OFF --
                    while `oracle` rose to 0.83, driven ON. Anti-phase reflex,
                    not an oscillator.
  the discriminator PERSISTENCE, which is what made M1b real rather than a
                    pass-through: a reflex dies with its driver, an internal
                    beat rings on. Pulse 4 s, then SILENCE 4 s, and measure the
                    f-component DURING THE SILENCE.
  v1 WAS CONFOUNDED and this is the fix. Fixed 4 s holds repeat at 0.25 Hz,
    and every f tested is an exact harmonic of that -- so the single offset
    transient deposited power at precisely the measured frequency, with no
    rhythm required, right where v1's effect sat. The phase-tiling I was
    careful about is what CAUSED it.
  the correction    hold lengths now VARY (3.0/4.5/3.5/5.0/4.0 s) so transients
                    land incoherently, and the phase reference is ABSOLUTE
                    TIME so a ring-out inheriting the drive's phase still sums.
  not fakeable by   a slowly decaying inhibition returns the voice SMOOTHLY to
  a slow leak       baseline, which is broadband. Only continued ALTERNATION
                    puts power at f.

  PRE-REGISTERED
    positive control  `heard` SNR during the DRIVE must be large. If it is not,
                      the reflex is not even engaging and nothing else reads.
    persistence       `heard` hold-SNR >= 2.0 AND >= 3 SE over the matching
                      `silent` arm -> the beat outlasts its driver, which is a
                      FRAME rather than an interrupt.
    reflex only       hold-SNR at the silent baseline -> it dies with the
                      driver. No frame, and an internal oscillator on the
                      voicing gate becomes the next build.
    decay             early vs late halves of the hold, reported either way.
                      A real ring-out decays; a constant offset would suggest
                      the statistic is picking up something structural.

  [6/168] seed 0 silent-6  drive      0.6 hold    0.63 early    1.62 late    0.14
  [2/168] seed 0 silent-2  drive      2.4 hold    2.39 early    3.18 late    1.29
  [1/168] seed 0 silent-1  drive      0.2 hold    2.59 early    2.90 late    0.38
  [12/168] seed 0 heard-5   drive   1220.4 hold    0.11 early    1.17 late    1.60
  [5/168] seed 0 silent-5  drive      1.6 hold    0.03 early    0.03 late    0.17
  [7/168] seed 0 silent-8  drive      2.9 hold    0.11 early    1.36 late    0.69
  [11/168] seed 0 heard-4   drive    896.4 hold    0.64 early    1.26 late    0.15
  [13/168] seed 0 heard-6   drive    936.5 hold    1.01 early    1.25 late    0.22
  [3/168] seed 0 silent-3  drive      0.5 hold    0.07 early    0.26 late    0.30
  [4/168] seed 0 silent-4  drive      0.7 hold    0.45 early    0.09 late    0.53
  [14/168] seed 0 heard-8   drive    400.8 hold    0.67 early    1.30 late    0.58
  [10/168] seed 0 heard-3   drive    431.2 hold    2.22 early    1.05 late    1.79
  [8/168] seed 0 heard-1   drive    174.9 hold    2.29 early    0.26 late    1.19
  [9/168] seed 0 heard-2   drive    464.2 hold    8.16 early    5.85 late    1.19
  [17/168] seed 1 silent-3  drive      0.0 hold    0.50 early    0.37 late    0.09
  [19/168] seed 1 silent-5  drive      0.1 hold    1.36 early    1.34 late    0.23
  [18/168] seed 1 silent-4  drive      0.3 hold    0.28 early    0.22 late    1.02
  [15/168] seed 1 silent-1  drive      0.7 hold    0.43 early    0.24 late    1.25
  [16/168] seed 1 silent-2  drive      3.1 hold    1.57 early    0.46 late    1.77
  [22/168] seed 1 heard-1   drive    161.3 hold    1.03 early    0.20 late    0.21
  [20/168] seed 1 silent-6  drive      0.0 hold    2.79 early    1.68 late    0.60
  [21/168] seed 1 silent-8  drive      0.1 hold    1.71 early    0.57 late    2.19
  [25/168] seed 1 heard-4   drive    721.7 hold    0.00 early    0.57 late    1.58
  [26/168] seed 1 heard-5   drive    543.3 hold    0.22 early    0.33 late    0.26
  [23/168] seed 1 heard-2   drive    429.8 hold   14.16 early   11.75 late    1.46
  [24/168] seed 1 heard-3   drive    377.6 hold    1.39 early    0.95 late    0.27
  [27/168] seed 1 heard-6   drive    395.8 hold    0.09 early    0.82 late    0.26
  [28/168] seed 1 heard-8   drive    433.1 hold    0.52 early    0.78 late    0.09
  [30/168] seed 2 silent-2  drive      0.8 hold    6.63 early    0.16 late    8.90
  [29/168] seed 2 silent-1  drive      0.5 hold    0.25 early    0.25 late    0.50
  [31/168] seed 2 silent-3  drive      0.3 hold    0.05 early    0.07 late    0.18
  [33/168] seed 2 silent-5  drive      1.2 hold    0.57 early    0.72 late    1.37
  [32/168] seed 2 silent-4  drive      2.5 hold    0.03 early    0.14 late    0.54
  [36/168] seed 2 heard-1   drive    158.5 hold    1.33 early    0.74 late    0.42
  [35/168] seed 2 silent-8  drive      1.7 hold    1.15 early    0.48 late    0.56
  [38/168] seed 2 heard-3   drive    561.6 hold    0.74 early    0.67 late    0.19
  [34/168] seed 2 silent-6  drive      0.8 hold    0.43 early    0.45 late    0.13
  [39/168] seed 2 heard-4   drive    415.9 hold    0.02 early    0.01 late    0.18
  [37/168] seed 2 heard-2   drive    381.5 hold    4.71 early    5.14 late    1.34
  [40/168] seed 2 heard-5   drive    785.2 hold    0.07 early    0.04 late    0.35
  [42/168] seed 2 heard-8   drive    239.7 hold    0.03 early    0.09 late    0.05
  [41/168] seed 2 heard-6   drive    451.1 hold    0.13 early    0.49 late    0.27
  [46/168] seed 3 silent-4  drive      0.0 hold    0.09 early    0.80 late    0.09
  [45/168] seed 3 silent-3  drive      0.1 hold    1.11 early    0.70 late    0.61
  [44/168] seed 3 silent-2  drive      2.8 hold    8.00 early    2.10 late    4.56
  [43/168] seed 3 silent-1  drive      3.0 hold    0.10 early    1.27 late    1.85
  [47/168] seed 3 silent-5  drive      0.1 hold    0.18 early    0.58 late    0.47
  [48/168] seed 3 silent-6  drive      0.6 hold    0.42 early    2.02 late    1.67
  [49/168] seed 3 silent-8  drive      0.7 hold    0.47 early    1.08 late    0.48
  [51/168] seed 3 heard-2   drive    467.6 hold    4.37 early    7.59 late    0.43
  [50/168] seed 3 heard-1   drive    141.1 hold    0.10 early    0.13 late    2.51
  [52/168] seed 3 heard-3   drive    421.7 hold    0.30 early    0.43 late    0.18
  [53/168] seed 3 heard-4   drive    393.8 hold    0.44 early    0.49 late    0.11
  [54/168] seed 3 heard-5   drive    315.1 hold    0.28 early    0.48 late    0.04
  [55/168] seed 3 heard-6   drive    363.4 hold    1.77 early    0.22 late    3.89
  [56/168] seed 3 heard-8   drive    160.4 hold    1.14 early    0.97 late    0.26
  [57/168] seed 4 silent-1  drive      0.2 hold    0.54 early    1.62 late    0.50
  [60/168] seed 4 silent-4  drive      0.2 hold    0.03 early    0.06 late    0.46
  [59/168] seed 4 silent-3  drive      0.4 hold    0.34 early    0.14 late    0.79
  [58/168] seed 4 silent-2  drive      1.7 hold    1.69 early    1.29 late    0.47
  [61/168] seed 4 silent-5  drive      1.2 hold    0.23 early    0.18 late    0.15
  [62/168] seed 4 silent-6  drive      0.2 hold    1.74 early    1.87 late    0.78
  [63/168] seed 4 silent-8  drive      0.6 hold    0.29 early    0.73 late    1.46
  [64/168] seed 4 heard-1   drive    167.7 hold    0.82 early    0.08 late    0.40
  [65/168] seed 4 heard-2   drive    374.1 hold    6.17 early    5.34 late    0.20
  [66/168] seed 4 heard-3   drive    297.3 hold    0.30 early    0.32 late    0.47
  [67/168] seed 4 heard-4   drive    429.8 hold    2.05 early    0.49 late    6.35
  [70/168] seed 4 heard-8   drive    187.4 hold    0.55 early    0.61 late    1.78
  [68/168] seed 4 heard-5   drive    277.1 hold    5.35 early    2.54 late    1.73
  [69/168] seed 4 heard-6   drive    431.6 hold    0.23 early    0.12 late    0.06
  [73/168] seed 5 silent-3  drive      0.3 hold    0.84 early    2.64 late    0.47
  [71/168] seed 5 silent-1  drive      1.3 hold    0.15 early    0.15 late    0.09
  [74/168] seed 5 silent-4  drive      0.5 hold    0.26 early    1.19 late    0.13
  [75/168] seed 5 silent-5  drive      0.5 hold    0.30 early    0.12 late    0.34
  [72/168] seed 5 silent-2  drive      1.7 hold    0.92 early    1.11 late    0.78
  [76/168] seed 5 silent-6  drive      0.0 hold    3.23 early    6.28 late    0.15
  [77/168] seed 5 silent-8  drive      0.3 hold    0.31 early    0.53 late    0.05
  [81/168] seed 5 heard-4   drive    302.6 hold    0.01 early    0.92 late    1.40
  [80/168] seed 5 heard-3   drive    185.8 hold    3.19 early    1.36 late    2.87
  [79/168] seed 5 heard-2   drive    261.9 hold    1.85 early    3.96 late    0.03
  [78/168] seed 5 heard-1   drive    167.7 hold    1.44 early    0.59 late    0.11
  [82/168] seed 5 heard-5   drive    345.3 hold    0.21 early    0.59 late    0.18
  [83/168] seed 5 heard-6   drive    197.3 hold    1.92 early    0.32 late    2.92
  [84/168] seed 5 heard-8   drive    151.4 hold    2.39 early    0.93 late    0.93
  [85/168] seed 6 silent-1  drive      0.7 hold    0.18 early    0.89 late    1.15
  [86/168] seed 6 silent-2  drive      1.1 hold    0.19 early    0.07 late    0.23
  [87/168] seed 6 silent-3  drive      0.1 hold    0.40 early    0.13 late    0.43
  [88/168] seed 6 silent-4  drive      1.6 hold    0.94 early    0.15 late    1.24
  [89/168] seed 6 silent-5  drive      0.7 hold    0.67 early    1.19 late    0.17
  [90/168] seed 6 silent-6  drive      0.0 hold    0.97 early    0.67 late    0.22
  [91/168] seed 6 silent-8  drive      0.7 hold    1.73 early    1.39 late    0.81
  [92/168] seed 6 heard-1   drive    174.3 hold    1.28 early    0.40 late    0.03
  [94/168] seed 6 heard-3   drive    349.0 hold    2.73 early    1.92 late    0.49
  [96/168] seed 6 heard-5   drive    756.4 hold    0.49 early    0.62 late    0.15
  [95/168] seed 6 heard-4   drive    673.7 hold    0.81 early    0.43 late    1.46
  [93/168] seed 6 heard-2   drive    448.4 hold    4.27 early    5.51 late    0.06
  [97/168] seed 6 heard-6   drive    361.7 hold    1.73 early    6.11 late    0.13
  [98/168] seed 6 heard-8   drive     89.4 hold    0.37 early    0.99 late    4.02
  [99/168] seed 7 silent-1  drive      0.3 hold    0.09 early    0.46 late    0.20
  [101/168] seed 7 silent-3  drive      0.1 hold    0.57 early    0.98 late    0.14
  [100/168] seed 7 silent-2  drive      0.3 hold    4.53 early    0.50 late    9.53
  [103/168] seed 7 silent-5  drive      0.9 hold    0.20 early    0.24 late    0.06
  [102/168] seed 7 silent-4  drive      0.0 hold    0.20 early    0.04 late    0.40
  [105/168] seed 7 silent-8  drive      0.6 hold    0.23 early    2.41 late    1.40
  [104/168] seed 7 silent-6  drive      1.5 hold    0.24 early    0.28 late    0.39
  [107/168] seed 7 heard-2   drive    372.2 hold   18.97 early   19.91 late    0.83
  [109/168] seed 7 heard-4   drive    330.3 hold    0.35 early    0.13 late    1.39
  [108/168] seed 7 heard-3   drive    302.0 hold    2.13 early    1.49 late    0.31
  [106/168] seed 7 heard-1   drive    141.4 hold    0.31 early    0.07 late    0.02
  [111/168] seed 7 heard-6   drive    343.2 hold    2.05 early    1.24 late    0.55
  [110/168] seed 7 heard-5   drive    364.0 hold    1.28 early    0.27 late    1.25
  [112/168] seed 7 heard-8   drive    171.3 hold    1.19 early    1.09 late    0.25
  [113/168] seed 8 silent-1  drive      1.3 hold    0.59 early    2.03 late    0.37
  [114/168] seed 8 silent-2  drive      1.4 hold    3.09 early    1.95 late    1.22
  [115/168] seed 8 silent-3  drive      0.3 hold    0.89 early    0.80 late    0.24
  [116/168] seed 8 silent-4  drive      0.2 hold    0.60 early    0.82 late    0.30
  [119/168] seed 8 silent-8  drive      0.3 hold    0.24 early    0.68 late    0.02
  [117/168] seed 8 silent-5  drive      0.1 hold    0.01 early    0.16 late    0.17
  [118/168] seed 8 silent-6  drive      1.2 hold    3.51 early    1.73 late    1.98
  [122/168] seed 8 heard-3   drive    371.9 hold    0.27 early    0.15 late    0.00
  [120/168] seed 8 heard-1   drive    235.7 hold    1.32 early    0.07 late    1.66
  [124/168] seed 8 heard-5   drive    289.1 hold    0.54 early    0.66 late    0.64
  [121/168] seed 8 heard-2   drive    380.4 hold   19.03 early    7.70 late    2.57
  [123/168] seed 8 heard-4   drive    376.0 hold    1.39 early    0.45 late    3.63
  [125/168] seed 8 heard-6   drive    284.0 hold    0.24 early    1.27 late    2.16
  [127/168] seed 9 silent-1  drive      0.3 hold    2.21 early    1.82 late    0.60
  [128/168] seed 9 silent-2  drive      0.8 hold    7.12 early    2.56 late    4.48
  [126/168] seed 8 heard-8   drive    227.5 hold    0.58 early    0.68 late    0.73
  [130/168] seed 9 silent-4  drive      0.1 hold    0.79 early    1.04 late    0.82
  [129/168] seed 9 silent-3  drive      0.1 hold    0.79 early    0.87 late    0.02
  [132/168] seed 9 silent-6  drive      0.7 hold    0.13 early    0.49 late    0.07
  [131/168] seed 9 silent-5  drive      0.8 hold    0.01 early    0.04 late    0.15
  [133/168] seed 9 silent-8  drive      0.3 hold    0.13 early    0.14 late    0.76
  [134/168] seed 9 heard-1   drive    128.7 hold    3.63 early    0.71 late    1.20
  [135/168] seed 9 heard-2   drive    398.6 hold    8.26 early    7.82 late    1.24
  [137/168] seed 9 heard-4   drive    262.6 hold    0.13 early    0.16 late    0.91
  [138/168] seed 9 heard-5   drive    515.9 hold    0.16 early    0.72 late    0.07
  [136/168] seed 9 heard-3   drive    334.7 hold    0.34 early    0.88 late    0.41
  [140/168] seed 9 heard-8   drive    190.9 hold    0.41 early    1.66 late    0.70
  [142/168] seed 10 silent-2  drive      0.9 hold    0.42 early    2.67 late    1.65
  [141/168] seed 10 silent-1  drive      1.6 hold    0.24 early    0.01 late    0.38
  [139/168] seed 9 heard-6   drive    339.5 hold    0.75 early    1.00 late    0.44
  [143/168] seed 10 silent-3  drive      0.1 hold    1.08 early    0.41 late    0.57
  [144/168] seed 10 silent-4  drive      0.8 hold    0.15 early    0.65 late    1.18
  [145/168] seed 10 silent-5  drive      0.3 hold    0.02 early    0.07 late    0.06
  [147/168] seed 10 silent-8  drive      0.2 hold    0.33 early    0.60 late    0.63
  [146/168] seed 10 silent-6  drive      0.8 hold    0.99 early    0.92 late    2.24
  [148/168] seed 10 heard-1   drive    183.6 hold    1.22 early    0.70 late    0.11
  [149/168] seed 10 heard-2   drive    386.1 hold   12.79 early    8.75 late    4.58
  [151/168] seed 10 heard-4   drive    508.1 hold    0.53 early    0.66 late    0.13
  [155/168] seed 11 silent-1  drive      0.1 hold    0.35 early    0.09 late    1.23
  [152/168] seed 10 heard-5   drive    444.1 hold    0.66 early    0.47 late    0.52
  [150/168] seed 10 heard-3   drive    471.2 hold    1.33 early    0.99 late    5.46
  [157/168] seed 11 silent-3  drive      0.3 hold    0.06 early    0.07 late    0.28
  [156/168] seed 11 silent-2  drive      0.1 hold    6.38 early    5.95 late    3.14
  [154/168] seed 10 heard-8   drive    252.8 hold    0.36 early    0.30 late    0.15
  [158/168] seed 11 silent-4  drive      0.8 hold    0.06 early    0.00 late    0.16
  [153/168] seed 10 heard-6   drive    480.2 hold    3.57 early    3.40 late    1.40
  [159/168] seed 11 silent-5  drive      0.8 hold    1.03 early    0.73 late    0.61
  [161/168] seed 11 silent-8  drive      0.2 hold    0.03 early    0.04 late    0.00
  [160/168] seed 11 silent-6  drive      2.1 hold    2.45 early    1.42 late    0.31
  [162/168] seed 11 heard-1   drive    156.6 hold    2.23 early    0.99 late    1.85
  [164/168] seed 11 heard-3   drive    647.7 hold    0.56 early    0.13 late    2.32
  [167/168] seed 11 heard-6   drive    595.1 hold    5.01 early    2.24 late    3.17
  [165/168] seed 11 heard-4   drive    266.7 hold    0.01 early    0.03 late    0.27
  [168/168] seed 11 heard-8   drive    131.5 hold    2.43 early    5.48 late    0.00
  [163/168] seed 11 heard-2   drive    335.4 hold    2.92 early    6.20 late    1.77
  [166/168] seed 11 heard-5   drive    569.0 hold    0.13 early    0.24 late    0.40

  arm       drive SNR    HOLD SNR         early          late           duty d/h
  silent-1  0.8            0.64 +/- 0.24      0.98 +/- 0.27    0.71 +/- 0.15  0.55/0.55
  silent-2  1.4            3.58 +/- 0.82      1.83 +/- 0.48    3.17 +/- 0.91  0.55/0.55
  silent-3  0.2            0.56 +/- 0.11      0.62 +/- 0.21    0.34 +/- 0.07  0.55/0.55
  silent-4  0.7            0.32 +/- 0.09      0.43 +/- 0.13    0.57 +/- 0.12  0.55/0.55
  silent-5  0.7            0.38 +/- 0.13      0.45 +/- 0.13    0.33 +/- 0.11  0.55/0.55
  silent-6  0.7            1.46 +/- 0.36      1.62 +/- 0.46    0.72 +/- 0.23  0.55/0.55
  silent-8  0.7            0.56 +/- 0.18      0.83 +/- 0.19    0.75 +/- 0.19  0.55/0.55
  heard-1   165.9          1.42 +/- 0.27      0.41 +/- 0.09    0.81 +/- 0.24  0.46/0.58
  heard-2   391.7          8.80 +/- 1.74      7.96 +/- 1.24    1.31 +/- 0.37  0.44/0.48
  heard-3   396.0          1.29 +/- 0.30      0.86 +/- 0.16    1.23 +/- 0.47  0.47/0.56
  heard-4   464.8          0.53 +/- 0.18      0.47 +/- 0.11    1.46 +/- 0.53  0.47/0.58
  heard-5   535.4          0.79 +/- 0.43      0.68 +/- 0.19    0.60 +/- 0.17  0.48/0.59
  heard-6   431.6          1.54 +/- 0.44      1.54 +/- 0.49    1.29 +/- 0.40  0.49/0.59
  heard-8   219.7          0.89 +/- 0.23      1.24 +/- 0.40    0.79 +/- 0.33  0.49/0.60

  TRANSIENT ALIGNMENT (holds tiled in whole cycles, of 5)
    heard-1   1.0 Hz   3/5
    heard-2   2.0 Hz   5/5   <- FULLY tiled: most exposed
    heard-3   3.0 Hz   3/5
    heard-4   4.0 Hz   5/5   <- FULLY tiled: most exposed
    heard-5   5.0 Hz   3/5
    heard-6   6.0 Hz   5/5   <- FULLY tiled: most exposed
    heard-8   8.0 Hz   5/5   <- FULLY tiled: most exposed

  HOLD, heard against its own silent control
    heard-1   +0.77 over `silent-1`  (+2.1 SE)
    heard-2   +5.23 over `silent-2`  (+2.7 SE)
    heard-3   +0.73 over `silent-3`  (+2.3 SE)
    heard-4   +0.21 over `silent-4`  (+1.0 SE)
    heard-5   +0.41 over `silent-5`  (+0.9 SE)
    heard-6   +0.08 over `silent-6`  (+0.1 SE)
    heard-8   +0.32 over `silent-8`  (+1.1 SE)

  --- the reading ---
  IT DIES WITH THE DRIVER. The best hold arm is `heard-2` at SNR 8.80, +2.7 SE
  over its silent control -- no alternation survives the caregiver going
  quiet. `framecopy` measured the listening reflex and nothing more.
  SO THE FRAME STILL DOES NOT EXIST, and now it is known that hearing one
  will not install it. The remaining route is an INTERNAL oscillator on the
  voicing gate -- the tau 60 ms path that can carry a syllable rate, and the
  one target no oscillator in this project has ever had.
