  [3/96] seed 0 silent-3  drive      0.4 hold    1.32 early    0.70 late    0.22
  [5/96] seed 0 heard-1   drive    207.3 hold    0.82 early    0.07 late    0.80
  [2/96] seed 0 silent-2  drive      0.0 hold    2.98 early    5.23 late    1.31
  [6/96] seed 0 heard-2   drive    351.1 hold    1.27 early    1.10 late    0.56
  [1/96] seed 0 silent-1  drive      0.7 hold    2.24 early    0.90 late    2.01
  [7/96] seed 0 heard-3   drive    599.4 hold    5.27 early    4.49 late    1.57
  [4/96] seed 0 silent-4  drive      2.7 hold    4.67 early    2.90 late    2.42
  [9/96] seed 1 silent-1  drive      0.9 hold    0.15 early    0.56 late    0.15
  [10/96] seed 1 silent-2  drive      0.4 hold    2.26 early    1.25 late    0.71
  [8/96] seed 0 heard-4   drive    520.8 hold    0.58 early    1.62 late    0.07
  [11/96] seed 1 silent-3  drive      0.9 hold    1.62 early    1.92 late    0.73
  [12/96] seed 1 silent-4  drive      3.1 hold    0.83 early    0.38 late    1.35
  [15/96] seed 1 heard-3   drive    446.1 hold    2.38 early    0.66 late    0.94
  [16/96] seed 1 heard-4   drive    681.1 hold    7.49 early    6.05 late    0.51
  [17/96] seed 2 silent-1  drive      2.5 hold    0.09 early    0.16 late    0.98
  [18/96] seed 2 silent-2  drive      0.4 hold    1.98 early    1.96 late    0.55
  [13/96] seed 1 heard-1   drive    188.4 hold    0.37 early    0.23 late    0.77
  [14/96] seed 1 heard-2   drive    297.3 hold    2.96 early    0.99 late    1.42
  [19/96] seed 2 silent-3  drive      1.6 hold    1.48 early    0.91 late    1.14
  [20/96] seed 2 silent-4  drive      0.2 hold    6.65 early    2.11 late    1.69
  [26/96] seed 3 silent-2  drive      2.2 hold    0.20 early    0.16 late    0.54
  [23/96] seed 2 heard-3   drive    444.5 hold    4.20 early    5.39 late    0.59
  [25/96] seed 3 silent-1  drive      1.4 hold    1.46 early    2.63 late    0.74
  [21/96] seed 2 heard-1   drive    199.8 hold    2.61 early    0.37 late    0.47
  [27/96] seed 3 silent-3  drive      0.1 hold    0.04 early    0.47 late    0.29
  [22/96] seed 2 heard-2   drive    290.2 hold    6.09 early    1.55 late    1.94
  [24/96] seed 2 heard-4   drive    570.6 hold    3.19 early    6.45 late    0.30
  [33/96] seed 4 silent-1  drive      0.5 hold    1.17 early    1.66 late    0.60
  [31/96] seed 3 heard-3   drive    418.6 hold    2.73 early    0.06 late    5.31
  [28/96] seed 3 silent-4  drive      0.3 hold    0.72 early    2.86 late    2.19
  [35/96] seed 4 silent-3  drive      2.2 hold    0.15 early    0.05 late    0.16
  [29/96] seed 3 heard-1   drive    163.4 hold    5.05 early    1.95 late    2.25
  [30/96] seed 3 heard-2   drive    523.9 hold    1.90 early    1.45 late    2.18
  [32/96] seed 3 heard-4   drive    670.1 hold    3.88 early    4.96 late    0.10
  [34/96] seed 4 silent-2  drive      1.8 hold    2.11 early    1.94 late    1.49
  [38/96] seed 4 heard-2   drive    363.5 hold    4.23 early    1.98 late    0.45
  [41/96] seed 5 silent-1  drive      1.0 hold    0.76 early    1.76 late    2.08
  [39/96] seed 4 heard-3   drive    404.7 hold    1.11 early    1.26 late    1.66
  [36/96] seed 4 silent-4  drive      1.5 hold    2.08 early    0.16 late    5.29
  [37/96] seed 4 heard-1   drive    130.4 hold    2.63 early    0.06 late    1.50
  [46/96] seed 5 heard-2   drive    302.0 hold    4.54 early    1.52 late    0.82
  [47/96] seed 5 heard-3   drive    238.1 hold    0.68 early    0.23 late    2.15
  [40/96] seed 4 heard-4   drive    743.9 hold    5.54 early    7.03 late    2.15
  [42/96] seed 5 silent-2  drive      0.3 hold    2.42 early    1.45 late    0.75
  [43/96] seed 5 silent-3  drive      4.3 hold    0.95 early    0.07 late    1.09
  [48/96] seed 5 heard-4   drive    584.6 hold    7.33 early   12.49 late    0.14
  [44/96] seed 5 silent-4  drive      0.4 hold    7.15 early    3.50 late    2.29
  [45/96] seed 5 heard-1   drive    171.8 hold    2.07 early    0.16 late    3.69
  [52/96] seed 6 silent-4  drive      3.0 hold    0.15 early    1.74 late    0.20
  [49/96] seed 6 silent-1  drive      0.2 hold    0.05 early    0.94 late    0.46
  [56/96] seed 6 heard-4   drive    690.0 hold    6.44 early    6.17 late    0.81
  [51/96] seed 6 silent-3  drive      0.6 hold    4.22 early    1.34 late    2.28
  [50/96] seed 6 silent-2  drive      0.1 hold    1.30 early    1.99 late    0.17
  [59/96] seed 7 silent-3  drive      1.0 hold    1.91 early    0.40 late    9.19
  [53/96] seed 6 heard-1   drive    205.0 hold    1.72 early    0.41 late    2.38
  [61/96] seed 7 heard-1   drive    180.3 hold    1.23 early    0.69 late    0.61
  [54/96] seed 6 heard-2   drive    355.2 hold    5.81 early    1.49 late    3.02
  [55/96] seed 6 heard-3   drive    366.1 hold    0.57 early    2.38 late    0.35
  [62/96] seed 7 heard-2   drive    339.9 hold    3.91 early    1.54 late    1.54
  [58/96] seed 7 silent-2  drive      0.3 hold    2.59 early    1.69 late    0.98
  [57/96] seed 7 silent-1  drive      0.6 hold    0.63 early    0.62 late    0.37
  [60/96] seed 7 silent-4  drive      0.5 hold    0.52 early    1.29 late    0.27
  [66/96] seed 8 silent-2  drive      1.0 hold    0.70 early    1.07 late    0.44
  [64/96] seed 7 heard-4   drive    527.9 hold    8.30 early   11.23 late    0.53
  [69/96] seed 8 heard-1   drive    212.8 hold    0.68 early    0.13 late    0.33
  [63/96] seed 7 heard-3   drive    437.5 hold    0.26 early    0.50 late    1.41
  [65/96] seed 8 silent-1  drive      1.8 hold    2.45 early    0.68 late    1.43
  [73/96] seed 9 silent-1  drive      0.8 hold    0.97 early    2.00 late    0.31
  [67/96] seed 8 silent-3  drive      3.5 hold    0.53 early    0.33 late    0.45
  [68/96] seed 8 silent-4  drive      1.0 hold    0.31 early    0.22 late    0.51
  [75/96] seed 9 silent-3  drive      1.9 hold    0.02 early    0.11 late    0.18
  [74/96] seed 9 silent-2  drive      2.0 hold    0.77 early    0.78 late    0.26
  [70/96] seed 8 heard-2   drive    367.9 hold    1.24 early    1.39 late    0.66
  [71/96] seed 8 heard-3   drive    418.0 hold    2.40 early    8.03 late    0.40
  [72/96] seed 8 heard-4   drive    545.4 hold    4.43 early    4.56 late    1.21
  [78/96] seed 9 heard-2   drive    360.3 hold    4.06 early    1.45 late    0.29
  [81/96] seed 10 silent-1  drive      1.3 hold    1.16 early    0.29 late    0.92
  [82/96] seed 10 silent-2  drive      0.6 hold    0.25 early    0.16 late    0.45
  [76/96] seed 9 silent-4  drive      3.0 hold    0.00 early    0.53 late    0.49
  [79/96] seed 9 heard-3   drive    552.2 hold    7.10 early    7.05 late    0.45
  [77/96] seed 9 heard-1   drive    163.5 hold    1.78 early    0.39 late    0.18
  [80/96] seed 9 heard-4   drive    382.7 hold    2.18 early    3.38 late    0.32
  [83/96] seed 10 silent-3  drive      0.8 hold    0.50 early    0.21 late    0.48
  [87/96] seed 10 heard-3   drive    490.0 hold    3.81 early    2.60 late    3.24
  [84/96] seed 10 silent-4  drive      0.4 hold    0.08 early    0.44 late    0.54
  [86/96] seed 10 heard-2   drive    329.2 hold    1.80 early    0.93 late    0.59
  [85/96] seed 10 heard-1   drive    193.1 hold    1.29 early    0.13 late    0.32
  [88/96] seed 10 heard-4   drive   1074.1 hold    5.22 early    4.62 late    0.43
  [89/96] seed 11 silent-1  drive      1.7 hold    0.71 early    1.35 late    0.05
  [91/96] seed 11 silent-3  drive      0.4 hold    0.16 early    1.47 late    1.05
  [95/96] seed 11 heard-3   drive    486.4 hold    2.46 early    3.51 late    0.08
  [90/96] seed 11 silent-2  drive      0.1 hold    0.33 early    0.18 late    0.14
  [96/96] seed 11 heard-4   drive    869.7 hold    3.68 early    3.12 late    2.22
  [93/96] seed 11 heard-1   drive    174.2 hold    0.04 early    0.04 late    0.98
  [94/96] seed 11 heard-2   drive    425.9 hold    1.95 early    1.04 late    0.44
  [92/96] seed 11 silent-4  drive      0.0 hold    6.35 early    0.99 late    5.20
experiment: framehold
  instrument        framehold   trial seed 000000000135d3c8   1200000 ticks
                    another probe is another trial sequence: its numbers
                    are not comparable with these (~0.05 at 300 trials)
  seed family       offset 512821 -> first creature 00000000013cfafe  (nonzero = the
                    REPLICATION; family 0 gave one arm of four at +3.5 SE)
  what happened     `framecopy` looked spectacular and was trivial: the voice
                    alternated at the caregiver's rate because a SHIPPED
                    inhibitory auditory->vocal tract stops the babbling while
                    the creature hears something. An interrupt, not a frame.
  the tell          `heard` duty sat BELOW the silent baseline -- gated OFF --
                    while `oracle` rose to 0.83, driven ON. Anti-phase reflex,
                    not an oscillator.
  the discriminator PERSISTENCE, which is what made M1b real rather than a
                    pass-through: a reflex dies with its driver, an internal
                    beat rings on. Pulse 4 s, then SILENCE 4 s, and measure the
                    f-component DURING THE SILENCE.
  v1 WAS CONFOUNDED and this is the fix. Fixed 4 s holds repeat at 0.25 Hz,
    and every f tested is an exact harmonic of that -- so the single offset
    transient deposited power at precisely the measured frequency, with no
    rhythm required, right where v1's effect sat. The phase-tiling I was
    careful about is what CAUSED it.
  the correction    hold lengths now VARY (3.0/4.5/3.5/5.0/4.0 s) so transients
                    land incoherently, and the phase reference is ABSOLUTE
                    TIME so a ring-out inheriting the drive's phase still sums.
  not fakeable by   a slowly decaying inhibition returns the voice SMOOTHLY to
  a slow leak       baseline, which is broadband. Only continued ALTERNATION
                    puts power at f.

  PRE-REGISTERED
    positive control  `heard` SNR during the DRIVE must be large. If it is not,
                      the reflex is not even engaging and nothing else reads.
    persistence       `heard` hold-SNR >= 2.0 AND >= 3 SE over the matching
                      `silent` arm -> the beat outlasts its driver, which is a
                      FRAME rather than an interrupt.
    reflex only       hold-SNR at the silent baseline -> it dies with the
                      driver. No frame, and an internal oscillator on the
                      voicing gate becomes the next build.
    decay             early vs late halves of the hold, reported either way.
                      A real ring-out decays; a constant offset would suggest
                      the statistic is picking up something structural.


  arm       drive SNR    HOLD SNR         early          late           duty d/h
  silent-1  1.1            0.99 +/- 0.22      1.13 +/- 0.22    0.84 +/- 0.20  0.54/0.54
  silent-2  0.8            1.49 +/- 0.29      1.49 +/- 0.40    0.65 +/- 0.12  0.54/0.54
  silent-3  1.5            1.07 +/- 0.34      0.67 +/- 0.18    1.44 +/- 0.73  0.54/0.54
  silent-4  1.4            2.46 +/- 0.83      1.43 +/- 0.34    1.87 +/- 0.51  0.54/0.54
  heard-1   182.5          1.69 +/- 0.39      0.39 +/- 0.15    1.19 +/- 0.31  0.46/0.57
  heard-2   358.9          3.31 +/- 0.49      1.37 +/- 0.09    1.16 +/- 0.25  0.44/0.54
  heard-3   441.8          2.75 +/- 0.59      3.01 +/- 0.79    1.51 +/- 0.43  0.46/0.54
  heard-4   655.1          4.85 +/- 0.67      5.97 +/- 0.91    0.73 +/- 0.22  0.47/0.53

  HOLD, heard against its own silent control
    heard-1   +0.70 over `silent-1`  (+1.6 SE)
    heard-2   +1.82 over `silent-2`  (+3.2 SE)
    heard-3   +1.67 over `silent-3`  (+2.4 SE)
    heard-4   +2.39 over `silent-4`  (+2.2 SE)

  --- the reading ---
  THE BEAT OUTLASTS ITS DRIVER: `heard-2` holds SNR 3.31 through the silence,
  +3.2 SE over a creature that never heard anything. The caregiver is gone
  and the voice is still alternating at its rate.
  THAT IS A FRAME, not an interrupt, and it is the first thing in this
  project that keeps time. Check the early/late columns above: a real
  ring-out DECAYS, and a flat hold would mean the statistic is catching
  something structural instead.
