experiment: framehold
  instrument        framehold   trial seed 000000000135d3c8   1200000 ticks
                    another probe is another trial sequence: its numbers
                    are not comparable with these (~0.05 at 300 trials)
  seed family       offset 512821 -> first creature 00000000013cfafe  (nonzero = the
                    REPLICATION; family 0 gave one arm of four at +3.5 SE)
  what happened     `framecopy` looked spectacular and was trivial: the voice
                    alternated at the caregiver's rate because a SHIPPED
                    inhibitory auditory->vocal tract stops the babbling while
                    the creature hears something. An interrupt, not a frame.
  the tell          `heard` duty sat BELOW the silent baseline -- gated OFF --
                    while `oracle` rose to 0.83, driven ON. Anti-phase reflex,
                    not an oscillator.
  the discriminator PERSISTENCE, which is what made M1b real rather than a
                    pass-through: a reflex dies with its driver, an internal
                    beat rings on. Pulse 4 s, then SILENCE 4 s, and measure the
                    f-component DURING THE SILENCE.
  v1 WAS CONFOUNDED and this is the fix. Fixed 4 s holds repeat at 0.25 Hz,
    and every f tested is an exact harmonic of that -- so the single offset
    transient deposited power at precisely the measured frequency, with no
    rhythm required, right where v1's effect sat. The phase-tiling I was
    careful about is what CAUSED it.
  the correction    hold lengths now VARY (3.0/4.5/3.5/5.0/4.0 s) so transients
                    land incoherently, and the phase reference is ABSOLUTE
                    TIME so a ring-out inheriting the drive's phase still sums.
  not fakeable by   a slowly decaying inhibition returns the voice SMOOTHLY to
  a slow leak       baseline, which is broadband. Only continued ALTERNATION
                    puts power at f.

  PRE-REGISTERED
    positive control  `heard` SNR during the DRIVE must be large. If it is not,
                      the reflex is not even engaging and nothing else reads.
    persistence       `heard` hold-SNR >= 2.0 AND >= 3 SE over the matching
                      `silent` arm -> the beat outlasts its driver, which is a
                      FRAME rather than an interrupt.
    reflex only       hold-SNR at the silent baseline -> it dies with the
                      driver. No frame, and an internal oscillator on the
                      voicing gate becomes the next build.
    decay             early vs late halves of the hold, reported either way.
                      A real ring-out decays; a constant offset would suggest
                      the statistic is picking up something structural.

  [12/96] seed 1 silent-4  drive      1.2 hold    0.82 early    1.55 late    2.08
  [10/96] seed 1 silent-2  drive      1.3 hold    2.28 early    0.33 late    3.10
  [2/96] seed 0 silent-2  drive      1.1 hold    0.04 early    0.66 late    1.34
  [8/96] seed 0 heard-4   drive    435.7 hold    6.98 early    6.24 late    2.20
  [14/96] seed 1 heard-2   drive    366.7 hold    0.15 early    0.11 late    0.69
  [4/96] seed 0 silent-4  drive      6.4 hold    0.09 early    0.53 late    1.62
  [9/96] seed 1 silent-1  drive      0.1 hold    1.49 early    0.77 late    2.40
  [13/96] seed 1 heard-1   drive    166.7 hold    0.79 early    0.74 late    0.97
  [1/96] seed 0 silent-1  drive      0.4 hold    0.15 early    0.64 late    0.40
  [3/96] seed 0 silent-3  drive      1.7 hold    0.90 early    1.10 late    0.65
  [7/96] seed 0 heard-3   drive    453.7 hold    5.81 early    4.99 late    1.55
  [11/96] seed 1 silent-3  drive      0.3 hold    3.91 early    1.93 late    2.93
  [5/96] seed 0 heard-1   drive    204.9 hold    3.55 early    0.31 late    2.53
  [6/96] seed 0 heard-2   drive    449.8 hold    1.21 early    0.67 late    0.16
  [17/96] seed 2 silent-1  drive      1.0 hold    0.09 early    0.60 late    0.73
  [22/96] seed 2 heard-2   drive    317.7 hold    3.02 early    4.83 late    1.49
  [21/96] seed 2 heard-1   drive    163.8 hold    3.08 early    0.77 late    0.05
  [16/96] seed 1 heard-4   drive    378.8 hold    0.59 early    1.30 late    0.35
  [15/96] seed 1 heard-3   drive    444.3 hold    3.23 early    7.41 late    0.47
  [20/96] seed 2 silent-4  drive      1.6 hold    0.49 early    0.19 late    0.80
  [19/96] seed 2 silent-3  drive      0.6 hold    0.71 early    0.70 late    0.06
  [24/96] seed 2 heard-4   drive    319.9 hold    2.10 early    1.76 late    0.96
  [25/96] seed 3 silent-1  drive      0.1 hold    3.17 early    2.53 late    1.90
  [18/96] seed 2 silent-2  drive      0.5 hold    0.13 early    0.06 late    0.47
  [23/96] seed 2 heard-3   drive    352.1 hold    9.60 early   13.01 late    2.40
  [28/96] seed 3 silent-4  drive      0.2 hold    1.15 early    0.29 late    1.03
  [26/96] seed 3 silent-2  drive      0.0 hold    6.71 early    3.18 late    2.98
  [27/96] seed 3 silent-3  drive      0.0 hold    1.63 early    0.52 late    5.52
  [29/96] seed 3 heard-1   drive    206.2 hold    2.35 early    0.24 late    0.05
  [34/96] seed 4 silent-2  drive      0.7 hold    0.16 early    0.78 late    1.14
  [30/96] seed 3 heard-2   drive    320.2 hold    0.02 early    0.30 late    0.97
  [36/96] seed 4 silent-4  drive      0.1 hold    0.94 early    0.39 late    1.20
  [32/96] seed 3 heard-4   drive    568.9 hold    1.85 early    4.57 late    0.51
  [31/96] seed 3 heard-3   drive    446.9 hold    6.34 early    6.74 late    0.63
  [35/96] seed 4 silent-3  drive      0.8 hold    0.71 early    0.84 late    0.17
  [42/96] seed 5 silent-2  drive      0.5 hold    2.04 early    0.36 late    1.42
  [39/96] seed 4 heard-3   drive    281.9 hold    1.84 early    1.54 late    1.41
  [33/96] seed 4 silent-1  drive      0.5 hold    0.65 early    0.48 late    0.28
  [41/96] seed 5 silent-1  drive      0.4 hold    0.24 early    5.81 late    3.94
  [40/96] seed 4 heard-4   drive    731.6 hold    3.31 early    7.03 late    0.71
  [38/96] seed 4 heard-2   drive    414.4 hold    2.41 early    1.11 late    0.68
  [37/96] seed 4 heard-1   drive    185.9 hold    0.08 early    0.20 late    0.34
  [44/96] seed 5 silent-4  drive      4.7 hold    1.57 early    2.81 late    3.60
  [43/96] seed 5 silent-3  drive      1.3 hold    2.41 early    2.60 late    0.53
  [45/96] seed 5 heard-1   drive    159.3 hold    0.12 early    0.02 late    0.63
  [53/96] seed 6 heard-1   drive    181.3 hold    3.87 early    0.01 late    3.19
  [50/96] seed 6 silent-2  drive      2.3 hold    0.56 early    0.00 late    1.39
  [52/96] seed 6 silent-4  drive      0.3 hold    1.24 early    1.70 late    0.38
  [47/96] seed 5 heard-3   drive    449.4 hold    5.60 early    6.19 late    0.43
  [46/96] seed 5 heard-2   drive    305.1 hold    2.73 early    1.47 late    0.67
  [49/96] seed 6 silent-1  drive      0.7 hold    1.61 early    0.68 late    0.67
  [54/96] seed 6 heard-2   drive    315.4 hold    3.37 early    1.41 late    1.08
  [48/96] seed 5 heard-4   drive    393.8 hold    1.29 early    1.31 late    0.42
  [51/96] seed 6 silent-3  drive      3.3 hold    1.83 early    0.31 late    1.06
  [55/96] seed 6 heard-3   drive    390.9 hold    1.61 early    0.94 late    0.86
  [56/96] seed 6 heard-4   drive    486.2 hold    1.58 early    3.66 late    0.30
  [57/96] seed 7 silent-1  drive      0.6 hold    1.94 early    0.58 late    3.25
  [58/96] seed 7 silent-2  drive      0.1 hold    1.87 early    1.52 late    0.15
  [61/96] seed 7 heard-1   drive    204.1 hold    0.15 early    0.91 late    0.08
  [64/96] seed 7 heard-4   drive    562.6 hold    1.27 early    1.63 late    0.43
  [59/96] seed 7 silent-3  drive      0.3 hold    0.79 early    0.06 late    0.93
  [63/96] seed 7 heard-3   drive    449.7 hold    4.07 early    3.35 late    0.84
  [60/96] seed 7 silent-4  drive      0.1 hold    0.93 early    0.17 late    0.63
  [62/96] seed 7 heard-2   drive    358.0 hold    2.19 early    2.11 late    0.84
  [65/96] seed 8 silent-1  drive      1.0 hold    2.42 early    1.46 late    1.27
  [68/96] seed 8 silent-4  drive      0.3 hold    0.01 early    0.06 late    0.08
  [67/96] seed 8 silent-3  drive      1.4 hold    3.01 early    6.15 late    3.00
  [66/96] seed 8 silent-2  drive      0.5 hold    1.50 early    4.19 late    0.07
  [70/96] seed 8 heard-2   drive    452.7 hold    2.25 early    0.16 late    4.60
  [69/96] seed 8 heard-1   drive    188.5 hold    1.04 early    0.22 late    0.76
  [71/96] seed 8 heard-3   drive    357.0 hold    0.79 early    2.18 late    1.55
  [73/96] seed 9 silent-1  drive      0.6 hold    0.06 early    0.14 late    0.01
  [76/96] seed 9 silent-4  drive      1.2 hold    1.32 early    0.23 late    6.10
  [77/96] seed 9 heard-1   drive    176.3 hold    0.77 early    0.67 late    2.19
  [72/96] seed 8 heard-4   drive    507.4 hold    3.66 early    1.13 late    4.26
  [75/96] seed 9 silent-3  drive      0.1 hold    0.35 early    0.48 late    1.33
  [74/96] seed 9 silent-2  drive      0.4 hold    1.06 early    0.99 late    0.19
  [82/96] seed 10 silent-2  drive      1.6 hold    8.21 early    6.80 late    0.47
  [78/96] seed 9 heard-2   drive    272.5 hold    3.00 early    0.84 late    0.50
  [79/96] seed 9 heard-3   drive    440.9 hold    0.26 early    1.32 late    0.22
  [81/96] seed 10 silent-1  drive      2.6 hold    0.02 early    0.22 late    0.08
  [80/96] seed 9 heard-4   drive    722.0 hold    0.55 early    0.46 late    0.57
  [83/96] seed 10 silent-3  drive      6.8 hold    2.86 early    0.75 late    2.22
  [84/96] seed 10 silent-4  drive      0.1 hold    1.59 early    1.24 late    1.49
  [88/96] seed 10 heard-4   drive    825.3 hold    4.38 early    2.88 late    3.48
  [95/96] seed 11 heard-3   drive    383.6 hold    9.40 early    9.22 late    3.77
  [87/96] seed 10 heard-3   drive    489.9 hold    5.98 early    9.00 late    1.07
  [86/96] seed 10 heard-2   drive    384.1 hold    4.21 early    0.36 late    2.94
  [92/96] seed 11 silent-4  drive      0.4 hold    1.44 early    0.75 late    1.33
  [85/96] seed 10 heard-1   drive    184.8 hold    3.65 early    0.81 late    0.66
  [91/96] seed 11 silent-3  drive      1.8 hold    0.60 early    0.20 late    0.79
  [89/96] seed 11 silent-1  drive      0.8 hold    2.51 early    3.24 late    0.36
  [94/96] seed 11 heard-2   drive    437.1 hold    1.41 early    1.09 late    0.64
  [90/96] seed 11 silent-2  drive      1.2 hold    0.02 early    0.75 late    0.31
  [93/96] seed 11 heard-1   drive    175.5 hold    0.93 early    0.20 late    1.52
  [96/96] seed 11 heard-4   drive    646.3 hold    1.61 early    2.47 late    0.60

  arm       drive SNR    HOLD SNR         early          late           duty d/h
  silent-1  0.7            1.19 +/- 0.33      1.43 +/- 0.48    1.27 +/- 0.38  0.57/0.57
  silent-2  0.9            2.05 +/- 0.77      1.64 +/- 0.60    1.09 +/- 0.30  0.57/0.57
  silent-3  1.5            1.64 +/- 0.34      1.30 +/- 0.49    1.60 +/- 0.46  0.57/0.57
  silent-4  1.4            0.97 +/- 0.15      0.82 +/- 0.24    1.70 +/- 0.48  0.57/0.57
  heard-1   183.1          1.70 +/- 0.43      0.43 +/- 0.09    1.08 +/- 0.30  0.48/0.61
  heard-2   366.2          2.16 +/- 0.37      1.20 +/- 0.37    1.27 +/- 0.36  0.45/0.56
  heard-3   411.7          4.54 +/- 0.90      5.49 +/- 1.09    1.27 +/- 0.29  0.49/0.56
  heard-4   548.2          2.43 +/- 0.54      2.87 +/- 0.61    1.23 +/- 0.39  0.50/0.57

  HOLD, heard against its own silent control
    heard-1   +0.50 over `silent-1`  (+0.9 SE)
    heard-2   +0.12 over `silent-2`  (+0.1 SE)
    heard-3   +2.90 over `silent-3`  (+3.0 SE)
    heard-4   +1.46 over `silent-4`  (+2.6 SE)

  --- the reading ---
  THE BEAT OUTLASTS ITS DRIVER: `heard-3` holds SNR 4.54 through the silence,
  +3.0 SE over a creature that never heard anything. The caregiver is gone
  and the voice is still alternating at its rate.
  THAT IS A FRAME, not an interrupt, and it is the first thing in this
  project that keeps time. Check the early/late columns above: a real
  ring-out DECAYS, and a flat hold would mean the statistic is catching
  something structural instead.
