  [3/96] seed 0 silent-3  drive      1.9 hold    2.96 early    1.27 late    2.26
  [5/96] seed 0 heard-1   drive    161.5 hold    1.25 early    0.17 late    0.17
  [2/96] seed 0 silent-2  drive      0.1 hold    4.35 early    4.88 late    1.31
  [10/96] seed 1 silent-2  drive      0.2 hold    1.50 early    1.37 late    0.34
  [9/96] seed 1 silent-1  drive      0.5 hold    0.13 early    0.47 late    0.40
  [8/96] seed 0 heard-4   drive    496.3 hold    0.61 early    0.73 late    0.23
  [1/96] seed 0 silent-1  drive      0.1 hold    1.96 early    1.08 late    1.41
  [4/96] seed 0 silent-4  drive      0.3 hold    0.07 early    0.70 late    0.25
  [7/96] seed 0 heard-3   drive    469.1 hold    2.13 early    1.05 late    0.23
  [6/96] seed 0 heard-2   drive    458.3 hold    3.44 early    1.70 late    1.36
  [13/96] seed 1 heard-1   drive    175.7 hold    3.87 early    0.65 late    0.53
  [12/96] seed 1 silent-4  drive      4.3 hold    0.49 early    0.39 late    0.71
  [11/96] seed 1 silent-3  drive      0.2 hold    3.26 early    2.29 late    1.04
  [14/96] seed 1 heard-2   drive    325.1 hold    2.50 early    4.00 late    0.84
  [15/96] seed 1 heard-3   drive    358.8 hold    4.93 early    5.08 late    0.01
  [16/96] seed 1 heard-4   drive    400.2 hold    0.51 early    0.37 late    0.12
  [20/96] seed 2 silent-4  drive      0.2 hold    0.02 early    0.81 late    1.00
  [19/96] seed 2 silent-3  drive      2.0 hold    8.03 early    3.22 late    3.79
  [17/96] seed 2 silent-1  drive      0.4 hold    0.25 early    1.96 late    0.89
  [18/96] seed 2 silent-2  drive      0.7 hold    8.14 early    5.20 late    0.31
  [21/96] seed 2 heard-1   drive    176.0 hold    4.14 early    1.36 late    2.05
  [22/96] seed 2 heard-2   drive    408.0 hold   10.56 early    4.08 late    7.81
  [23/96] seed 2 heard-3   drive    265.2 hold    1.64 early    1.26 late    0.07
  [24/96] seed 2 heard-4   drive    562.9 hold    3.14 early    0.58 late    2.86
  [27/96] seed 3 silent-3  drive      0.1 hold    0.35 early    0.15 late    1.09
  [25/96] seed 3 silent-1  drive      0.4 hold    0.35 early    0.51 late    1.61
  [28/96] seed 3 silent-4  drive      2.0 hold    0.27 early    0.20 late    0.06
  [26/96] seed 3 silent-2  drive      0.6 hold    0.58 early    1.01 late    0.60
  [29/96] seed 3 heard-1   drive    190.1 hold    1.00 early    0.19 late    0.07
  [31/96] seed 3 heard-3   drive    555.4 hold    1.51 early    2.12 late    0.84
  [30/96] seed 3 heard-2   drive    390.9 hold    1.62 early    0.89 late    1.61
  [33/96] seed 4 silent-1  drive      1.3 hold    1.77 early    0.03 late    3.38
  [34/96] seed 4 silent-2  drive      2.3 hold    2.46 early    0.22 late    4.08
  [35/96] seed 4 silent-3  drive      0.1 hold    1.10 early    0.99 late    1.74
  [36/96] seed 4 silent-4  drive      0.2 hold    0.10 early    0.39 late    0.05
  [32/96] seed 3 heard-4   drive    260.4 hold    0.53 early    1.04 late    0.01
  [37/96] seed 4 heard-1   drive    171.6 hold    0.34 early    0.05 late    0.47
  [38/96] seed 4 heard-2   drive    324.9 hold    3.73 early    1.07 late    3.48
  [40/96] seed 4 heard-4   drive    173.0 hold    0.42 early    1.07 late    0.24
  [41/96] seed 5 silent-1  drive      0.0 hold    0.94 early    0.70 late    1.10
  [42/96] seed 5 silent-2  drive      3.2 hold    0.06 early    2.20 late    1.89
  [39/96] seed 4 heard-3   drive    186.1 hold    3.08 early    1.33 late    0.24
  [43/96] seed 5 silent-3  drive      0.3 hold    2.31 early    0.52 late    2.11
  [44/96] seed 5 silent-4  drive      0.1 hold    0.21 early    0.13 late    0.20
  [45/96] seed 5 heard-1   drive    155.1 hold    2.58 early    0.72 late    0.55
  [48/96] seed 5 heard-4   drive    340.3 hold    1.27 early    0.85 late    0.75
  [46/96] seed 5 heard-2   drive    288.4 hold    2.81 early    0.58 late    0.29
  [51/96] seed 6 silent-3  drive      0.5 hold    1.71 early    1.23 late    0.90
  [53/96] seed 6 heard-1   drive    171.9 hold    1.72 early    0.48 late    0.94
  [47/96] seed 5 heard-3   drive    350.0 hold    0.87 early    0.34 late    0.58
  [50/96] seed 6 silent-2  drive      2.0 hold    1.35 early    0.38 late    0.98
  [49/96] seed 6 silent-1  drive      1.0 hold    0.85 early    0.97 late    0.74
  [52/96] seed 6 silent-4  drive      0.3 hold    4.86 early    0.98 late    5.50
  [56/96] seed 6 heard-4   drive    315.2 hold    0.77 early    0.79 late    0.35
  [57/96] seed 7 silent-1  drive      0.1 hold    0.98 early    0.31 late    1.04
  [58/96] seed 7 silent-2  drive      4.3 hold    1.38 early    0.12 late    2.34
  [55/96] seed 6 heard-3   drive    403.9 hold    8.35 early    2.88 late    1.86
  [54/96] seed 6 heard-2   drive    316.9 hold    2.22 early    0.30 late    0.21
  [59/96] seed 7 silent-3  drive      0.4 hold    2.90 early    1.12 late    1.97
  [63/96] seed 7 heard-3   drive    343.6 hold    2.07 early    0.98 late    0.39
  [60/96] seed 7 silent-4  drive      0.4 hold    0.53 early    1.18 late    0.08
  [61/96] seed 7 heard-1   drive    201.8 hold    0.66 early    0.66 late    0.44
  [62/96] seed 7 heard-2   drive    348.4 hold    2.75 early    0.56 late    1.27
  [66/96] seed 8 silent-2  drive      1.1 hold    2.06 early    2.61 late    0.41
  [65/96] seed 8 silent-1  drive      0.0 hold    2.30 early    1.04 late    1.06
  [69/96] seed 8 heard-1   drive    147.4 hold    3.42 early    0.87 late    0.00
  [64/96] seed 7 heard-4   drive    943.4 hold    0.17 early    0.94 late    1.02
  [67/96] seed 8 silent-3  drive      1.6 hold    0.57 early    1.43 late    0.10
  [68/96] seed 8 silent-4  drive      0.5 hold    0.38 early    0.11 late    0.30
  [71/96] seed 8 heard-3   drive    363.6 hold    3.73 early    1.59 late    1.90
  [70/96] seed 8 heard-2   drive    384.2 hold    3.64 early    1.72 late    0.22
  [72/96] seed 8 heard-4   drive    390.0 hold    2.80 early    1.69 late    0.67
  [73/96] seed 9 silent-1  drive      2.4 hold    1.71 early    1.60 late    2.91
  [74/96] seed 9 silent-2  drive      1.2 hold    1.46 early    0.60 late    1.40
  [75/96] seed 9 silent-3  drive      0.0 hold    0.16 early    0.20 late    0.69
  [77/96] seed 9 heard-1   drive    151.2 hold    0.33 early    0.04 late    0.60
  [76/96] seed 9 silent-4  drive      0.3 hold    0.28 early    0.17 late    0.87
  [82/96] seed 10 silent-2  drive      0.6 hold    3.35 early    0.03 late    5.06
  [79/96] seed 9 heard-3   drive    362.9 hold    1.09 early    0.33 late    0.32
  [80/96] seed 9 heard-4   drive    241.2 hold    1.64 early    0.84 late    2.28
  [78/96] seed 9 heard-2   drive    425.2 hold    1.85 early    2.57 late    0.40
  [84/96] seed 10 silent-4  drive      0.8 hold    1.80 early    0.01 late    1.96
  [81/96] seed 10 silent-1  drive      1.8 hold    0.17 early    1.56 late    2.53
  [83/96] seed 10 silent-3  drive      0.5 hold    0.27 early    0.94 late    0.02
  [88/96] seed 10 heard-4   drive    394.2 hold    0.40 early    0.45 late    3.70
  [86/96] seed 10 heard-2   drive    385.4 hold    2.03 early    1.48 late    0.84
  [85/96] seed 10 heard-1   drive    156.5 hold    2.95 early    0.37 late    1.85
  [91/96] seed 11 silent-3  drive      0.3 hold    0.32 early    1.23 late    0.07
  [90/96] seed 11 silent-2  drive      0.3 hold    0.65 early    0.24 late    1.85
  [87/96] seed 10 heard-3   drive    614.2 hold    1.88 early    0.49 late    1.27
  [92/96] seed 11 silent-4  drive      0.1 hold    0.01 early    0.18 late    0.16
  [94/96] seed 11 heard-2   drive    442.7 hold    6.59 early    5.32 late    0.15
  [89/96] seed 11 silent-1  drive      0.4 hold    1.62 early    0.59 late    1.04
  [93/96] seed 11 heard-1   drive    169.6 hold    0.58 early    0.12 late    0.27
  [95/96] seed 11 heard-3   drive    446.6 hold    2.44 early    3.89 late    0.39
  [96/96] seed 11 heard-4   drive    608.0 hold    0.00 early    1.02 late    2.93
experiment: framehold
  instrument        framehold   trial seed 000000000135d3c8   1200000 ticks
                    another probe is another trial sequence: its numbers
                    are not comparable with these (~0.05 at 300 trials)
  seed family       offset 512821 -> first creature 00000000013cfafe  (nonzero = the
                    REPLICATION; family 0 gave one arm of four at +3.5 SE)
  what happened     `framecopy` looked spectacular and was trivial: the voice
                    alternated at the caregiver's rate because a SHIPPED
                    inhibitory auditory->vocal tract stops the babbling while
                    the creature hears something. An interrupt, not a frame.
  the tell          `heard` duty sat BELOW the silent baseline -- gated OFF --
                    while `oracle` rose to 0.83, driven ON. Anti-phase reflex,
                    not an oscillator.
  the discriminator PERSISTENCE, which is what made M1b real rather than a
                    pass-through: a reflex dies with its driver, an internal
                    beat rings on. Pulse 4 s, then SILENCE 4 s, and measure the
                    f-component DURING THE SILENCE.
  v1 WAS CONFOUNDED and this is the fix. Fixed 4 s holds repeat at 0.25 Hz,
    and every f tested is an exact harmonic of that -- so the single offset
    transient deposited power at precisely the measured frequency, with no
    rhythm required, right where v1's effect sat. The phase-tiling I was
    careful about is what CAUSED it.
  the correction    hold lengths now VARY (3.0/4.5/3.5/5.0/4.0 s) so transients
                    land incoherently, and the phase reference is ABSOLUTE
                    TIME so a ring-out inheriting the drive's phase still sums.
  not fakeable by   a slowly decaying inhibition returns the voice SMOOTHLY to
  a slow leak       baseline, which is broadband. Only continued ALTERNATION
                    puts power at f.

  PRE-REGISTERED
    positive control  `heard` SNR during the DRIVE must be large. If it is not,
                      the reflex is not even engaging and nothing else reads.
    persistence       `heard` hold-SNR >= 2.0 AND >= 3 SE over the matching
                      `silent` arm -> the beat outlasts its driver, which is a
                      FRAME rather than an interrupt.
    reflex only       hold-SNR at the silent baseline -> it dies with the
                      driver. No frame, and an internal oscillator on the
                      voicing gate becomes the next build.
    decay             early vs late halves of the hold, reported either way.
                      A real ring-out decays; a constant offset would suggest
                      the statistic is picking up something structural.


  arm       drive SNR    HOLD SNR         early          late           duty d/h
  silent-1  0.7            1.09 +/- 0.22      0.90 +/- 0.17    1.51 +/- 0.27  0.63/0.62
  silent-2  1.4            2.28 +/- 0.64      1.57 +/- 0.52    1.71 +/- 0.43  0.63/0.62
  silent-3  0.7            1.99 +/- 0.64      1.22 +/- 0.25    1.31 +/- 0.32  0.63/0.62
  silent-4  0.8            0.75 +/- 0.40      0.44 +/- 0.11    0.93 +/- 0.45  0.63/0.62
  heard-1   169.0          1.91 +/- 0.41      0.47 +/- 0.11    0.66 +/- 0.19  0.51/0.66
  heard-2   374.9          3.65 +/- 0.74      2.02 +/- 0.47    1.54 +/- 0.63  0.48/0.58
  heard-3   393.3          2.81 +/- 0.60      1.78 +/- 0.43    0.68 +/- 0.19  0.54/0.61
  heard-4   427.1          1.02 +/- 0.29      0.86 +/- 0.10    1.26 +/- 0.38  0.54/0.63

  HOLD, heard against its own silent control
    heard-1   +0.82 over `silent-1`  (+1.8 SE)
    heard-2   +1.37 over `silent-2`  (+1.4 SE)
    heard-3   +0.82 over `silent-3`  (+0.9 SE)
    heard-4   +0.27 over `silent-4`  (+0.5 SE)

  --- the reading ---
  IT DIES WITH THE DRIVER. The best hold arm is `heard-1` at SNR 1.91, +1.8 SE
  over its silent control -- no alternation survives the caregiver going
  quiet. `framecopy` measured the listening reflex and nothing more.
  SO THE FRAME STILL DOES NOT EXIST, and now it is known that hearing one
  will not install it. The remaining route is an INTERNAL oscillator on the
  voicing gate -- the tau 60 ms path that can carry a syllable rate, and the
  one target no oscillator in this project has ever had.
