  [6/96] seed 0 heard-2   drive    397.5 hold    0.43 early    0.94 late    5.67
  [8/96] seed 0 heard-4   drive    884.7 hold    2.85 early    4.10 late    1.68
  [9/96] seed 1 silent-1  drive      1.8 hold    0.39 early    0.23 late    3.69
  [1/96] seed 0 silent-1  drive      0.7 hold    2.22 early    3.77 late    0.16
  [4/96] seed 0 silent-4  drive      0.5 hold    0.55 early    1.03 late    0.38
  [2/96] seed 0 silent-2  drive      0.1 hold    0.16 early    0.07 late    0.50
  [10/96] seed 1 silent-2  drive      1.1 hold    1.10 early    2.76 late    0.27
  [11/96] seed 1 silent-3  drive      0.6 hold    0.23 early    1.50 late    0.35
  [3/96] seed 0 silent-3  drive      0.7 hold    1.31 early    0.72 late    3.08
  [5/96] seed 0 heard-1   drive    175.6 hold    1.67 early    0.34 late    0.00
  [13/96] seed 1 heard-1   drive    191.4 hold    2.47 early    0.06 late    1.28
  [12/96] seed 1 silent-4  drive      0.5 hold    0.42 early    1.87 late    0.02
  [7/96] seed 0 heard-3   drive    587.3 hold    3.93 early    2.48 late    1.23
  [18/96] seed 2 silent-2  drive      0.7 hold    0.26 early    0.48 late    0.73
  [21/96] seed 2 heard-1   drive    207.9 hold    0.44 early    0.05 late    0.07
  [22/96] seed 2 heard-2   drive    257.1 hold    2.15 early    1.43 late    2.75
  [14/96] seed 1 heard-2   drive    409.2 hold    1.00 early    1.50 late    0.21
  [17/96] seed 2 silent-1  drive      0.1 hold    3.43 early    1.96 late    1.61
  [19/96] seed 2 silent-3  drive      0.3 hold    1.30 early    0.90 late    5.69
  [15/96] seed 1 heard-3   drive    568.3 hold    2.41 early    4.63 late    1.48
  [20/96] seed 2 silent-4  drive      0.7 hold    0.69 early    0.24 late    0.42
  [16/96] seed 1 heard-4   drive    435.7 hold    1.44 early    1.22 late    0.08
  [24/96] seed 2 heard-4   drive    421.0 hold    0.93 early    0.97 late    0.20
  [25/96] seed 3 silent-1  drive      0.2 hold    0.50 early    0.11 late    0.97
  [23/96] seed 2 heard-3   drive    292.9 hold    5.56 early    6.75 late    0.62
  [26/96] seed 3 silent-2  drive      2.8 hold    0.72 early    0.72 late    0.49
  [27/96] seed 3 silent-3  drive      0.3 hold    2.32 early    0.47 late    2.44
  [33/96] seed 4 silent-1  drive      0.2 hold    2.55 early    3.37 late    1.65
  [28/96] seed 3 silent-4  drive      0.2 hold    0.76 early    1.00 late    0.86
  [34/96] seed 4 silent-2  drive      0.1 hold    0.32 early    0.10 late    0.79
  [29/96] seed 3 heard-1   drive    195.9 hold    0.63 early    0.02 late    0.64
  [37/96] seed 4 heard-1   drive    181.7 hold    2.27 early    0.21 late    2.03
  [38/96] seed 4 heard-2   drive    303.1 hold    1.09 early    1.39 late    0.59
  [31/96] seed 3 heard-3   drive    358.2 hold    5.69 early   10.74 late    0.79
  [30/96] seed 3 heard-2   drive    385.9 hold    0.17 early    0.54 late    0.08
  [32/96] seed 3 heard-4   drive    390.8 hold    0.10 early    1.25 late    0.91
  [35/96] seed 4 silent-3  drive      3.7 hold    1.01 early    3.05 late    0.17
  [36/96] seed 4 silent-4  drive      0.2 hold    0.26 early    0.07 late    0.45
  [40/96] seed 4 heard-4   drive    401.3 hold    1.27 early    3.33 late    0.05
  [43/96] seed 5 silent-3  drive      0.2 hold    0.53 early    0.06 late    1.17
  [42/96] seed 5 silent-2  drive      1.6 hold    0.30 early    2.20 late    0.44
  [41/96] seed 5 silent-1  drive      0.7 hold    3.58 early    1.49 late    2.66
  [39/96] seed 4 heard-3   drive    630.9 hold    3.39 early    2.29 late    0.49
  [49/96] seed 6 silent-1  drive      0.3 hold    1.18 early    0.43 late    0.39
  [44/96] seed 5 silent-4  drive      0.5 hold    2.35 early    2.08 late    2.19
  [51/96] seed 6 silent-3  drive      0.5 hold    0.76 early    0.96 late    0.25
  [45/96] seed 5 heard-1   drive    188.8 hold    2.57 early    0.66 late    1.44
  [47/96] seed 5 heard-3   drive    251.4 hold    1.64 early    2.73 late    0.18
  [50/96] seed 6 silent-2  drive      1.2 hold    0.49 early    1.77 late    1.69
  [46/96] seed 5 heard-2   drive    288.2 hold    0.74 early    0.96 late    0.72
  [48/96] seed 5 heard-4   drive    315.3 hold    2.69 early    2.82 late    1.04
  [54/96] seed 6 heard-2   drive    387.6 hold    7.16 early    2.92 late    1.07
  [56/96] seed 6 heard-4   drive    785.5 hold    2.93 early    2.76 late    0.87
  [58/96] seed 7 silent-2  drive      0.5 hold    1.99 early    1.11 late    2.27
  [52/96] seed 6 silent-4  drive      0.8 hold    1.18 early    1.72 late    0.65
  [53/96] seed 6 heard-1   drive    192.5 hold    1.33 early    0.41 late    0.70
  [62/96] seed 7 heard-2   drive    396.0 hold    1.16 early    0.02 late    2.69
  [55/96] seed 6 heard-3   drive    534.1 hold    6.44 early    6.72 late    0.75
  [57/96] seed 7 silent-1  drive      2.5 hold    1.61 early    0.04 late    2.87
  [60/96] seed 7 silent-4  drive      0.5 hold    1.97 early    2.59 late    0.19
  [59/96] seed 7 silent-3  drive      0.6 hold    0.24 early    0.53 late    0.82
  [63/96] seed 7 heard-3   drive    438.4 hold    0.07 early    0.17 late    0.44
  [64/96] seed 7 heard-4   drive    563.2 hold    1.17 early    4.62 late    2.84
  [61/96] seed 7 heard-1   drive    166.9 hold    3.12 early    0.99 late    0.69
  [67/96] seed 8 silent-3  drive      1.6 hold    2.85 early    6.66 late    0.32
  [65/96] seed 8 silent-1  drive      0.4 hold    0.93 early    0.78 late    2.12
  [72/96] seed 8 heard-4   drive    513.4 hold    0.73 early    1.89 late    0.13
  [73/96] seed 9 silent-1  drive      0.7 hold    0.40 early    0.09 late    0.63
  [66/96] seed 8 silent-2  drive      1.1 hold    0.81 early    0.14 late    1.57
  [71/96] seed 8 heard-3   drive    421.2 hold    0.87 early    1.18 late    0.32
  [68/96] seed 8 silent-4  drive      0.2 hold    0.19 early    0.75 late    0.05
  [69/96] seed 8 heard-1   drive    200.6 hold    2.41 early    0.94 late    0.93
  [70/96] seed 8 heard-2   drive    296.6 hold    7.20 early    3.40 late    1.57
  [77/96] seed 9 heard-1   drive    198.7 hold    3.29 early    0.44 late    1.41
  [74/96] seed 9 silent-2  drive      0.8 hold    0.21 early    0.26 late    0.28
  [75/96] seed 9 silent-3  drive      0.2 hold    0.58 early    1.18 late    0.58
  [78/96] seed 9 heard-2   drive    292.6 hold    2.45 early    0.07 late    5.00
  [80/96] seed 9 heard-4   drive    522.2 hold    1.33 early    3.09 late    0.42
  [76/96] seed 9 silent-4  drive      0.4 hold    0.26 early    0.88 late    0.50
  [84/96] seed 10 silent-4  drive      0.2 hold    0.68 early    1.53 late    0.65
  [79/96] seed 9 heard-3   drive    491.6 hold    1.50 early    0.52 late    0.40
  [81/96] seed 10 silent-1  drive      3.3 hold    1.06 early    0.30 late    4.17
  [88/96] seed 10 heard-4   drive    394.9 hold    2.31 early    1.65 late    0.25
  [82/96] seed 10 silent-2  drive      3.5 hold    3.29 early    4.14 late    0.07
  [87/96] seed 10 heard-3   drive    373.7 hold    7.51 early   10.77 late    1.97
  [83/96] seed 10 silent-3  drive      0.2 hold    0.22 early    0.06 late    0.26
  [85/96] seed 10 heard-1   drive    151.3 hold    2.65 early    0.36 late    0.42
  [90/96] seed 11 silent-2  drive      0.4 hold    0.04 early    1.20 late    0.61
  [86/96] seed 10 heard-2   drive    511.3 hold    5.38 early    1.26 late    2.36
  [93/96] seed 11 heard-1   drive    201.1 hold    0.95 early    0.16 late    0.17
  [89/96] seed 11 silent-1  drive      1.0 hold    0.93 early    0.93 late    0.92
  [95/96] seed 11 heard-3   drive    728.9 hold    7.31 early    5.20 late    2.07
  [91/96] seed 11 silent-3  drive      0.1 hold    2.82 early    1.55 late    1.66
  [92/96] seed 11 silent-4  drive      0.9 hold    0.01 early    0.15 late    0.21
  [94/96] seed 11 heard-2   drive    416.5 hold    0.49 early    0.86 late    0.13
  [96/96] seed 11 heard-4   drive    412.7 hold    0.43 early    3.05 late    0.78
experiment: framehold
  instrument        framehold   trial seed 000000000135d3c8   1200000 ticks
                    another probe is another trial sequence: its numbers
                    are not comparable with these (~0.05 at 300 trials)
  seed family       offset 512821 -> first creature 00000000013cfafe  (nonzero = the
                    REPLICATION; family 0 gave one arm of four at +3.5 SE)
  what happened     `framecopy` looked spectacular and was trivial: the voice
                    alternated at the caregiver's rate because a SHIPPED
                    inhibitory auditory->vocal tract stops the babbling while
                    the creature hears something. An interrupt, not a frame.
  the tell          `heard` duty sat BELOW the silent baseline -- gated OFF --
                    while `oracle` rose to 0.83, driven ON. Anti-phase reflex,
                    not an oscillator.
  the discriminator PERSISTENCE, which is what made M1b real rather than a
                    pass-through: a reflex dies with its driver, an internal
                    beat rings on. Pulse 4 s, then SILENCE 4 s, and measure the
                    f-component DURING THE SILENCE.
  v1 WAS CONFOUNDED and this is the fix. Fixed 4 s holds repeat at 0.25 Hz,
    and every f tested is an exact harmonic of that -- so the single offset
    transient deposited power at precisely the measured frequency, with no
    rhythm required, right where v1's effect sat. The phase-tiling I was
    careful about is what CAUSED it.
  the correction    hold lengths now VARY (3.0/4.5/3.5/5.0/4.0 s) so transients
                    land incoherently, and the phase reference is ABSOLUTE
                    TIME so a ring-out inheriting the drive's phase still sums.
  not fakeable by   a slowly decaying inhibition returns the voice SMOOTHLY to
  a slow leak       baseline, which is broadband. Only continued ALTERNATION
                    puts power at f.

  PRE-REGISTERED
    positive control  `heard` SNR during the DRIVE must be large. If it is not,
                      the reflex is not even engaging and nothing else reads.
    persistence       `heard` hold-SNR >= 2.0 AND >= 3 SE over the matching
                      `silent` arm -> the beat outlasts its driver, which is a
                      FRAME rather than an interrupt.
    reflex only       hold-SNR at the silent baseline -> it dies with the
                      driver. No frame, and an internal oscillator on the
                      voicing gate becomes the next build.
    decay             early vs late halves of the hold, reported either way.
                      A real ring-out decays; a constant offset would suggest
                      the statistic is picking up something structural.


  arm       drive SNR    HOLD SNR         early          late           duty d/h
  silent-1  1.0            1.56 +/- 0.33      1.12 +/- 0.37    1.82 +/- 0.38  0.80/0.80
  silent-2  1.2            0.81 +/- 0.27      1.25 +/- 0.37    0.81 +/- 0.19  0.80/0.80
  silent-3  0.8            1.18 +/- 0.28      1.47 +/- 0.53    1.40 +/- 0.48  0.80/0.80
  silent-4  0.5            0.78 +/- 0.21      1.16 +/- 0.23    0.55 +/- 0.17  0.80/0.80
  heard-1   187.7          1.98 +/- 0.28      0.38 +/- 0.09    0.81 +/- 0.18  0.67/0.81
  heard-2   361.8          2.45 +/- 0.75      1.27 +/- 0.29    1.90 +/- 0.54  0.66/0.78
  heard-3   473.1          3.86 +/- 0.75      4.51 +/- 1.05    0.90 +/- 0.19  0.71/0.78
  heard-4   503.4          1.51 +/- 0.28      2.56 +/- 0.34    0.77 +/- 0.24  0.73/0.78

  HOLD, heard against its own silent control
    heard-1   +0.42 over `silent-1`  (+1.0 SE)
    heard-2   +1.65 over `silent-2`  (+2.1 SE)
    heard-3   +2.68 over `silent-3`  (+3.3 SE)
    heard-4   +0.74 over `silent-4`  (+2.1 SE)

  --- the reading ---
  THE BEAT OUTLASTS ITS DRIVER: `heard-3` holds SNR 3.86 through the silence,
  +3.3 SE over a creature that never heard anything. The caregiver is gone
  and the voice is still alternating at its rate.
  THAT IS A FRAME, not an interrupt, and it is the first thing in this
  project that keeps time. Check the early/late columns above: a real
  ring-out DECAYS, and a flat hold would mean the statistic is catching
  something structural instead.
