experiment: framehold
  instrument        framehold   trial seed 000000000135d3c8   1200000 ticks
                    another probe is another trial sequence: its numbers
                    are not comparable with these (~0.05 at 300 trials)
  seed family       offset 512821 -> first creature 00000000013cfafe  (nonzero = the
                    REPLICATION; family 0 gave one arm of four at +3.5 SE)
  what happened     `framecopy` looked spectacular and was trivial: the voice
                    alternated at the caregiver's rate because a SHIPPED
                    inhibitory auditory->vocal tract stops the babbling while
                    the creature hears something. An interrupt, not a frame.
  the tell          `heard` duty sat BELOW the silent baseline -- gated OFF --
                    while `oracle` rose to 0.83, driven ON. Anti-phase reflex,
                    not an oscillator.
  the discriminator PERSISTENCE, which is what made M1b real rather than a
                    pass-through: a reflex dies with its driver, an internal
                    beat rings on. Pulse 4 s, then SILENCE 4 s, and measure the
                    f-component DURING THE SILENCE.
  v1 WAS CONFOUNDED and this is the fix. Fixed 4 s holds repeat at 0.25 Hz,
    and every f tested is an exact harmonic of that -- so the single offset
    transient deposited power at precisely the measured frequency, with no
    rhythm required, right where v1's effect sat. The phase-tiling I was
    careful about is what CAUSED it.
  the correction    hold lengths now VARY (3.0/4.5/3.5/5.0/4.0 s) so transients
                    land incoherently, and the phase reference is ABSOLUTE
                    TIME so a ring-out inheriting the drive's phase still sums.
  not fakeable by   a slowly decaying inhibition returns the voice SMOOTHLY to
  a slow leak       baseline, which is broadband. Only continued ALTERNATION
                    puts power at f.

  PRE-REGISTERED
    positive control  `heard` SNR during the DRIVE must be large. If it is not,
                      the reflex is not even engaging and nothing else reads.
    persistence       `heard` hold-SNR >= 2.0 AND >= 3 SE over the matching
                      `silent` arm -> the beat outlasts its driver, which is a
                      FRAME rather than an interrupt.
    reflex only       hold-SNR at the silent baseline -> it dies with the
                      driver. No frame, and an internal oscillator on the
                      voicing gate becomes the next build.
    decay             early vs late halves of the hold, reported either way.
                      A real ring-out decays; a constant offset would suggest
                      the statistic is picking up something structural.

  [8/168] seed 0 heard-1   drive    162.3 hold    2.73 early    2.35 late    1.48
  [7/168] seed 0 silent-8  drive      0.8 hold    0.19 early    0.20 late    0.14
  [2/168] seed 0 silent-2  drive      2.1 hold    0.66 early    0.44 late    0.41
  [14/168] seed 0 heard-8   drive    101.4 hold    0.76 early    1.19 late    0.15
  [5/168] seed 0 silent-5  drive      0.1 hold    0.04 early    0.14 late    0.19
  [10/168] seed 0 heard-3   drive    449.6 hold    0.55 early    1.15 late    0.21
  [1/168] seed 0 silent-1  drive      1.7 hold    2.06 early    2.34 late    1.31
  [4/168] seed 0 silent-4  drive      1.1 hold    0.54 early    0.30 late    0.65
  [3/168] seed 0 silent-3  drive      0.7 hold    2.00 early    0.58 late    0.85
  [11/168] seed 0 heard-4   drive    725.0 hold    0.30 early    0.63 late    0.75
  [13/168] seed 0 heard-6   drive    170.8 hold    0.35 early    1.17 late    0.09
  [6/168] seed 0 silent-6  drive      0.0 hold    2.34 early    0.34 late    2.89
  [12/168] seed 0 heard-5   drive    306.9 hold    1.13 early    3.59 late    0.09
  [9/168] seed 0 heard-2   drive    240.6 hold    1.64 early    0.70 late    0.67
  [16/168] seed 1 silent-2  drive      2.4 hold    0.70 early    0.51 late    1.66
  [17/168] seed 1 silent-3  drive      3.5 hold    0.19 early    1.10 late    0.06
  [15/168] seed 1 silent-1  drive      1.0 hold    2.30 early    2.25 late    0.93
  [18/168] seed 1 silent-4  drive      1.8 hold    0.64 early    0.75 late    2.60
  [21/168] seed 1 silent-8  drive      0.5 hold    0.30 early    0.15 late    0.32
  [19/168] seed 1 silent-5  drive      0.1 hold    0.31 early    0.08 late    0.30
  [20/168] seed 1 silent-6  drive      0.3 hold    0.52 early    0.68 late    1.46
  [23/168] seed 1 heard-2   drive    405.9 hold    0.27 early    1.58 late    0.33
  [22/168] seed 1 heard-1   drive    157.5 hold    0.63 early    1.40 late    0.14
  [27/168] seed 1 heard-6   drive    117.9 hold    0.46 early    0.55 late    0.07
  [25/168] seed 1 heard-4   drive    509.7 hold    2.60 early    2.58 late    0.67
  [26/168] seed 1 heard-5   drive    296.2 hold    0.11 early    0.60 late    0.09
  [24/168] seed 1 heard-3   drive    249.9 hold    3.23 early    2.25 late    2.50
  [28/168] seed 1 heard-8   drive     95.3 hold    2.70 early    2.09 late    0.86
  [30/168] seed 2 silent-2  drive      0.8 hold    0.19 early    0.01 late    0.23
  [29/168] seed 2 silent-1  drive      0.2 hold    0.09 early    0.02 late    0.30
  [31/168] seed 2 silent-3  drive      1.1 hold    0.05 early    1.15 late    1.17
  [35/168] seed 2 silent-8  drive      0.1 hold    0.05 early    0.06 late    0.02
  [32/168] seed 2 silent-4  drive      0.6 hold    2.83 early    0.10 late    1.58
  [33/168] seed 2 silent-5  drive      0.2 hold    0.62 early    0.01 late    0.88
  [36/168] seed 2 heard-1   drive    144.8 hold    2.30 early    1.66 late    0.46
  [34/168] seed 2 silent-6  drive      0.2 hold    1.28 early    0.00 late    2.09
  [37/168] seed 2 heard-2   drive    201.9 hold    0.55 early    1.08 late    0.26
  [41/168] seed 2 heard-6   drive    116.6 hold    0.25 early    0.17 late    1.23
  [39/168] seed 2 heard-4   drive    540.6 hold    0.35 early    0.86 late    0.12
  [38/168] seed 2 heard-3   drive    220.8 hold    1.36 early    3.77 late    0.09
  [40/168] seed 2 heard-5   drive    277.6 hold    1.75 early    0.80 late    2.49
  [45/168] seed 3 silent-3  drive      1.4 hold    0.49 early    0.84 late    0.05
  [42/168] seed 2 heard-8   drive     57.1 hold    1.42 early    0.08 late    3.31
  [44/168] seed 3 silent-2  drive      0.4 hold    0.09 early    1.13 late    0.69
  [43/168] seed 3 silent-1  drive      0.9 hold    0.09 early    0.10 late    0.46
  [46/168] seed 3 silent-4  drive      0.2 hold    0.05 early    0.86 late    1.66
  [49/168] seed 3 silent-8  drive      0.8 hold    0.96 early    0.46 late    0.19
  [47/168] seed 3 silent-5  drive      0.2 hold    0.07 early    0.14 late    0.75
  [48/168] seed 3 silent-6  drive      0.2 hold    0.83 early    0.14 late    0.58
  [53/168] seed 3 heard-4   drive    447.9 hold    3.21 early    4.90 late    0.41
  [52/168] seed 3 heard-3   drive    337.0 hold    4.64 early    5.11 late    0.42
  [50/168] seed 3 heard-1   drive    229.7 hold    1.44 early    0.38 late    1.06
  [51/168] seed 3 heard-2   drive    184.3 hold    1.07 early    1.18 late    0.20
  [54/168] seed 3 heard-5   drive    213.3 hold    1.34 early    0.30 late    1.37
  [55/168] seed 3 heard-6   drive    116.2 hold    0.47 early    0.36 late    0.33
  [58/168] seed 4 silent-2  drive      1.6 hold    0.13 early    0.57 late    0.31
  [56/168] seed 3 heard-8   drive     50.2 hold    0.18 early    0.01 late    0.26
  [59/168] seed 4 silent-3  drive      1.7 hold    1.73 early    3.73 late    3.05
  [60/168] seed 4 silent-4  drive      0.4 hold    0.32 early    0.49 late    0.46
  [63/168] seed 4 silent-8  drive      0.8 hold    0.35 early    2.48 late    0.25
  [62/168] seed 4 silent-6  drive      0.0 hold    0.43 early    0.01 late    1.11
  [61/168] seed 4 silent-5  drive      0.5 hold    0.01 early    0.96 late    0.96
  [57/168] seed 4 silent-1  drive      0.2 hold    0.30 early    0.63 late    0.07
  [64/168] seed 4 heard-1   drive    212.3 hold    7.16 early    1.74 late    1.41
  [66/168] seed 4 heard-3   drive    371.9 hold    1.95 early    5.20 late    1.32
  [68/168] seed 4 heard-5   drive    153.0 hold    0.31 early    0.12 late    0.97
  [65/168] seed 4 heard-2   drive    151.6 hold   12.26 early    8.85 late    0.99
  [67/168] seed 4 heard-4   drive    340.9 hold    0.10 early    2.35 late    1.75
  [69/168] seed 4 heard-6   drive     43.2 hold    0.72 early    2.02 late    0.15
  [70/168] seed 4 heard-8   drive     27.6 hold    0.19 early    0.34 late    0.28
  [72/168] seed 5 silent-2  drive      1.6 hold    1.10 early    1.77 late    0.17
  [71/168] seed 5 silent-1  drive      1.3 hold    0.90 early    2.17 late    0.67
  [73/168] seed 5 silent-3  drive      1.5 hold    0.17 early    0.69 late    0.13
  [75/168] seed 5 silent-5  drive      0.4 hold    0.42 early    0.88 late    2.41
  [76/168] seed 5 silent-6  drive      0.1 hold    0.29 early    0.25 late    0.39
  [74/168] seed 5 silent-4  drive      1.0 hold    0.85 early    1.85 late    0.36
  [77/168] seed 5 silent-8  drive      1.6 hold    0.28 early    1.62 late    0.78
  [79/168] seed 5 heard-2   drive    172.4 hold    1.19 early    0.47 late    0.28
  [78/168] seed 5 heard-1   drive    200.1 hold    2.62 early    0.98 late    1.09
  [80/168] seed 5 heard-3   drive    338.6 hold    6.63 early    6.55 late    1.05
  [81/168] seed 5 heard-4   drive    343.1 hold    0.91 early    1.07 late    0.16
  [82/168] seed 5 heard-5   drive     80.4 hold    0.10 early    0.02 late    0.21
  [85/168] seed 6 silent-1  drive      1.0 hold    0.52 early    0.70 late    0.36
  [87/168] seed 6 silent-3  drive      0.5 hold    1.18 early    2.22 late    0.03
  [88/168] seed 6 silent-4  drive      1.1 hold    0.09 early    0.30 late    0.08
  [83/168] seed 5 heard-6   drive     42.9 hold    0.42 early    0.56 late    0.50
  [84/168] seed 5 heard-8   drive     19.9 hold    0.07 early    1.03 late    0.39
  [89/168] seed 6 silent-5  drive      0.1 hold    0.90 early    0.45 late    0.81
  [91/168] seed 6 silent-8  drive      0.3 hold    0.03 early    0.53 late    0.65
  [86/168] seed 6 silent-2  drive      1.5 hold    0.05 early    0.45 late    0.27
  [90/168] seed 6 silent-6  drive      0.5 hold    0.18 early    0.39 late    0.08
  [93/168] seed 6 heard-2   drive    256.0 hold    0.83 early    0.44 late    0.34
  [92/168] seed 6 heard-1   drive    116.8 hold    1.29 early    0.05 late    1.14
  [94/168] seed 6 heard-3   drive    396.3 hold   15.10 early   16.11 late    4.19
  [95/168] seed 6 heard-4   drive    257.0 hold    3.52 early   14.09 late    2.55
  [96/168] seed 6 heard-5   drive    235.9 hold    0.02 early    0.31 late    0.20
  [97/168] seed 6 heard-6   drive     45.6 hold    0.42 early    0.38 late    1.26
  [101/168] seed 7 silent-3  drive      2.9 hold    2.39 early    1.60 late    0.94
  [99/168] seed 7 silent-1  drive      0.1 hold    1.40 early    1.37 late    0.32
  [98/168] seed 6 heard-8   drive     67.7 hold    3.76 early    1.02 late    3.65
  [102/168] seed 7 silent-4  drive      0.5 hold    0.14 early    0.07 late    0.16
  [100/168] seed 7 silent-2  drive      3.8 hold    0.29 early    1.64 late    0.64
  [104/168] seed 7 silent-6  drive      0.1 hold    0.03 early    0.59 late    0.20
  [103/168] seed 7 silent-5  drive      0.4 hold    0.20 early    0.02 late    0.48
  [105/168] seed 7 silent-8  drive      0.7 hold    0.05 early    0.27 late    0.39
  [107/168] seed 7 heard-2   drive    242.8 hold    0.39 early    0.59 late    0.61
  [106/168] seed 7 heard-1   drive    149.8 hold    1.44 early    0.34 late    0.70
  [108/168] seed 7 heard-3   drive    701.2 hold    0.70 early    1.76 late    0.13
  [109/168] seed 7 heard-4   drive    281.8 hold    3.45 early    6.68 late    0.87
  [110/168] seed 7 heard-5   drive    112.2 hold    0.26 early    0.03 late    0.86
  [111/168] seed 7 heard-6   drive     93.1 hold    0.25 early    1.05 late    0.02
  [112/168] seed 7 heard-8   drive     60.7 hold    0.39 early    0.58 late    0.02
  [113/168] seed 8 silent-1  drive      0.1 hold    0.82 early    1.12 late    0.28
  [114/168] seed 8 silent-2  drive      1.6 hold    1.69 early    0.53 late    1.57
  [115/168] seed 8 silent-3  drive      1.3 hold    0.30 early    0.11 late    0.80
  [117/168] seed 8 silent-5  drive      0.5 hold    0.59 early    0.03 late    1.41
  [119/168] seed 8 silent-8  drive      0.4 hold    1.18 early    3.00 late    0.39
  [116/168] seed 8 silent-4  drive      0.8 hold    0.07 early    1.02 late    1.15
  [120/168] seed 8 heard-1   drive    135.4 hold    0.64 early    1.16 late    1.92
  [118/168] seed 8 silent-6  drive      0.4 hold    0.20 early    0.04 late    0.19
  [121/168] seed 8 heard-2   drive    282.9 hold    2.22 early    2.80 late    0.11
  [122/168] seed 8 heard-3   drive    387.4 hold    1.32 early    1.85 late    0.88
  [123/168] seed 8 heard-4   drive    341.0 hold    0.84 early    1.36 late    0.53
  [126/168] seed 8 heard-8   drive    145.0 hold    1.05 early    0.87 late    1.67
  [124/168] seed 8 heard-5   drive    165.2 hold    1.04 early    0.54 late    0.30
  [125/168] seed 8 heard-6   drive    135.8 hold    0.78 early    0.10 late    1.88
  [127/168] seed 9 silent-1  drive      0.1 hold    3.04 early    1.23 late    2.82
  [128/168] seed 9 silent-2  drive      1.0 hold    0.27 early    0.21 late    0.42
  [130/168] seed 9 silent-4  drive      0.1 hold    0.04 early    0.46 late    0.65
  [133/168] seed 9 silent-8  drive      2.3 hold    0.06 early    0.32 late    0.83
  [132/168] seed 9 silent-6  drive      0.8 hold    0.09 early    0.39 late    0.07
  [131/168] seed 9 silent-5  drive      0.6 hold    1.47 early    0.82 late    0.46
  [129/168] seed 9 silent-3  drive      0.1 hold    0.41 early    0.25 late    0.77
  [134/168] seed 9 heard-1   drive    142.5 hold    0.87 early    0.94 late    0.10
  [135/168] seed 9 heard-2   drive    269.0 hold    1.36 early    1.43 late    1.46
  [137/168] seed 9 heard-4   drive    558.3 hold    0.63 early    0.42 late    0.47
  [136/168] seed 9 heard-3   drive    374.6 hold    3.42 early    6.31 late    0.88
  [138/168] seed 9 heard-5   drive    138.5 hold    0.30 early    1.60 late    1.65
  [144/168] seed 10 silent-4  drive      0.1 hold    0.41 early    0.39 late    3.05
  [139/168] seed 9 heard-6   drive    120.3 hold    2.67 early    0.74 late    3.02
  [145/168] seed 10 silent-5  drive      0.1 hold    0.91 early    0.28 late    0.92
  [140/168] seed 9 heard-8   drive     59.0 hold    0.31 early    0.94 late    0.13
  [143/168] seed 10 silent-3  drive      0.5 hold    0.97 early    0.49 late    0.53
  [142/168] seed 10 silent-2  drive      1.2 hold    0.33 early    0.17 late    0.45
  [147/168] seed 10 silent-8  drive      0.2 hold    0.87 early    0.20 late    1.01
  [141/168] seed 10 silent-1  drive      0.6 hold    2.03 early    2.99 late    3.94
  [146/168] seed 10 silent-6  drive      0.1 hold    0.32 early    0.16 late    0.29
  [148/168] seed 10 heard-1   drive    168.6 hold    0.12 early    0.84 late    0.85
  [149/168] seed 10 heard-2   drive    298.1 hold    0.25 early    1.00 late    2.90
  [151/168] seed 10 heard-4   drive    360.7 hold    0.71 early    3.69 late    1.07
  [150/168] seed 10 heard-3   drive    328.8 hold    2.46 early    1.60 late    2.42
  [153/168] seed 10 heard-6   drive    242.5 hold    0.05 early    0.28 late    0.04
  [152/168] seed 10 heard-5   drive    211.7 hold    0.04 early    1.20 late    1.40
  [155/168] seed 11 silent-1  drive      0.8 hold    0.27 early    0.38 late    0.52
  [154/168] seed 10 heard-8   drive    125.9 hold    0.03 early    0.26 late    0.23
  [158/168] seed 11 silent-4  drive      3.1 hold    1.61 early    2.73 late    1.02
  [156/168] seed 11 silent-2  drive      0.3 hold    0.04 early    0.14 late    0.13
  [159/168] seed 11 silent-5  drive      0.4 hold    0.27 early    0.55 late    0.13
  [161/168] seed 11 silent-8  drive      0.2 hold    0.02 early    0.05 late    0.08
  [157/168] seed 11 silent-3  drive      2.7 hold    4.76 early    1.67 late    3.20
  [162/168] seed 11 heard-1   drive    158.5 hold    0.25 early    1.31 late    0.43
  [163/168] seed 11 heard-2   drive    348.2 hold    4.52 early    1.20 late    5.38
  [160/168] seed 11 silent-6  drive      0.1 hold    0.10 early    0.26 late    0.01
  [164/168] seed 11 heard-3   drive    349.7 hold    1.07 early    1.53 late    0.03
  [165/168] seed 11 heard-4   drive    357.0 hold    4.66 early    4.39 late    0.97
  [168/168] seed 11 heard-8   drive     61.9 hold    0.51 early    0.80 late    0.77
  [166/168] seed 11 heard-5   drive    425.6 hold    0.25 early    0.28 late    0.02
  [167/168] seed 11 heard-6   drive    196.2 hold    0.35 early    0.76 late    0.01

  arm       drive SNR    HOLD SNR         early          late           duty d/h
  silent-1  0.7            1.15 +/- 0.29      1.27 +/- 0.28    1.00 +/- 0.34  0.51/0.51
  silent-2  1.5            0.46 +/- 0.14      0.63 +/- 0.17    0.58 +/- 0.15  0.51/0.51
  silent-3  1.5            1.22 +/- 0.39      1.20 +/- 0.29    0.97 +/- 0.31  0.51/0.51
  silent-4  0.9            0.63 +/- 0.24      0.78 +/- 0.23    1.12 +/- 0.27  0.51/0.51
  silent-5  0.3            0.48 +/- 0.13      0.36 +/- 0.10    0.81 +/- 0.18  0.51/0.51
  silent-6  0.2            0.55 +/- 0.19      0.27 +/- 0.06    0.78 +/- 0.27  0.51/0.51
  silent-8  0.7            0.36 +/- 0.12      0.78 +/- 0.29    0.42 +/- 0.09  0.51/0.51
  heard-1   164.9          1.79 +/- 0.55      1.10 +/- 0.19    0.90 +/- 0.16  0.46/0.59
  heard-2   254.5          2.21 +/- 0.97      1.78 +/- 0.67    1.13 +/- 0.45  0.45/0.57
  heard-3   375.5          3.54 +/- 1.17      4.43 +/- 1.21    1.18 +/- 0.37  0.47/0.55
  heard-4   421.9          1.77 +/- 0.46      3.58 +/- 1.11    0.86 +/- 0.20  0.48/0.55
  heard-5   218.1          0.55 +/- 0.17      0.78 +/- 0.29    0.80 +/- 0.23  0.48/0.57
  heard-6   120.1          0.60 +/- 0.20      0.68 +/- 0.16    0.72 +/- 0.27  0.47/0.57
  heard-8   72.7           0.95 +/- 0.34      0.77 +/- 0.17    0.98 +/- 0.36  0.48/0.58

  TRANSIENT ALIGNMENT (holds tiled in whole cycles, of 5)
    heard-1   1.0 Hz   3/5
    heard-2   2.0 Hz   5/5   <- FULLY tiled: most exposed
    heard-3   3.0 Hz   3/5
    heard-4   4.0 Hz   5/5   <- FULLY tiled: most exposed
    heard-5   5.0 Hz   3/5
    heard-6   6.0 Hz   5/5   <- FULLY tiled: most exposed
    heard-8   8.0 Hz   5/5   <- FULLY tiled: most exposed

  HOLD, heard against its own silent control
    heard-1   +0.64 over `silent-1`  (+1.0 SE)
    heard-2   +1.75 over `silent-2`  (+1.8 SE)
    heard-3   +2.31 over `silent-3`  (+1.9 SE)
    heard-4   +1.14 over `silent-4`  (+2.2 SE)
    heard-5   +0.07 over `silent-5`  (+0.3 SE)
    heard-6   +0.05 over `silent-6`  (+0.2 SE)
    heard-8   +0.59 over `silent-8`  (+1.6 SE)

  --- the reading ---
  IT DIES WITH THE DRIVER. The best hold arm is `heard-4` at SNR 1.77, +2.2 SE
  over its silent control -- no alternation survives the caregiver going
  quiet. `framecopy` measured the listening reflex and nothing more.
  SO THE FRAME STILL DOES NOT EXIST, and now it is known that hearing one
  will not install it. The remaining route is an INTERNAL oscillator on the
  voicing gate -- the tau 60 ms path that can carry a syllable rate, and the
  one target no oscillator in this project has ever had.
