experiment: framehold
  instrument        framehold   trial seed 000000000135d3c8   1200000 ticks
                    another probe is another trial sequence: its numbers
                    are not comparable with these (~0.05 at 300 trials)
  seed family       offset 512821 -> first creature 00000000013cfafe  (nonzero = the
                    REPLICATION; family 0 gave one arm of four at +3.5 SE)
  what happened     `framecopy` looked spectacular and was trivial: the voice
                    alternated at the caregiver's rate because a SHIPPED
                    inhibitory auditory->vocal tract stops the babbling while
                    the creature hears something. An interrupt, not a frame.
  the tell          `heard` duty sat BELOW the silent baseline -- gated OFF --
                    while `oracle` rose to 0.83, driven ON. Anti-phase reflex,
                    not an oscillator.
  the discriminator PERSISTENCE, which is what made M1b real rather than a
                    pass-through: a reflex dies with its driver, an internal
                    beat rings on. Pulse 4 s, then SILENCE 4 s, and measure the
                    f-component DURING THE SILENCE.
  v1 WAS CONFOUNDED and this is the fix. Fixed 4 s holds repeat at 0.25 Hz,
    and every f tested is an exact harmonic of that -- so the single offset
    transient deposited power at precisely the measured frequency, with no
    rhythm required, right where v1's effect sat. The phase-tiling I was
    careful about is what CAUSED it.
  the correction    hold lengths now VARY (3.0/4.5/3.5/5.0/4.0 s) so transients
                    land incoherently, and the phase reference is ABSOLUTE
                    TIME so a ring-out inheriting the drive's phase still sums.
  not fakeable by   a slowly decaying inhibition returns the voice SMOOTHLY to
  a slow leak       baseline, which is broadband. Only continued ALTERNATION
                    puts power at f.

  PRE-REGISTERED
    positive control  `heard` SNR during the DRIVE must be large. If it is not,
                      the reflex is not even engaging and nothing else reads.
    persistence       `heard` hold-SNR >= 2.0 AND >= 3 SE over the matching
                      `silent` arm -> the beat outlasts its driver, which is a
                      FRAME rather than an interrupt.
    reflex only       hold-SNR at the silent baseline -> it dies with the
                      driver. No frame, and an internal oscillator on the
                      voicing gate becomes the next build.
    decay             early vs late halves of the hold, reported either way.
                      A real ring-out decays; a constant offset would suggest
                      the statistic is picking up something structural.

  [12/168] seed 0 heard-5   drive    425.0 hold    2.35 early    3.35 late    0.02
  [9/168] seed 0 heard-2   drive    356.2 hold    2.79 early    1.80 late    1.46
  [8/168] seed 0 heard-1   drive    133.5 hold    0.97 early    0.57 late    1.29
  [14/168] seed 0 heard-8   drive     67.7 hold    0.51 early    0.22 late    1.81
  [11/168] seed 0 heard-4   drive    452.9 hold    1.78 early    5.70 late    0.45
  [6/168] seed 0 silent-6  drive      0.1 hold    0.71 early    0.16 late    0.63
  [5/168] seed 0 silent-5  drive      1.1 hold    0.74 early    0.95 late    0.03
  [10/168] seed 0 heard-3   drive    383.4 hold    0.33 early    1.97 late    2.15
  [13/168] seed 0 heard-6   drive    176.6 hold    0.34 early    0.40 late    0.00
  [7/168] seed 0 silent-8  drive      0.2 hold    0.00 early    0.12 late    0.13
  [1/168] seed 0 silent-1  drive      0.1 hold    5.15 early    5.69 late    0.81
  [3/168] seed 0 silent-3  drive      1.6 hold    0.40 early    0.67 late    0.01
  [2/168] seed 0 silent-2  drive      0.6 hold    1.15 early    0.10 late    1.89
  [4/168] seed 0 silent-4  drive      0.7 hold    0.61 early    1.81 late    1.03
  [15/168] seed 1 silent-1  drive      0.9 hold    0.74 early    0.53 late    1.32
  [21/168] seed 1 silent-8  drive      0.1 hold    1.33 early    1.88 late    0.03
  [16/168] seed 1 silent-2  drive      0.6 hold    1.40 early    0.29 late    2.12
  [23/168] seed 1 heard-2   drive    217.7 hold    0.01 early    0.25 late    0.88
  [17/168] seed 1 silent-3  drive      3.2 hold    0.40 early    0.10 late    1.23
  [18/168] seed 1 silent-4  drive      3.7 hold    0.08 early    0.04 late    0.15
  [24/168] seed 1 heard-3   drive    263.7 hold    0.35 early    2.52 late    0.50
  [22/168] seed 1 heard-1   drive    136.1 hold    1.18 early    0.16 late    1.56
  [20/168] seed 1 silent-6  drive      1.3 hold    0.01 early    0.01 late    0.06
  [28/168] seed 1 heard-8   drive     73.0 hold    3.25 early    1.13 late    2.62
  [25/168] seed 1 heard-4   drive    742.5 hold    2.40 early    2.26 late    0.46
  [19/168] seed 1 silent-5  drive      0.4 hold    0.42 early    1.50 late    0.95
  [27/168] seed 1 heard-6   drive    261.9 hold    0.01 early    0.10 late    0.33
  [26/168] seed 1 heard-5   drive    204.8 hold    0.53 early    2.46 late    1.46
  [30/168] seed 2 silent-2  drive      0.4 hold    0.41 early    0.42 late    0.13
  [32/168] seed 2 silent-4  drive      1.6 hold    0.34 early    1.54 late    0.61
  [29/168] seed 2 silent-1  drive      0.0 hold    1.96 early    0.69 late    1.66
  [34/168] seed 2 silent-6  drive      0.2 hold    0.71 early    0.61 late    0.25
  [31/168] seed 2 silent-3  drive      0.4 hold    1.88 early    4.16 late    1.11
  [33/168] seed 2 silent-5  drive      1.8 hold    1.87 early    0.88 late    0.50
  [35/168] seed 2 silent-8  drive      1.2 hold    0.55 early    1.03 late    0.00
  [36/168] seed 2 heard-1   drive    143.0 hold    0.95 early    0.37 late    1.04
  [39/168] seed 2 heard-4   drive    118.2 hold    0.36 early    0.32 late    0.03
  [38/168] seed 2 heard-3   drive    253.9 hold    6.06 early    4.44 late    2.89
  [37/168] seed 2 heard-2   drive    300.7 hold    1.30 early    0.72 late    1.50
  [41/168] seed 2 heard-6   drive     98.8 hold    0.09 early    1.36 late    0.28
  [40/168] seed 2 heard-5   drive    107.1 hold    1.35 early    0.94 late    1.24
  [42/168] seed 2 heard-8   drive     15.6 hold    0.17 early    0.12 late    0.07
  [43/168] seed 3 silent-1  drive      7.5 hold    0.04 early    1.55 late    0.40
  [44/168] seed 3 silent-2  drive      2.4 hold    0.04 early    0.99 late    0.52
  [49/168] seed 3 silent-8  drive      0.5 hold    0.02 early    0.16 late    0.31
  [50/168] seed 3 heard-1   drive    175.7 hold    2.68 early    0.53 late    0.47
  [46/168] seed 3 silent-4  drive      4.8 hold    1.10 early    1.34 late    0.13
  [47/168] seed 3 silent-5  drive      0.6 hold    1.25 early    0.97 late    0.44
  [45/168] seed 3 silent-3  drive      0.5 hold    0.48 early    0.90 late    2.69
  [48/168] seed 3 silent-6  drive      0.7 hold    1.23 early    0.37 late    0.49
  [52/168] seed 3 heard-3   drive    251.7 hold    2.43 early    3.70 late    0.49
  [53/168] seed 3 heard-4   drive    232.4 hold    2.60 early    2.92 late    0.76
  [51/168] seed 3 heard-2   drive    360.2 hold    1.33 early    0.10 late    2.46
  [54/168] seed 3 heard-5   drive    624.7 hold    0.25 early    0.30 late    0.28
  [56/168] seed 3 heard-8   drive    203.1 hold    0.67 early    1.63 late    0.75
  [55/168] seed 3 heard-6   drive    386.2 hold    0.07 early    0.07 late    0.33
  [58/168] seed 4 silent-2  drive      0.4 hold    0.27 early    1.11 late    1.36
  [57/168] seed 4 silent-1  drive      0.2 hold    0.30 early    0.15 late    0.08
  [62/168] seed 4 silent-6  drive      0.3 hold    1.85 early    0.98 late    0.39
  [61/168] seed 4 silent-5  drive      0.1 hold    0.32 early    0.41 late    0.05
  [59/168] seed 4 silent-3  drive      1.4 hold    2.72 early    5.37 late    0.02
  [63/168] seed 4 silent-8  drive      0.7 hold    0.31 early    0.83 late    0.59
  [65/168] seed 4 heard-2   drive    210.2 hold    3.80 early    0.64 late    2.07
  [60/168] seed 4 silent-4  drive      0.8 hold    0.19 early    0.13 late    0.29
  [66/168] seed 4 heard-3   drive    492.3 hold    0.79 early    1.15 late    1.84
  [64/168] seed 4 heard-1   drive    161.5 hold    0.61 early    0.82 late    0.33
  [67/168] seed 4 heard-4   drive    152.1 hold    1.15 early    2.53 late    0.08
  [68/168] seed 4 heard-5   drive     49.9 hold    0.34 early    0.40 late    0.10
  [70/168] seed 4 heard-8   drive     51.6 hold    0.94 early    0.07 late    1.41
  [72/168] seed 5 silent-2  drive      1.9 hold    1.22 early    3.55 late    0.52
  [69/168] seed 4 heard-6   drive    133.7 hold    0.04 early    0.61 late    0.19
  [74/168] seed 5 silent-4  drive      0.0 hold    0.48 early    4.00 late    0.64
  [71/168] seed 5 silent-1  drive      1.3 hold    3.26 early    0.93 late    3.20
  [75/168] seed 5 silent-5  drive      1.7 hold    0.58 early    0.26 late    1.09
  [73/168] seed 5 silent-3  drive      0.4 hold    2.12 early    0.22 late    2.11
  [76/168] seed 5 silent-6  drive      1.5 hold    0.04 early    0.68 late    0.21
  [77/168] seed 5 silent-8  drive      1.3 hold    1.15 early    2.21 late    0.07
  [79/168] seed 5 heard-2   drive    323.7 hold    2.41 early    2.18 late    0.94
  [80/168] seed 5 heard-3   drive    339.9 hold    1.77 early    1.64 late    3.41
  [81/168] seed 5 heard-4   drive    379.7 hold    1.42 early    0.93 late    0.63
  [78/168] seed 5 heard-1   drive    130.6 hold    0.13 early    1.20 late    0.57
  [82/168] seed 5 heard-5   drive    218.4 hold    1.63 early    0.88 late    1.45
  [84/168] seed 5 heard-8   drive     57.5 hold    0.01 early    0.42 late    0.32
  [85/168] seed 6 silent-1  drive      0.3 hold    0.03 early    0.20 late    0.44
  [86/168] seed 6 silent-2  drive      1.8 hold    1.21 early    1.37 late    0.20
  [83/168] seed 5 heard-6   drive     54.9 hold    0.18 early    0.04 late    0.06
  [87/168] seed 6 silent-3  drive      4.8 hold    3.38 early    4.41 late    1.45
  [88/168] seed 6 silent-4  drive      1.9 hold    0.67 early    0.65 late    0.41
  [91/168] seed 6 silent-8  drive      0.1 hold    0.55 early    0.88 late    0.03
  [93/168] seed 6 heard-2   drive    334.8 hold    3.52 early    1.80 late    1.77
  [89/168] seed 6 silent-5  drive      0.1 hold    0.06 early    0.12 late    0.83
  [92/168] seed 6 heard-1   drive    138.5 hold    0.02 early    1.56 late    2.42
  [90/168] seed 6 silent-6  drive      0.0 hold    0.28 early    0.41 late    0.02
  [96/168] seed 6 heard-5   drive    242.2 hold    0.05 early    0.43 late    0.70
  [95/168] seed 6 heard-4   drive    248.5 hold    5.57 early    4.76 late    0.73
  [94/168] seed 6 heard-3   drive    301.5 hold    2.80 early    3.60 late    0.61
  [97/168] seed 6 heard-6   drive    114.9 hold    0.30 early    0.34 late    2.58
  [99/168] seed 7 silent-1  drive      1.9 hold    0.57 early    0.96 late    0.08
  [101/168] seed 7 silent-3  drive      2.4 hold    2.08 early    1.98 late    0.28
  [100/168] seed 7 silent-2  drive      0.3 hold    0.35 early    0.00 late    0.56
  [102/168] seed 7 silent-4  drive      0.7 hold    1.45 early    1.68 late    0.12
  [98/168] seed 6 heard-8   drive     49.1 hold    0.05 early    0.49 late    0.93
  [105/168] seed 7 silent-8  drive      0.2 hold    1.03 early    0.52 late    0.86
  [103/168] seed 7 silent-5  drive      0.0 hold    0.03 early    0.06 late    0.25
  [109/168] seed 7 heard-4   drive    383.4 hold    3.11 early    2.58 late    0.39
  [110/168] seed 7 heard-5   drive    183.2 hold    1.01 early    0.63 late    0.70
  [106/168] seed 7 heard-1   drive    158.8 hold    1.60 early    0.80 late    2.08
  [107/168] seed 7 heard-2   drive    327.5 hold    1.02 early    1.45 late    0.04
  [111/168] seed 7 heard-6   drive    135.4 hold    0.62 early    1.61 late    0.88
  [108/168] seed 7 heard-3   drive    292.2 hold    0.15 early    1.14 late    0.23
  [104/168] seed 7 silent-6  drive      1.0 hold    0.10 early    0.04 late    0.21
  [113/168] seed 8 silent-1  drive      0.8 hold    2.70 early    0.75 late    1.78
  [112/168] seed 7 heard-8   drive     70.4 hold    1.33 early    2.88 late    0.21
  [116/168] seed 8 silent-4  drive      0.3 hold    1.87 early    4.14 late    1.35
  [115/168] seed 8 silent-3  drive      0.6 hold    0.92 early    0.88 late    0.09
  [117/168] seed 8 silent-5  drive      0.0 hold    0.03 early    0.10 late    0.09
  [114/168] seed 8 silent-2  drive      0.1 hold    1.63 early    1.39 late    0.41
  [118/168] seed 8 silent-6  drive      0.0 hold    0.33 early    0.13 late    0.82
  [121/168] seed 8 heard-2   drive    329.0 hold    0.59 early    1.46 late    0.82
  [119/168] seed 8 silent-8  drive      0.4 hold    1.82 early    0.32 late    2.20
  [122/168] seed 8 heard-3   drive    343.1 hold    1.63 early    0.42 late    1.02
  [124/168] seed 8 heard-5   drive    163.3 hold    0.22 early    0.02 late    0.40
  [120/168] seed 8 heard-1   drive    169.1 hold    2.00 early    0.12 late    1.20
  [123/168] seed 8 heard-4   drive    266.2 hold    2.49 early    7.44 late    0.20
  [127/168] seed 9 silent-1  drive      0.9 hold    0.66 early    0.95 late    0.07
  [126/168] seed 8 heard-8   drive     71.3 hold    0.57 early    1.08 late    1.08
  [125/168] seed 8 heard-6   drive     56.6 hold    1.54 early    0.17 late    0.77
  [129/168] seed 9 silent-3  drive      2.5 hold    0.54 early    0.27 late    0.45
  [130/168] seed 9 silent-4  drive      0.2 hold    1.59 early    0.18 late    3.07
  [128/168] seed 9 silent-2  drive      0.4 hold    0.30 early    0.00 late    0.56
  [134/168] seed 9 heard-1   drive    212.0 hold    0.22 early    0.55 late    0.29
  [133/168] seed 9 silent-8  drive      1.1 hold    2.92 early    0.94 late    2.43
  [132/168] seed 9 silent-6  drive      0.2 hold    0.15 early    1.39 late    0.02
  [131/168] seed 9 silent-5  drive      1.0 hold    0.46 early    0.47 late    0.53
  [135/168] seed 9 heard-2   drive    517.8 hold    1.52 early    0.45 late    0.65
  [136/168] seed 9 heard-3   drive    314.1 hold    2.41 early    3.47 late    0.86
  [138/168] seed 9 heard-5   drive    148.7 hold    0.06 early    0.12 late    0.24
  [140/168] seed 9 heard-8   drive    140.3 hold    0.09 early    0.72 late    1.44
  [137/168] seed 9 heard-4   drive    293.7 hold    1.33 early    1.47 late    0.33
  [142/168] seed 10 silent-2  drive      0.2 hold    0.14 early    0.02 late    0.27
  [141/168] seed 10 silent-1  drive      1.0 hold    1.77 early    1.09 late    2.04
  [143/168] seed 10 silent-3  drive      2.8 hold    0.23 early    1.70 late    0.50
  [139/168] seed 9 heard-6   drive    143.6 hold    0.72 early    0.18 late    0.60
  [146/168] seed 10 silent-6  drive      0.3 hold    0.82 early    2.44 late    0.00
  [145/168] seed 10 silent-5  drive      1.2 hold    0.07 early    0.63 late    0.35
  [144/168] seed 10 silent-4  drive      0.0 hold    0.09 early    0.33 late    0.00
  [148/168] seed 10 heard-1   drive    148.0 hold    0.84 early    1.16 late    1.84
  [147/168] seed 10 silent-8  drive      0.1 hold    0.65 early    1.01 late    0.43
  [149/168] seed 10 heard-2   drive    212.7 hold    0.02 early    0.78 late    1.58
  [151/168] seed 10 heard-4   drive    507.0 hold    3.60 early    8.86 late    1.98
  [150/168] seed 10 heard-3   drive    451.0 hold    5.17 early    4.37 late    0.46
  [152/168] seed 10 heard-5   drive    242.6 hold    0.07 early    0.10 late    0.02
  [153/168] seed 10 heard-6   drive    201.8 hold    1.28 early    0.45 late    0.88
  [154/168] seed 10 heard-8   drive     91.0 hold    1.90 early    1.60 late    0.68
  [156/168] seed 11 silent-2  drive      2.6 hold    1.60 early    0.09 late    4.75
  [161/168] seed 11 silent-8  drive      1.3 hold    0.19 early    0.39 late    0.80
  [155/168] seed 11 silent-1  drive      5.0 hold    0.04 early    0.17 late    1.28
  [159/168] seed 11 silent-5  drive      0.3 hold    0.62 early    0.18 late    0.36
  [157/168] seed 11 silent-3  drive      0.2 hold    1.95 early    2.68 late    0.32
  [163/168] seed 11 heard-2   drive    233.9 hold    5.83 early    2.07 late    1.36
  [162/168] seed 11 heard-1   drive    179.6 hold    0.60 early    0.01 late    0.02
  [160/168] seed 11 silent-6  drive      0.1 hold    0.05 early    0.16 late    0.09
  [158/168] seed 11 silent-4  drive      0.4 hold    0.74 early    1.26 late    0.13
  [164/168] seed 11 heard-3   drive    246.7 hold    1.46 early    3.04 late    0.18
  [166/168] seed 11 heard-5   drive    217.6 hold    0.90 early    0.85 late    0.76
  [167/168] seed 11 heard-6   drive    208.9 hold    1.59 early    2.59 late    0.32
  [165/168] seed 11 heard-4   drive    633.3 hold    7.40 early    4.26 late    4.44
  [168/168] seed 11 heard-8   drive     75.7 hold    0.32 early    1.09 late    0.02

  arm       drive SNR    HOLD SNR         early          late           duty d/h
  silent-1  1.7            1.44 +/- 0.46      1.14 +/- 0.43    1.10 +/- 0.28  0.50/0.49
  silent-2  1.0            0.81 +/- 0.18      0.78 +/- 0.30    1.11 +/- 0.38  0.50/0.49
  silent-3  1.7            1.43 +/- 0.31      1.95 +/- 0.52    0.85 +/- 0.25  0.50/0.49
  silent-4  1.3            0.77 +/- 0.17      1.43 +/- 0.40    0.66 +/- 0.25  0.50/0.49
  silent-5  0.7            0.54 +/- 0.16      0.54 +/- 0.13    0.46 +/- 0.10  0.50/0.49
  silent-6  0.5            0.52 +/- 0.16      0.62 +/- 0.20    0.27 +/- 0.08  0.50/0.49
  silent-8  0.6            0.88 +/- 0.24      0.86 +/- 0.19    0.66 +/- 0.24  0.50/0.49
  heard-1   157.2          0.98 +/- 0.23      0.65 +/- 0.14    1.09 +/- 0.22  0.43/0.54
  heard-2   310.4          2.01 +/- 0.50      1.14 +/- 0.21    1.29 +/- 0.19  0.44/0.54
  heard-3   327.8          2.11 +/- 0.54      2.62 +/- 0.39    1.22 +/- 0.31  0.44/0.52
  heard-4   367.5          2.77 +/- 0.57      3.67 +/- 0.76    0.87 +/- 0.36  0.47/0.52
  heard-5   235.6          0.73 +/- 0.21      0.87 +/- 0.29    0.61 +/- 0.15  0.47/0.55
  heard-6   164.4          0.57 +/- 0.17      0.66 +/- 0.23    0.60 +/- 0.20  0.42/0.50
  heard-8   80.5           0.82 +/- 0.27      0.95 +/- 0.23    0.95 +/- 0.22  0.47/0.56

  TRANSIENT ALIGNMENT (holds tiled in whole cycles, of 5)
    heard-1   1.0 Hz   3/5
    heard-2   2.0 Hz   5/5   <- FULLY tiled: most exposed
    heard-3   3.0 Hz   3/5
    heard-4   4.0 Hz   5/5   <- FULLY tiled: most exposed
    heard-5   5.0 Hz   3/5
    heard-6   6.0 Hz   5/5   <- FULLY tiled: most exposed
    heard-8   8.0 Hz   5/5   <- FULLY tiled: most exposed

  HOLD, heard against its own silent control
    heard-1   -0.45 over `silent-1`  (-0.9 SE)
    heard-2   +1.20 over `silent-2`  (+2.3 SE)
    heard-3   +0.69 over `silent-3`  (+1.1 SE)
    heard-4   +2.00 over `silent-4`  (+3.3 SE)
    heard-5   +0.19 over `silent-5`  (+0.7 SE)
    heard-6   +0.04 over `silent-6`  (+0.2 SE)
    heard-8   -0.06 over `silent-8`  (-0.2 SE)

  --- the reading ---
  THE BEAT OUTLASTS ITS DRIVER: `heard-4` holds SNR 2.77 through the silence,
  +3.3 SE over a creature that never heard anything. The caregiver is gone
  and the voice is still alternating at its rate.
  THAT IS A FRAME, not an interrupt, and it is the first thing in this
  project that keeps time. Check the early/late columns above: a real
  ring-out DECAYS, and a flat hold would mean the statistic is catching
  something structural instead.
