experiment: framehold
  instrument        framehold   trial seed 000000000135d3c8   1200000 ticks
                    another probe is another trial sequence: its numbers
                    are not comparable with these (~0.05 at 300 trials)
  seed family       offset 512821 -> first creature 00000000013cfafe  (nonzero = the
                    REPLICATION; family 0 gave one arm of four at +3.5 SE)
  what happened     `framecopy` looked spectacular and was trivial: the voice
                    alternated at the caregiver's rate because a SHIPPED
                    inhibitory auditory->vocal tract stops the babbling while
                    the creature hears something. An interrupt, not a frame.
  the tell          `heard` duty sat BELOW the silent baseline -- gated OFF --
                    while `oracle` rose to 0.83, driven ON. Anti-phase reflex,
                    not an oscillator.
  the discriminator PERSISTENCE, which is what made M1b real rather than a
                    pass-through: a reflex dies with its driver, an internal
                    beat rings on. Pulse 4 s, then SILENCE 4 s, and measure the
                    f-component DURING THE SILENCE.
  v1 WAS CONFOUNDED and this is the fix. Fixed 4 s holds repeat at 0.25 Hz,
    and every f tested is an exact harmonic of that -- so the single offset
    transient deposited power at precisely the measured frequency, with no
    rhythm required, right where v1's effect sat. The phase-tiling I was
    careful about is what CAUSED it.
  the correction    hold lengths now VARY (3.0/4.5/3.5/5.0/4.0 s) so transients
                    land incoherently, and the phase reference is ABSOLUTE
                    TIME so a ring-out inheriting the drive's phase still sums.
  not fakeable by   a slowly decaying inhibition returns the voice SMOOTHLY to
  a slow leak       baseline, which is broadband. Only continued ALTERNATION
                    puts power at f.

  PRE-REGISTERED
    positive control  `heard` SNR during the DRIVE must be large. If it is not,
                      the reflex is not even engaging and nothing else reads.
    persistence       `heard` hold-SNR >= 2.0 AND >= 3 SE over the matching
                      `silent` arm -> the beat outlasts its driver, which is a
                      FRAME rather than an interrupt.
    reflex only       hold-SNR at the silent baseline -> it dies with the
                      driver. No frame, and an internal oscillator on the
                      voicing gate becomes the next build.
    decay             early vs late halves of the hold, reported either way.
                      A real ring-out decays; a constant offset would suggest
                      the statistic is picking up something structural.

  [10/168] seed 0 heard-3   drive    410.9 hold    3.74 early    3.91 late    0.73
  [12/168] seed 0 heard-5   drive   1106.7 hold    0.63 early    0.26 late    0.39
  [14/168] seed 0 heard-8   drive    866.5 hold    0.59 early    0.83 late    1.70
  [8/168] seed 0 heard-1   drive    177.6 hold    0.82 early    0.20 late    0.08
  [6/168] seed 0 silent-6  drive      0.4 hold    1.67 early    2.59 late    1.11
  [9/168] seed 0 heard-2   drive    510.4 hold    2.94 early    2.49 late    0.20
  [13/168] seed 0 heard-6   drive    711.9 hold    0.82 early    1.94 late    0.79
  [1/168] seed 0 silent-1  drive      1.3 hold    0.16 early    1.00 late    1.76
  [3/168] seed 0 silent-3  drive      0.1 hold    0.90 early    0.02 late    2.33
  [11/168] seed 0 heard-4   drive   1438.8 hold    2.33 early    6.25 late    0.14
  [4/168] seed 0 silent-4  drive      1.0 hold    1.61 early    4.66 late    0.33
  [5/168] seed 0 silent-5  drive      0.6 hold    0.70 early    0.24 late    0.62
  [7/168] seed 0 silent-8  drive      0.9 hold    0.40 early    0.27 late    0.32
  [2/168] seed 0 silent-2  drive      2.3 hold    0.39 early    0.51 late    0.16
  [15/168] seed 1 silent-1  drive      1.3 hold    0.69 early    0.05 late    1.32
  [18/168] seed 1 silent-4  drive      1.6 hold    0.27 early    0.87 late    3.26
  [16/168] seed 1 silent-2  drive      1.7 hold    0.86 early    0.83 late    0.66
  [17/168] seed 1 silent-3  drive      0.9 hold    0.08 early    0.84 late    0.77
  [22/168] seed 1 heard-1   drive    164.3 hold    1.80 early    0.27 late    3.14
  [23/168] seed 1 heard-2   drive    442.2 hold    1.86 early    1.48 late    0.60
  [20/168] seed 1 silent-6  drive      0.1 hold    0.01 early    0.15 late    0.38
  [19/168] seed 1 silent-5  drive      0.9 hold    0.75 early    0.53 late    0.26
  [25/168] seed 1 heard-4   drive    764.9 hold    1.33 early    1.26 late    0.42
  [27/168] seed 1 heard-6   drive    820.7 hold    0.55 early    0.96 late    0.49
  [24/168] seed 1 heard-3   drive    398.0 hold    0.65 early    0.72 late    0.16
  [28/168] seed 1 heard-8   drive   1028.8 hold    0.53 early    1.61 late    1.08
  [21/168] seed 1 silent-8  drive      0.0 hold    1.13 early    0.06 late    2.44
  [26/168] seed 1 heard-5   drive   1165.8 hold    0.59 early    0.81 late    0.03
  [36/168] seed 2 heard-1   drive    151.9 hold    1.32 early    0.39 late    1.00
  [29/168] seed 2 silent-1  drive      0.3 hold    2.45 early    1.30 late    1.02
  [32/168] seed 2 silent-4  drive      0.1 hold    2.24 early    1.16 late    0.84
  [38/168] seed 2 heard-3   drive    485.2 hold    3.73 early    4.03 late    0.34
  [37/168] seed 2 heard-2   drive    489.4 hold    4.87 early    5.43 late    0.46
  [34/168] seed 2 silent-6  drive      1.8 hold    0.16 early    0.18 late    1.10
  [39/168] seed 2 heard-4   drive    920.2 hold    0.89 early    1.15 late    0.00
  [30/168] seed 2 silent-2  drive      0.4 hold    0.07 early    1.44 late    1.37
  [31/168] seed 2 silent-3  drive      1.1 hold    0.82 early    0.02 late    2.73
  [35/168] seed 2 silent-8  drive      0.5 hold    1.87 early    1.49 late    0.24
  [40/168] seed 2 heard-5   drive    564.5 hold    0.60 early    0.65 late    0.12
  [41/168] seed 2 heard-6   drive    896.9 hold    0.18 early    0.59 late    4.58
  [42/168] seed 2 heard-8   drive    512.7 hold    0.30 early    1.18 late    0.50
  [33/168] seed 2 silent-5  drive      0.1 hold    0.22 early    0.89 late    0.21
  [44/168] seed 3 silent-2  drive      5.2 hold    1.03 early    0.04 late    3.19
  [51/168] seed 3 heard-2   drive    385.2 hold    5.54 early    3.60 late    0.48
  [53/168] seed 3 heard-4   drive    727.1 hold    0.48 early    0.93 late    0.37
  [52/168] seed 3 heard-3   drive    568.9 hold    1.34 early    1.60 late    0.71
  [55/168] seed 3 heard-6   drive    771.3 hold    1.62 early    4.37 late    1.50
  [50/168] seed 3 heard-1   drive    162.9 hold    1.11 early    0.28 late    1.36
  [46/168] seed 3 silent-4  drive      0.8 hold    1.46 early    2.76 late    0.87
  [43/168] seed 3 silent-1  drive      3.2 hold    2.78 early    1.01 late    1.20
  [48/168] seed 3 silent-6  drive      2.1 hold    1.02 early    0.30 late    0.43
  [45/168] seed 3 silent-3  drive      0.3 hold    0.06 early    0.79 late    0.28
  [47/168] seed 3 silent-5  drive      2.6 hold    0.27 early    0.40 late    0.01
  [54/168] seed 3 heard-5   drive    998.6 hold    3.73 early    3.17 late    0.34
  [56/168] seed 3 heard-8   drive    628.6 hold    0.20 early    0.01 late    0.46
  [49/168] seed 3 silent-8  drive      0.7 hold    2.04 early    1.86 late    0.24
  [64/168] seed 4 heard-1   drive    165.9 hold    0.50 early    0.17 late    0.59
  [57/168] seed 4 silent-1  drive      0.3 hold    1.62 early    1.34 late    0.78
  [65/168] seed 4 heard-2   drive    457.6 hold    4.76 early    2.66 late    0.62
  [67/168] seed 4 heard-4   drive    471.9 hold    4.46 early    3.59 late    0.65
  [66/168] seed 4 heard-3   drive    394.6 hold    8.28 early    5.66 late    0.85
  [60/168] seed 4 silent-4  drive      0.1 hold    0.14 early    0.14 late    0.35
  [69/168] seed 4 heard-6   drive    199.2 hold    2.28 early    0.42 late    1.36
  [68/168] seed 4 heard-5   drive    299.2 hold    2.28 early    0.85 late    0.61
  [70/168] seed 4 heard-8   drive    314.7 hold    0.58 early    0.44 late    0.24
  [62/168] seed 4 silent-6  drive      0.3 hold    0.72 early    0.61 late    0.29
  [63/168] seed 4 silent-8  drive      2.8 hold    0.92 early    1.14 late    5.94
  [59/168] seed 4 silent-3  drive      1.1 hold    1.03 early    1.16 late    0.34
  [58/168] seed 4 silent-2  drive      0.1 hold    2.04 early    2.30 late    1.41
  [61/168] seed 4 silent-5  drive      1.7 hold    1.10 early    0.32 late    1.66
  [78/168] seed 5 heard-1   drive    142.3 hold    1.91 early    0.62 late    0.29
  [72/168] seed 5 silent-2  drive      3.4 hold    0.01 early    2.65 late    1.09
  [79/168] seed 5 heard-2   drive    356.7 hold    7.39 early    8.98 late    4.60
  [80/168] seed 5 heard-3   drive    454.4 hold    3.90 early    3.70 late    1.41
  [73/168] seed 5 silent-3  drive      0.3 hold    0.61 early    0.12 late    2.01
  [71/168] seed 5 silent-1  drive      1.0 hold    5.43 early    1.22 late    1.96
  [81/168] seed 5 heard-4   drive    298.1 hold    1.68 early    2.73 late    0.03
  [74/168] seed 5 silent-4  drive      0.3 hold    0.99 early    1.03 late    1.73
  [76/168] seed 5 silent-6  drive      0.8 hold    0.55 early    2.00 late    1.82
  [83/168] seed 5 heard-6   drive    571.0 hold    0.77 early    0.05 late    1.74
  [84/168] seed 5 heard-8   drive    295.7 hold    0.76 early    0.21 late    0.50
  [82/168] seed 5 heard-5   drive    690.6 hold    1.16 early    1.09 late    0.02
  [75/168] seed 5 silent-5  drive      0.6 hold    0.36 early    0.29 late    0.33
  [77/168] seed 5 silent-8  drive      1.9 hold    1.21 early    0.24 late    0.57
  [86/168] seed 6 silent-2  drive      0.5 hold    3.18 early    2.82 late    1.28
  [92/168] seed 6 heard-1   drive    168.4 hold    1.90 early    0.36 late    1.17
  [89/168] seed 6 silent-5  drive      0.8 hold    0.82 early    0.52 late    0.81
  [93/168] seed 6 heard-2   drive    429.7 hold    3.12 early    1.66 late    0.06
  [94/168] seed 6 heard-3   drive    503.3 hold    2.50 early    2.33 late    1.45
  [88/168] seed 6 silent-4  drive      1.4 hold    1.94 early    2.30 late    0.70
  [96/168] seed 6 heard-5   drive    936.9 hold    1.94 early    1.89 late    0.54
  [85/168] seed 6 silent-1  drive      2.5 hold    3.47 early    0.69 late    2.94
  [95/168] seed 6 heard-4   drive    416.3 hold    0.51 early    0.64 late    0.19
  [97/168] seed 6 heard-6   drive    916.0 hold    0.99 early    1.87 late    0.32
  [90/168] seed 6 silent-6  drive      0.0 hold    0.59 early    1.87 late    1.26
  [98/168] seed 6 heard-8   drive    555.4 hold    0.85 early    1.04 late    0.34
  [87/168] seed 6 silent-3  drive      0.2 hold    0.70 early    2.25 late    0.25
  [91/168] seed 6 silent-8  drive      0.6 hold    3.61 early    0.56 late    3.39
  [107/168] seed 7 heard-2   drive    530.5 hold    1.37 early    0.72 late    1.74
  [99/168] seed 7 silent-1  drive      2.0 hold    0.58 early    1.42 late    0.37
  [106/168] seed 7 heard-1   drive    158.4 hold    1.22 early    0.55 late    0.05
  [108/168] seed 7 heard-3   drive    438.5 hold    0.74 early    1.15 late    1.94
  [109/168] seed 7 heard-4   drive   1082.9 hold    1.94 early    1.47 late    3.06
  [112/168] seed 7 heard-8   drive   1057.6 hold    1.15 early    1.47 late    0.33
  [110/168] seed 7 heard-5   drive   1624.3 hold    0.26 early    1.16 late    0.08
  [102/168] seed 7 silent-4  drive      0.4 hold    4.28 early    4.84 late    1.95
  [105/168] seed 7 silent-8  drive      0.4 hold    0.32 early    2.26 late    1.55
  [100/168] seed 7 silent-2  drive      0.6 hold    1.10 early    0.11 late    1.89
  [111/168] seed 7 heard-6   drive   1054.1 hold    2.56 early    0.69 late    2.16
  [101/168] seed 7 silent-3  drive      0.4 hold    0.06 early    0.05 late    0.03
  [104/168] seed 7 silent-6  drive      0.6 hold    0.52 early    0.03 late    1.07
  [103/168] seed 7 silent-5  drive      0.4 hold    0.11 early    0.10 late    0.03
  [120/168] seed 8 heard-1   drive    174.4 hold    2.21 early    0.72 late    0.92
  [121/168] seed 8 heard-2   drive    510.2 hold    2.44 early    1.68 late    0.09
  [124/168] seed 8 heard-5   drive    907.7 hold    0.25 early    0.34 late    0.48
  [122/168] seed 8 heard-3   drive    603.3 hold    1.93 early    2.39 late    0.01
  [125/168] seed 8 heard-6   drive    773.2 hold    1.14 early    0.83 late    0.36
  [123/168] seed 8 heard-4   drive    607.9 hold    2.84 early    3.86 late    0.86
  [126/168] seed 8 heard-8   drive    382.7 hold    0.53 early    1.43 late    1.15
  [116/168] seed 8 silent-4  drive      2.6 hold    0.79 early    0.57 late    0.72
  [114/168] seed 8 silent-2  drive      0.4 hold    1.30 early    0.53 late    0.91
  [118/168] seed 8 silent-6  drive      0.1 hold    0.68 early    1.37 late    0.03
  [113/168] seed 8 silent-1  drive      0.5 hold    0.80 early    0.66 late    1.39
  [117/168] seed 8 silent-5  drive      0.8 hold    0.42 early    0.99 late    1.83
  [115/168] seed 8 silent-3  drive      0.1 hold    1.04 early    3.06 late    0.06
  [119/168] seed 8 silent-8  drive      0.1 hold    1.17 early    0.60 late    2.25
  [134/168] seed 9 heard-1   drive    150.2 hold    1.71 early    0.23 late    0.99
  [137/168] seed 9 heard-4   drive    750.3 hold    3.55 early    6.82 late    0.10
  [135/168] seed 9 heard-2   drive    391.3 hold    3.12 early    2.54 late    0.18
  [127/168] seed 9 silent-1  drive      0.9 hold    1.38 early    0.07 late    1.79
  [133/168] seed 9 silent-8  drive      0.8 hold    2.50 early    0.84 late    0.95
  [138/168] seed 9 heard-5   drive    609.9 hold    2.23 early    1.32 late    1.30
  [128/168] seed 9 silent-2  drive      0.4 hold    0.05 early    0.05 late    0.24
  [139/168] seed 9 heard-6   drive    400.1 hold    0.21 early    0.46 late    0.51
  [131/168] seed 9 silent-5  drive      0.2 hold    1.70 early    0.70 late    1.30
  [132/168] seed 9 silent-6  drive      3.4 hold    0.02 early    0.20 late    0.18
  [130/168] seed 9 silent-4  drive      0.3 hold    1.46 early    3.26 late    0.03
  [140/168] seed 9 heard-8   drive    293.3 hold    1.99 early    1.95 late    0.39
  [129/168] seed 9 silent-3  drive      0.5 hold    0.59 early    0.76 late    0.19
  [136/168] seed 9 heard-3   drive    529.9 hold    1.02 early    1.88 late    0.47
  [148/168] seed 10 heard-1   drive    182.4 hold    1.35 early    0.18 late    0.70
  [150/168] seed 10 heard-3   drive    546.2 hold    1.16 early    1.00 late    0.38
  [149/168] seed 10 heard-2   drive    447.6 hold    2.66 early    2.16 late    1.05
  [151/168] seed 10 heard-4   drive    795.4 hold    1.29 early    2.91 late    0.14
  [144/168] seed 10 silent-4  drive      2.0 hold    0.39 early    0.14 late    0.18
  [154/168] seed 10 heard-8   drive    586.5 hold    1.69 early    1.64 late    0.37
  [141/168] seed 10 silent-1  drive      1.3 hold    1.00 early    2.72 late    0.12
  [152/168] seed 10 heard-5   drive   1034.0 hold    3.23 early    1.24 late    1.10
  [153/168] seed 10 heard-6   drive    893.7 hold    3.19 early    0.06 late    2.59
  [146/168] seed 10 silent-6  drive      0.5 hold    0.18 early    0.68 late    0.22
  [143/168] seed 10 silent-3  drive      1.2 hold    1.04 early    0.15 late    0.71
  [147/168] seed 10 silent-8  drive      1.1 hold    1.05 early    1.05 late    0.25
  [142/168] seed 10 silent-2  drive      0.3 hold    1.39 early    3.73 late    0.02
  [157/168] seed 11 silent-3  drive      2.1 hold    1.20 early    0.63 late    1.90
  [145/168] seed 10 silent-5  drive      0.3 hold    6.41 early    0.42 late    8.06
  [163/168] seed 11 heard-2   drive    358.6 hold    2.94 early    3.13 late    1.02
  [156/168] seed 11 silent-2  drive      0.6 hold    0.06 early    0.25 late    0.26
  [164/168] seed 11 heard-3   drive    592.5 hold    1.01 early    1.17 late    0.43
  [162/168] seed 11 heard-1   drive    165.1 hold    0.79 early    0.51 late    4.34
  [158/168] seed 11 silent-4  drive      1.4 hold    0.82 early    0.48 late    4.90
  [155/168] seed 11 silent-1  drive      0.4 hold    3.11 early    0.76 late    3.66
  [161/168] seed 11 silent-8  drive      0.1 hold    0.78 early    2.88 late    0.43
  [165/168] seed 11 heard-4   drive    639.6 hold    2.53 early    2.60 late    0.30
  [160/168] seed 11 silent-6  drive      1.0 hold    0.24 early    0.73 late    0.02
  [159/168] seed 11 silent-5  drive      3.3 hold    1.02 early    2.23 late    0.04
  [167/168] seed 11 heard-6   drive    756.9 hold    0.30 early    0.56 late    0.80
  [168/168] seed 11 heard-8   drive    571.1 hold    0.13 early    0.02 late    0.24
  [166/168] seed 11 heard-5   drive   1427.1 hold    8.82 early    4.62 late    1.75

  arm       drive SNR    HOLD SNR         early          late           duty d/h
  silent-1  1.2            1.96 +/- 0.44      1.02 +/- 0.20    1.53 +/- 0.29  0.55/0.55
  silent-2  1.3            0.96 +/- 0.28      1.27 +/- 0.37    1.04 +/- 0.26  0.55/0.55
  silent-3  0.7            0.68 +/- 0.12      0.82 +/- 0.28    0.97 +/- 0.28  0.55/0.55
  silent-4  1.0            1.37 +/- 0.33      1.85 +/- 0.49    1.32 +/- 0.42  0.55/0.55
  silent-5  1.0            1.16 +/- 0.49      0.64 +/- 0.16    1.26 +/- 0.64  0.55/0.55
  silent-6  0.9            0.53 +/- 0.14      0.89 +/- 0.25    0.66 +/- 0.17  0.55/0.55
  silent-8  0.8            1.42 +/- 0.27      1.11 +/- 0.25    1.55 +/- 0.50  0.55/0.55
  heard-1   163.7          1.39 +/- 0.15      0.37 +/- 0.05    1.22 +/- 0.37  0.47/0.48
  heard-2   442.4          3.59 +/- 0.50      3.04 +/- 0.64    0.93 +/- 0.36  0.45/0.46
  heard-3   493.8          2.50 +/- 0.63      2.46 +/- 0.44    0.74 +/- 0.17  0.48/0.50
  heard-4   742.8          1.99 +/- 0.35      2.85 +/- 0.58    0.52 +/- 0.24  0.48/0.50
  heard-5   947.1          2.14 +/- 0.69      1.45 +/- 0.36    0.56 +/- 0.16  0.49/0.51
  heard-6   730.4          1.22 +/- 0.29      1.07 +/- 0.35    1.43 +/- 0.36  0.50/0.52
  heard-8   591.1          0.78 +/- 0.17      0.99 +/- 0.19    0.61 +/- 0.13  0.49/0.54

  TRANSIENT ALIGNMENT (holds tiled in whole cycles, of 5)
    heard-1   1.0 Hz   3/5
    heard-2   2.0 Hz   5/5   <- FULLY tiled: most exposed
    heard-3   3.0 Hz   3/5
    heard-4   4.0 Hz   5/5   <- FULLY tiled: most exposed
    heard-5   5.0 Hz   3/5
    heard-6   6.0 Hz   5/5   <- FULLY tiled: most exposed
    heard-8   8.0 Hz   5/5   <- FULLY tiled: most exposed

  HOLD, heard against its own silent control
    heard-1   -0.57 over `silent-1`  (-1.2 SE)
    heard-2   +2.63 over `silent-2`  (+4.6 SE)
    heard-3   +1.82 over `silent-3`  (+2.8 SE)
    heard-4   +0.62 over `silent-4`  (+1.3 SE)
    heard-5   +0.99 over `silent-5`  (+1.2 SE)
    heard-6   +0.69 over `silent-6`  (+2.2 SE)
    heard-8   -0.64 over `silent-8`  (-2.0 SE)

  --- the reading ---
  THE BEAT OUTLASTS ITS DRIVER: `heard-2` holds SNR 3.59 through the silence,
  +4.6 SE over a creature that never heard anything. The caregiver is gone
  and the voice is still alternating at its rate.
  THAT IS A FRAME, not an interrupt, and it is the first thing in this
  project that keeps time. Check the early/late columns above: a real
  ring-out DECAYS, and a flat hold would mean the statistic is catching
  something structural instead.
