experiment: framehold
  instrument        framehold   trial seed 000000000135d3c8   1200000 ticks
                    another probe is another trial sequence: its numbers
                    are not comparable with these (~0.05 at 300 trials)
  seed family       offset 512821 -> first creature 00000000013cfafe  (nonzero = the
                    REPLICATION; family 0 gave one arm of four at +3.5 SE)
  what happened     `framecopy` looked spectacular and was trivial: the voice
                    alternated at the caregiver's rate because a SHIPPED
                    inhibitory auditory->vocal tract stops the babbling while
                    the creature hears something. An interrupt, not a frame.
  the tell          `heard` duty sat BELOW the silent baseline -- gated OFF --
                    while `oracle` rose to 0.83, driven ON. Anti-phase reflex,
                    not an oscillator.
  the discriminator PERSISTENCE, which is what made M1b real rather than a
                    pass-through: a reflex dies with its driver, an internal
                    beat rings on. Pulse 4 s, then SILENCE 4 s, and measure the
                    f-component DURING THE SILENCE.
  v1 WAS CONFOUNDED and this is the fix. Fixed 4 s holds repeat at 0.25 Hz,
    and every f tested is an exact harmonic of that -- so the single offset
    transient deposited power at precisely the measured frequency, with no
    rhythm required, right where v1's effect sat. The phase-tiling I was
    careful about is what CAUSED it.
  the correction    hold lengths now VARY (3.0/4.5/3.5/5.0/4.0 s) so transients
                    land incoherently, and the phase reference is ABSOLUTE
                    TIME so a ring-out inheriting the drive's phase still sums.
  not fakeable by   a slowly decaying inhibition returns the voice SMOOTHLY to
  a slow leak       baseline, which is broadband. Only continued ALTERNATION
                    puts power at f.

  PRE-REGISTERED
    positive control  `heard` SNR during the DRIVE must be large. If it is not,
                      the reflex is not even engaging and nothing else reads.
    persistence       `heard` hold-SNR >= 2.0 AND >= 3 SE over the matching
                      `silent` arm -> the beat outlasts its driver, which is a
                      FRAME rather than an interrupt.
    reflex only       hold-SNR at the silent baseline -> it dies with the
                      driver. No frame, and an internal oscillator on the
                      voicing gate becomes the next build.
    decay             early vs late halves of the hold, reported either way.
                      A real ring-out decays; a constant offset would suggest
                      the statistic is picking up something structural.

  [5/168] seed 0 silent-5  drive      1.9 hold    0.00 early    0.41 late    0.10
  [9/168] seed 0 heard-2   drive    402.4 hold    1.63 early    0.02 late    2.63
  [2/168] seed 0 silent-2  drive      2.3 hold    3.24 early    2.34 late    0.77
  [7/168] seed 0 silent-8  drive      0.0 hold    1.65 early    2.51 late    0.36
  [10/168] seed 0 heard-3   drive    442.8 hold    6.00 early    5.29 late    0.43
  [6/168] seed 0 silent-6  drive      0.4 hold    0.23 early    0.14 late    0.21
  [11/168] seed 0 heard-4   drive    523.1 hold    5.89 early    7.31 late    2.46
  [1/168] seed 0 silent-1  drive      0.6 hold    0.15 early    1.26 late    0.36
  [14/168] seed 0 heard-8   drive    252.6 hold    0.88 early    0.83 late    0.65
  [12/168] seed 0 heard-5   drive    397.5 hold    0.01 early    0.20 late    0.29
  [4/168] seed 0 silent-4  drive      4.4 hold    0.90 early    0.40 late    2.55
  [8/168] seed 0 heard-1   drive    175.3 hold    0.94 early    0.08 late    0.17
  [3/168] seed 0 silent-3  drive      0.1 hold    0.12 early    0.90 late    0.97
  [13/168] seed 0 heard-6   drive    290.3 hold    0.68 early    0.33 late    1.21
  [17/168] seed 1 silent-3  drive      2.6 hold    0.28 early    2.36 late    2.90
  [18/168] seed 1 silent-4  drive      0.1 hold    0.24 early    1.06 late    0.43
  [16/168] seed 1 silent-2  drive      2.3 hold    0.83 early    1.29 late    0.37
  [22/168] seed 1 heard-1   drive    131.3 hold    0.20 early    0.11 late    2.72
  [19/168] seed 1 silent-5  drive      0.2 hold    0.17 early    0.24 late    0.12
  [20/168] seed 1 silent-6  drive      0.1 hold    0.03 early    0.44 late    0.49
  [23/168] seed 1 heard-2   drive    272.9 hold    3.26 early    1.76 late    2.17
  [15/168] seed 1 silent-1  drive      0.8 hold    0.65 early    0.53 late    0.12
  [24/168] seed 1 heard-3   drive    334.0 hold    2.79 early    2.27 late    1.13
  [26/168] seed 1 heard-5   drive    389.4 hold    0.08 early    0.65 late    0.94
  [25/168] seed 1 heard-4   drive    331.6 hold    2.27 early    2.11 late    0.98
  [21/168] seed 1 silent-8  drive      0.7 hold    1.57 early    0.71 late    1.38
  [27/168] seed 1 heard-6   drive    659.9 hold    0.36 early    0.48 late    0.27
  [28/168] seed 1 heard-8   drive    128.3 hold    1.80 early    1.68 late    0.25
  [29/168] seed 2 silent-1  drive      0.6 hold    0.33 early    0.54 late    1.73
  [34/168] seed 2 silent-6  drive      0.1 hold    0.31 early    0.76 late    0.01
  [33/168] seed 2 silent-5  drive      0.7 hold    0.10 early    0.44 late    0.26
  [35/168] seed 2 silent-8  drive      2.4 hold    0.67 early    0.04 late    1.80
  [30/168] seed 2 silent-2  drive      0.6 hold    0.13 early    0.13 late    0.39
  [39/168] seed 2 heard-4   drive    495.7 hold    1.70 early    0.75 late    1.18
  [38/168] seed 2 heard-3   drive    446.5 hold    2.50 early    1.44 late    0.69
  [31/168] seed 2 silent-3  drive      0.2 hold    0.38 early    1.30 late    0.39
  [37/168] seed 2 heard-2   drive    375.2 hold    0.70 early    0.20 late    1.15
  [32/168] seed 2 silent-4  drive      0.2 hold    0.17 early    1.66 late    4.20
  [40/168] seed 2 heard-5   drive    358.9 hold    0.73 early    0.52 late    0.90
  [42/168] seed 2 heard-8   drive    149.0 hold    2.82 early    2.23 late    1.07
  [41/168] seed 2 heard-6   drive    188.3 hold    2.63 early    3.14 late    0.12
  [36/168] seed 2 heard-1   drive    157.9 hold    3.26 early    0.88 late    0.76
  [43/168] seed 3 silent-1  drive      0.6 hold    1.86 early    0.35 late    2.38
  [44/168] seed 3 silent-2  drive      1.3 hold    1.12 early    0.30 late    1.83
  [45/168] seed 3 silent-3  drive      1.7 hold    0.68 early    0.35 late    0.61
  [49/168] seed 3 silent-8  drive      2.0 hold    1.50 early    0.92 late    1.34
  [46/168] seed 3 silent-4  drive      1.8 hold    0.07 early    1.03 late    0.29
  [50/168] seed 3 heard-1   drive    172.2 hold    1.76 early    0.10 late    1.52
  [48/168] seed 3 silent-6  drive      0.3 hold    0.73 early    0.04 late    0.62
  [51/168] seed 3 heard-2   drive    323.3 hold    1.87 early    0.62 late    0.60
  [47/168] seed 3 silent-5  drive      0.4 hold    0.09 early    0.59 late    0.16
  [53/168] seed 3 heard-4   drive    838.3 hold    3.35 early    2.02 late    1.54
  [52/168] seed 3 heard-3   drive    236.3 hold    9.17 early    5.68 late    0.24
  [54/168] seed 3 heard-5   drive    588.1 hold    0.34 early    0.35 late    0.72
  [55/168] seed 3 heard-6   drive    180.4 hold    0.86 early    1.10 late    0.41
  [57/168] seed 4 silent-1  drive      0.3 hold    0.84 early    0.26 late    1.44
  [56/168] seed 3 heard-8   drive    293.5 hold    0.48 early    0.64 late    0.93
  [58/168] seed 4 silent-2  drive      2.1 hold    0.68 early    3.08 late    0.25
  [59/168] seed 4 silent-3  drive      2.3 hold    0.21 early    1.27 late    2.19
  [60/168] seed 4 silent-4  drive      0.6 hold    0.80 early    0.24 late    0.24
  [61/168] seed 4 silent-5  drive      0.1 hold    0.51 early    2.15 late    0.22
  [62/168] seed 4 silent-6  drive      2.4 hold    0.20 early    0.12 late    0.45
  [63/168] seed 4 silent-8  drive      0.5 hold    1.41 early    0.72 late    1.84
  [64/168] seed 4 heard-1   drive    158.9 hold    1.49 early    0.61 late    0.78
  [69/168] seed 4 heard-6   drive    227.3 hold    1.33 early    2.31 late    0.37
  [65/168] seed 4 heard-2   drive    387.3 hold    0.07 early    0.16 late    0.15
  [66/168] seed 4 heard-3   drive    430.6 hold    2.90 early    2.76 late    0.83
  [68/168] seed 4 heard-5   drive    271.1 hold    1.14 early    1.75 late    0.43
  [67/168] seed 4 heard-4   drive    494.4 hold    3.02 early    1.39 late    3.05
  [70/168] seed 4 heard-8   drive    171.5 hold    0.03 early    0.01 late    0.08
  [71/168] seed 5 silent-1  drive      1.5 hold    0.07 early    0.82 late    0.35
  [72/168] seed 5 silent-2  drive      1.0 hold    0.13 early    0.83 late    0.16
  [73/168] seed 5 silent-3  drive      0.2 hold    3.24 early    1.60 late    0.99
  [77/168] seed 5 silent-8  drive      0.2 hold    0.62 early    2.01 late    0.01
  [74/168] seed 5 silent-4  drive      0.1 hold    0.78 early    0.24 late    0.67
  [75/168] seed 5 silent-5  drive      0.7 hold    0.07 early    0.41 late    0.41
  [76/168] seed 5 silent-6  drive      0.2 hold    2.38 early    0.62 late    1.91
  [78/168] seed 5 heard-1   drive    192.2 hold    1.60 early    0.07 late    0.87
  [79/168] seed 5 heard-2   drive    245.6 hold    5.00 early    1.87 late    0.90
  [80/168] seed 5 heard-3   drive    233.1 hold    8.96 early   10.15 late    0.91
  [81/168] seed 5 heard-4   drive    427.1 hold    2.56 early    2.98 late    0.00
  [85/168] seed 6 silent-1  drive      0.8 hold    0.21 early    1.01 late    0.59
  [84/168] seed 5 heard-8   drive    155.1 hold    0.86 early    1.08 late    0.03
  [82/168] seed 5 heard-5   drive    299.5 hold    0.13 early    0.08 late    0.35
  [86/168] seed 6 silent-2  drive      0.8 hold    0.75 early    1.55 late    0.10
  [83/168] seed 5 heard-6   drive    232.8 hold    0.35 early    0.03 late    0.20
  [87/168] seed 6 silent-3  drive      0.6 hold    1.35 early    0.12 late    1.52
  [88/168] seed 6 silent-4  drive      0.5 hold    0.27 early    0.53 late    2.72
  [89/168] seed 6 silent-5  drive      0.1 hold    0.10 early    0.09 late    0.01
  [91/168] seed 6 silent-8  drive      0.1 hold    0.17 early    0.40 late    0.03
  [90/168] seed 6 silent-6  drive      0.9 hold    2.32 early    0.12 late    2.05
  [92/168] seed 6 heard-1   drive    202.5 hold    1.16 early    0.51 late    2.31
  [95/168] seed 6 heard-4   drive    399.4 hold    1.57 early    1.02 late    1.05
  [94/168] seed 6 heard-3   drive    555.2 hold    2.06 early    1.60 late    0.59
  [93/168] seed 6 heard-2   drive    386.5 hold    4.78 early    0.33 late    5.99
  [98/168] seed 6 heard-8   drive    123.8 hold    0.41 early    3.12 late    2.79
  [96/168] seed 6 heard-5   drive    275.9 hold    0.83 early    0.08 late    0.52
  [97/168] seed 6 heard-6   drive    585.5 hold    0.25 early    0.87 late    0.56
  [99/168] seed 7 silent-1  drive      0.2 hold    0.47 early    0.72 late    0.03
  [101/168] seed 7 silent-3  drive      3.0 hold    0.55 early    2.21 late    0.11
  [100/168] seed 7 silent-2  drive      0.0 hold    2.06 early    1.30 late    0.45
  [102/168] seed 7 silent-4  drive      1.0 hold    0.30 early    0.32 late    0.24
  [103/168] seed 7 silent-5  drive      0.6 hold    0.45 early    1.35 late    0.45
  [104/168] seed 7 silent-6  drive      0.0 hold    0.50 early    0.07 late    1.32
  [106/168] seed 7 heard-1   drive    170.3 hold    0.13 early    0.41 late    0.79
  [105/168] seed 7 silent-8  drive      0.3 hold    3.30 early    3.97 late    0.73
  [107/168] seed 7 heard-2   drive    426.6 hold    0.48 early    0.03 late    0.08
  [110/168] seed 7 heard-5   drive    392.4 hold    0.43 early    0.76 late    0.64
  [109/168] seed 7 heard-4   drive    602.4 hold    0.83 early    3.82 late    1.89
  [111/168] seed 7 heard-6   drive    270.7 hold    0.05 early    1.05 late    1.19
  [108/168] seed 7 heard-3   drive    352.7 hold    4.35 early    5.72 late    0.10
  [113/168] seed 8 silent-1  drive      1.4 hold    0.68 early    0.18 late    1.57
  [114/168] seed 8 silent-2  drive      0.9 hold    0.11 early    0.80 late    0.56
  [112/168] seed 7 heard-8   drive    188.4 hold    2.26 early    0.59 late    1.85
  [115/168] seed 8 silent-3  drive      1.6 hold    0.04 early    0.49 late    0.20
  [116/168] seed 8 silent-4  drive      0.4 hold    3.14 early    4.03 late    1.36
  [117/168] seed 8 silent-5  drive      1.6 hold    2.81 early    0.16 late    3.02
  [118/168] seed 8 silent-6  drive      0.6 hold    0.15 early    0.30 late    0.02
  [119/168] seed 8 silent-8  drive      0.7 hold    0.74 early    1.95 late    0.02
  [120/168] seed 8 heard-1   drive    202.4 hold    1.06 early    0.09 late    0.80
  [121/168] seed 8 heard-2   drive    412.1 hold    0.90 early    0.15 late    0.88
  [122/168] seed 8 heard-3   drive    465.4 hold    0.47 early    0.96 late    0.42
  [123/168] seed 8 heard-4   drive    454.1 hold    3.26 early    4.89 late    0.71
  [127/168] seed 9 silent-1  drive      0.4 hold    2.25 early    2.73 late    1.80
  [124/168] seed 8 heard-5   drive    328.2 hold    0.13 early    1.20 late    0.44
  [125/168] seed 8 heard-6   drive    293.7 hold    0.04 early    0.17 late    0.34
  [129/168] seed 9 silent-3  drive      0.3 hold    1.15 early    0.95 late    0.76
  [128/168] seed 9 silent-2  drive      2.7 hold    0.09 early    0.27 late    0.39
  [126/168] seed 8 heard-8   drive    123.3 hold    1.56 early    0.60 late    0.69
  [130/168] seed 9 silent-4  drive      1.8 hold    5.87 early    6.79 late    0.75
  [132/168] seed 9 silent-6  drive      0.5 hold    0.46 early    0.65 late    0.02
  [133/168] seed 9 silent-8  drive      0.2 hold    1.66 early    0.38 late    2.40
  [134/168] seed 9 heard-1   drive    179.4 hold    1.80 early    0.03 late    1.20
  [131/168] seed 9 silent-5  drive      1.0 hold    0.21 early    0.30 late    1.00
  [138/168] seed 9 heard-5   drive    976.3 hold    0.54 early    0.19 late    0.57
  [135/168] seed 9 heard-2   drive    466.6 hold    2.34 early    0.52 late    0.43
  [137/168] seed 9 heard-4   drive    407.7 hold    2.12 early    3.22 late    0.53
  [136/168] seed 9 heard-3   drive    395.6 hold    1.79 early    2.03 late    0.54
  [140/168] seed 9 heard-8   drive    154.8 hold    0.10 early    0.54 late    0.13
  [141/168] seed 10 silent-1  drive      1.3 hold    0.35 early    0.63 late    0.01
  [139/168] seed 9 heard-6   drive    300.7 hold    1.23 early    3.26 late    0.42
  [142/168] seed 10 silent-2  drive      0.5 hold    0.44 early    0.14 late    1.41
  [143/168] seed 10 silent-3  drive      0.6 hold    0.59 early    2.53 late    2.41
  [144/168] seed 10 silent-4  drive      0.2 hold    0.22 early    0.87 late    0.16
  [145/168] seed 10 silent-5  drive      0.3 hold    0.09 early    0.24 late    0.02
  [147/168] seed 10 silent-8  drive      1.5 hold    2.86 early    2.69 late    0.35
  [146/168] seed 10 silent-6  drive      2.3 hold    0.70 early    0.24 late    1.08
  [148/168] seed 10 heard-1   drive    152.1 hold    1.99 early    0.62 late    0.44
  [150/168] seed 10 heard-3   drive    357.1 hold    5.36 early    8.60 late    0.45
  [149/168] seed 10 heard-2   drive    328.7 hold    2.61 early    1.04 late    0.36
  [151/168] seed 10 heard-4   drive    491.8 hold    1.10 early    0.54 late    1.20
  [153/168] seed 10 heard-6   drive    550.6 hold    0.01 early    0.50 late    0.31
  [152/168] seed 10 heard-5   drive    731.1 hold    0.23 early    0.25 late    1.42
  [154/168] seed 10 heard-8   drive    143.9 hold    0.32 early    0.08 late    0.49
  [160/168] seed 11 silent-6  drive      0.2 hold    0.22 early    0.33 late    0.13
  [156/168] seed 11 silent-2  drive      1.1 hold    0.04 early    0.34 late    0.33
  [155/168] seed 11 silent-1  drive      0.3 hold    0.32 early    0.06 late    0.34
  [162/168] seed 11 heard-1   drive    114.5 hold    0.66 early    0.01 late    0.02
  [157/168] seed 11 silent-3  drive      0.2 hold    0.93 early    2.06 late    0.13
  [158/168] seed 11 silent-4  drive      0.5 hold    2.40 early    2.59 late    2.81
  [164/168] seed 11 heard-3   drive    371.9 hold    6.38 early    8.14 late    1.87
  [163/168] seed 11 heard-2   drive    450.4 hold    3.42 early    2.03 late    6.04
  [159/168] seed 11 silent-5  drive      0.0 hold    0.19 early    0.06 late    0.42
  [161/168] seed 11 silent-8  drive      1.9 hold    0.10 early    0.08 late    0.11
  [166/168] seed 11 heard-5   drive   1090.9 hold    0.36 early    0.15 late    1.03
  [165/168] seed 11 heard-4   drive    579.8 hold    2.25 early    0.89 late    1.73
  [167/168] seed 11 heard-6   drive    393.6 hold    0.12 early    0.21 late    0.75
  [168/168] seed 11 heard-8   drive     97.1 hold    2.26 early    1.65 late    0.91

  arm       drive SNR    HOLD SNR         early          late           duty d/h
  silent-1  0.7            0.68 +/- 0.20      0.76 +/- 0.21    0.89 +/- 0.24  0.44/0.44
  silent-2  1.3            0.80 +/- 0.28      1.03 +/- 0.27    0.58 +/- 0.15  0.44/0.44
  silent-3  1.1            0.79 +/- 0.25      1.35 +/- 0.24    1.10 +/- 0.27  0.44/0.44
  silent-4  1.0            1.26 +/- 0.50      1.65 +/- 0.57    1.37 +/- 0.39  0.44/0.44
  silent-5  0.6            0.40 +/- 0.22      0.54 +/- 0.18    0.52 +/- 0.24  0.44/0.44
  silent-6  0.7            0.69 +/- 0.23      0.32 +/- 0.07    0.69 +/- 0.21  0.44/0.44
  silent-8  0.9            1.35 +/- 0.28      1.36 +/- 0.36    0.86 +/- 0.24  0.44/0.44
  heard-1   167.4          1.34 +/- 0.25      0.29 +/- 0.09    1.03 +/- 0.23  0.40/0.49
  heard-2   373.1          2.26 +/- 0.47      0.73 +/- 0.22    1.78 +/- 0.61  0.39/0.46
  heard-3   385.1          4.40 +/- 0.81      4.55 +/- 0.91    0.68 +/- 0.14  0.42/0.47
  heard-4   503.8          2.49 +/- 0.39      2.58 +/- 0.58    1.36 +/- 0.24  0.43/0.49
  heard-5   508.3          0.41 +/- 0.10      0.52 +/- 0.15    0.69 +/- 0.10  0.42/0.48
  heard-6   347.8          0.66 +/- 0.22      1.12 +/- 0.33    0.51 +/- 0.10  0.42/0.51
  heard-8   165.1          1.15 +/- 0.28      1.09 +/- 0.27    0.82 +/- 0.23  0.42/0.53

  TRANSIENT ALIGNMENT (holds tiled in whole cycles, of 5)
    heard-1   1.0 Hz   3/5
    heard-2   2.0 Hz   5/5   <- FULLY tiled: most exposed
    heard-3   3.0 Hz   3/5
    heard-4   4.0 Hz   5/5   <- FULLY tiled: most exposed
    heard-5   5.0 Hz   3/5
    heard-6   6.0 Hz   5/5   <- FULLY tiled: most exposed
    heard-8   8.0 Hz   5/5   <- FULLY tiled: most exposed

  HOLD, heard against its own silent control
    heard-1   +0.66 over `silent-1`  (+2.1 SE)
    heard-2   +1.46 over `silent-2`  (+2.7 SE)
    heard-3   +3.60 over `silent-3`  (+4.2 SE)
    heard-4   +1.23 over `silent-4`  (+1.9 SE)
    heard-5   +0.01 over `silent-5`  (+0.1 SE)
    heard-6   -0.03 over `silent-6`  (-0.1 SE)
    heard-8   -0.21 over `silent-8`  (-0.5 SE)

  --- the reading ---
  THE BEAT OUTLASTS ITS DRIVER: `heard-3` holds SNR 4.40 through the silence,
  +4.2 SE over a creature that never heard anything. The caregiver is gone
  and the voice is still alternating at its rate.
  THAT IS A FRAME, not an interrupt, and it is the first thing in this
  project that keeps time. Check the early/late columns above: a real
  ring-out DECAYS, and a flat hold would mean the statistic is catching
  something structural instead.
