experiment: framehold
  instrument        framehold   trial seed 000000000135d3c8   1200000 ticks
                    another probe is another trial sequence: its numbers
                    are not comparable with these (~0.05 at 300 trials)
  what happened     `framecopy` looked spectacular and was trivial: the voice
                    alternated at the caregiver's rate because a SHIPPED
                    inhibitory auditory->vocal tract stops the babbling while
                    the creature hears something. An interrupt, not a frame.
  the tell          `heard` duty sat BELOW the silent baseline -- gated OFF --
                    while `oracle` rose to 0.83, driven ON. Anti-phase reflex,
                    not an oscillator.
  the discriminator PERSISTENCE, which is what made M1b real rather than a
                    pass-through: a reflex dies with its driver, an internal
                    beat rings on. Pulse 4 s, then SILENCE 4 s, and measure the
                    f-component DURING THE SILENCE.
  phase is kept     every f tiles the 4 s block in whole cycles (4, 8, 12, 16),
                    so concatenated hold segments do not smear. A fractional
                    cycle would manufacture a null.
  not fakeable by   a slowly decaying inhibition returns the voice SMOOTHLY to
  a slow leak       baseline, which is broadband. Only continued ALTERNATION
                    puts power at f.

  PRE-REGISTERED
    positive control  `heard` SNR during the DRIVE must be large. If it is not,
                      the reflex is not even engaging and nothing else reads.
    persistence       `heard` hold-SNR >= 2.0 AND >= 3 SE over the matching
                      `silent` arm -> the beat outlasts its driver, which is a
                      FRAME rather than an interrupt.
    reflex only       hold-SNR at the silent baseline -> it dies with the
                      driver. No frame, and an internal oscillator on the
                      voicing gate becomes the next build.
    decay             early vs late halves of the hold, reported either way.
                      A real ring-out decays; a constant offset would suggest
                      the statistic is picking up something structural.

  [9/96] seed 1 silent-1  drive      0.2 hold    1.17 early    3.18 late    2.91
  [4/96] seed 0 silent-4  drive      0.5 hold    1.41 early    2.08 late    0.32
  [14/96] seed 1 heard-2   drive    606.2 hold    2.57 early    1.28 late    1.26
  [7/96] seed 0 heard-3   drive    486.2 hold    2.72 early    7.69 late    0.06
  [10/96] seed 1 silent-2  drive      1.2 hold    3.52 early    3.24 late    0.82
  [2/96] seed 0 silent-2  drive      0.0 hold    1.63 early    4.52 late    0.22
  [6/96] seed 0 heard-2   drive    406.9 hold    1.33 early    2.01 late    0.66
  [1/96] seed 0 silent-1  drive      1.1 hold    0.16 early    0.91 late    0.19
  [11/96] seed 1 silent-3  drive      1.8 hold    0.69 early    0.18 late    1.72
  [12/96] seed 1 silent-4  drive      5.0 hold    0.78 early    0.60 late    0.19
  [3/96] seed 0 silent-3  drive      4.1 hold    2.80 early    1.87 late    4.03
  [13/96] seed 1 heard-1   drive    745.6 hold    2.56 early   16.59 late    0.06
  [8/96] seed 0 heard-4   drive    607.5 hold    0.70 early    0.80 late    1.40
  [5/96] seed 0 heard-1   drive    594.6 hold    5.80 early   18.49 late    0.82
  [16/96] seed 1 heard-4   drive    370.9 hold    3.55 early    5.46 late    0.49
  [24/96] seed 2 heard-4   drive    540.0 hold    7.60 early    7.04 late    2.34
  [18/96] seed 2 silent-2  drive      0.3 hold    1.10 early    1.21 late    0.52
  [23/96] seed 2 heard-3   drive   1227.2 hold    0.86 early    0.00 late    2.24
  [15/96] seed 1 heard-3   drive    575.6 hold    4.25 early    5.81 late    0.69
  [17/96] seed 2 silent-1  drive      0.7 hold    6.06 early    1.80 late    2.90
  [19/96] seed 2 silent-3  drive      0.3 hold    0.84 early    0.14 late    1.82
  [21/96] seed 2 heard-1   drive    807.7 hold    2.05 early    6.80 late    0.24
  [28/96] seed 3 silent-4  drive      0.1 hold    0.33 early    0.57 late    0.22
  [22/96] seed 2 heard-2   drive   1134.6 hold    0.03 early    1.68 late    0.89
  [27/96] seed 3 silent-3  drive      3.3 hold    1.57 early    0.98 late    1.24
  [25/96] seed 3 silent-1  drive      3.9 hold    1.63 early    1.52 late    0.48
  [20/96] seed 2 silent-4  drive      0.9 hold    2.24 early    2.02 late    1.18
  [26/96] seed 3 silent-2  drive      1.3 hold    0.25 early    0.33 late    1.51
  [29/96] seed 3 heard-1   drive   1149.7 hold    6.32 early   11.94 late    1.91
  [34/96] seed 4 silent-2  drive      0.3 hold    0.60 early    1.64 late    0.04
  [33/96] seed 4 silent-1  drive      0.3 hold    0.33 early    0.35 late    1.75
  [31/96] seed 3 heard-3   drive    631.6 hold    3.08 early    8.38 late    1.79
  [40/96] seed 4 heard-4   drive    706.0 hold    2.49 early    2.47 late    0.24
  [30/96] seed 3 heard-2   drive    650.4 hold    2.73 early    1.67 late    2.21
  [38/96] seed 4 heard-2   drive    623.2 hold    1.52 early    1.82 late    0.35
  [32/96] seed 3 heard-4   drive   1126.1 hold    2.13 early    4.92 late    1.27
  [36/96] seed 4 silent-4  drive      0.4 hold    0.62 early    1.28 late    1.05
  [35/96] seed 4 silent-3  drive      0.7 hold    0.15 early    0.95 late    0.23
  [37/96] seed 4 heard-1   drive   1126.9 hold    7.06 early   16.53 late    3.63
  [41/96] seed 5 silent-1  drive      0.3 hold    0.03 early    0.02 late    0.13
  [39/96] seed 4 heard-3   drive    793.4 hold    2.23 early    4.95 late    0.12
  [42/96] seed 5 silent-2  drive      1.4 hold    0.35 early    0.79 late    0.30
  [43/96] seed 5 silent-3  drive      2.3 hold    0.16 early    0.47 late    0.42
  [44/96] seed 5 silent-4  drive      1.7 hold    1.14 early    3.04 late    0.04
  [50/96] seed 6 silent-2  drive      2.5 hold    3.41 early    1.85 late    1.72
  [45/96] seed 5 heard-1   drive   1363.7 hold    3.18 early    4.67 late    3.94
  [47/96] seed 5 heard-3   drive    824.2 hold    4.20 early    2.91 late    2.75
  [46/96] seed 5 heard-2   drive   1008.5 hold    0.57 early    0.37 late    0.60
  [48/96] seed 5 heard-4   drive   1755.7 hold    0.69 early    1.13 late    0.04
  [51/96] seed 6 silent-3  drive      0.7 hold    0.54 early    0.31 late    0.49
  [49/96] seed 6 silent-1  drive      0.8 hold    0.09 early    0.30 late    0.33
  [52/96] seed 6 silent-4  drive      0.1 hold    2.41 early    0.46 late    2.55
  [55/96] seed 6 heard-3   drive    717.4 hold    7.39 early   14.63 late    2.23
  [56/96] seed 6 heard-4   drive    678.8 hold    0.33 early    0.04 late    0.69
  [53/96] seed 6 heard-1   drive    893.0 hold    5.93 early   16.29 late    0.57
  [54/96] seed 6 heard-2   drive    659.3 hold    2.73 early    4.91 late    0.11
  [57/96] seed 7 silent-1  drive      1.1 hold    2.03 early    1.61 late    0.58
  [60/96] seed 7 silent-4  drive      0.9 hold    0.30 early    1.18 late    0.83
  [61/96] seed 7 heard-1   drive   1474.4 hold    2.41 early   13.81 late    0.08
  [59/96] seed 7 silent-3  drive      1.6 hold    0.46 early    1.53 late    0.56
  [58/96] seed 7 silent-2  drive      0.2 hold    0.56 early    1.79 late    0.84
  [64/96] seed 7 heard-4   drive    640.4 hold    8.12 early    5.12 late    0.10
  [65/96] seed 8 silent-1  drive      1.1 hold    1.49 early    3.24 late    0.04
  [66/96] seed 8 silent-2  drive      2.6 hold    0.47 early    3.16 late    1.80
  [62/96] seed 7 heard-2   drive    931.7 hold    0.49 early    2.57 late    2.06
  [68/96] seed 8 silent-4  drive      0.4 hold    0.98 early    1.07 late    0.08
  [63/96] seed 7 heard-3   drive   1060.7 hold    3.08 early    9.01 late    2.72
  [67/96] seed 8 silent-3  drive      2.1 hold    2.35 early    0.52 late    2.56
  [69/96] seed 8 heard-1   drive    510.1 hold    8.18 early   17.76 late    3.58
  [70/96] seed 8 heard-2   drive    520.7 hold    0.60 early    1.21 late    0.11
  [71/96] seed 8 heard-3   drive    549.5 hold    1.12 early    3.67 late    0.41
  [74/96] seed 9 silent-2  drive      2.8 hold    0.79 early    0.47 late    0.66
  [72/96] seed 8 heard-4   drive    364.7 hold    1.15 early    1.68 late    0.27
  [75/96] seed 9 silent-3  drive      1.0 hold    0.65 early    1.74 late    4.92
  [76/96] seed 9 silent-4  drive      1.1 hold    1.35 early    0.90 late    2.46
  [73/96] seed 9 silent-1  drive      1.4 hold    0.48 early    0.26 late    0.17
  [82/96] seed 10 silent-2  drive      0.3 hold    2.30 early    1.50 late    1.24
  [81/96] seed 10 silent-1  drive      2.2 hold    3.06 early    1.26 late    2.78
  [77/96] seed 9 heard-1   drive    697.8 hold    1.36 early    9.69 late    5.29
  [78/96] seed 9 heard-2   drive   1018.4 hold    2.25 early    1.28 late    3.46
  [79/96] seed 9 heard-3   drive    597.8 hold    1.57 early    3.51 late    1.46
  [80/96] seed 9 heard-4   drive    876.3 hold    0.93 early    2.59 late    0.44
  [85/96] seed 10 heard-1   drive   1067.1 hold    1.50 early    5.03 late    0.43
  [83/96] seed 10 silent-3  drive      2.3 hold    0.05 early    0.51 late    0.15
  [84/96] seed 10 silent-4  drive      0.2 hold    0.13 early    0.14 late    0.07
  [87/96] seed 10 heard-3   drive    854.5 hold    5.96 early   11.69 late    2.32
  [90/96] seed 11 silent-2  drive      1.6 hold    0.94 early    0.97 late    0.37
  [93/96] seed 11 heard-1   drive   1434.3 hold    5.26 early    8.88 late    3.93
  [91/96] seed 11 silent-3  drive      4.6 hold    0.13 early    0.98 late    1.79
  [92/96] seed 11 silent-4  drive      2.1 hold    0.68 early    0.27 late    0.26
  [89/96] seed 11 silent-1  drive      0.5 hold    0.92 early    0.40 late    1.93
  [88/96] seed 10 heard-4   drive    902.9 hold    2.13 early    1.36 late    1.08
  [86/96] seed 10 heard-2   drive    871.9 hold    2.12 early    0.22 late    4.63
  [94/96] seed 11 heard-2   drive    817.7 hold    2.10 early    2.36 late    1.04
  [95/96] seed 11 heard-3   drive    865.4 hold    1.37 early    3.04 late    1.89
  [96/96] seed 11 heard-4   drive   1068.2 hold    3.11 early    3.65 late    0.53

  arm       drive SNR    HOLD SNR         early          late           duty d/h
  silent-1  1.1            1.45 +/- 0.49      1.24 +/- 0.32    1.18 +/- 0.34  0.57/0.57
  silent-2  1.2            1.33 +/- 0.33      1.79 +/- 0.36    0.84 +/- 0.17  0.57/0.57
  silent-3  2.1            0.87 +/- 0.26      0.85 +/- 0.17    1.66 +/- 0.44  0.57/0.57
  silent-4  1.1            1.03 +/- 0.21      1.14 +/- 0.25    0.77 +/- 0.26  0.57/0.57
  heard-1   988.7          4.30 +/- 0.69     12.21 +/- 1.46    2.04 +/- 0.55  0.49/0.60
  heard-2   770.8          1.59 +/- 0.28      1.78 +/- 0.35    1.45 +/- 0.41  0.46/0.55
  heard-3   765.3          3.15 +/- 0.58      6.27 +/- 1.20    1.56 +/- 0.29  0.50/0.55
  heard-4   803.1          2.74 +/- 0.75      3.02 +/- 0.63    0.74 +/- 0.19  0.50/0.56

  HOLD, heard against its own silent control
    heard-1   +2.85 over `silent-1`  (+3.4 SE)
    heard-2   +0.26 over `silent-2`  (+0.6 SE)
    heard-3   +2.28 over `silent-3`  (+3.6 SE)
    heard-4   +1.71 over `silent-4`  (+2.2 SE)

  --- the reading ---
  THE BEAT OUTLASTS ITS DRIVER: `heard-3` holds SNR 3.15 through the silence,
  +3.6 SE over a creature that never heard anything. The caregiver is gone
  and the voice is still alternating at its rate.
  THAT IS A FRAME, not an interrupt, and it is the first thing in this
  project that keeps time. Check the early/late columns above: a real
  ring-out DECAYS, and a flat hold would mean the statistic is catching
  something structural instead.
