experiment: gapwrite
  instrument        gapwrite   trial seed 000000000135bdb9   2000 trials
                    another probe is another trial sequence: its numbers
                    are not comparable with these (~0.05 at 300 trials)
  question          `blockflip` says the creature silences whichever half is
                    on the wrong side of the target. So do two lessons on
                    OPPOSITE sides write to different halves? `retain` says no
                    -- its lessons already are opposite (0.093 and 0.800) and
                    it is the protocol that produces the 0.22 wipe.
  what decides it   lesson B starts from A's endpoint, not from rest. The
                    upper half is already at ~1.6 Hz, so B can suppress the
                    LOWER half further (writes separate) or RESTORE the UPPER
                    half (B undoes A). This reads which.
  my prediction     RESTORE -- little room left to suppress, much to restore.
                    Written before the run, and it is the outcome that kills
                    the separation route, which is why it is stated first.
  the control       `A-idle` teaches A then leaves the gap UNREWARDED, so
                    passive relaxation cannot be read as B's doing. Every
                    number below is AB minus A-idle.

  PRE-REGISTERED, written before the run
    measured    dB = (profile at end of gap) - (profile at end of teaching),
                summed over each half, per seed.
    RESTORE     AB's UPPER-half dB exceeds A-idle's by >= +2.0 Hz and >= 3 SE
                -> B undoes A directly. The separation route is REFUSED and
                the 0.22 wipe has a mechanism.
    SEPARATE    AB's LOWER-half dB is below A-idle's by <= -2.0 Hz and >= 3 SE,
                AND the upper-half test above does NOT fire -> B writes beside
                A. Then the wipe is not an overwrite of the WRITE, which puts
                it in tension with storage-vs-expression's pure-overwrite
                reading and that tension becomes the next question.
    BOTH/NEITHER-> reported, no verdict. B doing both is a real possibility
                and it is not the same as either finding.
    sanity      A-idle's own dB is passive relaxation. `retention` says a
                taught sound is KEPT with no conflict, so this should be
                SMALL. If it is large, existing data is contradicted and that
                is reported rather than absorbed.

  [5/36] seed 1 A-idle  taught 0.7730 after 0.7568
  [8/36] seed 2 A-idle  taught 0.8962 after 0.8744
  [6/36] seed 1 B-rest  taught 0.5197 after 0.5348
  [7/36] seed 2 AB      taught 0.8962 after 0.9899
  [4/36] seed 1 AB      taught 0.7730 after 0.9812
  [1/36] seed 0 AB      taught 0.7762 after 0.9288
  [3/36] seed 0 B-rest  taught 0.4824 after 0.4467
  [2/36] seed 0 A-idle  taught 0.7762 after 0.7452
  [10/36] seed 3 AB      taught 0.8461 after 0.9689
  [12/36] seed 3 B-rest  taught 0.5150 after 0.4906
  [9/36] seed 2 B-rest  taught 0.4068 after 0.3542
  [11/36] seed 3 A-idle  taught 0.8461 after 0.8458
  [13/36] seed 4 AB      taught 0.8275 after 0.9673
  [17/36] seed 5 A-idle  taught 0.8155 after 0.8124
  [18/36] seed 5 B-rest  taught 0.4138 after 0.3550
  [20/36] seed 6 A-idle  taught 0.7816 after 0.7251
  [14/36] seed 4 A-idle  taught 0.8275 after 0.7989
  [15/36] seed 4 B-rest  taught 0.4739 after 0.4711
  [21/36] seed 6 B-rest  taught 0.5073 after 0.4627
  [16/36] seed 5 AB      taught 0.8155 after 0.9815
  [19/36] seed 6 AB      taught 0.7816 after 0.8435
  [22/36] seed 7 AB      taught 0.7805 after 0.8957
  [23/36] seed 7 A-idle  taught 0.7805 after 0.7402
  [25/36] seed 8 AB      taught 0.9570 after 1.0466
  [24/36] seed 7 B-rest  taught 0.4949 after 0.4479
  [26/36] seed 8 A-idle  taught 0.9570 after 0.9328
  [27/36] seed 8 B-rest  taught 0.5476 after 0.5254
  [28/36] seed 9 AB      taught 0.7979 after 1.0096
  [29/36] seed 9 A-idle  taught 0.7979 after 0.7468
  [30/36] seed 9 B-rest  taught 0.4937 after 0.3656
  [31/36] seed 10 AB      taught 0.8157 after 0.9836
  [32/36] seed 10 A-idle  taught 0.8157 after 0.8504
  [36/36] seed 11 B-rest  taught 0.5556 after 0.5675
  [33/36] seed 10 B-rest  taught 0.5233 after 0.4607
  [34/36] seed 11 AB      taught 0.9124 after 1.0334
  [35/36] seed 11 A-idle  taught 0.9124 after 0.8870

  WHAT TEACHING A DID (net Hz over each half, end of teach - start)
    AB      upper -10.935 +/- 1.474   lower -0.125 +/- 0.289
    A-idle  upper -10.935 +/- 1.474   lower -0.125 +/- 0.289
    B-rest  upper -1.633 +/- 0.483   lower -7.202 +/- 0.926

  THE PROFILE ACROSS BOTH PHASES, `AB` arm, Hz
    k   position  end teach   end gap     dB         
    0   0.036     5.786       4.508       -1.2787
    1   0.107     5.497       4.397       -1.1000
    2   0.179     5.361       4.659       -0.7019
    3   0.250     5.350       4.707       -0.6433
    4   0.321     5.012       4.376       -0.6353
    5   0.393     5.117       4.621       -0.4960
    6   0.464     4.777       4.462       -0.3145
    7   0.536     4.210       4.227       +0.0169
    8   0.607     3.743       3.960       +0.2165
    9   0.679     3.373       3.624       +0.2512
    10  0.750     3.731       3.477       -0.2535
    11  0.821     2.644       4.392       +1.7476
    12  0.893     1.591       3.234       +1.6434
    13  0.964     1.667       3.265       +1.5989

  dB = what the GAP did, net Hz over each half
    AB      upper +5.221 +/- 1.210   lower -5.170 +/- 0.525
    A-idle  upper -2.291 +/- 0.744   lower -2.515 +/- 0.258
    B-rest  upper -0.913 +/- 0.353   lower -3.089 +/- 0.946

  THE PRIMARY: AB minus A-idle, so passive relaxation is removed
    upper half  +7.512 +/- 1.413 Hz  (+5.3 SE)
    lower half  -2.654 +/- 0.571 Hz  (-4.6 SE)

  ARM LIVENESS vs `AB` (seeds where the arm differs at all)
    A-idle             12/12
    B-rest             12/12

  --- the verdict ---
  B DOES BOTH: restores the upper half +7.512 Hz (+5.3 SE) AND suppresses
  the lower a further -2.654 Hz (-4.6 SE). That is neither pre-registered
  outcome. The separation route is still refused -- any restoration of A's
  half is A being undone -- but B is not purely undoing A either.

  For reference, `B-rest` is the same lesson taught from rest, where
  `blockflip` found it suppresses the LOWER half. If B's behaviour differs
  between the two, the difference is the effect of A having gone first --
  which is the whole question.
