experiment: ctxscale
  instrument        ctxscale   trial seed 0000000001357486   4857 trials at the LONGEST budget
                    another probe is another trial sequence: its numbers
                    are not comparable with these (~0.05 at 300 trials)
  question          is the learned bias still GROWING with trials, or has
                    it found its asymptote? That decides whether 236 Hz is
                    a matter of compute or of architecture.
  the gate          excess = dF1(ema) - dF1(ema-rnd), pooled per budget.
                    ratio 4x/1x  > 1.7 compute-limited (sqrt(t) gives 2.0)
                                 < 1.3 saturated
                                 else  inconclusive, and it says so.

  seed   arm       budget    dF1 (Hz)  table div  change
  0      off       13.60M    13.8      0.0000     -0.9
  0      off       6.80M     22.5      0.0000     +4.7
  0      off       3.40M     14.8      0.0000     -2.6
  0      ema       13.60M    78.0      0.0028     +6.2
  0      ema       6.80M     49.5      0.0020     +7.6
  0      ema       3.40M     12.6      0.0013     +7.2
  0      mask-F1F2 13.60M    21.1      0.0011     +6.3
  0      mask-F1F2 6.80M     7.9       0.0006     +4.8
  0      mask-F1F2 3.40M     4.4       0.0004     +4.0
  0      ema-rnd   13.60M    5.2       0.0025     -0.2
  0      ema-rnd   6.80M     7.6       0.0017     -0.7
  0      ema-rnd   3.40M     11.0      0.0012     +0.2
  1      off       13.60M    5.1       0.0000     +2.9
  1      off       6.80M     3.5       0.0000     +2.2
  1      off       3.40M     13.7      0.0000     -4.1
  1      ema       13.60M    18.4      0.0030     +5.7
  1      ema       6.80M     10.3      0.0021     +8.8
  1      ema       3.40M     6.0       0.0014     +3.9
  1      mask-F1F2 13.60M    20.5      0.0012     +3.3
  1      mask-F1F2 6.80M     21.9      0.0007     +7.3
  1      mask-F1F2 3.40M     3.5       0.0004     +3.6
  1      ema-rnd   13.60M    21.9      0.0026     -0.0
  1      ema-rnd   6.80M     18.9      0.0018     -0.2
  1      ema-rnd   3.40M     11.9      0.0013     +0.3
  2      off       13.60M    19.2      0.0000     +10.2
  2      off       6.80M     10.5      0.0000     -2.2
  2      off       3.40M     22.4      0.0000     -0.1
  2      ema       13.60M    27.2      0.0031     +3.8
  2      ema       6.80M     8.6       0.0022     +4.3
  2      ema       3.40M     4.4       0.0014     +2.4
  2      mask-F1F2 13.60M    15.6      0.0014     +5.0
  2      mask-F1F2 6.80M     9.0       0.0008     +5.4
  2      mask-F1F2 3.40M     5.5       0.0005     -2.2
  2      ema-rnd   13.60M    2.4       0.0026     +0.1
  2      ema-rnd   6.80M     0.5       0.0020     +0.1
  2      ema-rnd   3.40M     6.2       0.0013     +0.8
  3      off       13.60M    9.5       0.0000     -2.2
  3      off       6.80M     5.4       0.0000     -0.4
  3      off       3.40M     8.4       0.0000     +6.4
  3      ema       13.60M    27.5      0.0031     +2.0
  3      ema       6.80M     11.1      0.0022     +6.3
  3      ema       3.40M     3.6       0.0014     +6.9
  3      mask-F1F2 13.60M    10.7      0.0013     +4.8
  3      mask-F1F2 6.80M     2.4       0.0005     +4.9
  3      mask-F1F2 3.40M     6.1       0.0004     +10.3
  3      ema-rnd   13.60M    7.8       0.0023     +0.0
  3      ema-rnd   6.80M     7.9       0.0019     -0.4
  3      ema-rnd   3.40M     11.7      0.0014     +0.8
  4      off       13.60M    16.2      0.0000     +0.1
  4      off       6.80M     11.0      0.0000     +1.4
  4      off       3.40M     10.8      0.0000     +7.1
  4      ema       13.60M    25.4      0.0029     -1.7
  4      ema       6.80M     43.2      0.0021     +4.9
  4      ema       3.40M     8.2       0.0015     +3.1
  4      mask-F1F2 13.60M    6.1       0.0016     +5.5
  4      mask-F1F2 6.80M     8.8       0.0008     +4.8
  4      mask-F1F2 3.40M     27.1      0.0004     +5.3
  4      ema-rnd   13.60M    19.2      0.0025     -0.2
  4      ema-rnd   6.80M     17.5      0.0018     -0.2
  4      ema-rnd   3.40M     25.2      0.0014     +1.0
  5      off       13.60M    51.5      0.0000     +1.6
  5      off       6.80M     21.4      0.0000     +7.8
  5      off       3.40M     6.4       0.0000     +3.1
  5      ema       13.60M    44.1      0.0027     +11.0
  5      ema       6.80M     17.7      0.0019     +10.6
  5      ema       3.40M     26.2      0.0012     -3.8
  5      mask-F1F2 13.60M    17.3      0.0013     +7.5
  5      mask-F1F2 6.80M     8.8       0.0007     +9.8
  5      mask-F1F2 3.40M     16.0      0.0003     +0.9
  5      ema-rnd   13.60M    4.8       0.0026     -0.7
  5      ema-rnd   6.80M     12.9      0.0019     -0.0
  5      ema-rnd   3.40M     24.7      0.0012     -0.1
  6      off       13.60M    89.3      0.0000     -1.7
  6      off       6.80M     98.7      0.0000     -4.9
  6      off       3.40M     128.8     0.0000     +15.8
  6      ema       13.60M    49.6      0.0024     +3.0
  6      ema       6.80M     39.1      0.0019     +21.1
  6      ema       3.40M     16.5      0.0013     +1.4
  6      mask-F1F2 13.60M    31.1      0.0010     +1.7
  6      mask-F1F2 6.80M     32.0      0.0006     +3.9
  6      mask-F1F2 3.40M     34.3      0.0004     +5.8
  6      ema-rnd   13.60M    10.4      0.0028     +0.1
  6      ema-rnd   6.80M     13.3      0.0019     +0.2
  6      ema-rnd   3.40M     14.1      0.0013     +0.3
  7      off       13.60M    0.3       0.0000     -9.2
  7      off       6.80M     27.0      0.0000     -0.4
  7      off       3.40M     15.5      0.0000     -0.6
  7      ema       13.60M    34.5      0.0035     +5.6
  7      ema       6.80M     6.7       0.0024     +3.0
  7      ema       3.40M     4.0       0.0016     -0.4
  7      mask-F1F2 13.60M    14.0      0.0012     +1.6
  7      mask-F1F2 6.80M     1.1       0.0006     -1.4
  7      mask-F1F2 3.40M     4.6       0.0003     +2.2
  7      ema-rnd   13.60M    18.9      0.0027     -0.1
  7      ema-rnd   6.80M     19.8      0.0018     -0.4
  7      ema-rnd   3.40M     23.0      0.0013     +0.6
  8      off       13.60M    17.0      0.0000     +3.7
  8      off       6.80M     20.8      0.0000     +2.8
  8      off       3.40M     20.8      0.0000     +5.1
  8      ema       13.60M    17.8      0.0032     +4.1
  8      ema       6.80M     24.4      0.0023     +3.0
  8      ema       3.40M     18.3      0.0015     +4.8
  8      mask-F1F2 13.60M    1.4       0.0012     +5.0
  8      mask-F1F2 6.80M     17.1      0.0006     +1.0
  8      mask-F1F2 3.40M     30.1      0.0004     +1.8
  8      ema-rnd   13.60M    26.9      0.0026     +0.0
  8      ema-rnd   6.80M     27.5      0.0019     -0.2
  8      ema-rnd   3.40M     42.0      0.0012     +0.7

  budget    trials    off              ema              ema-rnd          excess (ema - rnd)
  3.40M     1214      26.9 +/- 12.9    11.1 +/- 2.6     18.9 +/- 3.7     -7.8 +/- 6.3
  6.80M     2428      24.5 +/- 9.7     23.4 +/- 5.5     14.0 +/- 2.7     +9.4 +/- 8.2
  13.60M    4857      24.6 +/- 9.4     35.8 +/- 6.4     13.0 +/- 2.9     +22.8 +/- 9.3

  table divergence  0.0014 -> 0.0021 -> 0.0030 (1x, 2x, 4x)

  budget    aligned (F1)     common-mode      outside group    gain (1.0 = no structure)
  3.40M     0.00164 +/- 0.00016 0.00035 +/- 0.00009 0.00175 +/- 0.00005 3.55 +/- 0.40
  6.80M     0.00265 +/- 0.00032 0.00058 +/- 0.00013 0.00256 +/- 0.00006 3.87 +/- 0.44
  13.60M    0.00422 +/- 0.00042 0.00077 +/- 0.00022 0.00357 +/- 0.00011 4.40 +/- 0.38

  ctxscale INCONCLUSIVE -- the excess at the SHORTEST budget is -7.8 Hz,
  so there is no positive quantity to measure growth in. The ratio is
  undefined and reporting one would be inventing a denominator.
