  [9/108] seed 2 ortho    taught 0.4355  after 0.4884
  [2/108] seed 0 collide  taught 0.4914  after 0.6275
  [12/108] seed 3 ortho    taught 0.4532  after 0.3702
  [4/108] seed 1 none     taught 0.3746  after 0.3268
  [5/108] seed 1 collide  taught 0.3746  after 0.6040
  [1/108] seed 0 none     taught 0.4914  after 0.4421
  [6/108] seed 1 ortho    taught 0.3746  after 0.3813
  [3/108] seed 0 ortho    taught 0.4914  after 0.5864
  [7/108] seed 2 none     taught 0.4355  after 0.3786
  [8/108] seed 2 collide  taught 0.4355  after 0.5292
  [14/108] seed 4 collide  taught 0.5282  after 0.5889
  [13/108] seed 4 none     taught 0.5282  after 0.4070
  [10/108] seed 3 none     taught 0.4532  after 0.4389
  [11/108] seed 3 collide  taught 0.4532  after 0.5388
  [24/108] seed 7 ortho    taught 0.4172  after 0.4085
  [17/108] seed 5 collide  taught 0.4727  after 0.5413
  [15/108] seed 4 ortho    taught 0.5282  after 0.3944
  [22/108] seed 7 none     taught 0.4172  after 0.3906
  [23/108] seed 7 collide  taught 0.4172  after 0.5818
  [20/108] seed 6 collide  taught 0.4494  after 0.5134
  [18/108] seed 5 ortho    taught 0.4727  after 0.3981
  [16/108] seed 5 none     taught 0.4727  after 0.4332
  [19/108] seed 6 none     taught 0.4494  after 0.3967
  [21/108] seed 6 ortho    taught 0.4494  after 0.4807
  [25/108] seed 8 none     taught 0.4575  after 0.4390
  [27/108] seed 8 ortho    taught 0.4575  after 0.5858
  [26/108] seed 8 collide  taught 0.4575  after 0.5768
  [28/108] seed 9 none     taught 0.4677  after 0.4205
  [29/108] seed 9 collide  taught 0.4677  after 0.5696
  [33/108] seed 10 ortho    taught 0.5641  after 0.4941
  [31/108] seed 10 none     taught 0.5641  after 0.5233
  [30/108] seed 9 ortho    taught 0.4677  after 0.3844
  [35/108] seed 11 collide  taught 0.4560  after 0.5472
  [32/108] seed 10 collide  taught 0.5641  after 0.6023
  [36/108] seed 11 ortho    taught 0.4560  after 0.5003
  [34/108] seed 11 none     taught 0.4560  after 0.4505
  [37/108] seed 12 none     taught 0.3461  after 0.2953
  [38/108] seed 12 collide  taught 0.3461  after 0.6013
  [40/108] seed 13 none     taught 0.4622  after 0.4376
  [39/108] seed 12 ortho    taught 0.3461  after 0.3646
  [41/108] seed 13 collide  taught 0.4622  after 0.5918
  [42/108] seed 13 ortho    taught 0.4622  after 0.3996
  [43/108] seed 14 none     taught 0.4588  after 0.3929
  [44/108] seed 14 collide  taught 0.4588  after 0.5984
  [45/108] seed 14 ortho    taught 0.4588  after 0.4925
  [49/108] seed 16 none     taught 0.4985  after 0.4696
  [47/108] seed 15 collide  taught 0.3153  after 0.4383
  [48/108] seed 15 ortho    taught 0.3153  after 0.3415
  [46/108] seed 15 none     taught 0.3153  after 0.2694
  [52/108] seed 17 none     taught 0.4204  after 0.3585
  [50/108] seed 16 collide  taught 0.4985  after 0.6530
  [51/108] seed 16 ortho    taught 0.4985  after 0.4238
  [53/108] seed 17 collide  taught 0.4204  after 0.6176
  [55/108] seed 18 none     taught 0.4192  after 0.4104
  [54/108] seed 17 ortho    taught 0.4204  after 0.3859
  [56/108] seed 18 collide  taught 0.4192  after 0.5500
  [58/108] seed 19 none     taught 0.5365  after 0.5447
  [57/108] seed 18 ortho    taught 0.4192  after 0.3279
  [60/108] seed 19 ortho    taught 0.5365  after 0.5464
  [59/108] seed 19 collide  taught 0.5365  after 0.6208
  [62/108] seed 20 collide  taught 0.4502  after 0.5107
  [61/108] seed 20 none     taught 0.4502  after 0.4444
  [64/108] seed 21 none     taught 0.4435  after 0.4047
  [67/108] seed 22 none     taught 0.5345  after 0.4711
  [66/108] seed 21 ortho    taught 0.4435  after 0.4952
  [68/108] seed 22 collide  taught 0.5345  after 0.6161
  [65/108] seed 21 collide  taught 0.4435  after 0.4993
  [63/108] seed 20 ortho    taught 0.4502  after 0.4033
  [69/108] seed 22 ortho    taught 0.5345  after 0.5133
  [70/108] seed 23 none     taught 0.4399  after 0.3735
  [71/108] seed 23 collide  taught 0.4399  after 0.5429
  [72/108] seed 23 ortho    taught 0.4399  after 0.4116
  [76/108] seed 25 none     taught 0.4751  after 0.4443
  [73/108] seed 24 none     taught 0.4356  after 0.3756
  [74/108] seed 24 collide  taught 0.4356  after 0.5269
  [75/108] seed 24 ortho    taught 0.4356  after 0.4095
  [77/108] seed 25 collide  taught 0.4751  after 0.6235
  [78/108] seed 25 ortho    taught 0.4751  after 0.3970
  [79/108] seed 26 none     taught 0.4470  after 0.4262
  [82/108] seed 27 none     taught 0.4752  after 0.4443
  [80/108] seed 26 collide  taught 0.4470  after 0.5778
  [81/108] seed 26 ortho    taught 0.4470  after 0.4446
  [83/108] seed 27 collide  taught 0.4752  after 0.6251
  [84/108] seed 27 ortho    taught 0.4752  after 0.5636
  [85/108] seed 28 none     taught 0.3968  after 0.3906
  [86/108] seed 28 collide  taught 0.3968  after 0.6239
  [88/108] seed 29 none     taught 0.4050  after 0.3452
  [87/108] seed 28 ortho    taught 0.3968  after 0.5576
  [90/108] seed 29 ortho    taught 0.4050  after 0.4503
  [89/108] seed 29 collide  taught 0.4050  after 0.5502
  [93/108] seed 30 ortho    taught 0.5199  after 0.4823
  [91/108] seed 30 none     taught 0.5199  after 0.4832
  [92/108] seed 30 collide  taught 0.5199  after 0.5862
  [94/108] seed 31 none     taught 0.5380  after 0.5182
  [96/108] seed 31 ortho    taught 0.5380  after 0.4517
  [95/108] seed 31 collide  taught 0.5380  after 0.5959
  [97/108] seed 32 none     taught 0.4055  after 0.3950
  [98/108] seed 32 collide  taught 0.4055  after 0.6032
  [99/108] seed 32 ortho    taught 0.4055  after 0.5353
  [101/108] seed 33 collide  taught 0.4782  after 0.5792
  [102/108] seed 33 ortho    taught 0.4782  after 0.4341
  [104/108] seed 34 collide  taught 0.4944  after 0.5706
  [100/108] seed 33 none     taught 0.4782  after 0.3683
  [103/108] seed 34 none     taught 0.4944  after 0.4386
  [108/108] seed 35 ortho    taught 0.4800  after 0.4162
  [106/108] seed 35 none     taught 0.4800  after 0.3924
  [107/108] seed 35 collide  taught 0.4800  after 0.5863
  [105/108] seed 34 ortho    taught 0.4944  after 0.5320
experiment: orthovocab
  instrument        orthovocab   trial seed 0000000001355b87   2000 trials
                    another probe is another trial sequence: its numbers
                    are not comparable with these (~0.05 at 300 trials)
  question          the conflict is a pure overwrite and cannot be defended:
                    blocking plasticity costs 59% of the lesson. So does the
                    collision need defending, or just AVOIDING? `capacity`
                    holds two ORTHOGONAL lessons at 0.84 against 0.22.
  the design        lesson A identical in every arm. Only the second lesson's
                    AXIS differs: collide moves F1 (A's own dimension), ortho
                    moves F2. Same log-distance, 0.410, both.
  the control       STRUCTURAL: the teaching phase is identical across arms,
                    so err taught is matched by construction rather than by
                    luck. Checked anyway.
  the refusal       ortho <= collide at 2 SE means the wipe is not about
                    sharing a dimension, and capacity's 0.84 does not
                    transfer. 36 seeds.


  arm       err taught     err after      retention       store kept
  none      0.4568 +/- 0.0089 0.4150 +/- 0.0097 1.31 +/- 0.05    1.00
  collide   0.4568 +/- 0.0089 0.5753 +/- 0.0074 0.23 +/- 0.05    0.27
  ortho     0.4568 +/- 0.0089 0.4515 +/- 0.0118 1.12 +/- 0.09    1.00

  ARM LIVENESS vs `none` (seeds where the arm differs at all)
    collide            36/36
    ortho              36/36

  STRUCTURAL MATCH (err taught vs `none`, paired). The teaching phase is
  identical across arms, so these should be ~0 and any drift means the
  arms diverged before the second lesson began.
    collide +0.00000 +/- 0.00000     ortho +0.00000 +/- 0.00000

  DAMAGE TO LESSON A (err after vs `none`, paired on seed). Lower is better.
    collide  +0.1603 +/- 0.0096  (+16.8 SE)
    ortho    +0.0364 +/- 0.0115  (+3.2 SE)
    collide - ortho  +0.1238 +/- 0.0116  (+10.7 SE)

  THE COLLISION IS THE PROBLEM, NOT THE MEMORY. A second lesson on a
  DIFFERENT axis does 77% less damage to the first, at 10.7 SE, with the
  teaching phase identical by construction. So the 0.22 wipe is not a
  failure to retain -- it is two lessons steering one scalar, and
  `capacity`'s 0.84 transfers to the retention protocol.
  WHAT THAT IMPLIES is representational rather than mechanical: a
  vocabulary should spread across the nine articulator groups the larynx
  already has, instead of stacking on F1. Defending a lesson was the wrong
  problem; not colliding is the cheap one.
