  [8/72] seed 1 fast-sw   sep   +19.8 Hz  share 0.50  off 0.00
  [2/72] seed 0 phase-sw  sep   +18.9 Hz  share 0.51  off 0.00
  [5/72] seed 1 phase     sep   +19.3 Hz  share 0.49  off 0.00
  [11/72] seed 2 fast      sep   +19.5 Hz  share 0.52  off 0.00
  [14/72] seed 3 phase-sw  sep   +18.2 Hz  share 0.49  off 0.00
  [10/72] seed 2 phase-sw  sep   +19.7 Hz  share 0.51  off 0.00
  [4/72] seed 0 fast-sw   sep   +19.7 Hz  share 0.50  off 0.00
  [7/72] seed 1 fast      sep   +19.9 Hz  share 0.51  off 0.00
  [3/72] seed 0 fast      sep   +19.1 Hz  share 0.51  off 0.00
  [1/72] seed 0 phase     sep   +19.2 Hz  share 0.52  off 0.00
  [9/72] seed 2 phase     sep   +17.8 Hz  share 0.52  off 0.00
  [13/72] seed 3 phase     sep   +18.6 Hz  share 0.50  off 0.00
  [6/72] seed 1 phase-sw  sep   +20.3 Hz  share 0.50  off 0.00
  [12/72] seed 2 fast-sw   sep   +18.6 Hz  share 0.51  off 0.00
  [18/72] seed 4 phase-sw  sep   +18.7 Hz  share 0.51  off 0.00
  [16/72] seed 3 fast-sw   sep   +18.3 Hz  share 0.48  off 0.00
  [17/72] seed 4 phase     sep   +18.8 Hz  share 0.51  off 0.00
  [19/72] seed 4 fast      sep   +18.9 Hz  share 0.48  off 0.00
  [15/72] seed 3 fast      sep   +17.0 Hz  share 0.47  off 0.00
  [20/72] seed 4 fast-sw   sep   +19.7 Hz  share 0.51  off 0.00
  [22/72] seed 5 phase-sw  sep   +21.2 Hz  share 0.50  off 0.00
  [23/72] seed 5 fast      sep   +19.6 Hz  share 0.51  off 0.00
  [25/72] seed 6 phase     sep   +20.9 Hz  share 0.51  off 0.00
  [21/72] seed 5 phase     sep   +19.8 Hz  share 0.48  off 0.00
  [26/72] seed 6 phase-sw  sep   +19.5 Hz  share 0.53  off 0.00
  [24/72] seed 5 fast-sw   sep   +20.3 Hz  share 0.49  off 0.00
  [28/72] seed 6 fast-sw   sep   +20.2 Hz  share 0.49  off 0.00
  [27/72] seed 6 fast      sep   +20.0 Hz  share 0.51  off 0.00
  [29/72] seed 7 phase     sep   +19.9 Hz  share 0.49  off 0.00
  [34/72] seed 8 phase-sw  sep   +19.5 Hz  share 0.51  off 0.00
  [30/72] seed 7 phase-sw  sep   +18.8 Hz  share 0.48  off 0.00
  [32/72] seed 7 fast-sw   sep   +18.6 Hz  share 0.51  off 0.00
  [35/72] seed 8 fast      sep   +19.9 Hz  share 0.50  off 0.00
  [33/72] seed 8 phase     sep   +19.8 Hz  share 0.51  off 0.00
  [31/72] seed 7 fast      sep   +20.3 Hz  share 0.50  off 0.00
  [36/72] seed 8 fast-sw   sep   +18.7 Hz  share 0.49  off 0.00
  [38/72] seed 9 phase-sw  sep   +17.4 Hz  share 0.48  off 0.00
  [39/72] seed 9 fast      sep   +18.3 Hz  share 0.48  off 0.00
  [40/72] seed 9 fast-sw   sep   +17.5 Hz  share 0.48  off 0.00
  [42/72] seed 10 phase-sw  sep   +18.1 Hz  share 0.52  off 0.00
  [41/72] seed 10 phase     sep   +18.6 Hz  share 0.51  off 0.00
  [37/72] seed 9 phase     sep   +20.4 Hz  share 0.50  off 0.00
  [43/72] seed 10 fast      sep   +16.7 Hz  share 0.52  off 0.00
  [46/72] seed 11 phase-sw  sep   +20.2 Hz  share 0.50  off 0.00
  [53/72] seed 13 phase     sep   +21.3 Hz  share 0.50  off 0.00
  [45/72] seed 11 phase     sep   +19.4 Hz  share 0.50  off 0.00
  [51/72] seed 12 fast      sep   +20.9 Hz  share 0.49  off 0.00
  [44/72] seed 10 fast-sw   sep   +17.8 Hz  share 0.52  off 0.00
  [52/72] seed 12 fast-sw   sep   +21.1 Hz  share 0.51  off 0.00
  [50/72] seed 12 phase-sw  sep   +20.1 Hz  share 0.51  off 0.00
  [49/72] seed 12 phase     sep   +19.3 Hz  share 0.48  off 0.00
  [47/72] seed 11 fast      sep   +20.1 Hz  share 0.49  off 0.00
  [48/72] seed 11 fast-sw   sep   +17.9 Hz  share 0.50  off 0.00
  [56/72] seed 13 fast-sw   sep   +20.9 Hz  share 0.50  off 0.00
  [55/72] seed 13 fast      sep   +20.0 Hz  share 0.51  off 0.00
  [54/72] seed 13 phase-sw  sep   +19.6 Hz  share 0.50  off 0.00
  [58/72] seed 14 phase-sw  sep   +19.5 Hz  share 0.51  off 0.00
  [60/72] seed 14 fast-sw   sep   +18.9 Hz  share 0.49  off 0.00
  [59/72] seed 14 fast      sep   +17.8 Hz  share 0.47  off 0.00
  [57/72] seed 14 phase     sep   +18.7 Hz  share 0.50  off 0.00
  [61/72] seed 15 phase     sep   +20.6 Hz  share 0.50  off 0.00
  [64/72] seed 15 fast-sw   sep   +19.8 Hz  share 0.51  off 0.00
  [63/72] seed 15 fast      sep   +20.2 Hz  share 0.52  off 0.00
  [65/72] seed 16 phase     sep   +18.1 Hz  share 0.49  off 0.00
  [62/72] seed 15 phase-sw  sep   +20.0 Hz  share 0.49  off 0.00
  [66/72] seed 16 phase-sw  sep   +18.3 Hz  share 0.48  off 0.00
  [70/72] seed 17 phase-sw  sep   +19.2 Hz  share 0.49  off 0.00
  [67/72] seed 16 fast      sep   +18.9 Hz  share 0.49  off 0.00
  [68/72] seed 16 fast-sw   sep   +19.8 Hz  share 0.49  off 0.00
  [69/72] seed 17 phase     sep   +18.7 Hz  share 0.48  off 0.00
  [71/72] seed 17 fast      sep   +19.9 Hz  share 0.49  off 0.00
  [72/72] seed 17 fast-sw   sep   +20.9 Hz  share 0.49  off 0.00
experiment: phaseteach
  phaseteach -- can a taught utterance occupy two phases of the
  creature's own free-running F1 gesture?
  the quantity  produced F1 in phase 1 minus produced F1 in phase 0
  the evidence  the DIFFERENCE between the two mappings, because the
                oscillator contributes to both equally and cancels
  refused if    the two mappings come back equal, or ph_off is not ~0,
                or ph_share is near 0 or 1 (a settled winner, not an
                alternation, and one phase bin nearly empty)


  arm           n     F1 ph0    F1 ph1  separation (ph1-ph0)    share    off
  phase        18      615.7     635.1  +19.4 +/- 0.2 Hz         0.50   0.00
  phase-sw     18      616.0     635.3  +19.3 +/- 0.2 Hz         0.50   0.00
  fast         18      615.6     634.9  +19.3 +/- 0.3 Hz         0.50   0.00
  fast-sw      18      615.6     635.0  +19.4 +/- 0.3 Hz         0.50   0.00
  CREDIT RESOLUTION  vocal tau_elig 100 ms (global 2000 x scale 0.050) against a phase of ~666 ms  ->  0.2 phases per trace
  CREDIT DELIVERY    of the credit standing at the event, the share left when the praise lands:
                      500 ms teacher    0.7%          50 ms teacher   60.7%

  THE MAPPING CONTRAST, paired on seed (identity minus swapped)
    teacher   contrast                 SE    n   credit delivered
     500 ms     +0.1 +/-   0.3 Hz     0.4   18   starved (the control)
      50 ms     -0.1 +/-   0.3 Hz     0.3   18   the ORACLE arm
  the two arms carry the SAME narrow credit window and so the same ability
  to tell the phases apart. They differ in the DELAY alone, which is the
  only axis the first run could not vary.

  NOT EVEN A FAST TEACHER REACHES THE PHASE. The two mappings are
  indistinguishable (-0.1 +/- 0.3 Hz, under 3 SE) at power to see a
  separation of 0.8 Hz, with a credit window inside one phase and a
  teacher fast enough to deliver it. The phase difference in the table is
  the OSCILLATOR and reward has no purchase on it.

  THIS IS THE RESULT THE RUN WAS BUILT TO GET. The delay was the last
  free parameter: resolution and delivery are both satisfied here and the
  lesson still cannot aim the gesture. So the gap is not the credit
  PATHWAY, and building a delay line or a synaptic tag would buy nothing --
  the cheap oracle refuses the expensive build, which is what it was for.
  What is left is that reward reaches the vocal module as a quantity with
  no phase-specific target to write INTO; see the axis-collision line.
