  [4/90] seed 0 fast      sep   +21.7 Hz  share 0.50  off 0.00
  [8/90] seed 1 phase-sw  sep   +17.9 Hz  share 0.50  off 0.00
  [12/90] seed 2 phase     sep   +17.7 Hz  share 0.53  off 0.00
  [14/90] seed 2 fast      sep   +19.6 Hz  share 0.52  off 0.00
  [3/90] seed 0 phase-sw  sep   +19.4 Hz  share 0.50  off 0.00
  [13/90] seed 2 phase-sw  sep   +20.0 Hz  share 0.52  off 0.00
  [2/90] seed 0 phase     sep   +19.2 Hz  share 0.52  off 0.00
  [9/90] seed 1 fast      sep   +20.0 Hz  share 0.51  off 0.00
  [7/90] seed 1 phase     sep   +18.9 Hz  share 0.50  off 0.00
  [10/90] seed 1 fast-sw   sep   +17.3 Hz  share 0.48  off 0.00
  [5/90] seed 0 fast-sw   sep   +20.3 Hz  share 0.51  off 0.00
  [15/90] seed 2 fast-sw   sep   +20.3 Hz  share 0.51  off 0.00
  [20/90] seed 3 fast-sw   sep   +17.9 Hz  share 0.49  off 0.00
  [18/90] seed 3 phase-sw  sep   +17.4 Hz  share 0.47  off 0.00
  [17/90] seed 3 phase     sep   +18.9 Hz  share 0.48  off 0.00
  [22/90] seed 4 phase     sep   +18.9 Hz  share 0.51  off 0.00
  [25/90] seed 4 fast-sw   sep   +19.1 Hz  share 0.52  off 0.00
  [19/90] seed 3 fast      sep   +18.1 Hz  share 0.47  off 0.00
  [24/90] seed 4 fast      sep   +16.5 Hz  share 0.52  off 0.00
  [23/90] seed 4 phase-sw  sep   +19.7 Hz  share 0.50  off 0.00
  [28/90] seed 5 phase-sw  sep   +17.9 Hz  share 0.51  off 0.00
  [27/90] seed 5 phase     sep   +18.8 Hz  share 0.48  off 0.00
  [29/90] seed 5 fast      sep   +20.7 Hz  share 0.50  off 0.00
  [32/90] seed 6 phase     sep   +19.8 Hz  share 0.51  off 0.00
  [30/90] seed 5 fast-sw   sep   +20.4 Hz  share 0.49  off 0.00
  [34/90] seed 6 fast      sep   +20.0 Hz  share 0.51  off 0.00
  [33/90] seed 6 phase-sw  sep   +21.0 Hz  share 0.49  off 0.00
  [35/90] seed 6 fast-sw   sep   +19.3 Hz  share 0.52  off 0.00
  [37/90] seed 7 phase     sep   +19.9 Hz  share 0.49  off 0.00
  [42/90] seed 8 phase     sep   +19.1 Hz  share 0.50  off 0.00
  [38/90] seed 7 phase-sw  sep   +18.6 Hz  share 0.51  off 0.00
  [39/90] seed 7 fast      sep   +20.6 Hz  share 0.50  off 0.00
  [40/90] seed 7 fast-sw   sep   +20.4 Hz  share 0.49  off 0.00
  [49/90] seed 9 fast      sep   +19.0 Hz  share 0.48  off 0.00
  [48/90] seed 9 phase-sw  sep   +18.7 Hz  share 0.47  off 0.00
  [45/90] seed 8 fast-sw   sep   +21.2 Hz  share 0.51  off 0.00
  [50/90] seed 9 fast-sw   sep   +19.2 Hz  share 0.48  off 0.00
  [44/90] seed 8 fast      sep   +19.1 Hz  share 0.50  off 0.00
  [43/90] seed 8 phase-sw  sep   +19.6 Hz  share 0.49  off 0.00
  [47/90] seed 9 phase     sep   +19.2 Hz  share 0.49  off 0.00
  [53/90] seed 10 phase-sw  sep   +18.4 Hz  share 0.52  off 0.00
  [54/90] seed 10 fast      sep   +19.0 Hz  share 0.52  off 0.00
  [52/90] seed 10 phase     sep   +19.0 Hz  share 0.51  off 0.00
  [55/90] seed 10 fast-sw   sep   +19.6 Hz  share 0.51  off 0.00
  [57/90] seed 11 phase     sep   +19.4 Hz  share 0.50  off 0.00
  [59/90] seed 11 fast      sep   +20.1 Hz  share 0.49  off 0.00
  [58/90] seed 11 phase-sw  sep   +20.5 Hz  share 0.49  off 0.00
  [60/90] seed 11 fast-sw   sep   +18.6 Hz  share 0.49  off 0.00
  [63/90] seed 12 phase-sw  sep   +19.5 Hz  share 0.51  off 0.00
  [62/90] seed 12 phase     sep   +19.6 Hz  share 0.49  off 0.00
  [64/90] seed 12 fast      sep   +19.7 Hz  share 0.48  off 0.00
  [65/90] seed 12 fast-sw   sep   +19.7 Hz  share 0.50  off 0.00
  [68/90] seed 13 phase-sw  sep   +19.4 Hz  share 0.51  off 0.00
  [69/90] seed 13 fast      sep   +19.7 Hz  share 0.50  off 0.00
  [67/90] seed 13 phase     sep   +19.2 Hz  share 0.49  off 0.00
  [70/90] seed 13 fast-sw   sep   +19.0 Hz  share 0.48  off 0.00
  [72/90] seed 14 phase     sep   +19.0 Hz  share 0.48  off 0.00
  [73/90] seed 14 phase-sw  sep   +19.4 Hz  share 0.50  off 0.00
  [75/90] seed 14 fast-sw   sep   +18.2 Hz  share 0.50  off 0.00
  [74/90] seed 14 fast      sep   +18.4 Hz  share 0.48  off 0.00
  [78/90] seed 15 phase-sw  sep   +20.2 Hz  share 0.49  off 0.00
  [79/90] seed 15 fast      sep   +20.1 Hz  share 0.49  off 0.00
  [80/90] seed 15 fast-sw   sep   +20.4 Hz  share 0.50  off 0.00
  [85/90] seed 16 fast-sw   sep   +19.3 Hz  share 0.50  off 0.00
  [77/90] seed 15 phase     sep   +20.0 Hz  share 0.49  off 0.00
  [83/90] seed 16 phase-sw  sep   +19.9 Hz  share 0.49  off 0.00
  [82/90] seed 16 phase     sep   +18.9 Hz  share 0.49  off 0.00
  [84/90] seed 16 fast      sep   +18.0 Hz  share 0.48  off 0.00
  [88/90] seed 17 phase-sw  sep   +20.1 Hz  share 0.49  off 0.00
  [90/90] seed 17 fast-sw   sep   +20.6 Hz  share 0.49  off 0.00
  [87/90] seed 17 phase     sep   +18.3 Hz  share 0.48  off 0.00
  [89/90] seed 17 fast      sep   +20.3 Hz  share 0.51  off 0.00
experiment: phaseteach
  phaseteach -- can a taught utterance occupy two phases of the
  creature's own free-running F1 gesture?
  the quantity  produced F1 in phase 1 minus produced F1 in phase 0
  the evidence  the DIFFERENCE between the two mappings, because the
                oscillator contributes to both equally and cancels
  refused if    the two mappings come back equal, or ph_off is not ~0,
                or ph_share is near 0 or 1 (a settled winner, not an
                alternation, and one phase bin nearly empty)


  arm           n     F1 ph0    F1 ph1  separation (ph1-ph0)    share    off  err drop (early-late)
  fixed         0          -         -  (one phase bin empty)    0.00   0.00  +0.0465 +/- 0.0073  
  phase        18      615.2     634.3  +19.1 +/- 0.1 Hz         0.50   0.00  -0.0013 +/- 0.0017  
  phase-sw     18      616.0     635.3  +19.3 +/- 0.2 Hz         0.50   0.00  -0.0007 +/- 0.0010  
  fast         18      615.3     634.8  +19.5 +/- 0.3 Hz         0.50   0.00  -0.0009 +/- 0.0015  
  fast-sw      18      615.5     635.0  +19.5 +/- 0.2 Hz         0.50   0.00  -0.0023 +/- 0.0012  
  DID THE LESSON LAND     error early minus late on `fixed`, whose target does NOT
                          flip within a trial:  +0.0465 +/- 0.0073  (6.3 SE, n=18)
  CREDIT RESOLUTION  vocal tau_elig 2000 ms (global 2000 x scale 1.000) against a phase of ~666 ms  ->  3.0 phases per trace
  CREDIT DELIVERY    of the credit standing at the event, the share left when the praise lands:
                      500 ms teacher   77.9%          50 ms teacher   97.5%

  phaseteach VOID -- THE REWARD CANNOT RESOLVE THE PHASE. The
  eligibility trace spans 3.0 phases, so both halves of the gesture
  are equally eligible on every praise event and the two mappings are
  the same experiment with the labels permuted. A null here would say
  nothing about whether a lesson can aim a gesture.

  THIS IS NOT A POWER PROBLEM and more creatures cannot fix it. It
  needs a credit window SHORTER THAN A PHASE, which means temporal
  credit assignment -- the spatial credit problem on the time axis,
  and the project's state persistence (~10 ms) is 200x shorter than
  its credit window. The gesture sits between the two, reachable by
  neither.
