experiment: ctxscale
  instrument        ctxscale   trial seed 0000000001357486   4857 trials at the LONGEST budget
                    another probe is another trial sequence: its numbers
                    are not comparable with these (~0.05 at 300 trials)
  question          is the learned bias still GROWING with trials, or has
                    it found its asymptote? That decides whether 236 Hz is
                    a matter of compute or of architecture.
  the gate          excess = dF1(ema) - dF1(ema-rnd), pooled per budget.
                    ratio 4x/1x  > 1.7 compute-limited (sqrt(t) gives 2.0)
                                 < 1.3 saturated
                                 else  inconclusive, and it says so.

  seed   arm       budget    dF1 (Hz)  table div  change
  0      off       13.60M    6.2       0.0000     -1.9
  0      off       6.80M     13.3      0.0000     +2.3
  0      off       3.40M     3.0       0.0000     +4.3
  0      ema       13.60M    122.6     0.1340     +15.7
  0      ema       6.80M     95.4      0.1054     +10.1
  0      ema       3.40M     57.2      0.0685     -16.1
  0      ema-rnd   13.60M    24.0      0.1549     +0.3
  0      ema-rnd   6.80M     0.1       0.1089     +0.1
  0      ema-rnd   3.40M     5.2       0.0734     +0.6
  1      off       13.60M    0.4       0.0000     +1.0
  1      off       6.80M     5.7       0.0000     +0.5
  1      off       3.40M     13.6      0.0000     +2.1
  1      ema       13.60M    144.6     0.1232     +17.3
  1      ema       6.80M     116.8     0.0913     +9.0
  1      ema       3.40M     58.6      0.0812     +7.2
  1      ema-rnd   13.60M    66.7      0.1657     -0.3
  1      ema-rnd   6.80M     106.0     0.1249     +0.3
  1      ema-rnd   3.40M     84.8      0.0928     +0.7
  2      off       13.60M    27.8      0.0000     +11.5
  2      off       6.80M     11.5      0.0000     +0.2
  2      off       3.40M     10.7      0.0000     -6.0
  2      ema       13.60M    111.4     0.1273     +11.9
  2      ema       6.80M     72.9      0.1057     +12.6
  2      ema       3.40M     34.6      0.0783     +7.4
  2      ema-rnd   13.60M    113.0     0.1393     -1.0
  2      ema-rnd   6.80M     112.9     0.1030     -0.3
  2      ema-rnd   3.40M     98.6      0.0688     -0.0
  3      off       13.60M    18.8      0.0000     +4.9
  3      off       6.80M     2.4       0.0000     +3.9
  3      off       3.40M     24.6      0.0000     +1.4
  3      ema       13.60M    146.6     0.1287     +17.4
  3      ema       6.80M     99.5      0.1087     +14.3
  3      ema       3.40M     84.2      0.0827     +5.0
  3      ema-rnd   13.60M    57.8      0.1314     +0.1
  3      ema-rnd   6.80M     49.7      0.0875     +0.8
  3      ema-rnd   3.40M     62.5      0.0657     -0.3
  4      off       13.60M    6.0       0.0000     +4.3
  4      off       6.80M     6.3       0.0000     +4.3
  4      off       3.40M     18.5      0.0000     -0.2
  4      ema       13.60M    136.8     0.1304     +16.7
  4      ema       6.80M     106.0     0.1160     +22.3
  4      ema       3.40M     59.7      0.0927     +13.9
  4      ema-rnd   13.60M    2.5       0.1342     -0.3
  4      ema-rnd   6.80M     21.5      0.0993     -0.1
  4      ema-rnd   3.40M     30.0      0.0782     +1.3
  5      off       13.60M    13.8      0.0000     -1.8
  5      off       6.80M     20.1      0.0000     +2.0
  5      off       3.40M     28.0      0.0000     +10.3
  5      ema       13.60M    85.1      0.1260     -2.8
  5      ema       6.80M     86.0      0.1083     -29.6
  5      ema       3.40M     99.3      0.0830     -4.5
  5      ema-rnd   13.60M    12.9      0.1352     -0.0
  5      ema-rnd   6.80M     15.8      0.1086     -0.4
  5      ema-rnd   3.40M     23.7      0.0930     +0.2
  6      off       13.60M    23.7      0.0000     +0.4
  6      off       6.80M     14.1      0.0000     -4.0
  6      off       3.40M     27.1      0.0000     -10.7
  6      ema       13.60M    105.3     0.1300     +19.0
  6      ema       6.80M     114.2     0.0991     +25.9
  6      ema       3.40M     72.3      0.0637     +5.3
  6      ema-rnd   13.60M    30.7      0.1514     -1.7
  6      ema-rnd   6.80M     27.5      0.1187     -0.5
  6      ema-rnd   3.40M     1.2       0.0868     +0.4
  7      off       13.60M    24.2      0.0000     -9.3
  7      off       6.80M     53.8      0.0000     +0.8
  7      off       3.40M     51.2      0.0000     +5.3
  7      ema       13.60M    100.0     0.1436     +25.6
  7      ema       6.80M     58.2      0.1090     +24.1
  7      ema       3.40M     27.8      0.0789     +7.9
  7      ema-rnd   13.60M    50.7      0.1573     -0.3
  7      ema-rnd   6.80M     39.5      0.1116     -0.2
  7      ema-rnd   3.40M     10.8      0.0822     +0.7
  8      off       13.60M    12.9      0.0000     -4.1
  8      off       6.80M     36.7      0.0000     +4.4
  8      off       3.40M     28.1      0.0000     -1.7
  8      ema       13.60M    10.1      0.1295     +0.4
  8      ema       6.80M     36.4      0.1004     +4.8
  8      ema       3.40M     8.0       0.0712     -6.3
  8      ema-rnd   13.60M    3.5       0.1452     -0.2
  8      ema-rnd   6.80M     7.1       0.1097     +0.1
  8      ema-rnd   3.40M     20.6      0.0836     +0.4

  budget    trials    off              ema              ema-rnd          excess (ema - rnd)
  3.40M     1214      22.7 +/- 4.6     55.7 +/- 9.5     37.5 +/- 11.9    +18.2 +/- 21.4
  6.80M     2428      18.2 +/- 5.6     87.3 +/- 9.0     42.2 +/- 13.7    +45.0 +/- 22.7
  13.60M    4857      14.9 +/- 3.2     106.9 +/- 14.0   40.2 +/- 12.0    +66.7 +/- 25.9

  table divergence  0.0778 -> 0.1049 -> 0.1303 (1x, 2x, 4x)

  budget    aligned (F1)     common-mode      outside group    gain (1.0 = no structure)
  3.40M     0.03860 +/- 0.00562 0.02058 +/- 0.00755 0.09658 +/- 0.00331 1.51 +/- 0.23
  6.80M     0.06665 +/- 0.00842 0.03272 +/- 0.00841 0.12920 +/- 0.00303 1.95 +/- 0.27
  13.60M    0.08330 +/- 0.01354 0.04772 +/- 0.01244 0.16274 +/- 0.00272 1.92 +/- 0.32
  excess grew       +18.2 -> +66.7 Hz over a 4x span, ratio 3.66
  implied exponent  0.94  (0.5 is sqrt(t), 1.0 linear, 0.0 saturated)
  to reach 236 Hz   4x these trials at this exponent

  COMPUTE-LIMITED -- the excess is still growing at 3.66 over a 4x span
  against the 2.0 that sqrt(t) predicts. The architecture is not the
  binding constraint at two words, and a longer run is the cheapest
  thing left. Kornfeld's compartments are not refused, but they are not
  yet needed.
