experiment: selfcode
  instrument        selfcode   trial seed 00000000013579d6   18 creatures
                    another probe is another trial sequence: its numbers
                    are not comparable with these (~0.05 at 300 trials)
  the question      selfloop measured the RESPONSE to altered feedback
                    and found a dead null. This asks whether the
                    SIGNAL is there at all, which implies the opposite
                    next move.
  the control       `deaf` (self_gain 0) cuts the ACOUSTIC path and
                    leaves every internal path, so it IS the common-
                    mode term. Read self MINUS deaf, never self vs 0.5.
  chance            0.500 by construction (median split)

  seed  self     fixedF1  deaf     shuffled caregvr  F1 sd    r(F1,amp)
  0     0.624    0.521    0.538    0.547    1.000    19.7     +0.108
  1     0.632    0.547    0.462    0.513    1.000    20.6     -0.019
  2     0.667    0.624    0.487    0.496    1.000    19.3     +0.138
  3     0.650    0.453    0.530    0.564    0.915    17.1     -0.071
  4     0.701    0.487    0.513    0.487    0.983    17.5     -0.003
  5     0.547    0.521    0.590    0.410    0.957    22.2     -0.252
  6     0.590    0.470    0.573    0.538    0.991    18.7     +0.025
  7     0.624    0.402    0.479    0.530    1.000    16.4     +0.044
  8     0.607    0.581    0.547    0.513    1.000    20.4     -0.156
  9     0.496    0.487    0.496    0.479    0.940    17.7     +0.410
  10    0.521    0.470    0.487    0.462    0.991    18.4     -0.101
  11    0.795    0.564    0.573    0.453    1.000    18.7     -0.187
  12    0.692    0.462    0.487    0.504    1.000    22.5     -0.057
  13    0.598    0.487    0.393    0.547    0.957    17.3     +0.109
  14    0.607    0.521    0.573    0.530    0.949    18.7     -0.080
  15    0.632    0.479    0.547    0.504    1.000    18.5     +0.058
  16    0.675    0.402    0.496    0.504    0.991    21.8     +0.338
  17    0.564    0.513    0.350    0.496    1.000    18.2     -0.024

  self       0.623 +/- 0.017
  deaf       0.507 +/- 0.015   <- the common-mode term
  shuffled   0.504 +/- 0.009   <- chance floor
  caregiver  0.982 +/- 0.006   <- positive control
  fixed F1   0.500 +/- 0.013   <- THE MATCHED CONTROL
  |r(F1,amp)| 0.121 +/- 0.027  <- how much room the loudness
                              confound has

  self - deaf     +0.117 +/- 0.020  (5.9 SE)   unmatched
  self - fixedF1  +0.124 +/- 0.020  (6.2 SE)   <- THE MEASUREMENT

  THE SIGNAL IS THERE AND UNUSED. The ear encodes the creature's own
  F1 above the common-mode term, so selfloop's null is a MISSING
  MAPPING rather than a missing signal -- and `can reward install the
  loop` is worth its cost.
