experiment: ctxself
  SHORT RUN — 200000 ticks against a minimum of 3400000. derived: areax's session length, because it runs areax's arms plus two.
  DNA v52: the last oracle removed. areax's index is written by the HOST
  from the word label; this reads it from the creature's own larynx and
  scores it against the oracle arm measured IN THE SAME RUN. Reports the
  index's own accuracy p, and refuses if the oracle arm did not reproduce
  areax or if the derived index never names a second slice
  Everything below is printed for debugging and is NOT a
  measurement; this run cannot pass whatever it reads.

  instrument        ctxself   trial seed 0000000001357638   71 trials per arm
                    another probe is another trial sequence: its numbers
                    are not comparable with these (~0.05 at 300 trials)
  question          `areax` proved a context-indexed bias works, keyed on
                    an index the HOST wrote from the word label. Can the
                    creature derive that index from its own larynx?
  the bar           an index right with probability p writes the other
                    table 1-p of the time, so the conditional part scales
                    as (2p - 1). `ctxsrc` bounds p at 0.740 for ANY readout
                    of the larynx in this window, which is 48% of what the
                    oracle index bought. A FIXED partition can only do
                    worse, so that is a ceiling and not a prediction.
  arm               all four get the same host drive on the context
                    module, so `self` and `oracle` differ in ONE field.

  seed   arm       dF1 (Hz)  p(idx)   busiest  table div  ev/tri  change
  0      off       1.4       0.000    0.000    0.0000     0.0     -6.3
  0      oracle    14.3      1.000    0.507    0.0088     0.0     +3.4
  0      ear       28.5      0.873    0.594    0.0091     1.4     +0.1
  0      ear-rnd   5.3       0.903    0.545    0.0084     1.6     -0.5
  0      ema       27.5      1.000    0.507    0.0091     1.2     +3.0
  0      ema-rnd   5.0       1.000    0.507    0.0082     1.6     +0.5
  1      off       43.7      0.000    0.000    0.0000     0.0     -6.9
  1      oracle    15.6      1.000    0.507    0.0087     0.0     -5.9
  1      ear       8.2       0.788    0.520    0.0067     1.1     +2.3
  1      ear-rnd   34.6      0.802    0.564    0.0082     1.2     -3.5
  1      ema       22.1      0.972    0.521    0.0099     1.3     +2.4
  1      ema-rnd   18.5      0.508    0.829    0.0101     1.4     +2.6
  2      off       4.7       0.000    0.000    0.0000     0.0     +5.9
  2      oracle    28.9      1.000    0.507    0.0084     0.0     +4.5
  2      ear       1.8       0.659    0.735    0.0098     1.2     -0.4
  2      ear-rnd   13.3      0.653    0.773    0.0091     1.0     +3.4
  2      ema       15.7      0.793    0.656    0.0101     0.9     +3.1
  2      ema-rnd   13.8      0.630    0.630    0.0080     1.2     -0.2
  3      off       5.1       0.000    0.000    0.0000     0.0     +2.6
  3      oracle    11.7      1.000    0.507    0.0091     0.0     +9.0
  3      ear       1.9       0.666    0.630    0.0081     1.3     +1.2
  3      ear-rnd   31.9      0.656    0.627    0.0100     1.1     +0.8
  3      ema       30.5      0.884    0.588    0.0097     1.0     +6.2
  3      ema-rnd   21.1      0.947    0.560    0.0092     0.9     +1.7
  4      off       43.2      0.000    0.000    0.0000     0.0     -1.6
  4      oracle    15.7      1.000    0.507    0.0088     0.0     +2.6
  4      ear       30.3      0.852    0.542    0.0068     1.5     +5.1
  4      ear-rnd   68.3      0.856    0.518    0.0067     1.4     +0.1
  4      ema       40.0      0.998    0.509    0.0079     1.3     -7.5
  4      ema-rnd   10.3      0.997    0.510    0.0068     1.3     +2.4
  5      off       19.6      0.000    0.000    0.0000     0.0     +2.7
  5      oracle    18.5      1.000    0.507    0.0095     0.0     +1.0
  5      ear       23.2      0.802    0.705    0.0085     1.4     -1.6
  5      ear-rnd   41.7      0.843    0.549    0.0074     1.5     +2.3
  5      ema       44.4      0.993    0.514    0.0086     1.6     -2.7
  5      ema-rnd   17.1      1.000    0.507    0.0081     1.1     +0.0
  6      off       64.6      0.000    0.000    0.0000     0.0     -2.9
  6      oracle    71.5      1.000    0.507    0.0083     0.0     +2.6
  6      ear       70.5      0.899    0.563    0.0076     1.6     -6.0
  6      ear-rnd   67.8      0.884    0.547    0.0060     1.5     -4.9
  6      ema       76.9      0.998    0.509    0.0084     1.5     -5.7
  6      ema-rnd   59.8      0.999    0.508    0.0073     1.7     -8.2
  7      off       9.6       0.000    0.000    0.0000     0.0     +10.0
  7      oracle    37.9      1.000    0.507    0.0107     0.0     +4.4
  7      ear       10.6      0.886    0.536    0.0098     2.2     +2.9
  7      ear-rnd   5.2       0.812    0.588    0.0084     1.7     -0.6
  7      ema       29.8      1.000    0.507    0.0109     2.0     -3.0
  7      ema-rnd   36.5      1.000    0.507    0.0076     2.1     +0.8
  8      off       58.9      0.000    0.000    0.0000     0.0     -7.7
  8      oracle    44.5      1.000    0.507    0.0104     0.0     +3.7
  8      ear       36.5      0.587    0.885    0.0093     0.7     +3.5
  8      ear-rnd   43.0      0.675    0.821    0.0097     1.3     +3.0
  8      ema       35.0      0.895    0.595    0.0100     0.7     +0.8
  8      ema-rnd   30.2      0.968    0.522    0.0091     1.2     +5.3

  arm       dF1 (Hz)         p(index)        busiest slice  table div     change
  off       27.9 +/- 8.3     0.000 +/- 0.000 0.000 +/- 0.000 0.0000 +/- 0.0000 -0.5 +/- 2.1
  oracle    28.7 +/- 6.6     1.000 +/- 0.000 0.507 +/- 0.000 0.0092 +/- 0.0003 +2.8 +/- 1.3
  ear       23.5 +/- 7.3     0.779 +/- 0.038 0.635 +/- 0.040 0.0084 +/- 0.0004 +0.8 +/- 1.1
  ear-rnd   34.6 +/- 7.9     0.787 +/- 0.033 0.615 +/- 0.036 0.0082 +/- 0.0004 +0.0 +/- 0.9
  ema       35.8 +/- 5.9     0.948 +/- 0.025 0.545 +/- 0.018 0.0094 +/- 0.0003 -0.4 +/- 1.5
  ema-rnd   23.6 +/- 5.5     0.894 +/- 0.063 0.565 +/- 0.036 0.0083 +/- 0.0003 +0.5 +/- 1.2

  can a listener tell the words apart? (held-out one-of-two, F1+F2)
    off        0.704 +/- 0.038   (shuffled 0.491, chance 0.500)
    oracle     0.691 +/- 0.045   (shuffled 0.512, chance 0.500)
    ear        0.586 +/- 0.052   (shuffled 0.519, chance 0.500)
    ear-rnd    0.657 +/- 0.063   (shuffled 0.494, chance 0.500)
    ema        0.694 +/- 0.034   (shuffled 0.515, chance 0.500)
    ema-rnd    0.549 +/- 0.038   (shuffled 0.506, chance 0.500)

  does the index hold up across a session? (early third -> last third)
    ear        0.791 +/- 0.051 -> 0.849 +/- 0.034   (+0.058)
    ear-rnd    0.750 +/- 0.049 -> 0.914 +/- 0.014   (+0.164)
    ema        0.953 +/- 0.020 -> 0.969 +/- 0.021   (+0.015)
    ema-rnd    0.869 +/- 0.067 -> 0.936 +/- 0.053   (+0.067)

  paired differences (same creature, arms differ only in genome fields)
    ear   - ear-rnd     -11.1 +/- 6.5 Hz, -1.7 SE, 3 of 9 positive
    ear   - off         -4.4 +/- 6.0 Hz, -0.7 SE, 4 of 9 positive
    ema   - ema-rnd     +12.2 +/- 4.2 Hz, 2.9 SE, 8 of 9 positive
    ema   - off         +7.9 +/- 6.6 Hz, 1.2 SE, 6 of 9 positive

  REFUSED -- the ORACLE arm did not reproduce `areax` in this run:
  28.7 Hz against 27.9 with the table shared (+0.9, 0.1 SE). Without a
  working reference there is nothing to measure the creature's own
  index against, and a flat `self` would be unreadable.
