=== DNA v58: ip_bias_gain sweep, 6 arms x 18 seeds, 13.6M ticks ===
completed 2026-09-13 00:05:28
mechanism: err = rate_ema[i] - (target_rate[i] + ip_bias_gain * delivered_bias[i])
pre-flight: pinned hash ad96f882becbee92 unmoved at ip_bias_gain=0, 0 FAILs

  ARM LIVENESS vs `g0` (seeds where the arm differs at all)
    g0-rnd 18/18   g10 18/18   g10-rnd 18/18   g40 18/18   g40-rnd 18/18

  arm       dF1 (Hz)         aligned     gain      larynx rate
  g0          33.6 +/- 6.1     0.00332     0.90      6.23
  g0-rnd      33.3 +/- 4.0     0.00346     1.00      5.83
  g10         29.4 +/- 4.4     0.00334     0.96      5.71
  g10-rnd     35.6 +/- 5.5     0.00355     0.98      5.95
  g40         30.3 +/- 4.1     0.00401     1.08      5.87
  g40-rnd     29.4 +/- 5.6     0.00277     0.77      5.87

  EXCESS DIFFERENCE vs `g0` (the shipped rule), paired on seed
  g10           -6.5 +/- 10.3  (-0.63 SE)   signs 8/18
  g40           +0.6 +/-  8.6  (+0.07 SE)   signs 9/18

  POWER (added after the run, 2026-09-13)
  aligned x1.208 -> predicted dF1 +4.1 Hz via dF1 ~ aligned^0.61
  seeds to resolve that at 2 SE: 316. This run: 18.
  So the gate's bar (+2 SE ~ +17 Hz) was ABOVE what the mechanism could
  deliver even working perfectly. The null is about the gate, not the rule.

  VERDICT: the trade dissolves mechanically and buys nothing at the voice.
  g40 raised aligned +21%, raised gain 0.90 -> 1.08, kept the larynx
  regulated (5.87 vs 6.23) -- where v57 pooling HALVED the bias and ipoff
  collapsed learning (103.9 -> 17.7, -7.42 SE). Regulation and learning ARE
  separable. The voice does not care, because ^0.61 turns +21% into +4 Hz.
  To move dF1 x1.68 needs aligned x2.34; x2.0 needs x3.12. Every knob this
  project has found moves aligned x1.1-x1.2.
